Apache Maven 3.5.3 (3383c37e1f9e9b3bc3df5050c29c8aff9f295297; 2018-02-24T11:49:05-08:00)
Maven home: C:\Users\jake\_servers\apache-maven-3.5.3\bin\..
Java version: 1.8.0_161, vendor: Oracle Corporation
Java home: C:\Program Files\Java\jdk1.8.0_161\jre
Default locale: en_CA, platform encoding: Cp1252
OS name: "windows 10", version: "10.0", arch: "amd64", family: "windows"
[DEBUG] Created new class realm maven.api
[DEBUG] Importing foreign packages into class realm maven.api
[DEBUG]   Imported: javax.annotation.* < plexus.core
[DEBUG]   Imported: javax.annotation.security.* < plexus.core
[DEBUG]   Imported: javax.enterprise.inject.* < plexus.core
[DEBUG]   Imported: javax.enterprise.util.* < plexus.core
[DEBUG]   Imported: javax.inject.* < plexus.core
[DEBUG]   Imported: org.apache.maven.* < plexus.core
[DEBUG]   Imported: org.apache.maven.artifact < plexus.core
[DEBUG]   Imported: org.apache.maven.classrealm < plexus.core
[DEBUG]   Imported: org.apache.maven.cli < plexus.core
[DEBUG]   Imported: org.apache.maven.configuration < plexus.core
[DEBUG]   Imported: org.apache.maven.exception < plexus.core
[DEBUG]   Imported: org.apache.maven.execution < plexus.core
[DEBUG]   Imported: org.apache.maven.execution.scope < plexus.core
[DEBUG]   Imported: org.apache.maven.lifecycle < plexus.core
[DEBUG]   Imported: org.apache.maven.model < plexus.core
[DEBUG]   Imported: org.apache.maven.monitor < plexus.core
[DEBUG]   Imported: org.apache.maven.plugin < plexus.core
[DEBUG]   Imported: org.apache.maven.profiles < plexus.core
[DEBUG]   Imported: org.apache.maven.project < plexus.core
[DEBUG]   Imported: org.apache.maven.reporting < plexus.core
[DEBUG]   Imported: org.apache.maven.repository < plexus.core
[DEBUG]   Imported: org.apache.maven.rtinfo < plexus.core
[DEBUG]   Imported: org.apache.maven.settings < plexus.core
[DEBUG]   Imported: org.apache.maven.toolchain < plexus.core
[DEBUG]   Imported: org.apache.maven.usability < plexus.core
[DEBUG]   Imported: org.apache.maven.wagon.* < plexus.core
[DEBUG]   Imported: org.apache.maven.wagon.authentication < plexus.core
[DEBUG]   Imported: org.apache.maven.wagon.authorization < plexus.core
[DEBUG]   Imported: org.apache.maven.wagon.events < plexus.core
[DEBUG]   Imported: org.apache.maven.wagon.observers < plexus.core
[DEBUG]   Imported: org.apache.maven.wagon.proxy < plexus.core
[DEBUG]   Imported: org.apache.maven.wagon.repository < plexus.core
[DEBUG]   Imported: org.apache.maven.wagon.resource < plexus.core
[DEBUG]   Imported: org.codehaus.classworlds < plexus.core
[DEBUG]   Imported: org.codehaus.plexus.* < plexus.core
[DEBUG]   Imported: org.codehaus.plexus.classworlds < plexus.core
[DEBUG]   Imported: org.codehaus.plexus.component < plexus.core
[DEBUG]   Imported: org.codehaus.plexus.configuration < plexus.core
[DEBUG]   Imported: org.codehaus.plexus.container < plexus.core
[DEBUG]   Imported: org.codehaus.plexus.context < plexus.core
[DEBUG]   Imported: org.codehaus.plexus.lifecycle < plexus.core
[DEBUG]   Imported: org.codehaus.plexus.logging < plexus.core
[DEBUG]   Imported: org.codehaus.plexus.personality < plexus.core
[DEBUG]   Imported: org.codehaus.plexus.util.xml.Xpp3Dom < plexus.core
[DEBUG]   Imported: org.codehaus.plexus.util.xml.pull.XmlPullParser < plexus.core
[DEBUG]   Imported: org.codehaus.plexus.util.xml.pull.XmlPullParserException < plexus.core
[DEBUG]   Imported: org.codehaus.plexus.util.xml.pull.XmlSerializer < plexus.core
[DEBUG]   Imported: org.eclipse.aether.* < plexus.core
[DEBUG]   Imported: org.eclipse.aether.artifact < plexus.core
[DEBUG]   Imported: org.eclipse.aether.collection < plexus.core
[DEBUG]   Imported: org.eclipse.aether.deployment < plexus.core
[DEBUG]   Imported: org.eclipse.aether.graph < plexus.core
[DEBUG]   Imported: org.eclipse.aether.impl < plexus.core
[DEBUG]   Imported: org.eclipse.aether.installation < plexus.core
[DEBUG]   Imported: org.eclipse.aether.internal.impl < plexus.core
[DEBUG]   Imported: org.eclipse.aether.metadata < plexus.core
[DEBUG]   Imported: org.eclipse.aether.repository < plexus.core
[DEBUG]   Imported: org.eclipse.aether.resolution < plexus.core
[DEBUG]   Imported: org.eclipse.aether.spi < plexus.core
[DEBUG]   Imported: org.eclipse.aether.transfer < plexus.core
[DEBUG]   Imported: org.eclipse.aether.version < plexus.core
[DEBUG]   Imported: org.fusesource.jansi.* < plexus.core
[DEBUG]   Imported: org.slf4j.* < plexus.core
[DEBUG]   Imported: org.slf4j.helpers.* < plexus.core
[DEBUG]   Imported: org.slf4j.spi.* < plexus.core
[DEBUG] Populating class realm maven.api
[INFO] Error stacktraces are turned on.
[DEBUG] Message scheme: color
[DEBUG] Message styles: debug info warning error success failure strong mojo project
[DEBUG] Reading global settings from C:\Users\jake\_servers\apache-maven-3.5.3\bin\..\conf\settings.xml
[DEBUG] Reading user settings from C:\Users\jake\.m2\settings.xml
[DEBUG] Reading global toolchains from C:\Users\jake\_servers\apache-maven-3.5.3\bin\..\conf\toolchains.xml
[DEBUG] Reading user toolchains from C:\Users\jake\.m2\toolchains.xml
[DEBUG] Using local repository at C:\Users\jake\.m2\repository
[DEBUG] Using manager EnhancedLocalRepositoryManager with priority 10.0 for C:\Users\jake\.m2\repository
[INFO] Scanning for projects...
[DEBUG] Extension realms for project ikoda:ikodaSparse:jar:1.0.0: (none)
[DEBUG] Looking up lifecycle mappings for packaging jar from ClassRealm[plexus.core, parent: null]
[WARNING] 
[WARNING] Some problems were encountered while building the effective model for ikoda:ikodaSparse:jar:1.0.0
[WARNING] 'build.plugins.plugin.version' for org.scala-tools:maven-scala-plugin is missing. @ line 316, column 15
[WARNING] 
[WARNING] It is highly recommended to fix these problems because they threaten the stability of your build.
[WARNING] 
[WARNING] For this reason, future Maven versions might no longer support building such malformed projects.
[WARNING] 
[DEBUG] === REACTOR BUILD PLAN ================================================
[DEBUG] Project: ikoda:ikodaSparse:jar:1.0.0
[DEBUG] Tasks:   [install]
[DEBUG] Style:   Regular
[DEBUG] =======================================================================
[INFO] 
[INFO] -------------------------< ikoda:ikodaSparse >--------------------------
[INFO] Building ikodaSparse 1.0.0
[INFO] --------------------------------[ jar ]---------------------------------
[DEBUG] Could not find metadata org.scala-tools:maven-scala-plugin/maven-metadata.xml in local (C:\Users\jake\.m2\repository)
[DEBUG] Skipped remote request for org.scala-tools:maven-scala-plugin/maven-metadata.xml, locally cached metadata up-to-date.
[DEBUG] Resolved plugin version for org.scala-tools:maven-scala-plugin to 2.15.2 from repository central (https://repo.maven.apache.org/maven2, default, releases)
[DEBUG] Lifecycle default -> [validate, initialize, generate-sources, process-sources, generate-resources, process-resources, compile, process-classes, generate-test-sources, process-test-sources, generate-test-resources, process-test-resources, test-compile, process-test-classes, test, prepare-package, package, pre-integration-test, integration-test, post-integration-test, verify, install, deploy]
[DEBUG] Lifecycle clean -> [pre-clean, clean, post-clean]
[DEBUG] Lifecycle site -> [pre-site, site, post-site, site-deploy]
[DEBUG] Lifecycle default -> [validate, initialize, generate-sources, process-sources, generate-resources, process-resources, compile, process-classes, generate-test-sources, process-test-sources, generate-test-resources, process-test-resources, test-compile, process-test-classes, test, prepare-package, package, pre-integration-test, integration-test, post-integration-test, verify, install, deploy]
[DEBUG] Lifecycle clean -> [pre-clean, clean, post-clean]
[DEBUG] Lifecycle site -> [pre-site, site, post-site, site-deploy]
[DEBUG] Lifecycle default -> [validate, initialize, generate-sources, process-sources, generate-resources, process-resources, compile, process-classes, generate-test-sources, process-test-sources, generate-test-resources, process-test-resources, test-compile, process-test-classes, test, prepare-package, package, pre-integration-test, integration-test, post-integration-test, verify, install, deploy]
[DEBUG] Lifecycle clean -> [pre-clean, clean, post-clean]
[DEBUG] Lifecycle site -> [pre-site, site, post-site, site-deploy]
[DEBUG] Lifecycle default -> [validate, initialize, generate-sources, process-sources, generate-resources, process-resources, compile, process-classes, generate-test-sources, process-test-sources, generate-test-resources, process-test-resources, test-compile, process-test-classes, test, prepare-package, package, pre-integration-test, integration-test, post-integration-test, verify, install, deploy]
[DEBUG] Lifecycle clean -> [pre-clean, clean, post-clean]
[DEBUG] Lifecycle site -> [pre-site, site, post-site, site-deploy]
[DEBUG] Lifecycle default -> [validate, initialize, generate-sources, process-sources, generate-resources, process-resources, compile, process-classes, generate-test-sources, process-test-sources, generate-test-resources, process-test-resources, test-compile, process-test-classes, test, prepare-package, package, pre-integration-test, integration-test, post-integration-test, verify, install, deploy]
[DEBUG] Lifecycle clean -> [pre-clean, clean, post-clean]
[DEBUG] Lifecycle site -> [pre-site, site, post-site, site-deploy]
[DEBUG] Lifecycle default -> [validate, initialize, generate-sources, process-sources, generate-resources, process-resources, compile, process-classes, generate-test-sources, process-test-sources, generate-test-resources, process-test-resources, test-compile, process-test-classes, test, prepare-package, package, pre-integration-test, integration-test, post-integration-test, verify, install, deploy]
[DEBUG] Lifecycle clean -> [pre-clean, clean, post-clean]
[DEBUG] Lifecycle site -> [pre-site, site, post-site, site-deploy]
[DEBUG] Lifecycle default -> [validate, initialize, generate-sources, process-sources, generate-resources, process-resources, compile, process-classes, generate-test-sources, process-test-sources, generate-test-resources, process-test-resources, test-compile, process-test-classes, test, prepare-package, package, pre-integration-test, integration-test, post-integration-test, verify, install, deploy]
[DEBUG] Lifecycle clean -> [pre-clean, clean, post-clean]
[DEBUG] Lifecycle site -> [pre-site, site, post-site, site-deploy]
[DEBUG] Lifecycle default -> [validate, initialize, generate-sources, process-sources, generate-resources, process-resources, compile, process-classes, generate-test-sources, process-test-sources, generate-test-resources, process-test-resources, test-compile, process-test-classes, test, prepare-package, package, pre-integration-test, integration-test, post-integration-test, verify, install, deploy]
[DEBUG] Lifecycle clean -> [pre-clean, clean, post-clean]
[DEBUG] Lifecycle site -> [pre-site, site, post-site, site-deploy]
[DEBUG] === PROJECT BUILD PLAN ================================================
[DEBUG] Project:       ikoda:ikodaSparse:1.0.0
[DEBUG] Dependencies (collect): []
[DEBUG] Dependencies (resolve): [compile, runtime, test]
[DEBUG] Repositories (dependencies): [central (https://repo.maven.apache.org/maven2, default, releases)]
[DEBUG] Repositories (plugins)     : [central (https://repo.maven.apache.org/maven2, default, releases)]
[DEBUG] -----------------------------------------------------------------------
[DEBUG] Goal:          org.apache.maven.plugins:maven-resources-plugin:2.6:resources (default-resources)
[DEBUG] Style:         Regular
[DEBUG] Configuration: <?xml version="1.0" encoding="UTF-8"?>
<configuration>
  <buildFilters default-value="${project.build.filters}"/>
  <encoding default-value="${project.build.sourceEncoding}">${encoding}</encoding>
  <escapeString>${maven.resources.escapeString}</escapeString>
  <escapeWindowsPaths default-value="true">${maven.resources.escapeWindowsPaths}</escapeWindowsPaths>
  <includeEmptyDirs default-value="false">${maven.resources.includeEmptyDirs}</includeEmptyDirs>
  <outputDirectory default-value="${project.build.outputDirectory}"/>
  <overwrite default-value="false">${maven.resources.overwrite}</overwrite>
  <project default-value="${project}"/>
  <resources default-value="${project.resources}"/>
  <session default-value="${session}"/>
  <supportMultiLineFiltering default-value="false">${maven.resources.supportMultiLineFiltering}</supportMultiLineFiltering>
  <useBuildFilters default-value="true"/>
  <useDefaultDelimiters default-value="true"/>
</configuration>
[DEBUG] -----------------------------------------------------------------------
[DEBUG] Goal:          org.apache.maven.plugins:maven-compiler-plugin:3.1:compile (default-compile)
[DEBUG] Style:         Regular
[DEBUG] Configuration: <?xml version="1.0" encoding="UTF-8"?>
<configuration>
  <basedir default-value="${basedir}"/>
  <buildDirectory default-value="${project.build.directory}"/>
  <classpathElements default-value="${project.compileClasspathElements}"/>
  <compileSourceRoots default-value="${project.compileSourceRoots}"/>
  <compilerId default-value="javac">${maven.compiler.compilerId}</compilerId>
  <compilerReuseStrategy default-value="${reuseCreated}">${maven.compiler.compilerReuseStrategy}</compilerReuseStrategy>
  <compilerVersion>${maven.compiler.compilerVersion}</compilerVersion>
  <debug default-value="true">${maven.compiler.debug}</debug>
  <debuglevel>${maven.compiler.debuglevel}</debuglevel>
  <encoding default-value="${project.build.sourceEncoding}">${encoding}</encoding>
  <executable>${maven.compiler.executable}</executable>
  <failOnError default-value="true">${maven.compiler.failOnError}</failOnError>
  <forceJavacCompilerUse default-value="false">${maven.compiler.forceJavacCompilerUse}</forceJavacCompilerUse>
  <fork default-value="false">${maven.compiler.fork}</fork>
  <generatedSourcesDirectory default-value="${project.build.directory}/generated-sources/annotations"/>
  <maxmem>${maven.compiler.maxmem}</maxmem>
  <meminitial>${maven.compiler.meminitial}</meminitial>
  <mojoExecution>${mojoExecution}</mojoExecution>
  <optimize default-value="false">${maven.compiler.optimize}</optimize>
  <outputDirectory default-value="${project.build.outputDirectory}"/>
  <projectArtifact default-value="${project.artifact}"/>
  <showDeprecation default-value="false">${maven.compiler.showDeprecation}</showDeprecation>
  <showWarnings default-value="false">${maven.compiler.showWarnings}</showWarnings>
  <skipMain>${maven.main.skip}</skipMain>
  <skipMultiThreadWarning default-value="false">${maven.compiler.skipMultiThreadWarning}</skipMultiThreadWarning>
  <source default-value="1.5">${maven.compiler.source}</source>
  <staleMillis default-value="0">${lastModGranularityMs}</staleMillis>
  <target default-value="1.5">${maven.compiler.target}</target>
  <useIncrementalCompilation default-value="true">${maven.compiler.useIncrementalCompilation}</useIncrementalCompilation>
  <verbose default-value="false">${maven.compiler.verbose}</verbose>
  <mavenSession default-value="${session}"/>
  <session default-value="${session}"/>
</configuration>
[DEBUG] -----------------------------------------------------------------------
[DEBUG] Goal:          org.scala-tools:maven-scala-plugin:2.15.2:compile (default)
[DEBUG] Style:         Regular
[DEBUG] Configuration: <?xml version="1.0" encoding="UTF-8"?>
<configuration>
  <args>
    <arg>-target:jvm-1.8</arg>
  </args>
  <checkMultipleScalaVersions default-value="true">${maven.scala.checkConsistency}</checkMultipleScalaVersions>
  <displayCmd default-value="false">${displayCmd}</displayCmd>
  <failOnMultipleScalaVersions default-value="false"/>
  <forceUseArgFile default-value="false"/>
  <fork default-value="true"/>
  <localRepo>${localRepository}</localRepo>
  <localRepository>${localRepository}</localRepository>
  <notifyCompilation default-value="true">${notifyCompilation}</notifyCompilation>
  <outputDir>${project.build.outputDirectory}</outputDir>
  <project>${project}</project>
  <recompileMode default-value="all">${recompilation-mode}</recompileMode>
  <remoteRepos>${project.remoteArtifactRepositories}</remoteRepos>
  <scalaClassName default-value="scala.tools.nsc.Main">${maven.scala.className}</scalaClassName>
  <scalaVersion>2.11.11</scalaVersion>
  <sendJavaToScalac default-value="true"/>
  <sourceDir>${project.build.sourceDirectory}/../scala</sourceDir>
</configuration>
[DEBUG] -----------------------------------------------------------------------
[DEBUG] Goal:          org.apache.maven.plugins:maven-resources-plugin:2.6:testResources (default-testResources)
[DEBUG] Style:         Regular
[DEBUG] Configuration: <?xml version="1.0" encoding="UTF-8"?>
<configuration>
  <buildFilters default-value="${project.build.filters}"/>
  <encoding default-value="${project.build.sourceEncoding}">${encoding}</encoding>
  <escapeString>${maven.resources.escapeString}</escapeString>
  <escapeWindowsPaths default-value="true">${maven.resources.escapeWindowsPaths}</escapeWindowsPaths>
  <includeEmptyDirs default-value="false">${maven.resources.includeEmptyDirs}</includeEmptyDirs>
  <outputDirectory default-value="${project.build.testOutputDirectory}"/>
  <overwrite default-value="false">${maven.resources.overwrite}</overwrite>
  <project default-value="${project}"/>
  <resources default-value="${project.testResources}"/>
  <session default-value="${session}"/>
  <skip>${maven.test.skip}</skip>
  <supportMultiLineFiltering default-value="false">${maven.resources.supportMultiLineFiltering}</supportMultiLineFiltering>
  <useBuildFilters default-value="true"/>
  <useDefaultDelimiters default-value="true"/>
</configuration>
[DEBUG] -----------------------------------------------------------------------
[DEBUG] Goal:          org.apache.maven.plugins:maven-compiler-plugin:3.1:testCompile (default-testCompile)
[DEBUG] Style:         Regular
[DEBUG] Configuration: <?xml version="1.0" encoding="UTF-8"?>
<configuration>
  <basedir default-value="${basedir}"/>
  <buildDirectory default-value="${project.build.directory}"/>
  <classpathElements default-value="${project.testClasspathElements}"/>
  <compileSourceRoots default-value="${project.testCompileSourceRoots}"/>
  <compilerId default-value="javac">${maven.compiler.compilerId}</compilerId>
  <compilerReuseStrategy default-value="${reuseCreated}">${maven.compiler.compilerReuseStrategy}</compilerReuseStrategy>
  <compilerVersion>${maven.compiler.compilerVersion}</compilerVersion>
  <debug default-value="true">${maven.compiler.debug}</debug>
  <debuglevel>${maven.compiler.debuglevel}</debuglevel>
  <encoding default-value="${project.build.sourceEncoding}">${encoding}</encoding>
  <executable>${maven.compiler.executable}</executable>
  <failOnError default-value="true">${maven.compiler.failOnError}</failOnError>
  <forceJavacCompilerUse default-value="false">${maven.compiler.forceJavacCompilerUse}</forceJavacCompilerUse>
  <fork default-value="false">${maven.compiler.fork}</fork>
  <generatedTestSourcesDirectory default-value="${project.build.directory}/generated-test-sources/test-annotations"/>
  <maxmem>${maven.compiler.maxmem}</maxmem>
  <meminitial>${maven.compiler.meminitial}</meminitial>
  <mojoExecution>${mojoExecution}</mojoExecution>
  <optimize default-value="false">${maven.compiler.optimize}</optimize>
  <outputDirectory default-value="${project.build.testOutputDirectory}"/>
  <showDeprecation default-value="false">${maven.compiler.showDeprecation}</showDeprecation>
  <showWarnings default-value="false">${maven.compiler.showWarnings}</showWarnings>
  <skip>${maven.test.skip}</skip>
  <skipMultiThreadWarning default-value="false">${maven.compiler.skipMultiThreadWarning}</skipMultiThreadWarning>
  <source default-value="1.5">${maven.compiler.source}</source>
  <staleMillis default-value="0">${lastModGranularityMs}</staleMillis>
  <target default-value="1.5">${maven.compiler.target}</target>
  <testSource>${maven.compiler.testSource}</testSource>
  <testTarget>${maven.compiler.testTarget}</testTarget>
  <useIncrementalCompilation default-value="true">${maven.compiler.useIncrementalCompilation}</useIncrementalCompilation>
  <verbose default-value="false">${maven.compiler.verbose}</verbose>
  <mavenSession default-value="${session}"/>
  <session default-value="${session}"/>
</configuration>
[DEBUG] -----------------------------------------------------------------------
[DEBUG] Goal:          org.scala-tools:maven-scala-plugin:2.15.2:testCompile (default)
[DEBUG] Style:         Regular
[DEBUG] Configuration: <?xml version="1.0" encoding="UTF-8"?>
<configuration>
  <args>
    <arg>-target:jvm-1.8</arg>
  </args>
  <checkMultipleScalaVersions default-value="true">${maven.scala.checkConsistency}</checkMultipleScalaVersions>
  <displayCmd default-value="false">${displayCmd}</displayCmd>
  <failOnMultipleScalaVersions default-value="false"/>
  <forceUseArgFile default-value="false"/>
  <fork default-value="true"/>
  <localRepo>${localRepository}</localRepo>
  <localRepository>${localRepository}</localRepository>
  <notifyCompilation default-value="true">${notifyCompilation}</notifyCompilation>
  <project>${project}</project>
  <recompileMode default-value="all">${recompilation-mode}</recompileMode>
  <remoteRepos>${project.remoteArtifactRepositories}</remoteRepos>
  <scalaClassName default-value="scala.tools.nsc.Main">${maven.scala.className}</scalaClassName>
  <scalaVersion>2.11.11</scalaVersion>
  <sendJavaToScalac default-value="true"/>
  <skip>${maven.test.skip}</skip>
  <testOutputDir>${project.build.testOutputDirectory}</testOutputDir>
  <testSourceDir>${project.build.testSourceDirectory}/../scala</testSourceDir>
</configuration>
[DEBUG] -----------------------------------------------------------------------
[DEBUG] Goal:          org.apache.maven.plugins:maven-surefire-plugin:2.21.0:test (default-test)
[DEBUG] Style:         Regular
[DEBUG] Configuration: <?xml version="1.0" encoding="UTF-8"?>
<configuration>
  <additionalClasspathElements>${maven.test.additionalClasspath}</additionalClasspathElements>
  <argLine>${argLine}</argLine>
  <basedir default-value="${basedir}"/>
  <childDelegation default-value="false">${childDelegation}</childDelegation>
  <classesDirectory default-value="${project.build.outputDirectory}"/>
  <classpathDependencyExcludes>${maven.test.dependency.excludes}</classpathDependencyExcludes>
  <debugForkedProcess>${maven.surefire.debug}</debugForkedProcess>
  <dependenciesToScan>${dependenciesToScan}</dependenciesToScan>
  <disableXmlReport default-value="false">${disableXmlReport}</disableXmlReport>
  <enableAssertions default-value="true">${enableAssertions}</enableAssertions>
  <excludedGroups>${excludedGroups}</excludedGroups>
  <excludesFile>${surefire.excludesFile}</excludesFile>
  <failIfNoSpecifiedTests>${surefire.failIfNoSpecifiedTests}</failIfNoSpecifiedTests>
  <failIfNoTests>${failIfNoTests}</failIfNoTests>
  <forkCount default-value="1">${forkCount}</forkCount>
  <forkMode default-value="once">${forkMode}</forkMode>
  <forkedProcessExitTimeoutInSeconds default-value="30">${surefire.exitTimeout}</forkedProcessExitTimeoutInSeconds>
  <forkedProcessTimeoutInSeconds>${surefire.timeout}</forkedProcessTimeoutInSeconds>
  <groups>${groups}</groups>
  <includesFile>${surefire.includesFile}</includesFile>
  <junitArtifactName default-value="junit:junit">${junitArtifactName}</junitArtifactName>
  <jvm>${jvm}</jvm>
  <localRepository default-value="${localRepository}"/>
  <objectFactory>${objectFactory}</objectFactory>
  <parallel>${parallel}</parallel>
  <parallelMavenExecution default-value="${session.parallel}"/>
  <parallelOptimized default-value="true">${parallelOptimized}</parallelOptimized>
  <parallelTestsTimeoutForcedInSeconds>${surefire.parallel.forcedTimeout}</parallelTestsTimeoutForcedInSeconds>
  <parallelTestsTimeoutInSeconds>${surefire.parallel.timeout}</parallelTestsTimeoutInSeconds>
  <perCoreThreadCount default-value="true">${perCoreThreadCount}</perCoreThreadCount>
  <pluginArtifactMap>${plugin.artifactMap}</pluginArtifactMap>
  <pluginDescriptor default-value="${plugin}"/>
  <printSummary default-value="true">${surefire.printSummary}</printSummary>
  <projectArtifactMap>${project.artifactMap}</projectArtifactMap>
  <projectBuildDirectory default-value="${project.build.directory}"/>
  <redirectTestOutputToFile default-value="false">${maven.test.redirectTestOutputToFile}</redirectTestOutputToFile>
  <remoteRepositories default-value="${project.pluginArtifactRepositories}"/>
  <reportFormat default-value="brief">${surefire.reportFormat}</reportFormat>
  <reportNameSuffix default-value="">${surefire.reportNameSuffix}</reportNameSuffix>
  <reportsDirectory default-value="${project.build.directory}/surefire-reports"/>
  <rerunFailingTestsCount default-value="0">${surefire.rerunFailingTestsCount}</rerunFailingTestsCount>
  <reuseForks default-value="true">${reuseForks}</reuseForks>
  <runOrder default-value="filesystem">${surefire.runOrder}</runOrder>
  <shutdown default-value="testset">${surefire.shutdown}</shutdown>
  <skip default-value="false">${maven.test.skip}</skip>
  <skipAfterFailureCount default-value="0">${surefire.skipAfterFailureCount}</skipAfterFailureCount>
  <skipExec>${maven.test.skip.exec}</skipExec>
  <skipTests default-value="false">true</skipTests>
  <suiteXmlFiles>${surefire.suiteXmlFiles}</suiteXmlFiles>
  <tempDir default-value="surefire">${tempDir}</tempDir>
  <test>${test}</test>
  <testClassesDirectory default-value="${project.build.testOutputDirectory}"/>
  <testFailureIgnore default-value="false">${maven.test.failure.ignore}</testFailureIgnore>
  <testNGArtifactName default-value="org.testng:testng">${testNGArtifactName}</testNGArtifactName>
  <testSourceDirectory default-value="${project.build.testSourceDirectory}"/>
  <threadCount>${threadCount}</threadCount>
  <threadCountClasses default-value="0">${threadCountClasses}</threadCountClasses>
  <threadCountMethods default-value="0">${threadCountMethods}</threadCountMethods>
  <threadCountSuites default-value="0">${threadCountSuites}</threadCountSuites>
  <trimStackTrace default-value="true">${trimStackTrace}</trimStackTrace>
  <useFile default-value="true">${surefire.useFile}</useFile>
  <useManifestOnlyJar default-value="true">${surefire.useManifestOnlyJar}</useManifestOnlyJar>
  <useSystemClassLoader default-value="true">${surefire.useSystemClassLoader}</useSystemClassLoader>
  <useUnlimitedThreads default-value="false">${useUnlimitedThreads}</useUnlimitedThreads>
  <workingDirectory>${basedir}</workingDirectory>
  <project default-value="${project}"/>
  <session default-value="${session}"/>
</configuration>
[DEBUG] -----------------------------------------------------------------------
[DEBUG] Goal:          org.scalatest:scalatest-maven-plugin:2.0.0:test (test)
[DEBUG] Style:         Regular
[DEBUG] Configuration: <?xml version="1.0" encoding="UTF-8"?>
<configuration>
  <argLine>${argLine}</argLine>
  <config>${config}</config>
  <debugArgLine>${debugArgLine}</debugArgLine>
  <debugForkedProcess default-value="false">${debugForkedProcess}</debugForkedProcess>
  <debuggerPort default-value="5005">${debuggerPort}</debuggerPort>
  <filereports>WDFTestSuite.txt</filereports>
  <forkMode default-value="once">${forkMode}</forkMode>
  <forkedProcessTimeoutInSeconds default-value="0">${timeout}</forkedProcessTimeoutInSeconds>
  <htmlreporters>${htmlreporters}</htmlreporters>
  <jUnitClasses>${junitClasses}</jUnitClasses>
  <junitxml>.</junitxml>
  <logForkedProcessCommand default-value="false">${logForkedProcessCommand}</logForkedProcessCommand>
  <membersOnlySuites>${membersOnlySuites}</membersOnlySuites>
  <memoryFiles>${memoryFiles}</memoryFiles>
  <outputDirectory>${project.build.outputDirectory}</outputDirectory>
  <parallel>${parallel}</parallel>
  <project default-value="${project}"/>
  <reporters>${reporters}</reporters>
  <reportsDirectory default-value="${project.build.directory}/scalatest-reports">./surefire-reports</reportsDirectory>
  <runpath>${runpath}</runpath>
  <skipTests>${skipTests}</skipTests>
  <spanScaleFactor>${spanScaleFactor}</spanScaleFactor>
  <stderr>${stderr}</stderr>
  <stdout>${stdout}</stdout>
  <suffixes>${suffixes}</suffixes>
  <suites>${suites}</suites>
  <tagsToExclude>${tagsToExclude}</tagsToExclude>
  <tagsToInclude>${tagsToInclude}</tagsToInclude>
  <testFailureIgnore>${maven.test.failure.ignore}</testFailureIgnore>
  <testNGConfigFiles>${testNGXMLFiles}</testNGConfigFiles>
  <testOutputDirectory>${project.build.testOutputDirectory}</testOutputDirectory>
  <tests>${tests}</tests>
  <testsFiles>${testsFiles}</testsFiles>
  <wildcardSuites>${wildcardSuites}</wildcardSuites>
</configuration>
[DEBUG] -----------------------------------------------------------------------
[DEBUG] Goal:          org.apache.maven.plugins:maven-jar-plugin:2.4:jar (default-jar)
[DEBUG] Style:         Regular
[DEBUG] Configuration: <?xml version="1.0" encoding="UTF-8"?>
<configuration>
  <classesDirectory default-value="${project.build.outputDirectory}"/>
  <defaultManifestFile default-value="${project.build.outputDirectory}/META-INF/MANIFEST.MF"/>
  <finalName default-value="${project.build.finalName}">${jar.finalName}</finalName>
  <forceCreation default-value="false">${jar.forceCreation}</forceCreation>
  <outputDirectory default-value="${project.build.directory}"/>
  <project default-value="${project}"/>
  <session default-value="${session}"/>
  <skipIfEmpty default-value="false">${jar.skipIfEmpty}</skipIfEmpty>
  <useDefaultManifestFile default-value="false">${jar.useDefaultManifestFile}</useDefaultManifestFile>
</configuration>
[DEBUG] -----------------------------------------------------------------------
[DEBUG] Goal:          org.apache.maven.plugins:maven-install-plugin:2.4:install (default-install)
[DEBUG] Style:         Regular
[DEBUG] Configuration: <?xml version="1.0" encoding="UTF-8"?>
<configuration>
  <artifact default-value="${project.artifact}"/>
  <attachedArtifacts default-value="${project.attachedArtifacts}"/>
  <createChecksum default-value="false">${createChecksum}</createChecksum>
  <localRepository>${localRepository}</localRepository>
  <packaging default-value="${project.packaging}"/>
  <pomFile default-value="${project.file}"/>
  <skip default-value="false">${maven.install.skip}</skip>
  <updateReleaseInfo default-value="false">${updateReleaseInfo}</updateReleaseInfo>
</configuration>
[DEBUG] =======================================================================
[DEBUG] Could not find metadata org.apache.commons:commons-imaging:1.0-SNAPSHOT/maven-metadata.xml in local (C:\Users\jake\.m2\repository)
[DEBUG] Skipped remote request for org.apache.commons:commons-imaging:1.0-SNAPSHOT/maven-metadata.xml, locally cached metadata up-to-date.
[DEBUG] Could not find metadata org.apache.commons:commons-imaging:1.0-SNAPSHOT/maven-metadata.xml in local (C:\Users\jake\.m2\repository)
[DEBUG] Skipped remote request for org.apache.commons:commons-imaging:1.0-SNAPSHOT/maven-metadata.xml, locally cached metadata up-to-date.
[DEBUG] Dependency collection stats: {ConflictMarker.analyzeTime=5732364, ConflictMarker.markTime=1759551, ConflictMarker.nodeCount=3763, ConflictIdSorter.graphTime=2978558, ConflictIdSorter.topsortTime=1099719, ConflictIdSorter.conflictIdCount=259, ConflictIdSorter.conflictIdCycleCount=0, ConflictResolver.totalTime=21468871, ConflictResolver.conflictItemCount=652, DefaultDependencyCollector.collectTime=942436288, DefaultDependencyCollector.transformTime=34355422}
[DEBUG] ikoda:ikodaSparse:jar:1.0.0
[DEBUG]    org.scala-lang:scala-library:jar:2.11.11:compile
[DEBUG]    org.scalatest:scalatest_2.11:jar:3.2.0-SNAP10:test
[DEBUG]       org.scalactic:scalactic_2.11:jar:3.2.0-SNAP10:test
[DEBUG]       org.scala-lang.modules:scala-xml_2.11:jar:1.0.6:compile
[DEBUG]    org.scalacheck:scalacheck_2.11:jar:1.14.0:test
[DEBUG]       org.scala-sbt:test-interface:jar:1.0:test
[DEBUG]    org.specs:specs:jar:1.2.5:test
[DEBUG]       junit:junit:jar:4.4:test
[DEBUG]       org.scalatest:scalatest:jar:0.9.1:test
[DEBUG]       org.scalacheck:scalacheck:jar:1.2:test
[DEBUG]       org.jmock:jmock:jar:2.4.0:test
[DEBUG]          org.hamcrest:hamcrest-core:jar:1.1:test
[DEBUG]          org.hamcrest:hamcrest-library:jar:1.1:test
[DEBUG]    org.clapper:grizzled-slf4j_2.11:jar:1.3.1:compile
[DEBUG]       org.slf4j:slf4j-api:jar:1.7.7:compile
[DEBUG]    org.apache.spark:spark-sql_2.11:jar:2.2.0:provided
[DEBUG]       com.univocity:univocity-parsers:jar:2.2.1:provided
[DEBUG]       org.apache.spark:spark-sketch_2.11:jar:2.2.0:provided
[DEBUG]       org.apache.spark:spark-catalyst_2.11:jar:2.2.0:provided
[DEBUG]          org.codehaus.janino:janino:jar:3.0.0:provided
[DEBUG]          org.codehaus.janino:commons-compiler:jar:3.0.0:provided
[DEBUG]          org.antlr:antlr4-runtime:jar:4.5.3:provided
[DEBUG]          commons-codec:commons-codec:jar:1.10:compile
[DEBUG]       org.apache.spark:spark-tags_2.11:jar:2.2.0:provided
[DEBUG]       org.apache.parquet:parquet-column:jar:1.8.2:provided
[DEBUG]          org.apache.parquet:parquet-common:jar:1.8.2:provided
[DEBUG]          org.apache.parquet:parquet-encoding:jar:1.8.2:provided
[DEBUG]       org.apache.parquet:parquet-hadoop:jar:1.8.2:provided
[DEBUG]          org.apache.parquet:parquet-format:jar:2.3.1:provided
[DEBUG]          org.apache.parquet:parquet-jackson:jar:1.8.2:provided
[DEBUG]          org.codehaus.jackson:jackson-mapper-asl:jar:1.9.11:provided
[DEBUG]          org.codehaus.jackson:jackson-core-asl:jar:1.9.11:provided
[DEBUG]       com.fasterxml.jackson.core:jackson-databind:jar:2.6.5:provided
[DEBUG]          com.fasterxml.jackson.core:jackson-annotations:jar:2.6.0:provided
[DEBUG]          com.fasterxml.jackson.core:jackson-core:jar:2.6.5:provided
[DEBUG]       org.apache.xbean:xbean-asm5-shaded:jar:4.4:provided
[DEBUG]       org.spark-project.spark:unused:jar:1.0.0:provided
[DEBUG]    org.apache.spark:spark-core_2.11:jar:2.2.0:provided
[DEBUG]       org.apache.avro:avro:jar:1.7.7:provided
[DEBUG]          org.apache.commons:commons-compress:jar:1.4.1:provided
[DEBUG]             org.tukaani:xz:jar:1.0:provided
[DEBUG]       org.apache.avro:avro-mapred:jar:hadoop2:1.7.7:provided
[DEBUG]          org.apache.avro:avro-ipc:jar:1.7.7:provided
[DEBUG]          org.apache.avro:avro-ipc:jar:tests:1.7.7:provided
[DEBUG]       com.twitter:chill_2.11:jar:0.8.0:provided
[DEBUG]          com.esotericsoftware:kryo-shaded:jar:3.0.3:provided
[DEBUG]             com.esotericsoftware:minlog:jar:1.3.0:provided
[DEBUG]             org.objenesis:objenesis:jar:2.1:provided
[DEBUG]       com.twitter:chill-java:jar:0.8.0:provided
[DEBUG]       org.apache.hadoop:hadoop-client:jar:2.6.5:provided
[DEBUG]          org.apache.hadoop:hadoop-common:jar:2.6.5:provided
[DEBUG]             commons-cli:commons-cli:jar:1.2:provided
[DEBUG]             xmlenc:xmlenc:jar:0.52:provided
[DEBUG]             commons-httpclient:commons-httpclient:jar:3.1:provided
[DEBUG]             commons-lang:commons-lang:jar:2.6:provided
[DEBUG]             commons-configuration:commons-configuration:jar:1.6:provided
[DEBUG]                commons-digester:commons-digester:jar:1.8:provided
[DEBUG]                commons-beanutils:commons-beanutils-core:jar:1.8.0:provided
[DEBUG]             com.google.code.gson:gson:jar:2.2.4:provided
[DEBUG]             org.apache.hadoop:hadoop-auth:jar:2.6.5:provided
[DEBUG]                org.apache.directory.server:apacheds-kerberos-codec:jar:2.0.0-M15:provided
[DEBUG]                   org.apache.directory.server:apacheds-i18n:jar:2.0.0-M15:provided
[DEBUG]                   org.apache.directory.api:api-asn1-api:jar:1.0.0-M20:provided
[DEBUG]                   org.apache.directory.api:api-util:jar:1.0.0-M20:provided
[DEBUG]             org.apache.curator:curator-client:jar:2.6.0:provided
[DEBUG]             org.htrace:htrace-core:jar:3.0.4:provided
[DEBUG]          org.apache.hadoop:hadoop-hdfs:jar:2.6.5:provided
[DEBUG]             org.mortbay.jetty:jetty-util:jar:6.1.26:provided
[DEBUG]          org.apache.hadoop:hadoop-mapreduce-client-app:jar:2.6.5:provided
[DEBUG]             org.apache.hadoop:hadoop-mapreduce-client-common:jar:2.6.5:provided
[DEBUG]                org.apache.hadoop:hadoop-yarn-client:jar:2.6.5:provided
[DEBUG]                org.apache.hadoop:hadoop-yarn-server-common:jar:2.6.5:provided
[DEBUG]             org.apache.hadoop:hadoop-mapreduce-client-shuffle:jar:2.6.5:provided
[DEBUG]          org.apache.hadoop:hadoop-yarn-api:jar:2.6.5:provided
[DEBUG]          org.apache.hadoop:hadoop-mapreduce-client-core:jar:2.6.5:provided
[DEBUG]             org.apache.hadoop:hadoop-yarn-common:jar:2.6.5:provided
[DEBUG]                org.codehaus.jackson:jackson-jaxrs:jar:1.9.13:provided
[DEBUG]                org.codehaus.jackson:jackson-xc:jar:1.9.13:provided
[DEBUG]          org.apache.hadoop:hadoop-mapreduce-client-jobclient:jar:2.6.5:provided
[DEBUG]          org.apache.hadoop:hadoop-annotations:jar:2.6.5:provided
[DEBUG]       org.apache.spark:spark-launcher_2.11:jar:2.2.0:provided
[DEBUG]       org.apache.spark:spark-network-common_2.11:jar:2.2.0:provided
[DEBUG]          org.fusesource.leveldbjni:leveldbjni-all:jar:1.8:provided
[DEBUG]       org.apache.spark:spark-network-shuffle_2.11:jar:2.2.0:provided
[DEBUG]       org.apache.spark:spark-unsafe_2.11:jar:2.2.0:provided
[DEBUG]       net.java.dev.jets3t:jets3t:jar:0.9.3:provided
[DEBUG]          org.apache.httpcomponents:httpcore:jar:4.3.3:compile
[DEBUG]          javax.activation:activation:jar:1.1.1:compile
[DEBUG]          mx4j:mx4j:jar:3.0.2:provided
[DEBUG]          javax.mail:mail:jar:1.4.7:provided
[DEBUG]          org.bouncycastle:bcprov-jdk15on:jar:1.51:provided
[DEBUG]          com.jamesmurty.utils:java-xmlbuilder:jar:1.0:provided
[DEBUG]             net.iharder:base64:jar:2.3.8:provided
[DEBUG]       org.apache.curator:curator-recipes:jar:2.6.0:provided
[DEBUG]          org.apache.curator:curator-framework:jar:2.6.0:provided
[DEBUG]          org.apache.zookeeper:zookeeper:jar:3.4.6:provided
[DEBUG]       javax.servlet:javax.servlet-api:jar:3.1.0:provided
[DEBUG]       org.apache.commons:commons-lang3:jar:3.5:compile
[DEBUG]       com.google.code.findbugs:jsr305:jar:1.3.9:provided
[DEBUG]       org.slf4j:jul-to-slf4j:jar:1.7.16:provided
[DEBUG]       org.slf4j:jcl-over-slf4j:jar:1.7.16:provided
[DEBUG]       log4j:log4j:jar:1.2.17:provided
[DEBUG]       org.slf4j:slf4j-log4j12:jar:1.7.16:provided
[DEBUG]       com.ning:compress-lzf:jar:1.0.3:provided
[DEBUG]       org.xerial.snappy:snappy-java:jar:1.1.2.6:provided
[DEBUG]       net.jpountz.lz4:lz4:jar:1.3.0:provided
[DEBUG]       org.roaringbitmap:RoaringBitmap:jar:0.5.11:provided
[DEBUG]       commons-net:commons-net:jar:2.2:provided
[DEBUG]       org.json4s:json4s-jackson_2.11:jar:3.2.11:provided
[DEBUG]          org.json4s:json4s-core_2.11:jar:3.2.11:provided
[DEBUG]             org.json4s:json4s-ast_2.11:jar:3.2.11:provided
[DEBUG]             org.scala-lang:scalap:jar:2.11.0:compile
[DEBUG]                org.scala-lang:scala-compiler:jar:2.11.0:compile
[DEBUG]                   org.scala-lang.modules:scala-parser-combinators_2.11:jar:1.0.1:compile
[DEBUG]       org.glassfish.jersey.core:jersey-client:jar:2.22.2:provided
[DEBUG]          javax.ws.rs:javax.ws.rs-api:jar:2.0.1:provided
[DEBUG]          org.glassfish.hk2:hk2-api:jar:2.4.0-b34:provided
[DEBUG]             org.glassfish.hk2:hk2-utils:jar:2.4.0-b34:provided
[DEBUG]             org.glassfish.hk2.external:aopalliance-repackaged:jar:2.4.0-b34:provided
[DEBUG]          org.glassfish.hk2.external:javax.inject:jar:2.4.0-b34:provided
[DEBUG]          org.glassfish.hk2:hk2-locator:jar:2.4.0-b34:provided
[DEBUG]             org.javassist:javassist:jar:3.18.1-GA:provided
[DEBUG]       org.glassfish.jersey.core:jersey-common:jar:2.22.2:provided
[DEBUG]          javax.annotation:javax.annotation-api:jar:1.2:provided
[DEBUG]          org.glassfish.jersey.bundles.repackaged:jersey-guava:jar:2.22.2:provided
[DEBUG]          org.glassfish.hk2:osgi-resource-locator:jar:1.0.1:provided
[DEBUG]       org.glassfish.jersey.core:jersey-server:jar:2.22.2:provided
[DEBUG]          org.glassfish.jersey.media:jersey-media-jaxb:jar:2.22.2:provided
[DEBUG]          javax.validation:validation-api:jar:1.1.0.Final:provided
[DEBUG]       org.glassfish.jersey.containers:jersey-container-servlet:jar:2.22.2:provided
[DEBUG]       org.glassfish.jersey.containers:jersey-container-servlet-core:jar:2.22.2:provided
[DEBUG]       io.netty:netty-all:jar:4.0.43.Final:compile
[DEBUG]       io.netty:netty:jar:3.9.9.Final:provided
[DEBUG]       com.clearspring.analytics:stream:jar:2.7.0:provided
[DEBUG]       io.dropwizard.metrics:metrics-core:jar:3.1.2:provided
[DEBUG]       io.dropwizard.metrics:metrics-jvm:jar:3.1.2:provided
[DEBUG]       io.dropwizard.metrics:metrics-json:jar:3.1.2:provided
[DEBUG]       io.dropwizard.metrics:metrics-graphite:jar:3.1.2:provided
[DEBUG]       com.fasterxml.jackson.module:jackson-module-scala_2.11:jar:2.6.5:provided
[DEBUG]          com.fasterxml.jackson.module:jackson-module-paranamer:jar:2.6.5:provided
[DEBUG]       org.apache.ivy:ivy:jar:2.4.0:provided
[DEBUG]       oro:oro:jar:2.0.8:provided
[DEBUG]       net.razorvine:pyrolite:jar:4.13:provided
[DEBUG]       net.sf.py4j:py4j:jar:0.10.4:provided
[DEBUG]       org.apache.commons:commons-crypto:jar:1.0.0:provided
[DEBUG]    org.scala-lang:scala-reflect:jar:2.11.12:compile
[DEBUG]    com.google.guava:guava:jar:15.0:compile
[DEBUG]    org.apache.spark:spark-streaming_2.11:jar:2.2.0:provided
[DEBUG]    org.apache.spark:spark-mllib_2.11:jar:2.2.0:provided
[DEBUG]       org.apache.spark:spark-mllib-local_2.11:jar:2.2.0:provided
[DEBUG]       org.scalanlp:breeze_2.11:jar:0.13.1:provided
[DEBUG]          org.scalanlp:breeze-macros_2.11:jar:0.13.1:provided
[DEBUG]          net.sf.opencsv:opencsv:jar:2.3:provided
[DEBUG]          com.github.rwl:jtransforms:jar:2.4.0:provided
[DEBUG]          org.spire-math:spire_2.11:jar:0.13.0:provided
[DEBUG]             org.spire-math:spire-macros_2.11:jar:0.13.0:provided
[DEBUG]             org.typelevel:machinist_2.11:jar:0.6.1:provided
[DEBUG]          com.chuusai:shapeless_2.11:jar:2.3.2:provided
[DEBUG]             org.typelevel:macro-compat_2.11:jar:1.1.1:provided
[DEBUG]       org.jpmml:pmml-model:jar:1.2.15:provided
[DEBUG]          org.jpmml:pmml-schema:jar:1.2.15:provided
[DEBUG]    org.apache.spark:spark-graphx_2.11:jar:2.2.0:provided
[DEBUG]       com.github.fommil.netlib:core:jar:1.1.2:provided
[DEBUG]       net.sourceforge.f2j:arpack_combined_all:jar:0.1:provided
[DEBUG]    com.typesafe:config:jar:1.3.2:compile
[DEBUG]    org.json4s:json4s-core_2.12:jar:3.6.0-M4:compile
[DEBUG]       org.json4s:json4s-ast_2.12:jar:3.6.0-M4:compile
[DEBUG]       org.json4s:json4s-scalap_2.12:jar:3.6.0-M4:compile
[DEBUG]       com.thoughtworks.paranamer:paranamer:jar:2.8:compile
[DEBUG]    com.github.scopt:scopt_2.10:jar:3.2.0:compile
[DEBUG]    ikoda:ikoda-utils:jar:0.0.1-SNAPSHOT:compile
[DEBUG]       org.apache.logging.log4j:log4j-core:jar:2.8.2:compile
[DEBUG]          org.apache.logging.log4j:log4j-api:jar:2.8.2:compile
[DEBUG]       org.springframework:spring-beans:jar:4.2.4.RELEASE:compile
[DEBUG]       net.sourceforge.htmlunit:htmlunit:jar:2.22:compile
[DEBUG]          xalan:xalan:jar:2.7.2:compile
[DEBUG]             xalan:serializer:jar:2.7.2:compile
[DEBUG]          org.apache.httpcomponents:httpmime:jar:4.5.2:compile
[DEBUG]          net.sourceforge.htmlunit:htmlunit-core-js:jar:2.22:compile
[DEBUG]          net.sourceforge.htmlunit:neko-htmlunit:jar:2.21:compile
[DEBUG]          net.sourceforge.cssparser:cssparser:jar:0.9.19:compile
[DEBUG]             org.w3c.css:sac:jar:1.3:compile
[DEBUG]          commons-io:commons-io:jar:2.5:compile
[DEBUG]          commons-logging:commons-logging:jar:1.2:compile
[DEBUG]          org.eclipse.jetty.websocket:websocket-client:jar:9.2.17.v20160517:compile
[DEBUG]             org.eclipse.jetty:jetty-util:jar:9.2.17.v20160517:compile
[DEBUG]             org.eclipse.jetty:jetty-io:jar:9.2.17.v20160517:compile
[DEBUG]             org.eclipse.jetty.websocket:websocket-common:jar:9.2.17.v20160517:compile
[DEBUG]                org.eclipse.jetty.websocket:websocket-api:jar:9.2.17.v20160517:compile
[DEBUG]       org.springframework:spring-web:jar:4.2.4.RELEASE:compile
[DEBUG]          org.springframework:spring-aop:jar:4.2.4.RELEASE:compile
[DEBUG]             aopalliance:aopalliance:jar:1.0:compile
[DEBUG]       org.springframework:spring-context:jar:4.2.4.RELEASE:compile
[DEBUG]          org.springframework:spring-expression:jar:4.2.4.RELEASE:compile
[DEBUG]       org.springframework.integration:spring-integration-mail:jar:4.2.5.RELEASE:compile
[DEBUG]          org.springframework.integration:spring-integration-core:jar:4.2.5.RELEASE:compile
[DEBUG]             org.springframework.retry:spring-retry:jar:1.1.2.RELEASE:compile
[DEBUG]             org.springframework:spring-messaging:jar:4.2.4.RELEASE:compile
[DEBUG]          org.springframework:spring-context-support:jar:4.2.4.RELEASE:compile
[DEBUG]       javax.mail:javax.mail-api:jar:1.5.5:compile
[DEBUG]       com.sun.mail:javax.mail:jar:1.5.5:compile
[DEBUG]       org.apache.commons:commons-csv:jar:1.5:compile
[DEBUG]       org.apache.httpcomponents:httpclient:jar:4.5.5:compile
[DEBUG]    ikoda:ikodatext-textAnalysis:jar:0.0.1-SNAPSHOT:compile
[DEBUG]       org.springframework:spring-core:jar:4.2.4.RELEASE:compile
[DEBUG]       com.googlecode.json-simple:json-simple:jar:1.1.1:compile
[DEBUG]       joda-time:joda-time:jar:2.8.1:compile
[DEBUG]       ikoda:ikodatext-netio:jar:0.0.1-SNAPSHOT:compile
[DEBUG]          org.jsoup:jsoup:jar:1.9.2:compile
[DEBUG]       ikoda:ikodatext-fileio:jar:0.0.1-SNAPSHOT:compile
[DEBUG]          com.itextpdf:itextpdf:jar:5.5.11:compile
[DEBUG]          com.itextpdf:itext-pdfa:jar:5.5.11:compile
[DEBUG]          com.itextpdf:itext-xtra:jar:5.5.11:compile
[DEBUG]             org.apache.commons:commons-imaging:jar:1.0-SNAPSHOT:compile
[DEBUG]          com.itextpdf.tool:xmlworker:jar:5.5.11:compile
[DEBUG]          org.bouncycastle:bcpkix-jdk15on:jar:1.49:compile
[DEBUG]       ikoda:ikodatext-persistence:jar:0.0.1-SNAPSHOT:compile
[DEBUG]          org.springframework:spring-tx:jar:4.2.4.RELEASE:compile
[DEBUG]          org.springframework:spring-orm:jar:4.2.4.RELEASE:compile
[DEBUG]             org.springframework:spring-jdbc:jar:4.2.4.RELEASE:compile
[DEBUG]          org.postgresql:postgresql:jar:42.2.2:compile
[DEBUG]          org.hibernate:hibernate-c3p0:jar:5.2.12.Final:compile
[DEBUG]             com.mchange:c3p0:jar:0.9.5.2:compile
[DEBUG]                com.mchange:mchange-commons-java:jar:0.2.11:compile
[DEBUG]       ikoda:rbridge:jar:1.0-SNAPSHOT:compile
[DEBUG]          org.ddahl:rscala_2.12:jar:2.3.1:compile
[DEBUG]    com.datastax.spark:spark-cassandra-connector_2.11:jar:2.0.7:compile
[DEBUG]       com.twitter:jsr166e:jar:1.1.0:compile
[DEBUG]       commons-beanutils:commons-beanutils:jar:1.9.3:compile
[DEBUG]          commons-collections:commons-collections:jar:3.2.2:compile
[DEBUG]       org.joda:joda-convert:jar:1.2:compile
[DEBUG]    edu.stanford.nlp:stanford-corenlp:jar:3.8.0:test
[DEBUG]       com.apple:AppleJavaExtensions:jar:1.4:test
[DEBUG]       de.jollyday:jollyday:jar:0.4.9:test
[DEBUG]          javax.xml.bind:jaxb-api:jar:2.2.7:provided
[DEBUG]       org.apache.lucene:lucene-queryparser:jar:4.10.3:test
[DEBUG]          org.apache.lucene:lucene-sandbox:jar:4.10.3:test
[DEBUG]       org.apache.lucene:lucene-analyzers-common:jar:4.10.3:test
[DEBUG]       org.apache.lucene:lucene-queries:jar:4.10.3:test
[DEBUG]       org.apache.lucene:lucene-core:jar:4.10.3:test
[DEBUG]       com.io7m.xom:xom:jar:1.2.10:test
[DEBUG]          xml-apis:xml-apis:jar:1.3.03:compile
[DEBUG]          xerces:xercesImpl:jar:2.8.0:compile
[DEBUG]       com.googlecode.efficient-java-matrix-library:ejml:jar:0.23:test
[DEBUG]       org.glassfish:javax.json:jar:1.0.4:test
[DEBUG]       com.google.protobuf:protobuf-java:jar:3.2.0:provided
[DEBUG]    edu.stanford.nlp:stanford-corenlp:jar:models:3.8.0:test
[DEBUG]    edu.stanford.nlp:stanford-corenlp:jar:models-chinese:3.8.0:test
[DEBUG]    edu.stanford.nlp:stanford-corenlp:jar:models-english:3.8.0:test
[DEBUG]    edu.stanford.nlp:stanford-parser:jar:3.8.0:test
[DEBUG]    org.apache.commons:commons-math3:jar:3.6.1:compile
[DEBUG]    com.github.pathikrit:better-files_2.11:jar:3.4.0:compile
[INFO] 
[INFO] --- maven-resources-plugin:2.6:resources (default-resources) @ ikodaSparse ---
[DEBUG] Dependency collection stats: {ConflictMarker.analyzeTime=137616, ConflictMarker.markTime=34554, ConflictMarker.nodeCount=77, ConflictIdSorter.graphTime=107869, ConflictIdSorter.topsortTime=20132, ConflictIdSorter.conflictIdCount=26, ConflictIdSorter.conflictIdCycleCount=0, ConflictResolver.totalTime=492770, ConflictResolver.conflictItemCount=74, DefaultDependencyCollector.collectTime=54743803, DefaultDependencyCollector.transformTime=874968}
[DEBUG] org.apache.maven.plugins:maven-resources-plugin:jar:2.6:
[DEBUG]    org.apache.maven:maven-plugin-api:jar:2.0.6:compile
[DEBUG]    org.apache.maven:maven-project:jar:2.0.6:compile
[DEBUG]       org.apache.maven:maven-profile:jar:2.0.6:compile
[DEBUG]       org.apache.maven:maven-artifact-manager:jar:2.0.6:compile
[DEBUG]       org.apache.maven:maven-plugin-registry:jar:2.0.6:compile
[DEBUG]    org.apache.maven:maven-core:jar:2.0.6:compile
[DEBUG]       org.apache.maven:maven-plugin-parameter-documenter:jar:2.0.6:compile
[DEBUG]       org.apache.maven.reporting:maven-reporting-api:jar:2.0.6:compile
[DEBUG]          org.apache.maven.doxia:doxia-sink-api:jar:1.0-alpha-7:compile
[DEBUG]       org.apache.maven:maven-repository-metadata:jar:2.0.6:compile
[DEBUG]       org.apache.maven:maven-error-diagnostics:jar:2.0.6:compile
[DEBUG]       commons-cli:commons-cli:jar:1.0:compile
[DEBUG]       org.apache.maven:maven-plugin-descriptor:jar:2.0.6:compile
[DEBUG]       org.codehaus.plexus:plexus-interactivity-api:jar:1.0-alpha-4:compile
[DEBUG]       classworlds:classworlds:jar:1.1:compile
[DEBUG]    org.apache.maven:maven-artifact:jar:2.0.6:compile
[DEBUG]    org.apache.maven:maven-settings:jar:2.0.6:compile
[DEBUG]    org.apache.maven:maven-model:jar:2.0.6:compile
[DEBUG]    org.apache.maven:maven-monitor:jar:2.0.6:compile
[DEBUG]    org.codehaus.plexus:plexus-container-default:jar:1.0-alpha-9-stable-1:compile
[DEBUG]       junit:junit:jar:3.8.1:compile
[DEBUG]    org.codehaus.plexus:plexus-utils:jar:2.0.5:compile
[DEBUG]    org.apache.maven.shared:maven-filtering:jar:1.1:compile
[DEBUG]       org.sonatype.plexus:plexus-build-api:jar:0.0.4:compile
[DEBUG]    org.codehaus.plexus:plexus-interpolation:jar:1.13:compile
[DEBUG] Created new class realm plugin>org.apache.maven.plugins:maven-resources-plugin:2.6
[DEBUG] Importing foreign packages into class realm plugin>org.apache.maven.plugins:maven-resources-plugin:2.6
[DEBUG]   Imported:  < maven.api
[DEBUG] Populating class realm plugin>org.apache.maven.plugins:maven-resources-plugin:2.6
[DEBUG]   Included: org.apache.maven.plugins:maven-resources-plugin:jar:2.6
[DEBUG]   Included: org.apache.maven.reporting:maven-reporting-api:jar:2.0.6
[DEBUG]   Included: org.apache.maven.doxia:doxia-sink-api:jar:1.0-alpha-7
[DEBUG]   Included: commons-cli:commons-cli:jar:1.0
[DEBUG]   Included: org.codehaus.plexus:plexus-interactivity-api:jar:1.0-alpha-4
[DEBUG]   Included: junit:junit:jar:3.8.1
[DEBUG]   Included: org.codehaus.plexus:plexus-utils:jar:2.0.5
[DEBUG]   Included: org.apache.maven.shared:maven-filtering:jar:1.1
[DEBUG]   Included: org.sonatype.plexus:plexus-build-api:jar:0.0.4
[DEBUG]   Included: org.codehaus.plexus:plexus-interpolation:jar:1.13
[DEBUG] Configuring mojo org.apache.maven.plugins:maven-resources-plugin:2.6:resources from plugin realm ClassRealm[plugin>org.apache.maven.plugins:maven-resources-plugin:2.6, parent: sun.misc.Launcher$AppClassLoader@33909752]
[DEBUG] Configuring mojo 'org.apache.maven.plugins:maven-resources-plugin:2.6:resources' with basic configurator -->
[DEBUG]   (f) buildFilters = []
[DEBUG]   (f) escapeWindowsPaths = true
[DEBUG]   (s) includeEmptyDirs = false
[DEBUG]   (s) outputDirectory = C:\Users\jake\__workspace\scalaProjects\ikodaSparse\target\classes
[DEBUG]   (s) overwrite = false
[DEBUG]   (f) project = MavenProject: ikoda:ikodaSparse:1.0.0 @ C:\Users\jake\__workspace\scalaProjects\ikodaSparse\pom.xml
[DEBUG]   (s) resources = [Resource {targetPath: null, filtering: false, FileSet {directory: C:\Users\jake\__workspace\scalaProjects\ikodaSparse\src\main\resources, PatternSet [includes: {}, excludes: {}]}}]
[DEBUG]   (f) session = org.apache.maven.execution.MavenSession@119aa36
[DEBUG]   (f) supportMultiLineFiltering = false
[DEBUG]   (f) useBuildFilters = true
[DEBUG]   (s) useDefaultDelimiters = true
[DEBUG] -- end configuration --
[DEBUG] properties used {java.vendor=Oracle Corporation, env.SYSTEMROOT=C:\WINDOWS, env.USERDOMAIN_ROAMINGPROFILE=DESKTOP-V7S0124, sun.java.launcher=SUN_STANDARD, sun.management.compiler=HotSpot 64-Bit Tiered Compilers, env.ONEDRIVE=C:\Users\jake\OneDrive, env.PROMPT=$P$G, env.WDIR=C:\, os.name=Windows 10, sun.boot.class.path=C:\Program Files\Java\jdk1.8.0_161\jre\lib\resources.jar;C:\Program Files\Java\jdk1.8.0_161\jre\lib\rt.jar;C:\Program Files\Java\jdk1.8.0_161\jre\lib\sunrsasign.jar;C:\Program Files\Java\jdk1.8.0_161\jre\lib\jsse.jar;C:\Program Files\Java\jdk1.8.0_161\jre\lib\jce.jar;C:\Program Files\Java\jdk1.8.0_161\jre\lib\charsets.jar;C:\Program Files\Java\jdk1.8.0_161\jre\lib\jfr.jar;C:\Program Files\Java\jdk1.8.0_161\jre\classes, env.COMPUTERNAME=DESKTOP-V7S0124, env.ALLUSERSPROFILE=C:\ProgramData, sun.desktop=windows, java.vm.specification.vendor=Oracle Corporation, java.runtime.version=1.8.0_161-b12, env.HADOOP_CONF_DIR=C:\Users\jake\_servers\spark-2.2.1-bin-hadoop2.7\conf, env.HOMEPATH=\Users\jake, user.name=jake, maven.build.version=Apache Maven 3.5.3 (3383c37e1f9e9b3bc3df5050c29c8aff9f295297; 2018-02-24T11:49:05-08:00), env.DRIVERDATA=C:\Windows\System32\Drivers\DriverData, env.PATH=C:\ProgramData\Oracle\Java\javapath;C:\WINDOWS\system32;C:\WINDOWS;C:\WINDOWS\System32\Wbem;C:\WINDOWS\System32\WindowsPowerShell\v1.0\;C:\Users\jake\_servers\apache-maven-3.5.3\bin;C:\Program Files (x86)\WinSCP;C:\PostgreSQL\pg96\bin;C:\Users\jake\__workspace\prototype3\scripts;C:\Program Files\PuTTY\;C:\WINDOWS\System32\OpenSSH\;C:\Users\jake\AppData\Local\Microsoft\WindowsApps;, env.R_HOME=C:\Program Files\R\R-3.4.3, user.language=en, env.JVMCONFIG=\.mvn\jvm.config, env.WINDIR=C:\WINDOWS, sun.boot.library.path=C:\Program Files\Java\jdk1.8.0_161\jre\bin, classworlds.conf=C:\Users\jake\_servers\apache-maven-3.5.3\bin\..\bin\m2.conf, java.version=1.8.0_161, env.PROCESSOR_IDENTIFIER=Intel64 Family 6 Model 94 Stepping 3, GenuineIntel, user.timezone=, env.TEMP=C:\Users\jake\AppData\Local\Temp, sun.arch.data.model=64, env.EXEC_DIR=C:\Users\jake\__workspace\scalaProjects\ikodaSparse, java.endorsed.dirs=C:\Program Files\Java\jdk1.8.0_161\jre\lib\endorsed, sun.cpu.isalist=amd64, env.HOMEDRIVE=C:, sun.jnu.encoding=Cp1252, file.encoding.pkg=sun.io, env.SYSTEMDRIVE=C:, file.separator=\, java.specification.name=Java Platform API Specification, maven.conf=C:\Users\jake\_servers\apache-maven-3.5.3\bin\../conf, env.JAVACMD=C:\Program Files\Java\jdk1.8.0_161\bin\java.exe, java.class.version=52.0, user.country=CA, java.home=C:\Program Files\Java\jdk1.8.0_161\jre, env.APPDATA=C:\Users\jake\AppData\Roaming, env.PUBLIC=C:\Users\Public, java.vm.info=mixed mode, env.OS=Windows_NT, os.version=10.0, env.=::=::\, env.JAVA_OPTS=-Xms4096m -Xmx16384m, env.HADOOP_HOME=C:\Users\jake\_servers\spark-2.2.1-bin-hadoop2.7, env.SPARK_HOME=C:\Users\jake\_servers\spark-2.2.1-bin-hadoop2.7, path.separator=;, java.vm.version=25.161-b12, user.variant=, env.USERPROFILE=C:\Users\jake, env.JAVA_HOME=C:\Program Files\Java\jdk1.8.0_161, java.awt.printerjob=sun.awt.windows.WPrinterJob, env.TMP=C:\Users\jake\AppData\Local\Temp, env.PROGRAMFILES=C:\Program Files, sun.io.unicode.encoding=UnicodeLittle, awt.toolkit=sun.awt.windows.WToolkit, user.script=, user.home=C:\Users\jake, env.COMMONPROGRAMFILES=C:\Program Files\Common Files, env.=EXITCODE=00000001, env.SESSIONNAME=Console, java.specification.vendor=Oracle Corporation, library.jansi.path=C:\Users\jake\_servers\apache-maven-3.5.3\bin\..\lib\jansi-native, java.library.path=C:\Program Files\Java\jdk1.8.0_161\bin;C:\WINDOWS\Sun\Java\bin;C:\WINDOWS\system32;C:\WINDOWS;C:\ProgramData\Oracle\Java\javapath;C:\WINDOWS\system32;C:\WINDOWS;C:\WINDOWS\System32\Wbem;C:\WINDOWS\System32\WindowsPowerShell\v1.0\;C:\Users\jake\_servers\apache-maven-3.5.3\bin;C:\Program Files (x86)\WinSCP;C:\PostgreSQL\pg96\bin;C:\Users\jake\__workspace\prototype3\scripts;C:\Program Files\PuTTY\;C:\WINDOWS\System32\OpenSSH\;C:\Users\jake\AppData\Local\Microsoft\WindowsApps;;., env.NUMBER_OF_PROCESSORS=8, java.vendor.url=http://java.oracle.com/, env.COMMONPROGRAMFILES(X86)=C:\Program Files (x86)\Common Files, env.PSMODULEPATH=C:\Program Files\WindowsPowerShell\Modules;C:\WINDOWS\system32\WindowsPowerShell\v1.0\Modules, env.CLASSWORLDS_LAUNCHER=org.codehaus.plexus.classworlds.launcher.Launcher, env.MAVEN_CMD_LINE_ARGS=-X -e install, java.vm.vendor=Oracle Corporation, maven.home=C:\Users\jake\_servers\apache-maven-3.5.3\bin\.., java.runtime.name=Java(TM) SE Runtime Environment, sun.java.command=org.codehaus.plexus.classworlds.launcher.Launcher -X -e install, java.class.path=C:\Users\jake\_servers\apache-maven-3.5.3\bin\..\boot\plexus-classworlds-2.5.2.jar, env.PROGRAMW6432=C:\Program Files, maven.version=3.5.3, env.PROGRAMFILES(X86)=C:\Program Files (x86), java.vm.specification.name=Java Virtual Machine Specification, env.LOGONSERVER=\\DESKTOP-V7S0124, java.vm.specification.version=1.8, env.PROCESSOR_ARCHITECTURE=AMD64, env.COMMONPROGRAMW6432=C:\Program Files\Common Files, sun.cpu.endian=little, sun.os.patch.level=, java.io.tmpdir=C:\Users\jake\AppData\Local\Temp\, env.PROCESSOR_REVISION=5e03, java.vendor.url.bug=http://bugreport.sun.com/bugreport/, maven.multiModuleProjectDirectory=C:\Users\jake\__workspace\scalaProjects\ikodaSparse, env.MAVEN_OPTS=-Xmx16384m, env.PROGRAMDATA=C:\ProgramData, env.COMSPEC=C:\WINDOWS\system32\cmd.exe, os.arch=amd64, java.awt.graphicsenv=sun.awt.Win32GraphicsEnvironment, java.ext.dirs=C:\Program Files\Java\jdk1.8.0_161\jre\lib\ext;C:\WINDOWS\Sun\Java\lib\ext, user.dir=C:\Users\jake\__workspace\scalaProjects\ikodaSparse, env.MAVEN_HOME=C:\Users\jake\_servers\apache-maven-3.5.3\bin\.., env.LOCALAPPDATA=C:\Users\jake\AppData\Local, line.separator=
, env.CLASSWORLDS_JAR="C:\Users\jake\_servers\apache-maven-3.5.3\bin\..\boot\plexus-classworlds-2.5.2.jar", java.vm.name=Java HotSpot(TM) 64-Bit Server VM, env.PATHEXT=.COM;.EXE;.BAT;.CMD;.VBS;.VBE;.JS;.JSE;.WSF;.WSH;.MSC, scala.version=2.11.11, env.ERROR_CODE=0, env.USERNAME=jake, sun.stderr.encoding=cp437, file.encoding=Cp1252, env.USERDOMAIN=DESKTOP-V7S0124, java.specification.version=1.8, env.=C:=C:\Users\jake\__workspace\scalaProjects\ikodaSparse, env.PROCESSOR_LEVEL=6, env.MAVEN_PROJECTBASEDIR=C:\Users\jake\__workspace\scalaProjects\ikodaSparse}
[WARNING] Using platform encoding (Cp1252 actually) to copy filtered resources, i.e. build is platform dependent!
[DEBUG] resource with targetPath null
directory C:\Users\jake\__workspace\scalaProjects\ikodaSparse\src\main\resources
excludes []
includes []
[DEBUG] ignoreDelta true
[INFO] Copying 7 resources
[DEBUG] file ikodaMajorsItems.csv has a filtered file extension
[DEBUG] copy C:\Users\jake\__workspace\scalaProjects\ikodaSparse\src\main\resources\ikodaMajorsItems.csv to C:\Users\jake\__workspace\scalaProjects\ikodaSparse\target\classes\ikodaMajorsItems.csv
[DEBUG] file ikodaMajorsItems.xlsx has a filtered file extension
[DEBUG] copy C:\Users\jake\__workspace\scalaProjects\ikodaSparse\src\main\resources\ikodaMajorsItems.xlsx to C:\Users\jake\__workspace\scalaProjects\ikodaSparse\target\classes\ikodaMajorsItems.xlsx
[DEBUG] file log4j.properties has a filtered file extension
[DEBUG] copy C:\Users\jake\__workspace\scalaProjects\ikodaSparse\src\main\resources\log4j.properties to C:\Users\jake\__workspace\scalaProjects\ikodaSparse\target\classes\log4j.properties
[DEBUG] file log4j2.xml has a filtered file extension
[DEBUG] copy C:\Users\jake\__workspace\scalaProjects\ikodaSparse\src\main\resources\log4j2.xml to C:\Users\jake\__workspace\scalaProjects\ikodaSparse\target\classes\log4j2.xml
[DEBUG] file scalaML.conf has a filtered file extension
[DEBUG] copy C:\Users\jake\__workspace\scalaProjects\ikodaSparse\src\main\resources\scalaML.conf to C:\Users\jake\__workspace\scalaProjects\ikodaSparse\target\classes\scalaML.conf
[DEBUG] file streaming.conf has a filtered file extension
[DEBUG] copy C:\Users\jake\__workspace\scalaProjects\ikodaSparse\src\main\resources\streaming.conf to C:\Users\jake\__workspace\scalaProjects\ikodaSparse\target\classes\streaming.conf
[DEBUG] file targetsMap.properties has a filtered file extension
[DEBUG] copy C:\Users\jake\__workspace\scalaProjects\ikodaSparse\src\main\resources\targetsMap.properties to C:\Users\jake\__workspace\scalaProjects\ikodaSparse\target\classes\targetsMap.properties
[DEBUG] no use filter components
[INFO] 
[INFO] --- maven-compiler-plugin:3.1:compile (default-compile) @ ikodaSparse ---
[DEBUG] Dependency collection stats: {ConflictMarker.analyzeTime=185690, ConflictMarker.markTime=126798, ConflictMarker.nodeCount=160, ConflictIdSorter.graphTime=55587, ConflictIdSorter.topsortTime=30948, ConflictIdSorter.conflictIdCount=43, ConflictIdSorter.conflictIdCycleCount=0, ConflictResolver.totalTime=463024, ConflictResolver.conflictItemCount=63, DefaultDependencyCollector.collectTime=99795951, DefaultDependencyCollector.transformTime=878574}
[DEBUG] org.apache.maven.plugins:maven-compiler-plugin:jar:3.1:
[DEBUG]    org.apache.maven:maven-plugin-api:jar:2.0.9:compile
[DEBUG]    org.apache.maven:maven-artifact:jar:2.0.9:compile
[DEBUG]       org.codehaus.plexus:plexus-utils:jar:1.5.1:compile
[DEBUG]    org.apache.maven:maven-core:jar:2.0.9:compile
[DEBUG]       org.apache.maven:maven-settings:jar:2.0.9:compile
[DEBUG]       org.apache.maven:maven-plugin-parameter-documenter:jar:2.0.9:compile
[DEBUG]       org.apache.maven:maven-profile:jar:2.0.9:compile
[DEBUG]       org.apache.maven:maven-model:jar:2.0.9:compile
[DEBUG]       org.apache.maven:maven-repository-metadata:jar:2.0.9:compile
[DEBUG]       org.apache.maven:maven-error-diagnostics:jar:2.0.9:compile
[DEBUG]       org.apache.maven:maven-project:jar:2.0.9:compile
[DEBUG]          org.apache.maven:maven-plugin-registry:jar:2.0.9:compile
[DEBUG]       org.apache.maven:maven-plugin-descriptor:jar:2.0.9:compile
[DEBUG]       org.apache.maven:maven-artifact-manager:jar:2.0.9:compile
[DEBUG]       org.apache.maven:maven-monitor:jar:2.0.9:compile
[DEBUG]    org.apache.maven:maven-toolchain:jar:1.0:compile
[DEBUG]    org.apache.maven.shared:maven-shared-utils:jar:0.1:compile
[DEBUG]       com.google.code.findbugs:jsr305:jar:2.0.1:compile
[DEBUG]    org.apache.maven.shared:maven-shared-incremental:jar:1.1:compile
[DEBUG]       org.codehaus.plexus:plexus-component-annotations:jar:1.5.5:compile
[DEBUG]    org.codehaus.plexus:plexus-compiler-api:jar:2.2:compile
[DEBUG]    org.codehaus.plexus:plexus-compiler-manager:jar:2.2:compile
[DEBUG]    org.codehaus.plexus:plexus-compiler-javac:jar:2.2:runtime
[DEBUG]    org.codehaus.plexus:plexus-container-default:jar:1.5.5:compile
[DEBUG]       org.codehaus.plexus:plexus-classworlds:jar:2.2.2:compile
[DEBUG]       org.apache.xbean:xbean-reflect:jar:3.4:compile
[DEBUG]          log4j:log4j:jar:1.2.12:compile
[DEBUG]          commons-logging:commons-logging-api:jar:1.1:compile
[DEBUG]       com.google.collections:google-collections:jar:1.0:compile
[DEBUG]       junit:junit:jar:3.8.2:compile
[DEBUG] Created new class realm plugin>org.apache.maven.plugins:maven-compiler-plugin:3.1
[DEBUG] Importing foreign packages into class realm plugin>org.apache.maven.plugins:maven-compiler-plugin:3.1
[DEBUG]   Imported:  < maven.api
[DEBUG] Populating class realm plugin>org.apache.maven.plugins:maven-compiler-plugin:3.1
[DEBUG]   Included: org.apache.maven.plugins:maven-compiler-plugin:jar:3.1
[DEBUG]   Included: org.codehaus.plexus:plexus-utils:jar:1.5.1
[DEBUG]   Included: org.apache.maven.shared:maven-shared-utils:jar:0.1
[DEBUG]   Included: com.google.code.findbugs:jsr305:jar:2.0.1
[DEBUG]   Included: org.apache.maven.shared:maven-shared-incremental:jar:1.1
[DEBUG]   Included: org.codehaus.plexus:plexus-component-annotations:jar:1.5.5
[DEBUG]   Included: org.codehaus.plexus:plexus-compiler-api:jar:2.2
[DEBUG]   Included: org.codehaus.plexus:plexus-compiler-manager:jar:2.2
[DEBUG]   Included: org.codehaus.plexus:plexus-compiler-javac:jar:2.2
[DEBUG]   Included: org.apache.xbean:xbean-reflect:jar:3.4
[DEBUG]   Included: log4j:log4j:jar:1.2.12
[DEBUG]   Included: commons-logging:commons-logging-api:jar:1.1
[DEBUG]   Included: com.google.collections:google-collections:jar:1.0
[DEBUG]   Included: junit:junit:jar:3.8.2
[DEBUG] Configuring mojo org.apache.maven.plugins:maven-compiler-plugin:3.1:compile from plugin realm ClassRealm[plugin>org.apache.maven.plugins:maven-compiler-plugin:3.1, parent: sun.misc.Launcher$AppClassLoader@33909752]
[DEBUG] Configuring mojo 'org.apache.maven.plugins:maven-compiler-plugin:3.1:compile' with basic configurator -->
[DEBUG]   (f) basedir = C:\Users\jake\__workspace\scalaProjects\ikodaSparse
[DEBUG]   (f) buildDirectory = C:\Users\jake\__workspace\scalaProjects\ikodaSparse\target
[DEBUG]   (f) classpathElements = [C:\Users\jake\__workspace\scalaProjects\ikodaSparse\target\classes, C:\Users\jake\.m2\repository\org\scala-lang\scala-library\2.11.11\scala-library-2.11.11.jar, C:\Users\jake\.m2\repository\org\scala-lang\modules\scala-xml_2.11\1.0.6\scala-xml_2.11-1.0.6.jar, C:\Users\jake\.m2\repository\org\clapper\grizzled-slf4j_2.11\1.3.1\grizzled-slf4j_2.11-1.3.1.jar, C:\Users\jake\.m2\repository\org\slf4j\slf4j-api\1.7.7\slf4j-api-1.7.7.jar, C:\Users\jake\.m2\repository\org\apache\spark\spark-sql_2.11\2.2.0\spark-sql_2.11-2.2.0.jar, C:\Users\jake\.m2\repository\com\univocity\univocity-parsers\2.2.1\univocity-parsers-2.2.1.jar, C:\Users\jake\.m2\repository\org\apache\spark\spark-sketch_2.11\2.2.0\spark-sketch_2.11-2.2.0.jar, C:\Users\jake\.m2\repository\org\apache\spark\spark-catalyst_2.11\2.2.0\spark-catalyst_2.11-2.2.0.jar, C:\Users\jake\.m2\repository\org\codehaus\janino\janino\3.0.0\janino-3.0.0.jar, C:\Users\jake\.m2\repository\org\codehaus\janino\commons-compiler\3.0.0\commons-compiler-3.0.0.jar, C:\Users\jake\.m2\repository\org\antlr\antlr4-runtime\4.5.3\antlr4-runtime-4.5.3.jar, C:\Users\jake\.m2\repository\commons-codec\commons-codec\1.10\commons-codec-1.10.jar, C:\Users\jake\.m2\repository\org\apache\spark\spark-tags_2.11\2.2.0\spark-tags_2.11-2.2.0.jar, C:\Users\jake\.m2\repository\org\apache\parquet\parquet-column\1.8.2\parquet-column-1.8.2.jar, C:\Users\jake\.m2\repository\org\apache\parquet\parquet-common\1.8.2\parquet-common-1.8.2.jar, C:\Users\jake\.m2\repository\org\apache\parquet\parquet-encoding\1.8.2\parquet-encoding-1.8.2.jar, C:\Users\jake\.m2\repository\org\apache\parquet\parquet-hadoop\1.8.2\parquet-hadoop-1.8.2.jar, C:\Users\jake\.m2\repository\org\apache\parquet\parquet-format\2.3.1\parquet-format-2.3.1.jar, C:\Users\jake\.m2\repository\org\apache\parquet\parquet-jackson\1.8.2\parquet-jackson-1.8.2.jar, C:\Users\jake\.m2\repository\org\codehaus\jackson\jackson-mapper-asl\1.9.11\jackson-mapper-asl-1.9.11.jar, C:\Users\jake\.m2\repository\org\codehaus\jackson\jackson-core-asl\1.9.11\jackson-core-asl-1.9.11.jar, C:\Users\jake\.m2\repository\com\fasterxml\jackson\core\jackson-databind\2.6.5\jackson-databind-2.6.5.jar, C:\Users\jake\.m2\repository\com\fasterxml\jackson\core\jackson-annotations\2.6.0\jackson-annotations-2.6.0.jar, C:\Users\jake\.m2\repository\com\fasterxml\jackson\core\jackson-core\2.6.5\jackson-core-2.6.5.jar, C:\Users\jake\.m2\repository\org\apache\xbean\xbean-asm5-shaded\4.4\xbean-asm5-shaded-4.4.jar, C:\Users\jake\.m2\repository\org\spark-project\spark\unused\1.0.0\unused-1.0.0.jar, C:\Users\jake\.m2\repository\org\apache\spark\spark-core_2.11\2.2.0\spark-core_2.11-2.2.0.jar, C:\Users\jake\.m2\repository\org\apache\avro\avro\1.7.7\avro-1.7.7.jar, C:\Users\jake\.m2\repository\org\apache\commons\commons-compress\1.4.1\commons-compress-1.4.1.jar, C:\Users\jake\.m2\repository\org\tukaani\xz\1.0\xz-1.0.jar, C:\Users\jake\.m2\repository\org\apache\avro\avro-mapred\1.7.7\avro-mapred-1.7.7-hadoop2.jar, C:\Users\jake\.m2\repository\org\apache\avro\avro-ipc\1.7.7\avro-ipc-1.7.7.jar, C:\Users\jake\.m2\repository\org\apache\avro\avro-ipc\1.7.7\avro-ipc-1.7.7-tests.jar, C:\Users\jake\.m2\repository\com\twitter\chill_2.11\0.8.0\chill_2.11-0.8.0.jar, C:\Users\jake\.m2\repository\com\esotericsoftware\kryo-shaded\3.0.3\kryo-shaded-3.0.3.jar, C:\Users\jake\.m2\repository\com\esotericsoftware\minlog\1.3.0\minlog-1.3.0.jar, C:\Users\jake\.m2\repository\org\objenesis\objenesis\2.1\objenesis-2.1.jar, C:\Users\jake\.m2\repository\com\twitter\chill-java\0.8.0\chill-java-0.8.0.jar, C:\Users\jake\.m2\repository\org\apache\hadoop\hadoop-client\2.6.5\hadoop-client-2.6.5.jar, C:\Users\jake\.m2\repository\org\apache\hadoop\hadoop-common\2.6.5\hadoop-common-2.6.5.jar, C:\Users\jake\.m2\repository\commons-cli\commons-cli\1.2\commons-cli-1.2.jar, C:\Users\jake\.m2\repository\xmlenc\xmlenc\0.52\xmlenc-0.52.jar, C:\Users\jake\.m2\repository\commons-httpclient\commons-httpclient\3.1\commons-httpclient-3.1.jar, C:\Users\jake\.m2\repository\commons-lang\commons-lang\2.6\commons-lang-2.6.jar, C:\Users\jake\.m2\repository\commons-configuration\commons-configuration\1.6\commons-configuration-1.6.jar, C:\Users\jake\.m2\repository\commons-digester\commons-digester\1.8\commons-digester-1.8.jar, C:\Users\jake\.m2\repository\commons-beanutils\commons-beanutils-core\1.8.0\commons-beanutils-core-1.8.0.jar, C:\Users\jake\.m2\repository\com\google\code\gson\gson\2.2.4\gson-2.2.4.jar, C:\Users\jake\.m2\repository\org\apache\hadoop\hadoop-auth\2.6.5\hadoop-auth-2.6.5.jar, C:\Users\jake\.m2\repository\org\apache\directory\server\apacheds-kerberos-codec\2.0.0-M15\apacheds-kerberos-codec-2.0.0-M15.jar, C:\Users\jake\.m2\repository\org\apache\directory\server\apacheds-i18n\2.0.0-M15\apacheds-i18n-2.0.0-M15.jar, C:\Users\jake\.m2\repository\org\apache\directory\api\api-asn1-api\1.0.0-M20\api-asn1-api-1.0.0-M20.jar, C:\Users\jake\.m2\repository\org\apache\directory\api\api-util\1.0.0-M20\api-util-1.0.0-M20.jar, C:\Users\jake\.m2\repository\org\apache\curator\curator-client\2.6.0\curator-client-2.6.0.jar, C:\Users\jake\.m2\repository\org\htrace\htrace-core\3.0.4\htrace-core-3.0.4.jar, C:\Users\jake\.m2\repository\org\apache\hadoop\hadoop-hdfs\2.6.5\hadoop-hdfs-2.6.5.jar, C:\Users\jake\.m2\repository\org\mortbay\jetty\jetty-util\6.1.26\jetty-util-6.1.26.jar, C:\Users\jake\.m2\repository\org\apache\hadoop\hadoop-mapreduce-client-app\2.6.5\hadoop-mapreduce-client-app-2.6.5.jar, C:\Users\jake\.m2\repository\org\apache\hadoop\hadoop-mapreduce-client-common\2.6.5\hadoop-mapreduce-client-common-2.6.5.jar, C:\Users\jake\.m2\repository\org\apache\hadoop\hadoop-yarn-client\2.6.5\hadoop-yarn-client-2.6.5.jar, C:\Users\jake\.m2\repository\org\apache\hadoop\hadoop-yarn-server-common\2.6.5\hadoop-yarn-server-common-2.6.5.jar, C:\Users\jake\.m2\repository\org\apache\hadoop\hadoop-mapreduce-client-shuffle\2.6.5\hadoop-mapreduce-client-shuffle-2.6.5.jar, C:\Users\jake\.m2\repository\org\apache\hadoop\hadoop-yarn-api\2.6.5\hadoop-yarn-api-2.6.5.jar, C:\Users\jake\.m2\repository\org\apache\hadoop\hadoop-mapreduce-client-core\2.6.5\hadoop-mapreduce-client-core-2.6.5.jar, C:\Users\jake\.m2\repository\org\apache\hadoop\hadoop-yarn-common\2.6.5\hadoop-yarn-common-2.6.5.jar, C:\Users\jake\.m2\repository\org\codehaus\jackson\jackson-jaxrs\1.9.13\jackson-jaxrs-1.9.13.jar, C:\Users\jake\.m2\repository\org\codehaus\jackson\jackson-xc\1.9.13\jackson-xc-1.9.13.jar, C:\Users\jake\.m2\repository\org\apache\hadoop\hadoop-mapreduce-client-jobclient\2.6.5\hadoop-mapreduce-client-jobclient-2.6.5.jar, C:\Users\jake\.m2\repository\org\apache\hadoop\hadoop-annotations\2.6.5\hadoop-annotations-2.6.5.jar, C:\Users\jake\.m2\repository\org\apache\spark\spark-launcher_2.11\2.2.0\spark-launcher_2.11-2.2.0.jar, C:\Users\jake\.m2\repository\org\apache\spark\spark-network-common_2.11\2.2.0\spark-network-common_2.11-2.2.0.jar, C:\Users\jake\.m2\repository\org\fusesource\leveldbjni\leveldbjni-all\1.8\leveldbjni-all-1.8.jar, C:\Users\jake\.m2\repository\org\apache\spark\spark-network-shuffle_2.11\2.2.0\spark-network-shuffle_2.11-2.2.0.jar, C:\Users\jake\.m2\repository\org\apache\spark\spark-unsafe_2.11\2.2.0\spark-unsafe_2.11-2.2.0.jar, C:\Users\jake\.m2\repository\net\java\dev\jets3t\jets3t\0.9.3\jets3t-0.9.3.jar, C:\Users\jake\.m2\repository\org\apache\httpcomponents\httpcore\4.3.3\httpcore-4.3.3.jar, C:\Users\jake\.m2\repository\javax\activation\activation\1.1.1\activation-1.1.1.jar, C:\Users\jake\.m2\repository\mx4j\mx4j\3.0.2\mx4j-3.0.2.jar, C:\Users\jake\.m2\repository\javax\mail\mail\1.4.7\mail-1.4.7.jar, C:\Users\jake\.m2\repository\org\bouncycastle\bcprov-jdk15on\1.51\bcprov-jdk15on-1.51.jar, C:\Users\jake\.m2\repository\com\jamesmurty\utils\java-xmlbuilder\1.0\java-xmlbuilder-1.0.jar, C:\Users\jake\.m2\repository\net\iharder\base64\2.3.8\base64-2.3.8.jar, C:\Users\jake\.m2\repository\org\apache\curator\curator-recipes\2.6.0\curator-recipes-2.6.0.jar, C:\Users\jake\.m2\repository\org\apache\curator\curator-framework\2.6.0\curator-framework-2.6.0.jar, C:\Users\jake\.m2\repository\org\apache\zookeeper\zookeeper\3.4.6\zookeeper-3.4.6.jar, C:\Users\jake\.m2\repository\javax\servlet\javax.servlet-api\3.1.0\javax.servlet-api-3.1.0.jar, C:\Users\jake\.m2\repository\org\apache\commons\commons-lang3\3.5\commons-lang3-3.5.jar, C:\Users\jake\.m2\repository\com\google\code\findbugs\jsr305\1.3.9\jsr305-1.3.9.jar, C:\Users\jake\.m2\repository\org\slf4j\jul-to-slf4j\1.7.16\jul-to-slf4j-1.7.16.jar, C:\Users\jake\.m2\repository\org\slf4j\jcl-over-slf4j\1.7.16\jcl-over-slf4j-1.7.16.jar, C:\Users\jake\.m2\repository\log4j\log4j\1.2.17\log4j-1.2.17.jar, C:\Users\jake\.m2\repository\org\slf4j\slf4j-log4j12\1.7.16\slf4j-log4j12-1.7.16.jar, C:\Users\jake\.m2\repository\com\ning\compress-lzf\1.0.3\compress-lzf-1.0.3.jar, C:\Users\jake\.m2\repository\org\xerial\snappy\snappy-java\1.1.2.6\snappy-java-1.1.2.6.jar, C:\Users\jake\.m2\repository\net\jpountz\lz4\lz4\1.3.0\lz4-1.3.0.jar, C:\Users\jake\.m2\repository\org\roaringbitmap\RoaringBitmap\0.5.11\RoaringBitmap-0.5.11.jar, C:\Users\jake\.m2\repository\commons-net\commons-net\2.2\commons-net-2.2.jar, C:\Users\jake\.m2\repository\org\json4s\json4s-jackson_2.11\3.2.11\json4s-jackson_2.11-3.2.11.jar, C:\Users\jake\.m2\repository\org\json4s\json4s-core_2.11\3.2.11\json4s-core_2.11-3.2.11.jar, C:\Users\jake\.m2\repository\org\json4s\json4s-ast_2.11\3.2.11\json4s-ast_2.11-3.2.11.jar, C:\Users\jake\.m2\repository\org\scala-lang\scalap\2.11.0\scalap-2.11.0.jar, C:\Users\jake\.m2\repository\org\scala-lang\scala-compiler\2.11.0\scala-compiler-2.11.0.jar, C:\Users\jake\.m2\repository\org\scala-lang\modules\scala-parser-combinators_2.11\1.0.1\scala-parser-combinators_2.11-1.0.1.jar, C:\Users\jake\.m2\repository\org\glassfish\jersey\core\jersey-client\2.22.2\jersey-client-2.22.2.jar, C:\Users\jake\.m2\repository\javax\ws\rs\javax.ws.rs-api\2.0.1\javax.ws.rs-api-2.0.1.jar, C:\Users\jake\.m2\repository\org\glassfish\hk2\hk2-api\2.4.0-b34\hk2-api-2.4.0-b34.jar, C:\Users\jake\.m2\repository\org\glassfish\hk2\hk2-utils\2.4.0-b34\hk2-utils-2.4.0-b34.jar, C:\Users\jake\.m2\repository\org\glassfish\hk2\external\aopalliance-repackaged\2.4.0-b34\aopalliance-repackaged-2.4.0-b34.jar, C:\Users\jake\.m2\repository\org\glassfish\hk2\external\javax.inject\2.4.0-b34\javax.inject-2.4.0-b34.jar, C:\Users\jake\.m2\repository\org\glassfish\hk2\hk2-locator\2.4.0-b34\hk2-locator-2.4.0-b34.jar, C:\Users\jake\.m2\repository\org\javassist\javassist\3.18.1-GA\javassist-3.18.1-GA.jar, C:\Users\jake\.m2\repository\org\glassfish\jersey\core\jersey-common\2.22.2\jersey-common-2.22.2.jar, C:\Users\jake\.m2\repository\javax\annotation\javax.annotation-api\1.2\javax.annotation-api-1.2.jar, C:\Users\jake\.m2\repository\org\glassfish\jersey\bundles\repackaged\jersey-guava\2.22.2\jersey-guava-2.22.2.jar, C:\Users\jake\.m2\repository\org\glassfish\hk2\osgi-resource-locator\1.0.1\osgi-resource-locator-1.0.1.jar, C:\Users\jake\.m2\repository\org\glassfish\jersey\core\jersey-server\2.22.2\jersey-server-2.22.2.jar, C:\Users\jake\.m2\repository\org\glassfish\jersey\media\jersey-media-jaxb\2.22.2\jersey-media-jaxb-2.22.2.jar, C:\Users\jake\.m2\repository\javax\validation\validation-api\1.1.0.Final\validation-api-1.1.0.Final.jar, C:\Users\jake\.m2\repository\org\glassfish\jersey\containers\jersey-container-servlet\2.22.2\jersey-container-servlet-2.22.2.jar, C:\Users\jake\.m2\repository\org\glassfish\jersey\containers\jersey-container-servlet-core\2.22.2\jersey-container-servlet-core-2.22.2.jar, C:\Users\jake\.m2\repository\io\netty\netty-all\4.0.43.Final\netty-all-4.0.43.Final.jar, C:\Users\jake\.m2\repository\io\netty\netty\3.9.9.Final\netty-3.9.9.Final.jar, C:\Users\jake\.m2\repository\com\clearspring\analytics\stream\2.7.0\stream-2.7.0.jar, C:\Users\jake\.m2\repository\io\dropwizard\metrics\metrics-core\3.1.2\metrics-core-3.1.2.jar, C:\Users\jake\.m2\repository\io\dropwizard\metrics\metrics-jvm\3.1.2\metrics-jvm-3.1.2.jar, C:\Users\jake\.m2\repository\io\dropwizard\metrics\metrics-json\3.1.2\metrics-json-3.1.2.jar, C:\Users\jake\.m2\repository\io\dropwizard\metrics\metrics-graphite\3.1.2\metrics-graphite-3.1.2.jar, C:\Users\jake\.m2\repository\com\fasterxml\jackson\module\jackson-module-scala_2.11\2.6.5\jackson-module-scala_2.11-2.6.5.jar, C:\Users\jake\.m2\repository\com\fasterxml\jackson\module\jackson-module-paranamer\2.6.5\jackson-module-paranamer-2.6.5.jar, C:\Users\jake\.m2\repository\org\apache\ivy\ivy\2.4.0\ivy-2.4.0.jar, C:\Users\jake\.m2\repository\oro\oro\2.0.8\oro-2.0.8.jar, C:\Users\jake\.m2\repository\net\razorvine\pyrolite\4.13\pyrolite-4.13.jar, C:\Users\jake\.m2\repository\net\sf\py4j\py4j\0.10.4\py4j-0.10.4.jar, C:\Users\jake\.m2\repository\org\apache\commons\commons-crypto\1.0.0\commons-crypto-1.0.0.jar, C:\Users\jake\.m2\repository\org\scala-lang\scala-reflect\2.11.12\scala-reflect-2.11.12.jar, C:\Users\jake\.m2\repository\com\google\guava\guava\15.0\guava-15.0.jar, C:\Users\jake\.m2\repository\org\apache\spark\spark-streaming_2.11\2.2.0\spark-streaming_2.11-2.2.0.jar, C:\Users\jake\.m2\repository\org\apache\spark\spark-mllib_2.11\2.2.0\spark-mllib_2.11-2.2.0.jar, C:\Users\jake\.m2\repository\org\apache\spark\spark-mllib-local_2.11\2.2.0\spark-mllib-local_2.11-2.2.0.jar, C:\Users\jake\.m2\repository\org\scalanlp\breeze_2.11\0.13.1\breeze_2.11-0.13.1.jar, C:\Users\jake\.m2\repository\org\scalanlp\breeze-macros_2.11\0.13.1\breeze-macros_2.11-0.13.1.jar, C:\Users\jake\.m2\repository\net\sf\opencsv\opencsv\2.3\opencsv-2.3.jar, C:\Users\jake\.m2\repository\com\github\rwl\jtransforms\2.4.0\jtransforms-2.4.0.jar, C:\Users\jake\.m2\repository\org\spire-math\spire_2.11\0.13.0\spire_2.11-0.13.0.jar, C:\Users\jake\.m2\repository\org\spire-math\spire-macros_2.11\0.13.0\spire-macros_2.11-0.13.0.jar, C:\Users\jake\.m2\repository\org\typelevel\machinist_2.11\0.6.1\machinist_2.11-0.6.1.jar, C:\Users\jake\.m2\repository\com\chuusai\shapeless_2.11\2.3.2\shapeless_2.11-2.3.2.jar, C:\Users\jake\.m2\repository\org\typelevel\macro-compat_2.11\1.1.1\macro-compat_2.11-1.1.1.jar, C:\Users\jake\.m2\repository\org\jpmml\pmml-model\1.2.15\pmml-model-1.2.15.jar, C:\Users\jake\.m2\repository\org\jpmml\pmml-schema\1.2.15\pmml-schema-1.2.15.jar, C:\Users\jake\.m2\repository\org\apache\spark\spark-graphx_2.11\2.2.0\spark-graphx_2.11-2.2.0.jar, C:\Users\jake\.m2\repository\com\github\fommil\netlib\core\1.1.2\core-1.1.2.jar, C:\Users\jake\.m2\repository\net\sourceforge\f2j\arpack_combined_all\0.1\arpack_combined_all-0.1.jar, C:\Users\jake\.m2\repository\com\typesafe\config\1.3.2\config-1.3.2.jar, C:\Users\jake\.m2\repository\org\json4s\json4s-core_2.12\3.6.0-M4\json4s-core_2.12-3.6.0-M4.jar, C:\Users\jake\.m2\repository\org\json4s\json4s-ast_2.12\3.6.0-M4\json4s-ast_2.12-3.6.0-M4.jar, C:\Users\jake\.m2\repository\org\json4s\json4s-scalap_2.12\3.6.0-M4\json4s-scalap_2.12-3.6.0-M4.jar, C:\Users\jake\.m2\repository\com\thoughtworks\paranamer\paranamer\2.8\paranamer-2.8.jar, C:\Users\jake\.m2\repository\com\github\scopt\scopt_2.10\3.2.0\scopt_2.10-3.2.0.jar, C:\Users\jake\.m2\repository\ikoda\ikoda-utils\0.0.1-SNAPSHOT\ikoda-utils-0.0.1-SNAPSHOT.jar, C:\Users\jake\.m2\repository\org\apache\logging\log4j\log4j-core\2.8.2\log4j-core-2.8.2.jar, C:\Users\jake\.m2\repository\org\apache\logging\log4j\log4j-api\2.8.2\log4j-api-2.8.2.jar, C:\Users\jake\.m2\repository\org\springframework\spring-beans\4.2.4.RELEASE\spring-beans-4.2.4.RELEASE.jar, C:\Users\jake\.m2\repository\net\sourceforge\htmlunit\htmlunit\2.22\htmlunit-2.22.jar, C:\Users\jake\.m2\repository\xalan\xalan\2.7.2\xalan-2.7.2.jar, C:\Users\jake\.m2\repository\xalan\serializer\2.7.2\serializer-2.7.2.jar, C:\Users\jake\.m2\repository\org\apache\httpcomponents\httpmime\4.5.2\httpmime-4.5.2.jar, C:\Users\jake\.m2\repository\net\sourceforge\htmlunit\htmlunit-core-js\2.22\htmlunit-core-js-2.22.jar, C:\Users\jake\.m2\repository\net\sourceforge\htmlunit\neko-htmlunit\2.21\neko-htmlunit-2.21.jar, C:\Users\jake\.m2\repository\net\sourceforge\cssparser\cssparser\0.9.19\cssparser-0.9.19.jar, C:\Users\jake\.m2\repository\org\w3c\css\sac\1.3\sac-1.3.jar, C:\Users\jake\.m2\repository\commons-io\commons-io\2.5\commons-io-2.5.jar, C:\Users\jake\.m2\repository\commons-logging\commons-logging\1.2\commons-logging-1.2.jar, C:\Users\jake\.m2\repository\org\eclipse\jetty\websocket\websocket-client\9.2.17.v20160517\websocket-client-9.2.17.v20160517.jar, C:\Users\jake\.m2\repository\org\eclipse\jetty\jetty-util\9.2.17.v20160517\jetty-util-9.2.17.v20160517.jar, C:\Users\jake\.m2\repository\org\eclipse\jetty\jetty-io\9.2.17.v20160517\jetty-io-9.2.17.v20160517.jar, C:\Users\jake\.m2\repository\org\eclipse\jetty\websocket\websocket-common\9.2.17.v20160517\websocket-common-9.2.17.v20160517.jar, C:\Users\jake\.m2\repository\org\eclipse\jetty\websocket\websocket-api\9.2.17.v20160517\websocket-api-9.2.17.v20160517.jar, C:\Users\jake\.m2\repository\org\springframework\spring-web\4.2.4.RELEASE\spring-web-4.2.4.RELEASE.jar, C:\Users\jake\.m2\repository\org\springframework\spring-aop\4.2.4.RELEASE\spring-aop-4.2.4.RELEASE.jar, C:\Users\jake\.m2\repository\aopalliance\aopalliance\1.0\aopalliance-1.0.jar, C:\Users\jake\.m2\repository\org\springframework\spring-context\4.2.4.RELEASE\spring-context-4.2.4.RELEASE.jar, C:\Users\jake\.m2\repository\org\springframework\spring-expression\4.2.4.RELEASE\spring-expression-4.2.4.RELEASE.jar, C:\Users\jake\.m2\repository\org\springframework\integration\spring-integration-mail\4.2.5.RELEASE\spring-integration-mail-4.2.5.RELEASE.jar, C:\Users\jake\.m2\repository\org\springframework\integration\spring-integration-core\4.2.5.RELEASE\spring-integration-core-4.2.5.RELEASE.jar, C:\Users\jake\.m2\repository\org\springframework\retry\spring-retry\1.1.2.RELEASE\spring-retry-1.1.2.RELEASE.jar, C:\Users\jake\.m2\repository\org\springframework\spring-messaging\4.2.4.RELEASE\spring-messaging-4.2.4.RELEASE.jar, C:\Users\jake\.m2\repository\org\springframework\spring-context-support\4.2.4.RELEASE\spring-context-support-4.2.4.RELEASE.jar, C:\Users\jake\.m2\repository\javax\mail\javax.mail-api\1.5.5\javax.mail-api-1.5.5.jar, C:\Users\jake\.m2\repository\com\sun\mail\javax.mail\1.5.5\javax.mail-1.5.5.jar, C:\Users\jake\.m2\repository\org\apache\commons\commons-csv\1.5\commons-csv-1.5.jar, C:\Users\jake\.m2\repository\org\apache\httpcomponents\httpclient\4.5.5\httpclient-4.5.5.jar, C:\Users\jake\.m2\repository\ikoda\ikodatext-textAnalysis\0.0.1-SNAPSHOT\ikodatext-textAnalysis-0.0.1-SNAPSHOT.jar, C:\Users\jake\.m2\repository\org\springframework\spring-core\4.2.4.RELEASE\spring-core-4.2.4.RELEASE.jar, C:\Users\jake\.m2\repository\com\googlecode\json-simple\json-simple\1.1.1\json-simple-1.1.1.jar, C:\Users\jake\.m2\repository\joda-time\joda-time\2.8.1\joda-time-2.8.1.jar, C:\Users\jake\.m2\repository\ikoda\ikodatext-netio\0.0.1-SNAPSHOT\ikodatext-netio-0.0.1-SNAPSHOT.jar, C:\Users\jake\.m2\repository\org\jsoup\jsoup\1.9.2\jsoup-1.9.2.jar, C:\Users\jake\.m2\repository\ikoda\ikodatext-fileio\0.0.1-SNAPSHOT\ikodatext-fileio-0.0.1-SNAPSHOT.jar, C:\Users\jake\.m2\repository\com\itextpdf\itextpdf\5.5.11\itextpdf-5.5.11.jar, C:\Users\jake\.m2\repository\com\itextpdf\itext-pdfa\5.5.11\itext-pdfa-5.5.11.jar, C:\Users\jake\.m2\repository\com\itextpdf\itext-xtra\5.5.11\itext-xtra-5.5.11.jar, C:\Users\jake\.m2\repository\org\apache\commons\commons-imaging\1.0-SNAPSHOT\commons-imaging-1.0-SNAPSHOT.jar, C:\Users\jake\.m2\repository\com\itextpdf\tool\xmlworker\5.5.11\xmlworker-5.5.11.jar, C:\Users\jake\.m2\repository\org\bouncycastle\bcpkix-jdk15on\1.49\bcpkix-jdk15on-1.49.jar, C:\Users\jake\.m2\repository\ikoda\ikodatext-persistence\0.0.1-SNAPSHOT\ikodatext-persistence-0.0.1-SNAPSHOT.jar, C:\Users\jake\.m2\repository\org\springframework\spring-tx\4.2.4.RELEASE\spring-tx-4.2.4.RELEASE.jar, C:\Users\jake\.m2\repository\org\springframework\spring-orm\4.2.4.RELEASE\spring-orm-4.2.4.RELEASE.jar, C:\Users\jake\.m2\repository\org\springframework\spring-jdbc\4.2.4.RELEASE\spring-jdbc-4.2.4.RELEASE.jar, C:\Users\jake\.m2\repository\org\postgresql\postgresql\42.2.2\postgresql-42.2.2.jar, C:\Users\jake\.m2\repository\org\hibernate\hibernate-c3p0\5.2.12.Final\hibernate-c3p0-5.2.12.Final.jar, C:\Users\jake\.m2\repository\com\mchange\c3p0\0.9.5.2\c3p0-0.9.5.2.jar, C:\Users\jake\.m2\repository\com\mchange\mchange-commons-java\0.2.11\mchange-commons-java-0.2.11.jar, C:\Users\jake\.m2\repository\ikoda\rbridge\1.0-SNAPSHOT\rbridge-1.0-SNAPSHOT.jar, C:\Users\jake\.m2\repository\org\ddahl\rscala_2.12\2.3.1\rscala_2.12-2.3.1.jar, C:\Users\jake\.m2\repository\com\datastax\spark\spark-cassandra-connector_2.11\2.0.7\spark-cassandra-connector_2.11-2.0.7.jar, C:\Users\jake\.m2\repository\com\twitter\jsr166e\1.1.0\jsr166e-1.1.0.jar, C:\Users\jake\.m2\repository\commons-beanutils\commons-beanutils\1.9.3\commons-beanutils-1.9.3.jar, C:\Users\jake\.m2\repository\commons-collections\commons-collections\3.2.2\commons-collections-3.2.2.jar, C:\Users\jake\.m2\repository\org\joda\joda-convert\1.2\joda-convert-1.2.jar, C:\Users\jake\.m2\repository\javax\xml\bind\jaxb-api\2.2.7\jaxb-api-2.2.7.jar, C:\Users\jake\.m2\repository\xml-apis\xml-apis\1.3.03\xml-apis-1.3.03.jar, C:\Users\jake\.m2\repository\xerces\xercesImpl\2.8.0\xercesImpl-2.8.0.jar, C:\Users\jake\.m2\repository\com\google\protobuf\protobuf-java\3.2.0\protobuf-java-3.2.0.jar, C:\Users\jake\.m2\repository\org\apache\commons\commons-math3\3.6.1\commons-math3-3.6.1.jar, C:\Users\jake\.m2\repository\com\github\pathikrit\better-files_2.11\3.4.0\better-files_2.11-3.4.0.jar]
[DEBUG]   (f) compileSourceRoots = [C:\Users\jake\__workspace\scalaProjects\ikodaSparse\src\main\scala]
[DEBUG]   (f) compilerId = javac
[DEBUG]   (f) debug = true
[DEBUG]   (f) failOnError = true
[DEBUG]   (f) forceJavacCompilerUse = false
[DEBUG]   (f) fork = false
[DEBUG]   (f) generatedSourcesDirectory = C:\Users\jake\__workspace\scalaProjects\ikodaSparse\target\generated-sources\annotations
[DEBUG]   (f) mojoExecution = org.apache.maven.plugins:maven-compiler-plugin:3.1:compile {execution: default-compile}
[DEBUG]   (f) optimize = false
[DEBUG]   (f) outputDirectory = C:\Users\jake\__workspace\scalaProjects\ikodaSparse\target\classes
[DEBUG]   (f) projectArtifact = ikoda:ikodaSparse:jar:1.0.0
[DEBUG]   (f) showDeprecation = false
[DEBUG]   (f) showWarnings = false
[DEBUG]   (f) skipMultiThreadWarning = false
[DEBUG]   (f) source = 1.5
[DEBUG]   (f) staleMillis = 0
[DEBUG]   (f) target = 1.5
[DEBUG]   (f) useIncrementalCompilation = true
[DEBUG]   (f) verbose = false
[DEBUG]   (f) mavenSession = org.apache.maven.execution.MavenSession@119aa36
[DEBUG]   (f) session = org.apache.maven.execution.MavenSession@119aa36
[DEBUG] -- end configuration --
[DEBUG] Using compiler 'javac'.
[DEBUG] Source directories: [C:\Users\jake\__workspace\scalaProjects\ikodaSparse\src\main\scala]
[DEBUG] Classpath: [C:\Users\jake\__workspace\scalaProjects\ikodaSparse\target\classes
 C:\Users\jake\.m2\repository\org\scala-lang\scala-library\2.11.11\scala-library-2.11.11.jar
 C:\Users\jake\.m2\repository\org\scala-lang\modules\scala-xml_2.11\1.0.6\scala-xml_2.11-1.0.6.jar
 C:\Users\jake\.m2\repository\org\clapper\grizzled-slf4j_2.11\1.3.1\grizzled-slf4j_2.11-1.3.1.jar
 C:\Users\jake\.m2\repository\org\slf4j\slf4j-api\1.7.7\slf4j-api-1.7.7.jar
 C:\Users\jake\.m2\repository\org\apache\spark\spark-sql_2.11\2.2.0\spark-sql_2.11-2.2.0.jar
 C:\Users\jake\.m2\repository\com\univocity\univocity-parsers\2.2.1\univocity-parsers-2.2.1.jar
 C:\Users\jake\.m2\repository\org\apache\spark\spark-sketch_2.11\2.2.0\spark-sketch_2.11-2.2.0.jar
 C:\Users\jake\.m2\repository\org\apache\spark\spark-catalyst_2.11\2.2.0\spark-catalyst_2.11-2.2.0.jar
 C:\Users\jake\.m2\repository\org\codehaus\janino\janino\3.0.0\janino-3.0.0.jar
 C:\Users\jake\.m2\repository\org\codehaus\janino\commons-compiler\3.0.0\commons-compiler-3.0.0.jar
 C:\Users\jake\.m2\repository\org\antlr\antlr4-runtime\4.5.3\antlr4-runtime-4.5.3.jar
 C:\Users\jake\.m2\repository\commons-codec\commons-codec\1.10\commons-codec-1.10.jar
 C:\Users\jake\.m2\repository\org\apache\spark\spark-tags_2.11\2.2.0\spark-tags_2.11-2.2.0.jar
 C:\Users\jake\.m2\repository\org\apache\parquet\parquet-column\1.8.2\parquet-column-1.8.2.jar
 C:\Users\jake\.m2\repository\org\apache\parquet\parquet-common\1.8.2\parquet-common-1.8.2.jar
 C:\Users\jake\.m2\repository\org\apache\parquet\parquet-encoding\1.8.2\parquet-encoding-1.8.2.jar
 C:\Users\jake\.m2\repository\org\apache\parquet\parquet-hadoop\1.8.2\parquet-hadoop-1.8.2.jar
 C:\Users\jake\.m2\repository\org\apache\parquet\parquet-format\2.3.1\parquet-format-2.3.1.jar
 C:\Users\jake\.m2\repository\org\apache\parquet\parquet-jackson\1.8.2\parquet-jackson-1.8.2.jar
 C:\Users\jake\.m2\repository\org\codehaus\jackson\jackson-mapper-asl\1.9.11\jackson-mapper-asl-1.9.11.jar
 C:\Users\jake\.m2\repository\org\codehaus\jackson\jackson-core-asl\1.9.11\jackson-core-asl-1.9.11.jar
 C:\Users\jake\.m2\repository\com\fasterxml\jackson\core\jackson-databind\2.6.5\jackson-databind-2.6.5.jar
 C:\Users\jake\.m2\repository\com\fasterxml\jackson\core\jackson-annotations\2.6.0\jackson-annotations-2.6.0.jar
 C:\Users\jake\.m2\repository\com\fasterxml\jackson\core\jackson-core\2.6.5\jackson-core-2.6.5.jar
 C:\Users\jake\.m2\repository\org\apache\xbean\xbean-asm5-shaded\4.4\xbean-asm5-shaded-4.4.jar
 C:\Users\jake\.m2\repository\org\spark-project\spark\unused\1.0.0\unused-1.0.0.jar
 C:\Users\jake\.m2\repository\org\apache\spark\spark-core_2.11\2.2.0\spark-core_2.11-2.2.0.jar
 C:\Users\jake\.m2\repository\org\apache\avro\avro\1.7.7\avro-1.7.7.jar
 C:\Users\jake\.m2\repository\org\apache\commons\commons-compress\1.4.1\commons-compress-1.4.1.jar
 C:\Users\jake\.m2\repository\org\tukaani\xz\1.0\xz-1.0.jar
 C:\Users\jake\.m2\repository\org\apache\avro\avro-mapred\1.7.7\avro-mapred-1.7.7-hadoop2.jar
 C:\Users\jake\.m2\repository\org\apache\avro\avro-ipc\1.7.7\avro-ipc-1.7.7.jar
 C:\Users\jake\.m2\repository\org\apache\avro\avro-ipc\1.7.7\avro-ipc-1.7.7-tests.jar
 C:\Users\jake\.m2\repository\com\twitter\chill_2.11\0.8.0\chill_2.11-0.8.0.jar
 C:\Users\jake\.m2\repository\com\esotericsoftware\kryo-shaded\3.0.3\kryo-shaded-3.0.3.jar
 C:\Users\jake\.m2\repository\com\esotericsoftware\minlog\1.3.0\minlog-1.3.0.jar
 C:\Users\jake\.m2\repository\org\objenesis\objenesis\2.1\objenesis-2.1.jar
 C:\Users\jake\.m2\repository\com\twitter\chill-java\0.8.0\chill-java-0.8.0.jar
 C:\Users\jake\.m2\repository\org\apache\hadoop\hadoop-client\2.6.5\hadoop-client-2.6.5.jar
 C:\Users\jake\.m2\repository\org\apache\hadoop\hadoop-common\2.6.5\hadoop-common-2.6.5.jar
 C:\Users\jake\.m2\repository\commons-cli\commons-cli\1.2\commons-cli-1.2.jar
 C:\Users\jake\.m2\repository\xmlenc\xmlenc\0.52\xmlenc-0.52.jar
 C:\Users\jake\.m2\repository\commons-httpclient\commons-httpclient\3.1\commons-httpclient-3.1.jar
 C:\Users\jake\.m2\repository\commons-lang\commons-lang\2.6\commons-lang-2.6.jar
 C:\Users\jake\.m2\repository\commons-configuration\commons-configuration\1.6\commons-configuration-1.6.jar
 C:\Users\jake\.m2\repository\commons-digester\commons-digester\1.8\commons-digester-1.8.jar
 C:\Users\jake\.m2\repository\commons-beanutils\commons-beanutils-core\1.8.0\commons-beanutils-core-1.8.0.jar
 C:\Users\jake\.m2\repository\com\google\code\gson\gson\2.2.4\gson-2.2.4.jar
 C:\Users\jake\.m2\repository\org\apache\hadoop\hadoop-auth\2.6.5\hadoop-auth-2.6.5.jar
 C:\Users\jake\.m2\repository\org\apache\directory\server\apacheds-kerberos-codec\2.0.0-M15\apacheds-kerberos-codec-2.0.0-M15.jar
 C:\Users\jake\.m2\repository\org\apache\directory\server\apacheds-i18n\2.0.0-M15\apacheds-i18n-2.0.0-M15.jar
 C:\Users\jake\.m2\repository\org\apache\directory\api\api-asn1-api\1.0.0-M20\api-asn1-api-1.0.0-M20.jar
 C:\Users\jake\.m2\repository\org\apache\directory\api\api-util\1.0.0-M20\api-util-1.0.0-M20.jar
 C:\Users\jake\.m2\repository\org\apache\curator\curator-client\2.6.0\curator-client-2.6.0.jar
 C:\Users\jake\.m2\repository\org\htrace\htrace-core\3.0.4\htrace-core-3.0.4.jar
 C:\Users\jake\.m2\repository\org\apache\hadoop\hadoop-hdfs\2.6.5\hadoop-hdfs-2.6.5.jar
 C:\Users\jake\.m2\repository\org\mortbay\jetty\jetty-util\6.1.26\jetty-util-6.1.26.jar
 C:\Users\jake\.m2\repository\org\apache\hadoop\hadoop-mapreduce-client-app\2.6.5\hadoop-mapreduce-client-app-2.6.5.jar
 C:\Users\jake\.m2\repository\org\apache\hadoop\hadoop-mapreduce-client-common\2.6.5\hadoop-mapreduce-client-common-2.6.5.jar
 C:\Users\jake\.m2\repository\org\apache\hadoop\hadoop-yarn-client\2.6.5\hadoop-yarn-client-2.6.5.jar
 C:\Users\jake\.m2\repository\org\apache\hadoop\hadoop-yarn-server-common\2.6.5\hadoop-yarn-server-common-2.6.5.jar
 C:\Users\jake\.m2\repository\org\apache\hadoop\hadoop-mapreduce-client-shuffle\2.6.5\hadoop-mapreduce-client-shuffle-2.6.5.jar
 C:\Users\jake\.m2\repository\org\apache\hadoop\hadoop-yarn-api\2.6.5\hadoop-yarn-api-2.6.5.jar
 C:\Users\jake\.m2\repository\org\apache\hadoop\hadoop-mapreduce-client-core\2.6.5\hadoop-mapreduce-client-core-2.6.5.jar
 C:\Users\jake\.m2\repository\org\apache\hadoop\hadoop-yarn-common\2.6.5\hadoop-yarn-common-2.6.5.jar
 C:\Users\jake\.m2\repository\org\codehaus\jackson\jackson-jaxrs\1.9.13\jackson-jaxrs-1.9.13.jar
 C:\Users\jake\.m2\repository\org\codehaus\jackson\jackson-xc\1.9.13\jackson-xc-1.9.13.jar
 C:\Users\jake\.m2\repository\org\apache\hadoop\hadoop-mapreduce-client-jobclient\2.6.5\hadoop-mapreduce-client-jobclient-2.6.5.jar
 C:\Users\jake\.m2\repository\org\apache\hadoop\hadoop-annotations\2.6.5\hadoop-annotations-2.6.5.jar
 C:\Users\jake\.m2\repository\org\apache\spark\spark-launcher_2.11\2.2.0\spark-launcher_2.11-2.2.0.jar
 C:\Users\jake\.m2\repository\org\apache\spark\spark-network-common_2.11\2.2.0\spark-network-common_2.11-2.2.0.jar
 C:\Users\jake\.m2\repository\org\fusesource\leveldbjni\leveldbjni-all\1.8\leveldbjni-all-1.8.jar
 C:\Users\jake\.m2\repository\org\apache\spark\spark-network-shuffle_2.11\2.2.0\spark-network-shuffle_2.11-2.2.0.jar
 C:\Users\jake\.m2\repository\org\apache\spark\spark-unsafe_2.11\2.2.0\spark-unsafe_2.11-2.2.0.jar
 C:\Users\jake\.m2\repository\net\java\dev\jets3t\jets3t\0.9.3\jets3t-0.9.3.jar
 C:\Users\jake\.m2\repository\org\apache\httpcomponents\httpcore\4.3.3\httpcore-4.3.3.jar
 C:\Users\jake\.m2\repository\javax\activation\activation\1.1.1\activation-1.1.1.jar
 C:\Users\jake\.m2\repository\mx4j\mx4j\3.0.2\mx4j-3.0.2.jar
 C:\Users\jake\.m2\repository\javax\mail\mail\1.4.7\mail-1.4.7.jar
 C:\Users\jake\.m2\repository\org\bouncycastle\bcprov-jdk15on\1.51\bcprov-jdk15on-1.51.jar
 C:\Users\jake\.m2\repository\com\jamesmurty\utils\java-xmlbuilder\1.0\java-xmlbuilder-1.0.jar
 C:\Users\jake\.m2\repository\net\iharder\base64\2.3.8\base64-2.3.8.jar
 C:\Users\jake\.m2\repository\org\apache\curator\curator-recipes\2.6.0\curator-recipes-2.6.0.jar
 C:\Users\jake\.m2\repository\org\apache\curator\curator-framework\2.6.0\curator-framework-2.6.0.jar
 C:\Users\jake\.m2\repository\org\apache\zookeeper\zookeeper\3.4.6\zookeeper-3.4.6.jar
 C:\Users\jake\.m2\repository\javax\servlet\javax.servlet-api\3.1.0\javax.servlet-api-3.1.0.jar
 C:\Users\jake\.m2\repository\org\apache\commons\commons-lang3\3.5\commons-lang3-3.5.jar
 C:\Users\jake\.m2\repository\com\google\code\findbugs\jsr305\1.3.9\jsr305-1.3.9.jar
 C:\Users\jake\.m2\repository\org\slf4j\jul-to-slf4j\1.7.16\jul-to-slf4j-1.7.16.jar
 C:\Users\jake\.m2\repository\org\slf4j\jcl-over-slf4j\1.7.16\jcl-over-slf4j-1.7.16.jar
 C:\Users\jake\.m2\repository\log4j\log4j\1.2.17\log4j-1.2.17.jar
 C:\Users\jake\.m2\repository\org\slf4j\slf4j-log4j12\1.7.16\slf4j-log4j12-1.7.16.jar
 C:\Users\jake\.m2\repository\com\ning\compress-lzf\1.0.3\compress-lzf-1.0.3.jar
 C:\Users\jake\.m2\repository\org\xerial\snappy\snappy-java\1.1.2.6\snappy-java-1.1.2.6.jar
 C:\Users\jake\.m2\repository\net\jpountz\lz4\lz4\1.3.0\lz4-1.3.0.jar
 C:\Users\jake\.m2\repository\org\roaringbitmap\RoaringBitmap\0.5.11\RoaringBitmap-0.5.11.jar
 C:\Users\jake\.m2\repository\commons-net\commons-net\2.2\commons-net-2.2.jar
 C:\Users\jake\.m2\repository\org\json4s\json4s-jackson_2.11\3.2.11\json4s-jackson_2.11-3.2.11.jar
 C:\Users\jake\.m2\repository\org\json4s\json4s-core_2.11\3.2.11\json4s-core_2.11-3.2.11.jar
 C:\Users\jake\.m2\repository\org\json4s\json4s-ast_2.11\3.2.11\json4s-ast_2.11-3.2.11.jar
 C:\Users\jake\.m2\repository\org\scala-lang\scalap\2.11.0\scalap-2.11.0.jar
 C:\Users\jake\.m2\repository\org\scala-lang\scala-compiler\2.11.0\scala-compiler-2.11.0.jar
 C:\Users\jake\.m2\repository\org\scala-lang\modules\scala-parser-combinators_2.11\1.0.1\scala-parser-combinators_2.11-1.0.1.jar
 C:\Users\jake\.m2\repository\org\glassfish\jersey\core\jersey-client\2.22.2\jersey-client-2.22.2.jar
 C:\Users\jake\.m2\repository\javax\ws\rs\javax.ws.rs-api\2.0.1\javax.ws.rs-api-2.0.1.jar
 C:\Users\jake\.m2\repository\org\glassfish\hk2\hk2-api\2.4.0-b34\hk2-api-2.4.0-b34.jar
 C:\Users\jake\.m2\repository\org\glassfish\hk2\hk2-utils\2.4.0-b34\hk2-utils-2.4.0-b34.jar
 C:\Users\jake\.m2\repository\org\glassfish\hk2\external\aopalliance-repackaged\2.4.0-b34\aopalliance-repackaged-2.4.0-b34.jar
 C:\Users\jake\.m2\repository\org\glassfish\hk2\external\javax.inject\2.4.0-b34\javax.inject-2.4.0-b34.jar
 C:\Users\jake\.m2\repository\org\glassfish\hk2\hk2-locator\2.4.0-b34\hk2-locator-2.4.0-b34.jar
 C:\Users\jake\.m2\repository\org\javassist\javassist\3.18.1-GA\javassist-3.18.1-GA.jar
 C:\Users\jake\.m2\repository\org\glassfish\jersey\core\jersey-common\2.22.2\jersey-common-2.22.2.jar
 C:\Users\jake\.m2\repository\javax\annotation\javax.annotation-api\1.2\javax.annotation-api-1.2.jar
 C:\Users\jake\.m2\repository\org\glassfish\jersey\bundles\repackaged\jersey-guava\2.22.2\jersey-guava-2.22.2.jar
 C:\Users\jake\.m2\repository\org\glassfish\hk2\osgi-resource-locator\1.0.1\osgi-resource-locator-1.0.1.jar
 C:\Users\jake\.m2\repository\org\glassfish\jersey\core\jersey-server\2.22.2\jersey-server-2.22.2.jar
 C:\Users\jake\.m2\repository\org\glassfish\jersey\media\jersey-media-jaxb\2.22.2\jersey-media-jaxb-2.22.2.jar
 C:\Users\jake\.m2\repository\javax\validation\validation-api\1.1.0.Final\validation-api-1.1.0.Final.jar
 C:\Users\jake\.m2\repository\org\glassfish\jersey\containers\jersey-container-servlet\2.22.2\jersey-container-servlet-2.22.2.jar
 C:\Users\jake\.m2\repository\org\glassfish\jersey\containers\jersey-container-servlet-core\2.22.2\jersey-container-servlet-core-2.22.2.jar
 C:\Users\jake\.m2\repository\io\netty\netty-all\4.0.43.Final\netty-all-4.0.43.Final.jar
 C:\Users\jake\.m2\repository\io\netty\netty\3.9.9.Final\netty-3.9.9.Final.jar
 C:\Users\jake\.m2\repository\com\clearspring\analytics\stream\2.7.0\stream-2.7.0.jar
 C:\Users\jake\.m2\repository\io\dropwizard\metrics\metrics-core\3.1.2\metrics-core-3.1.2.jar
 C:\Users\jake\.m2\repository\io\dropwizard\metrics\metrics-jvm\3.1.2\metrics-jvm-3.1.2.jar
 C:\Users\jake\.m2\repository\io\dropwizard\metrics\metrics-json\3.1.2\metrics-json-3.1.2.jar
 C:\Users\jake\.m2\repository\io\dropwizard\metrics\metrics-graphite\3.1.2\metrics-graphite-3.1.2.jar
 C:\Users\jake\.m2\repository\com\fasterxml\jackson\module\jackson-module-scala_2.11\2.6.5\jackson-module-scala_2.11-2.6.5.jar
 C:\Users\jake\.m2\repository\com\fasterxml\jackson\module\jackson-module-paranamer\2.6.5\jackson-module-paranamer-2.6.5.jar
 C:\Users\jake\.m2\repository\org\apache\ivy\ivy\2.4.0\ivy-2.4.0.jar
 C:\Users\jake\.m2\repository\oro\oro\2.0.8\oro-2.0.8.jar
 C:\Users\jake\.m2\repository\net\razorvine\pyrolite\4.13\pyrolite-4.13.jar
 C:\Users\jake\.m2\repository\net\sf\py4j\py4j\0.10.4\py4j-0.10.4.jar
 C:\Users\jake\.m2\repository\org\apache\commons\commons-crypto\1.0.0\commons-crypto-1.0.0.jar
 C:\Users\jake\.m2\repository\org\scala-lang\scala-reflect\2.11.12\scala-reflect-2.11.12.jar
 C:\Users\jake\.m2\repository\com\google\guava\guava\15.0\guava-15.0.jar
 C:\Users\jake\.m2\repository\org\apache\spark\spark-streaming_2.11\2.2.0\spark-streaming_2.11-2.2.0.jar
 C:\Users\jake\.m2\repository\org\apache\spark\spark-mllib_2.11\2.2.0\spark-mllib_2.11-2.2.0.jar
 C:\Users\jake\.m2\repository\org\apache\spark\spark-mllib-local_2.11\2.2.0\spark-mllib-local_2.11-2.2.0.jar
 C:\Users\jake\.m2\repository\org\scalanlp\breeze_2.11\0.13.1\breeze_2.11-0.13.1.jar
 C:\Users\jake\.m2\repository\org\scalanlp\breeze-macros_2.11\0.13.1\breeze-macros_2.11-0.13.1.jar
 C:\Users\jake\.m2\repository\net\sf\opencsv\opencsv\2.3\opencsv-2.3.jar
 C:\Users\jake\.m2\repository\com\github\rwl\jtransforms\2.4.0\jtransforms-2.4.0.jar
 C:\Users\jake\.m2\repository\org\spire-math\spire_2.11\0.13.0\spire_2.11-0.13.0.jar
 C:\Users\jake\.m2\repository\org\spire-math\spire-macros_2.11\0.13.0\spire-macros_2.11-0.13.0.jar
 C:\Users\jake\.m2\repository\org\typelevel\machinist_2.11\0.6.1\machinist_2.11-0.6.1.jar
 C:\Users\jake\.m2\repository\com\chuusai\shapeless_2.11\2.3.2\shapeless_2.11-2.3.2.jar
 C:\Users\jake\.m2\repository\org\typelevel\macro-compat_2.11\1.1.1\macro-compat_2.11-1.1.1.jar
 C:\Users\jake\.m2\repository\org\jpmml\pmml-model\1.2.15\pmml-model-1.2.15.jar
 C:\Users\jake\.m2\repository\org\jpmml\pmml-schema\1.2.15\pmml-schema-1.2.15.jar
 C:\Users\jake\.m2\repository\org\apache\spark\spark-graphx_2.11\2.2.0\spark-graphx_2.11-2.2.0.jar
 C:\Users\jake\.m2\repository\com\github\fommil\netlib\core\1.1.2\core-1.1.2.jar
 C:\Users\jake\.m2\repository\net\sourceforge\f2j\arpack_combined_all\0.1\arpack_combined_all-0.1.jar
 C:\Users\jake\.m2\repository\com\typesafe\config\1.3.2\config-1.3.2.jar
 C:\Users\jake\.m2\repository\org\json4s\json4s-core_2.12\3.6.0-M4\json4s-core_2.12-3.6.0-M4.jar
 C:\Users\jake\.m2\repository\org\json4s\json4s-ast_2.12\3.6.0-M4\json4s-ast_2.12-3.6.0-M4.jar
 C:\Users\jake\.m2\repository\org\json4s\json4s-scalap_2.12\3.6.0-M4\json4s-scalap_2.12-3.6.0-M4.jar
 C:\Users\jake\.m2\repository\com\thoughtworks\paranamer\paranamer\2.8\paranamer-2.8.jar
 C:\Users\jake\.m2\repository\com\github\scopt\scopt_2.10\3.2.0\scopt_2.10-3.2.0.jar
 C:\Users\jake\.m2\repository\ikoda\ikoda-utils\0.0.1-SNAPSHOT\ikoda-utils-0.0.1-SNAPSHOT.jar
 C:\Users\jake\.m2\repository\org\apache\logging\log4j\log4j-core\2.8.2\log4j-core-2.8.2.jar
 C:\Users\jake\.m2\repository\org\apache\logging\log4j\log4j-api\2.8.2\log4j-api-2.8.2.jar
 C:\Users\jake\.m2\repository\org\springframework\spring-beans\4.2.4.RELEASE\spring-beans-4.2.4.RELEASE.jar
 C:\Users\jake\.m2\repository\net\sourceforge\htmlunit\htmlunit\2.22\htmlunit-2.22.jar
 C:\Users\jake\.m2\repository\xalan\xalan\2.7.2\xalan-2.7.2.jar
 C:\Users\jake\.m2\repository\xalan\serializer\2.7.2\serializer-2.7.2.jar
 C:\Users\jake\.m2\repository\org\apache\httpcomponents\httpmime\4.5.2\httpmime-4.5.2.jar
 C:\Users\jake\.m2\repository\net\sourceforge\htmlunit\htmlunit-core-js\2.22\htmlunit-core-js-2.22.jar
 C:\Users\jake\.m2\repository\net\sourceforge\htmlunit\neko-htmlunit\2.21\neko-htmlunit-2.21.jar
 C:\Users\jake\.m2\repository\net\sourceforge\cssparser\cssparser\0.9.19\cssparser-0.9.19.jar
 C:\Users\jake\.m2\repository\org\w3c\css\sac\1.3\sac-1.3.jar
 C:\Users\jake\.m2\repository\commons-io\commons-io\2.5\commons-io-2.5.jar
 C:\Users\jake\.m2\repository\commons-logging\commons-logging\1.2\commons-logging-1.2.jar
 C:\Users\jake\.m2\repository\org\eclipse\jetty\websocket\websocket-client\9.2.17.v20160517\websocket-client-9.2.17.v20160517.jar
 C:\Users\jake\.m2\repository\org\eclipse\jetty\jetty-util\9.2.17.v20160517\jetty-util-9.2.17.v20160517.jar
 C:\Users\jake\.m2\repository\org\eclipse\jetty\jetty-io\9.2.17.v20160517\jetty-io-9.2.17.v20160517.jar
 C:\Users\jake\.m2\repository\org\eclipse\jetty\websocket\websocket-common\9.2.17.v20160517\websocket-common-9.2.17.v20160517.jar
 C:\Users\jake\.m2\repository\org\eclipse\jetty\websocket\websocket-api\9.2.17.v20160517\websocket-api-9.2.17.v20160517.jar
 C:\Users\jake\.m2\repository\org\springframework\spring-web\4.2.4.RELEASE\spring-web-4.2.4.RELEASE.jar
 C:\Users\jake\.m2\repository\org\springframework\spring-aop\4.2.4.RELEASE\spring-aop-4.2.4.RELEASE.jar
 C:\Users\jake\.m2\repository\aopalliance\aopalliance\1.0\aopalliance-1.0.jar
 C:\Users\jake\.m2\repository\org\springframework\spring-context\4.2.4.RELEASE\spring-context-4.2.4.RELEASE.jar
 C:\Users\jake\.m2\repository\org\springframework\spring-expression\4.2.4.RELEASE\spring-expression-4.2.4.RELEASE.jar
 C:\Users\jake\.m2\repository\org\springframework\integration\spring-integration-mail\4.2.5.RELEASE\spring-integration-mail-4.2.5.RELEASE.jar
 C:\Users\jake\.m2\repository\org\springframework\integration\spring-integration-core\4.2.5.RELEASE\spring-integration-core-4.2.5.RELEASE.jar
 C:\Users\jake\.m2\repository\org\springframework\retry\spring-retry\1.1.2.RELEASE\spring-retry-1.1.2.RELEASE.jar
 C:\Users\jake\.m2\repository\org\springframework\spring-messaging\4.2.4.RELEASE\spring-messaging-4.2.4.RELEASE.jar
 C:\Users\jake\.m2\repository\org\springframework\spring-context-support\4.2.4.RELEASE\spring-context-support-4.2.4.RELEASE.jar
 C:\Users\jake\.m2\repository\javax\mail\javax.mail-api\1.5.5\javax.mail-api-1.5.5.jar
 C:\Users\jake\.m2\repository\com\sun\mail\javax.mail\1.5.5\javax.mail-1.5.5.jar
 C:\Users\jake\.m2\repository\org\apache\commons\commons-csv\1.5\commons-csv-1.5.jar
 C:\Users\jake\.m2\repository\org\apache\httpcomponents\httpclient\4.5.5\httpclient-4.5.5.jar
 C:\Users\jake\.m2\repository\ikoda\ikodatext-textAnalysis\0.0.1-SNAPSHOT\ikodatext-textAnalysis-0.0.1-SNAPSHOT.jar
 C:\Users\jake\.m2\repository\org\springframework\spring-core\4.2.4.RELEASE\spring-core-4.2.4.RELEASE.jar
 C:\Users\jake\.m2\repository\com\googlecode\json-simple\json-simple\1.1.1\json-simple-1.1.1.jar
 C:\Users\jake\.m2\repository\joda-time\joda-time\2.8.1\joda-time-2.8.1.jar
 C:\Users\jake\.m2\repository\ikoda\ikodatext-netio\0.0.1-SNAPSHOT\ikodatext-netio-0.0.1-SNAPSHOT.jar
 C:\Users\jake\.m2\repository\org\jsoup\jsoup\1.9.2\jsoup-1.9.2.jar
 C:\Users\jake\.m2\repository\ikoda\ikodatext-fileio\0.0.1-SNAPSHOT\ikodatext-fileio-0.0.1-SNAPSHOT.jar
 C:\Users\jake\.m2\repository\com\itextpdf\itextpdf\5.5.11\itextpdf-5.5.11.jar
 C:\Users\jake\.m2\repository\com\itextpdf\itext-pdfa\5.5.11\itext-pdfa-5.5.11.jar
 C:\Users\jake\.m2\repository\com\itextpdf\itext-xtra\5.5.11\itext-xtra-5.5.11.jar
 C:\Users\jake\.m2\repository\org\apache\commons\commons-imaging\1.0-SNAPSHOT\commons-imaging-1.0-SNAPSHOT.jar
 C:\Users\jake\.m2\repository\com\itextpdf\tool\xmlworker\5.5.11\xmlworker-5.5.11.jar
 C:\Users\jake\.m2\repository\org\bouncycastle\bcpkix-jdk15on\1.49\bcpkix-jdk15on-1.49.jar
 C:\Users\jake\.m2\repository\ikoda\ikodatext-persistence\0.0.1-SNAPSHOT\ikodatext-persistence-0.0.1-SNAPSHOT.jar
 C:\Users\jake\.m2\repository\org\springframework\spring-tx\4.2.4.RELEASE\spring-tx-4.2.4.RELEASE.jar
 C:\Users\jake\.m2\repository\org\springframework\spring-orm\4.2.4.RELEASE\spring-orm-4.2.4.RELEASE.jar
 C:\Users\jake\.m2\repository\org\springframework\spring-jdbc\4.2.4.RELEASE\spring-jdbc-4.2.4.RELEASE.jar
 C:\Users\jake\.m2\repository\org\postgresql\postgresql\42.2.2\postgresql-42.2.2.jar
 C:\Users\jake\.m2\repository\org\hibernate\hibernate-c3p0\5.2.12.Final\hibernate-c3p0-5.2.12.Final.jar
 C:\Users\jake\.m2\repository\com\mchange\c3p0\0.9.5.2\c3p0-0.9.5.2.jar
 C:\Users\jake\.m2\repository\com\mchange\mchange-commons-java\0.2.11\mchange-commons-java-0.2.11.jar
 C:\Users\jake\.m2\repository\ikoda\rbridge\1.0-SNAPSHOT\rbridge-1.0-SNAPSHOT.jar
 C:\Users\jake\.m2\repository\org\ddahl\rscala_2.12\2.3.1\rscala_2.12-2.3.1.jar
 C:\Users\jake\.m2\repository\com\datastax\spark\spark-cassandra-connector_2.11\2.0.7\spark-cassandra-connector_2.11-2.0.7.jar
 C:\Users\jake\.m2\repository\com\twitter\jsr166e\1.1.0\jsr166e-1.1.0.jar
 C:\Users\jake\.m2\repository\commons-beanutils\commons-beanutils\1.9.3\commons-beanutils-1.9.3.jar
 C:\Users\jake\.m2\repository\commons-collections\commons-collections\3.2.2\commons-collections-3.2.2.jar
 C:\Users\jake\.m2\repository\org\joda\joda-convert\1.2\joda-convert-1.2.jar
 C:\Users\jake\.m2\repository\javax\xml\bind\jaxb-api\2.2.7\jaxb-api-2.2.7.jar
 C:\Users\jake\.m2\repository\xml-apis\xml-apis\1.3.03\xml-apis-1.3.03.jar
 C:\Users\jake\.m2\repository\xerces\xercesImpl\2.8.0\xercesImpl-2.8.0.jar
 C:\Users\jake\.m2\repository\com\google\protobuf\protobuf-java\3.2.0\protobuf-java-3.2.0.jar
 C:\Users\jake\.m2\repository\org\apache\commons\commons-math3\3.6.1\commons-math3-3.6.1.jar
 C:\Users\jake\.m2\repository\com\github\pathikrit\better-files_2.11\3.4.0\better-files_2.11-3.4.0.jar]
[DEBUG] Output directory: C:\Users\jake\__workspace\scalaProjects\ikodaSparse\target\classes
[DEBUG] CompilerReuseStrategy: reuseCreated
[DEBUG] useIncrementalCompilation enabled
[INFO] Nothing to compile - all classes are up to date
[INFO] 
[INFO] --- maven-scala-plugin:2.15.2:compile (default) @ ikodaSparse ---
[DEBUG] Dependency collection stats: {ConflictMarker.analyzeTime=151738, ConflictMarker.markTime=68807, ConflictMarker.nodeCount=123, ConflictIdSorter.graphTime=68508, ConflictIdSorter.topsortTime=25239, ConflictIdSorter.conflictIdCount=38, ConflictIdSorter.conflictIdCycleCount=0, ConflictResolver.totalTime=550461, ConflictResolver.conflictItemCount=83, DefaultDependencyCollector.collectTime=43513442, DefaultDependencyCollector.transformTime=891193}
[DEBUG] org.scala-tools:maven-scala-plugin:jar:2.15.2:
[DEBUG]    org.apache.maven:maven-plugin-api:jar:2.2.1:compile
[DEBUG]    org.apache.maven:maven-project:jar:2.2.1:compile
[DEBUG]       org.apache.maven:maven-settings:jar:2.2.1:compile
[DEBUG]       org.apache.maven:maven-profile:jar:2.2.1:compile
[DEBUG]       org.apache.maven:maven-artifact-manager:jar:2.2.1:compile
[DEBUG]          backport-util-concurrent:backport-util-concurrent:jar:3.1:compile
[DEBUG]       org.apache.maven:maven-plugin-registry:jar:2.2.1:compile
[DEBUG]       org.codehaus.plexus:plexus-interpolation:jar:1.11:compile
[DEBUG]       org.codehaus.plexus:plexus-container-default:jar:1.0-alpha-9-stable-1:compile
[DEBUG]          junit:junit:jar:3.8.1:compile
[DEBUG]    org.apache.maven.reporting:maven-reporting-api:jar:2.2.1:compile
[DEBUG]       org.apache.maven.doxia:doxia-logging-api:jar:1.1:compile
[DEBUG]    org.apache.maven:maven-core:jar:2.2.1:compile
[DEBUG]       org.apache.maven:maven-plugin-parameter-documenter:jar:2.2.1:compile
[DEBUG]       org.slf4j:slf4j-jdk14:jar:1.5.6:runtime
[DEBUG]          org.slf4j:slf4j-api:jar:1.5.6:runtime
[DEBUG]       org.slf4j:jcl-over-slf4j:jar:1.5.6:runtime
[DEBUG]       org.apache.maven:maven-repository-metadata:jar:2.2.1:compile
[DEBUG]       org.apache.maven:maven-error-diagnostics:jar:2.2.1:compile
[DEBUG]       commons-cli:commons-cli:jar:1.2:compile
[DEBUG]       org.apache.maven:maven-plugin-descriptor:jar:2.2.1:compile
[DEBUG]       org.codehaus.plexus:plexus-interactivity-api:jar:1.0-alpha-4:compile
[DEBUG]       org.apache.maven:maven-monitor:jar:2.2.1:compile
[DEBUG]       classworlds:classworlds:jar:1.1:compile
[DEBUG]       org.sonatype.plexus:plexus-sec-dispatcher:jar:1.3:compile
[DEBUG]          org.sonatype.plexus:plexus-cipher:jar:1.4:compile
[DEBUG]    org.apache.maven.shared:maven-dependency-tree:jar:1.2:compile
[DEBUG]    org.apache.commons:commons-exec:jar:1.0.1:compile
[DEBUG]    org.yaml:snakeyaml:jar:1.4:compile
[DEBUG]    org.apache.maven:maven-artifact:jar:2.2.1:compile
[DEBUG]    org.codehaus.plexus:plexus-utils:jar:2.0.1:compile
[DEBUG]    org.apache.maven.doxia:doxia-sink-api:jar:1.1.2:compile
[DEBUG]    org.apache.maven:maven-model:jar:2.2.1:compile
[DEBUG]    org.codehaus.jackson:jackson-core-asl:jar:1.6.1:compile
[DEBUG]    org.codehaus.jackson:jackson-mapper-asl:jar:1.6.1:compile
[DEBUG]    org.apache.maven.shared:maven-invoker:jar:2.0.11:compile
[DEBUG] Created new class realm plugin>org.scala-tools:maven-scala-plugin:2.15.2
[DEBUG] Importing foreign packages into class realm plugin>org.scala-tools:maven-scala-plugin:2.15.2
[DEBUG]   Imported:  < maven.api
[DEBUG] Populating class realm plugin>org.scala-tools:maven-scala-plugin:2.15.2
[DEBUG]   Included: org.scala-tools:maven-scala-plugin:jar:2.15.2
[DEBUG]   Included: backport-util-concurrent:backport-util-concurrent:jar:3.1
[DEBUG]   Included: org.codehaus.plexus:plexus-interpolation:jar:1.11
[DEBUG]   Included: junit:junit:jar:3.8.1
[DEBUG]   Included: org.apache.maven.reporting:maven-reporting-api:jar:2.2.1
[DEBUG]   Included: org.apache.maven.doxia:doxia-logging-api:jar:1.1
[DEBUG]   Included: org.slf4j:slf4j-jdk14:jar:1.5.6
[DEBUG]   Included: org.slf4j:jcl-over-slf4j:jar:1.5.6
[DEBUG]   Included: commons-cli:commons-cli:jar:1.2
[DEBUG]   Included: org.codehaus.plexus:plexus-interactivity-api:jar:1.0-alpha-4
[DEBUG]   Included: org.sonatype.plexus:plexus-sec-dispatcher:jar:1.3
[DEBUG]   Included: org.sonatype.plexus:plexus-cipher:jar:1.4
[DEBUG]   Included: org.apache.maven.shared:maven-dependency-tree:jar:1.2
[DEBUG]   Included: org.apache.commons:commons-exec:jar:1.0.1
[DEBUG]   Included: org.yaml:snakeyaml:jar:1.4
[DEBUG]   Included: org.codehaus.plexus:plexus-utils:jar:2.0.1
[DEBUG]   Included: org.apache.maven.doxia:doxia-sink-api:jar:1.1.2
[DEBUG]   Included: org.codehaus.jackson:jackson-core-asl:jar:1.6.1
[DEBUG]   Included: org.codehaus.jackson:jackson-mapper-asl:jar:1.6.1
[DEBUG]   Included: org.apache.maven.shared:maven-invoker:jar:2.0.11
[DEBUG] Configuring mojo org.scala-tools:maven-scala-plugin:2.15.2:compile from plugin realm ClassRealm[plugin>org.scala-tools:maven-scala-plugin:2.15.2, parent: sun.misc.Launcher$AppClassLoader@33909752]
[DEBUG] Configuring mojo 'org.scala-tools:maven-scala-plugin:2.15.2:compile' with basic configurator -->
[DEBUG]   (f) args = [-target:jvm-1.8]
[DEBUG]   (f) checkMultipleScalaVersions = true
[DEBUG]   (f) displayCmd = false
[DEBUG]   (f) failOnMultipleScalaVersions = false
[DEBUG]   (f) forceUseArgFile = false
[DEBUG]   (f) fork = true
[DEBUG]   (f) localRepo =       id: local
      url: file:///C:/Users/jake/.m2/repository/
   layout: default
snapshots: [enabled => true, update => always]
 releases: [enabled => true, update => always]

[DEBUG]   (f) localRepository =       id: local
      url: file:///C:/Users/jake/.m2/repository/
   layout: default
snapshots: [enabled => true, update => always]
 releases: [enabled => true, update => always]

[DEBUG]   (f) notifyCompilation = true
[DEBUG]   (f) outputDir = C:\Users\jake\__workspace\scalaProjects\ikodaSparse\target\classes
[DEBUG]   (f) project = MavenProject: ikoda:ikodaSparse:1.0.0 @ C:\Users\jake\__workspace\scalaProjects\ikodaSparse\pom.xml
[DEBUG]   (f) recompileMode = all
[DEBUG]   (f) remoteRepos = [      id: central
      url: https://repo.maven.apache.org/maven2
   layout: default
snapshots: [enabled => false, update => daily]
 releases: [enabled => true, update => daily]
]
[DEBUG]   (f) scalaClassName = scala.tools.nsc.Main
[DEBUG]   (f) scalaVersion = 2.11.11
[DEBUG]   (f) sendJavaToScalac = true
[DEBUG]   (f) sourceDir = C:\Users\jake\__workspace\scalaProjects\ikodaSparse\src\main\scala\..\scala
[DEBUG] -- end configuration --
[INFO] Checking for multiple versions of scala
[DEBUG] Dependency tree resolution listener events:
[DEBUG] testArtifact: artifact=ikoda:ikodaSparse:jar:1.0.0
[DEBUG] includeArtifact: artifact=ikoda:ikodaSparse:jar:1.0.0
[DEBUG] startProcessChildren: artifact=ikoda:ikodaSparse:jar:1.0.0
[DEBUG]   testArtifact: artifact=org.scala-lang:scala-library:jar:2.11.11:compile
[DEBUG]   includeArtifact: artifact=org.scala-lang:scala-library:jar:2.11.11:compile
[DEBUG]   startProcessChildren: artifact=org.scala-lang:scala-library:jar:2.11.11:compile
[DEBUG]   endProcessChildren: artifact=org.scala-lang:scala-library:jar:2.11.11:compile
[DEBUG]   testArtifact: artifact=org.scalatest:scalatest_2.11:jar:3.2.0-SNAP10:test
[DEBUG]   includeArtifact: artifact=org.scalatest:scalatest_2.11:jar:3.2.0-SNAP10:test
[DEBUG]   startProcessChildren: artifact=org.scalatest:scalatest_2.11:jar:3.2.0-SNAP10:test
[DEBUG]     testArtifact: artifact=org.scala-lang:scala-library:jar:2.11.12:test
[DEBUG]     omitForNearer: omitted=org.scala-lang:scala-library:jar:2.11.12:test kept=org.scala-lang:scala-library:jar:2.11.11:compile
[DEBUG]     testArtifact: artifact=org.scalactic:scalactic_2.11:jar:3.2.0-SNAP10:test
[DEBUG]     includeArtifact: artifact=org.scalactic:scalactic_2.11:jar:3.2.0-SNAP10:test
[DEBUG]     startProcessChildren: artifact=org.scalactic:scalactic_2.11:jar:3.2.0-SNAP10:test
[DEBUG]       testArtifact: artifact=org.scala-lang:scala-library:jar:2.11.12:test
[DEBUG]       omitForNearer: omitted=org.scala-lang:scala-library:jar:2.11.12:test kept=org.scala-lang:scala-library:jar:2.11.11:compile
[DEBUG]       testArtifact: artifact=org.scala-lang:scala-reflect:jar:2.11.12:test
[DEBUG]       includeArtifact: artifact=org.scala-lang:scala-reflect:jar:2.11.12:test
[DEBUG]       startProcessChildren: artifact=org.scala-lang:scala-reflect:jar:2.11.12:test
[DEBUG]         testArtifact: artifact=org.scala-lang:scala-library:jar:2.11.12:test
[DEBUG]         omitForNearer: omitted=org.scala-lang:scala-library:jar:2.11.12:test kept=org.scala-lang:scala-library:jar:2.11.11:compile
[DEBUG]       endProcessChildren: artifact=org.scala-lang:scala-reflect:jar:2.11.12:test
[DEBUG]     endProcessChildren: artifact=org.scalactic:scalactic_2.11:jar:3.2.0-SNAP10:test
[DEBUG]     testArtifact: artifact=org.scala-lang:scala-reflect:jar:2.11.12:test
[DEBUG]     omitForNearer: omitted=org.scala-lang:scala-reflect:jar:2.11.12:test kept=org.scala-lang:scala-reflect:jar:2.11.12:test
[DEBUG]     includeArtifact: artifact=org.scala-lang:scala-reflect:jar:2.11.12:test
[DEBUG]     startProcessChildren: artifact=org.scala-lang:scala-reflect:jar:2.11.12:test
[DEBUG]       testArtifact: artifact=org.scala-lang:scala-library:jar:2.11.12:test
[DEBUG]       omitForNearer: omitted=org.scala-lang:scala-library:jar:2.11.12:test kept=org.scala-lang:scala-library:jar:2.11.11:compile
[DEBUG]     endProcessChildren: artifact=org.scala-lang:scala-reflect:jar:2.11.12:test
[DEBUG]     testArtifact: artifact=org.scala-lang.modules:scala-xml_2.11:jar:1.0.6:test
[DEBUG]     includeArtifact: artifact=org.scala-lang.modules:scala-xml_2.11:jar:1.0.6:test
[DEBUG]     startProcessChildren: artifact=org.scala-lang.modules:scala-xml_2.11:jar:1.0.6:test
[DEBUG]       testArtifact: artifact=org.scala-lang:scala-library:jar:2.11.8:test
[DEBUG]       omitForNearer: omitted=org.scala-lang:scala-library:jar:2.11.8:test kept=org.scala-lang:scala-library:jar:2.11.11:compile
[DEBUG]     endProcessChildren: artifact=org.scala-lang.modules:scala-xml_2.11:jar:1.0.6:test
[DEBUG]   endProcessChildren: artifact=org.scalatest:scalatest_2.11:jar:3.2.0-SNAP10:test
[DEBUG]   testArtifact: artifact=org.scalacheck:scalacheck_2.11:jar:1.14.0:test
[DEBUG]   includeArtifact: artifact=org.scalacheck:scalacheck_2.11:jar:1.14.0:test
[DEBUG]   startProcessChildren: artifact=org.scalacheck:scalacheck_2.11:jar:1.14.0:test
[DEBUG]     testArtifact: artifact=org.scala-lang:scala-library:jar:2.11.12:test
[DEBUG]     omitForNearer: omitted=org.scala-lang:scala-library:jar:2.11.12:test kept=org.scala-lang:scala-library:jar:2.11.11:compile
[DEBUG]     testArtifact: artifact=org.scala-sbt:test-interface:jar:1.0:test
[DEBUG]     includeArtifact: artifact=org.scala-sbt:test-interface:jar:1.0:test
[DEBUG]     startProcessChildren: artifact=org.scala-sbt:test-interface:jar:1.0:test
[DEBUG]     endProcessChildren: artifact=org.scala-sbt:test-interface:jar:1.0:test
[DEBUG]   endProcessChildren: artifact=org.scalacheck:scalacheck_2.11:jar:1.14.0:test
[DEBUG]   testArtifact: artifact=org.specs:specs:jar:1.2.5:test
[DEBUG]   includeArtifact: artifact=org.specs:specs:jar:1.2.5:test
[DEBUG]   startProcessChildren: artifact=org.specs:specs:jar:1.2.5:test
[DEBUG]     testArtifact: artifact=junit:junit:jar:4.4:test
[DEBUG]     includeArtifact: artifact=junit:junit:jar:4.4:test
[DEBUG]     startProcessChildren: artifact=junit:junit:jar:4.4:test
[DEBUG]     endProcessChildren: artifact=junit:junit:jar:4.4:test
[DEBUG]     testArtifact: artifact=org.scalatest:scalatest:jar:0.9.1:test
[DEBUG]     includeArtifact: artifact=org.scalatest:scalatest:jar:0.9.1:test
[DEBUG]     startProcessChildren: artifact=org.scalatest:scalatest:jar:0.9.1:test
[DEBUG]     endProcessChildren: artifact=org.scalatest:scalatest:jar:0.9.1:test
[DEBUG]     testArtifact: artifact=org.scalacheck:scalacheck:jar:1.2:test
[DEBUG]     includeArtifact: artifact=org.scalacheck:scalacheck:jar:1.2:test
[DEBUG]     startProcessChildren: artifact=org.scalacheck:scalacheck:jar:1.2:test
[DEBUG]     endProcessChildren: artifact=org.scalacheck:scalacheck:jar:1.2:test
[DEBUG]     testArtifact: artifact=org.jmock:jmock:jar:2.4.0:test
[DEBUG]     includeArtifact: artifact=org.jmock:jmock:jar:2.4.0:test
[DEBUG]     startProcessChildren: artifact=org.jmock:jmock:jar:2.4.0:test
[DEBUG]       testArtifact: artifact=org.hamcrest:hamcrest-core:jar:1.1:test
[DEBUG]       includeArtifact: artifact=org.hamcrest:hamcrest-core:jar:1.1:test
[DEBUG]       startProcessChildren: artifact=org.hamcrest:hamcrest-core:jar:1.1:test
[DEBUG]       endProcessChildren: artifact=org.hamcrest:hamcrest-core:jar:1.1:test
[DEBUG]       testArtifact: artifact=org.hamcrest:hamcrest-library:jar:1.1:test
[DEBUG]       includeArtifact: artifact=org.hamcrest:hamcrest-library:jar:1.1:test
[DEBUG]       startProcessChildren: artifact=org.hamcrest:hamcrest-library:jar:1.1:test
[DEBUG]         testArtifact: artifact=org.hamcrest:hamcrest-core:jar:1.1:test
[DEBUG]         omitForNearer: omitted=org.hamcrest:hamcrest-core:jar:1.1:test kept=org.hamcrest:hamcrest-core:jar:1.1:test
[DEBUG]       endProcessChildren: artifact=org.hamcrest:hamcrest-library:jar:1.1:test
[DEBUG]     endProcessChildren: artifact=org.jmock:jmock:jar:2.4.0:test
[DEBUG]   endProcessChildren: artifact=org.specs:specs:jar:1.2.5:test
[DEBUG]   testArtifact: artifact=org.clapper:grizzled-slf4j_2.11:jar:1.3.1:compile
[DEBUG]   includeArtifact: artifact=org.clapper:grizzled-slf4j_2.11:jar:1.3.1:compile
[DEBUG]   startProcessChildren: artifact=org.clapper:grizzled-slf4j_2.11:jar:1.3.1:compile
[DEBUG]     testArtifact: artifact=org.scala-lang:scala-library:jar:2.11.11:compile
[DEBUG]     omitForNearer: omitted=org.scala-lang:scala-library:jar:2.11.11:compile kept=org.scala-lang:scala-library:jar:2.11.11:compile
[DEBUG]     testArtifact: artifact=org.slf4j:slf4j-api:jar:1.7.7:compile
[DEBUG]     includeArtifact: artifact=org.slf4j:slf4j-api:jar:1.7.7:compile
[DEBUG]     startProcessChildren: artifact=org.slf4j:slf4j-api:jar:1.7.7:compile
[DEBUG]     endProcessChildren: artifact=org.slf4j:slf4j-api:jar:1.7.7:compile
[DEBUG]   endProcessChildren: artifact=org.clapper:grizzled-slf4j_2.11:jar:1.3.1:compile
[DEBUG]   testArtifact: artifact=org.apache.spark:spark-sql_2.11:jar:2.2.0:provided
[DEBUG]   includeArtifact: artifact=org.apache.spark:spark-sql_2.11:jar:2.2.0:provided
[DEBUG]   startProcessChildren: artifact=org.apache.spark:spark-sql_2.11:jar:2.2.0:provided
[DEBUG]     testArtifact: artifact=com.univocity:univocity-parsers:jar:2.2.1:provided
[DEBUG]     includeArtifact: artifact=com.univocity:univocity-parsers:jar:2.2.1:provided
[DEBUG]     startProcessChildren: artifact=com.univocity:univocity-parsers:jar:2.2.1:provided
[DEBUG]     endProcessChildren: artifact=com.univocity:univocity-parsers:jar:2.2.1:provided
[DEBUG]     testArtifact: artifact=org.apache.spark:spark-sketch_2.11:jar:2.2.0:provided
[DEBUG]     includeArtifact: artifact=org.apache.spark:spark-sketch_2.11:jar:2.2.0:provided
[DEBUG]     startProcessChildren: artifact=org.apache.spark:spark-sketch_2.11:jar:2.2.0:provided
[DEBUG]       testArtifact: artifact=org.apache.spark:spark-tags_2.11:jar:2.2.0:provided
[DEBUG]       includeArtifact: artifact=org.apache.spark:spark-tags_2.11:jar:2.2.0:provided
[DEBUG]       startProcessChildren: artifact=org.apache.spark:spark-tags_2.11:jar:2.2.0:provided
[DEBUG]         testArtifact: artifact=org.scala-lang:scala-library:jar:2.11.8:provided
[DEBUG]         omitForNearer: omitted=org.scala-lang:scala-library:jar:2.11.8:provided kept=org.scala-lang:scala-library:jar:2.11.11:compile
[DEBUG]         testArtifact: artifact=org.spark-project.spark:unused:jar:1.0.0:provided
[DEBUG]         includeArtifact: artifact=org.spark-project.spark:unused:jar:1.0.0:provided
[DEBUG]         startProcessChildren: artifact=org.spark-project.spark:unused:jar:1.0.0:provided
[DEBUG]         endProcessChildren: artifact=org.spark-project.spark:unused:jar:1.0.0:provided
[DEBUG]       endProcessChildren: artifact=org.apache.spark:spark-tags_2.11:jar:2.2.0:provided
[DEBUG]       testArtifact: artifact=org.spark-project.spark:unused:jar:1.0.0:provided
[DEBUG]       omitForNearer: omitted=org.spark-project.spark:unused:jar:1.0.0:provided kept=org.spark-project.spark:unused:jar:1.0.0:provided
[DEBUG]       includeArtifact: artifact=org.spark-project.spark:unused:jar:1.0.0:provided
[DEBUG]       startProcessChildren: artifact=org.spark-project.spark:unused:jar:1.0.0:provided
[DEBUG]       endProcessChildren: artifact=org.spark-project.spark:unused:jar:1.0.0:provided
[DEBUG]     endProcessChildren: artifact=org.apache.spark:spark-sketch_2.11:jar:2.2.0:provided
[DEBUG]     testArtifact: artifact=org.apache.spark:spark-core_2.11:jar:2.2.0:provided
[DEBUG]     includeArtifact: artifact=org.apache.spark:spark-core_2.11:jar:2.2.0:provided
[DEBUG]     startProcessChildren: artifact=org.apache.spark:spark-core_2.11:jar:2.2.0:provided
[DEBUG]       testArtifact: artifact=org.apache.avro:avro:jar:1.7.7:provided
[DEBUG]       includeArtifact: artifact=org.apache.avro:avro:jar:1.7.7:provided
[DEBUG]       startProcessChildren: artifact=org.apache.avro:avro:jar:1.7.7:provided
[DEBUG]         testArtifact: artifact=org.codehaus.jackson:jackson-core-asl:jar:1.9.13:provided
[DEBUG]         includeArtifact: artifact=org.codehaus.jackson:jackson-core-asl:jar:1.9.13:provided
[DEBUG]         startProcessChildren: artifact=org.codehaus.jackson:jackson-core-asl:jar:1.9.13:provided
[DEBUG]         endProcessChildren: artifact=org.codehaus.jackson:jackson-core-asl:jar:1.9.13:provided
[DEBUG]         testArtifact: artifact=org.codehaus.jackson:jackson-mapper-asl:jar:1.9.13:provided
[DEBUG]         includeArtifact: artifact=org.codehaus.jackson:jackson-mapper-asl:jar:1.9.13:provided
[DEBUG]         startProcessChildren: artifact=org.codehaus.jackson:jackson-mapper-asl:jar:1.9.13:provided
[DEBUG]           testArtifact: artifact=org.codehaus.jackson:jackson-core-asl:jar:1.9.13:provided
[DEBUG]           omitForNearer: omitted=org.codehaus.jackson:jackson-core-asl:jar:1.9.13:provided kept=org.codehaus.jackson:jackson-core-asl:jar:1.9.13:provided
[DEBUG]         endProcessChildren: artifact=org.codehaus.jackson:jackson-mapper-asl:jar:1.9.13:provided
[DEBUG]         testArtifact: artifact=com.thoughtworks.paranamer:paranamer:jar:2.3:provided
[DEBUG]         includeArtifact: artifact=com.thoughtworks.paranamer:paranamer:jar:2.3:provided
[DEBUG]         startProcessChildren: artifact=com.thoughtworks.paranamer:paranamer:jar:2.3:provided
[DEBUG]         endProcessChildren: artifact=com.thoughtworks.paranamer:paranamer:jar:2.3:provided
[DEBUG]         testArtifact: artifact=org.xerial.snappy:snappy-java:jar:1.0.5:provided
[DEBUG]         includeArtifact: artifact=org.xerial.snappy:snappy-java:jar:1.0.5:provided
[DEBUG]         startProcessChildren: artifact=org.xerial.snappy:snappy-java:jar:1.0.5:provided
[DEBUG]         endProcessChildren: artifact=org.xerial.snappy:snappy-java:jar:1.0.5:provided
[DEBUG]         testArtifact: artifact=org.apache.commons:commons-compress:jar:1.4.1:provided
[DEBUG]         includeArtifact: artifact=org.apache.commons:commons-compress:jar:1.4.1:provided
[DEBUG]         startProcessChildren: artifact=org.apache.commons:commons-compress:jar:1.4.1:provided
[DEBUG]           testArtifact: artifact=org.tukaani:xz:jar:1.0:provided
[DEBUG]           includeArtifact: artifact=org.tukaani:xz:jar:1.0:provided
[DEBUG]           startProcessChildren: artifact=org.tukaani:xz:jar:1.0:provided
[DEBUG]           endProcessChildren: artifact=org.tukaani:xz:jar:1.0:provided
[DEBUG]         endProcessChildren: artifact=org.apache.commons:commons-compress:jar:1.4.1:provided
[DEBUG]         testArtifact: artifact=org.slf4j:slf4j-api:jar:1.6.4:provided
[DEBUG]         omitForNearer: omitted=org.slf4j:slf4j-api:jar:1.6.4:provided kept=org.slf4j:slf4j-api:jar:1.7.7:compile
[DEBUG]       endProcessChildren: artifact=org.apache.avro:avro:jar:1.7.7:provided
[DEBUG]       testArtifact: artifact=org.apache.avro:avro-mapred:jar:hadoop2:1.7.7:provided
[DEBUG]       includeArtifact: artifact=org.apache.avro:avro-mapred:jar:hadoop2:1.7.7:provided
[DEBUG]       startProcessChildren: artifact=org.apache.avro:avro-mapred:jar:hadoop2:1.7.7:provided
[DEBUG]         testArtifact: artifact=org.apache.avro:avro-ipc:jar:1.7.7:provided
[DEBUG]         includeArtifact: artifact=org.apache.avro:avro-ipc:jar:1.7.7:provided
[DEBUG]         startProcessChildren: artifact=org.apache.avro:avro-ipc:jar:1.7.7:provided
[DEBUG]           testArtifact: artifact=org.apache.avro:avro:jar:1.7.7:provided
[DEBUG]           omitForNearer: omitted=org.apache.avro:avro:jar:1.7.7:provided kept=org.apache.avro:avro:jar:1.7.7:provided
[DEBUG]           testArtifact: artifact=org.codehaus.jackson:jackson-core-asl:jar:1.9.13:provided
[DEBUG]           omitForNearer: omitted=org.codehaus.jackson:jackson-core-asl:jar:1.9.13:provided kept=org.codehaus.jackson:jackson-core-asl:jar:1.9.13:provided
[DEBUG]           testArtifact: artifact=org.codehaus.jackson:jackson-mapper-asl:jar:1.9.13:provided
[DEBUG]           omitForNearer: omitted=org.codehaus.jackson:jackson-mapper-asl:jar:1.9.13:provided kept=org.codehaus.jackson:jackson-mapper-asl:jar:1.9.13:provided
[DEBUG]           testArtifact: artifact=org.slf4j:slf4j-api:jar:1.6.4:provided
[DEBUG]           omitForNearer: omitted=org.slf4j:slf4j-api:jar:1.6.4:provided kept=org.slf4j:slf4j-api:jar:1.7.7:compile
[DEBUG]         endProcessChildren: artifact=org.apache.avro:avro-ipc:jar:1.7.7:provided
[DEBUG]         testArtifact: artifact=org.apache.avro:avro-ipc:jar:tests:1.7.7:provided
[DEBUG]         includeArtifact: artifact=org.apache.avro:avro-ipc:jar:tests:1.7.7:provided
[DEBUG]         startProcessChildren: artifact=org.apache.avro:avro-ipc:jar:tests:1.7.7:provided
[DEBUG]           testArtifact: artifact=org.apache.avro:avro:jar:1.7.7:provided
[DEBUG]           omitForNearer: omitted=org.apache.avro:avro:jar:1.7.7:provided kept=org.apache.avro:avro:jar:1.7.7:provided
[DEBUG]           testArtifact: artifact=org.codehaus.jackson:jackson-core-asl:jar:1.9.13:provided
[DEBUG]           omitForNearer: omitted=org.codehaus.jackson:jackson-core-asl:jar:1.9.13:provided kept=org.codehaus.jackson:jackson-core-asl:jar:1.9.13:provided
[DEBUG]           testArtifact: artifact=org.codehaus.jackson:jackson-mapper-asl:jar:1.9.13:provided
[DEBUG]           omitForNearer: omitted=org.codehaus.jackson:jackson-mapper-asl:jar:1.9.13:provided kept=org.codehaus.jackson:jackson-mapper-asl:jar:1.9.13:provided
[DEBUG]           testArtifact: artifact=org.slf4j:slf4j-api:jar:1.6.4:provided
[DEBUG]           omitForNearer: omitted=org.slf4j:slf4j-api:jar:1.6.4:provided kept=org.slf4j:slf4j-api:jar:1.7.7:compile
[DEBUG]         endProcessChildren: artifact=org.apache.avro:avro-ipc:jar:tests:1.7.7:provided
[DEBUG]         testArtifact: artifact=org.codehaus.jackson:jackson-core-asl:jar:1.9.13:provided
[DEBUG]         omitForNearer: omitted=org.codehaus.jackson:jackson-core-asl:jar:1.9.13:provided kept=org.codehaus.jackson:jackson-core-asl:jar:1.9.13:provided
[DEBUG]         testArtifact: artifact=org.codehaus.jackson:jackson-mapper-asl:jar:1.9.13:provided
[DEBUG]         omitForNearer: omitted=org.codehaus.jackson:jackson-mapper-asl:jar:1.9.13:provided kept=org.codehaus.jackson:jackson-mapper-asl:jar:1.9.13:provided
[DEBUG]         testArtifact: artifact=org.slf4j:slf4j-api:jar:1.6.4:provided
[DEBUG]         omitForNearer: omitted=org.slf4j:slf4j-api:jar:1.6.4:provided kept=org.slf4j:slf4j-api:jar:1.7.7:compile
[DEBUG]       endProcessChildren: artifact=org.apache.avro:avro-mapred:jar:hadoop2:1.7.7:provided
[DEBUG]       testArtifact: artifact=com.twitter:chill_2.11:jar:0.8.0:provided
[DEBUG]       includeArtifact: artifact=com.twitter:chill_2.11:jar:0.8.0:provided
[DEBUG]       startProcessChildren: artifact=com.twitter:chill_2.11:jar:0.8.0:provided
[DEBUG]         testArtifact: artifact=org.scala-lang:scala-library:jar:2.11.7:provided
[DEBUG]         omitForNearer: omitted=org.scala-lang:scala-library:jar:2.11.7:provided kept=org.scala-lang:scala-library:jar:2.11.11:compile
[DEBUG]         testArtifact: artifact=com.twitter:chill-java:jar:0.8.0:provided
[DEBUG]         includeArtifact: artifact=com.twitter:chill-java:jar:0.8.0:provided
[DEBUG]         startProcessChildren: artifact=com.twitter:chill-java:jar:0.8.0:provided
[DEBUG]           testArtifact: artifact=com.esotericsoftware:kryo-shaded:jar:3.0.3:provided
[DEBUG]           includeArtifact: artifact=com.esotericsoftware:kryo-shaded:jar:3.0.3:provided
[DEBUG]           startProcessChildren: artifact=com.esotericsoftware:kryo-shaded:jar:3.0.3:provided
[DEBUG]             testArtifact: artifact=com.esotericsoftware:minlog:jar:1.3.0:provided
[DEBUG]             includeArtifact: artifact=com.esotericsoftware:minlog:jar:1.3.0:provided
[DEBUG]             startProcessChildren: artifact=com.esotericsoftware:minlog:jar:1.3.0:provided
[DEBUG]             endProcessChildren: artifact=com.esotericsoftware:minlog:jar:1.3.0:provided
[DEBUG]             testArtifact: artifact=org.objenesis:objenesis:jar:2.1:provided
[DEBUG]             includeArtifact: artifact=org.objenesis:objenesis:jar:2.1:provided
[DEBUG]             startProcessChildren: artifact=org.objenesis:objenesis:jar:2.1:provided
[DEBUG]             endProcessChildren: artifact=org.objenesis:objenesis:jar:2.1:provided
[DEBUG]           endProcessChildren: artifact=com.esotericsoftware:kryo-shaded:jar:3.0.3:provided
[DEBUG]         endProcessChildren: artifact=com.twitter:chill-java:jar:0.8.0:provided
[DEBUG]         testArtifact: artifact=com.esotericsoftware:kryo-shaded:jar:3.0.3:provided
[DEBUG]         omitForNearer: omitted=com.esotericsoftware:kryo-shaded:jar:3.0.3:provided kept=com.esotericsoftware:kryo-shaded:jar:3.0.3:provided
[DEBUG]         includeArtifact: artifact=com.esotericsoftware:kryo-shaded:jar:3.0.3:provided
[DEBUG]         startProcessChildren: artifact=com.esotericsoftware:kryo-shaded:jar:3.0.3:provided
[DEBUG]           testArtifact: artifact=com.esotericsoftware:minlog:jar:1.3.0:provided
[DEBUG]           includeArtifact: artifact=com.esotericsoftware:minlog:jar:1.3.0:provided
[DEBUG]           startProcessChildren: artifact=com.esotericsoftware:minlog:jar:1.3.0:provided
[DEBUG]           endProcessChildren: artifact=com.esotericsoftware:minlog:jar:1.3.0:provided
[DEBUG]           testArtifact: artifact=org.objenesis:objenesis:jar:2.1:provided
[DEBUG]           includeArtifact: artifact=org.objenesis:objenesis:jar:2.1:provided
[DEBUG]           startProcessChildren: artifact=org.objenesis:objenesis:jar:2.1:provided
[DEBUG]           endProcessChildren: artifact=org.objenesis:objenesis:jar:2.1:provided
[DEBUG]         endProcessChildren: artifact=com.esotericsoftware:kryo-shaded:jar:3.0.3:provided
[DEBUG]       endProcessChildren: artifact=com.twitter:chill_2.11:jar:0.8.0:provided
[DEBUG]       testArtifact: artifact=com.twitter:chill-java:jar:0.8.0:provided
[DEBUG]       omitForNearer: omitted=com.twitter:chill-java:jar:0.8.0:provided kept=com.twitter:chill-java:jar:0.8.0:provided
[DEBUG]       includeArtifact: artifact=com.twitter:chill-java:jar:0.8.0:provided
[DEBUG]       startProcessChildren: artifact=com.twitter:chill-java:jar:0.8.0:provided
[DEBUG]         testArtifact: artifact=com.esotericsoftware:kryo-shaded:jar:3.0.3:provided
[DEBUG]         omitForNearer: omitted=com.esotericsoftware:kryo-shaded:jar:3.0.3:provided kept=com.esotericsoftware:kryo-shaded:jar:3.0.3:provided
[DEBUG]       endProcessChildren: artifact=com.twitter:chill-java:jar:0.8.0:provided
[DEBUG]       testArtifact: artifact=org.apache.xbean:xbean-asm5-shaded:jar:4.4:provided
[DEBUG]       includeArtifact: artifact=org.apache.xbean:xbean-asm5-shaded:jar:4.4:provided
[DEBUG]       startProcessChildren: artifact=org.apache.xbean:xbean-asm5-shaded:jar:4.4:provided
[DEBUG]       endProcessChildren: artifact=org.apache.xbean:xbean-asm5-shaded:jar:4.4:provided
[DEBUG]       testArtifact: artifact=org.apache.hadoop:hadoop-client:jar:2.6.5:provided
[DEBUG]       includeArtifact: artifact=org.apache.hadoop:hadoop-client:jar:2.6.5:provided
[DEBUG]       startProcessChildren: artifact=org.apache.hadoop:hadoop-client:jar:2.6.5:provided
[DEBUG]         testArtifact: artifact=org.apache.hadoop:hadoop-common:jar:2.6.5:provided
[DEBUG]         includeArtifact: artifact=org.apache.hadoop:hadoop-common:jar:2.6.5:provided
[DEBUG]         startProcessChildren: artifact=org.apache.hadoop:hadoop-common:jar:2.6.5:provided
[DEBUG]           testArtifact: artifact=org.apache.hadoop:hadoop-annotations:jar:2.6.5:provided
[DEBUG]           includeArtifact: artifact=org.apache.hadoop:hadoop-annotations:jar:2.6.5:provided
[DEBUG]           startProcessChildren: artifact=org.apache.hadoop:hadoop-annotations:jar:2.6.5:provided
[DEBUG]             testArtifact: artifact=jdk.tools:jdk.tools:jar:1.6:system
[DEBUG]             includeArtifact: artifact=jdk.tools:jdk.tools:jar:1.6:system
[DEBUG]           endProcessChildren: artifact=org.apache.hadoop:hadoop-annotations:jar:2.6.5:provided
[DEBUG]           testArtifact: artifact=com.google.guava:guava:jar:11.0.2:provided
[DEBUG]           includeArtifact: artifact=com.google.guava:guava:jar:11.0.2:provided
[DEBUG]           startProcessChildren: artifact=com.google.guava:guava:jar:11.0.2:provided
[DEBUG]             testArtifact: artifact=com.google.code.findbugs:jsr305:jar:1.3.9:provided
[DEBUG]             includeArtifact: artifact=com.google.code.findbugs:jsr305:jar:1.3.9:provided
[DEBUG]             startProcessChildren: artifact=com.google.code.findbugs:jsr305:jar:1.3.9:provided
[DEBUG]             endProcessChildren: artifact=com.google.code.findbugs:jsr305:jar:1.3.9:provided
[DEBUG]           endProcessChildren: artifact=com.google.guava:guava:jar:11.0.2:provided
[DEBUG]           testArtifact: artifact=commons-cli:commons-cli:jar:1.2:provided
[DEBUG]           includeArtifact: artifact=commons-cli:commons-cli:jar:1.2:provided
[DEBUG]           startProcessChildren: artifact=commons-cli:commons-cli:jar:1.2:provided
[DEBUG]           endProcessChildren: artifact=commons-cli:commons-cli:jar:1.2:provided
[DEBUG]           testArtifact: artifact=org.apache.commons:commons-math3:jar:3.1.1:provided
[DEBUG]           includeArtifact: artifact=org.apache.commons:commons-math3:jar:3.1.1:provided
[DEBUG]           startProcessChildren: artifact=org.apache.commons:commons-math3:jar:3.1.1:provided
[DEBUG]           endProcessChildren: artifact=org.apache.commons:commons-math3:jar:3.1.1:provided
[DEBUG]           testArtifact: artifact=xmlenc:xmlenc:jar:0.52:provided
[DEBUG]           includeArtifact: artifact=xmlenc:xmlenc:jar:0.52:provided
[DEBUG]           startProcessChildren: artifact=xmlenc:xmlenc:jar:0.52:provided
[DEBUG]           endProcessChildren: artifact=xmlenc:xmlenc:jar:0.52:provided
[DEBUG]           testArtifact: artifact=commons-httpclient:commons-httpclient:jar:3.1:provided
[DEBUG]           includeArtifact: artifact=commons-httpclient:commons-httpclient:jar:3.1:provided
[DEBUG]           startProcessChildren: artifact=commons-httpclient:commons-httpclient:jar:3.1:provided
[DEBUG]             testArtifact: artifact=commons-codec:commons-codec:jar:1.2:provided
[DEBUG]             includeArtifact: artifact=commons-codec:commons-codec:jar:1.2:provided
[DEBUG]             startProcessChildren: artifact=commons-codec:commons-codec:jar:1.2:provided
[DEBUG]             endProcessChildren: artifact=commons-codec:commons-codec:jar:1.2:provided
[DEBUG]           endProcessChildren: artifact=commons-httpclient:commons-httpclient:jar:3.1:provided
[DEBUG]           testArtifact: artifact=commons-codec:commons-codec:jar:1.4:provided
[DEBUG]           omitForNearer: omitted=commons-codec:commons-codec:jar:1.2:provided kept=commons-codec:commons-codec:jar:1.4:provided
[DEBUG]           includeArtifact: artifact=commons-codec:commons-codec:jar:1.4:provided
[DEBUG]           startProcessChildren: artifact=commons-codec:commons-codec:jar:1.4:provided
[DEBUG]           endProcessChildren: artifact=commons-codec:commons-codec:jar:1.4:provided
[DEBUG]           testArtifact: artifact=commons-io:commons-io:jar:2.4:provided
[DEBUG]           includeArtifact: artifact=commons-io:commons-io:jar:2.4:provided
[DEBUG]           startProcessChildren: artifact=commons-io:commons-io:jar:2.4:provided
[DEBUG]           endProcessChildren: artifact=commons-io:commons-io:jar:2.4:provided
[DEBUG]           testArtifact: artifact=commons-net:commons-net:jar:3.1:provided
[DEBUG]           includeArtifact: artifact=commons-net:commons-net:jar:3.1:provided
[DEBUG]           startProcessChildren: artifact=commons-net:commons-net:jar:3.1:provided
[DEBUG]           endProcessChildren: artifact=commons-net:commons-net:jar:3.1:provided
[DEBUG]           testArtifact: artifact=commons-collections:commons-collections:jar:3.2.2:provided
[DEBUG]           includeArtifact: artifact=commons-collections:commons-collections:jar:3.2.2:provided
[DEBUG]           startProcessChildren: artifact=commons-collections:commons-collections:jar:3.2.2:provided
[DEBUG]           endProcessChildren: artifact=commons-collections:commons-collections:jar:3.2.2:provided
[DEBUG]           testArtifact: artifact=log4j:log4j:jar:1.2.17:provided
[DEBUG]           includeArtifact: artifact=log4j:log4j:jar:1.2.17:provided
[DEBUG]           startProcessChildren: artifact=log4j:log4j:jar:1.2.17:provided
[DEBUG]           endProcessChildren: artifact=log4j:log4j:jar:1.2.17:provided
[DEBUG]           testArtifact: artifact=commons-lang:commons-lang:jar:2.6:provided
[DEBUG]           includeArtifact: artifact=commons-lang:commons-lang:jar:2.6:provided
[DEBUG]           startProcessChildren: artifact=commons-lang:commons-lang:jar:2.6:provided
[DEBUG]           endProcessChildren: artifact=commons-lang:commons-lang:jar:2.6:provided
[DEBUG]           testArtifact: artifact=commons-configuration:commons-configuration:jar:1.6:provided
[DEBUG]           includeArtifact: artifact=commons-configuration:commons-configuration:jar:1.6:provided
[DEBUG]           startProcessChildren: artifact=commons-configuration:commons-configuration:jar:1.6:provided
[DEBUG]             testArtifact: artifact=commons-collections:commons-collections:jar:3.2.1:provided
[DEBUG]             omitForNearer: omitted=commons-collections:commons-collections:jar:3.2.1:provided kept=commons-collections:commons-collections:jar:3.2.2:provided
[DEBUG]             testArtifact: artifact=commons-lang:commons-lang:jar:2.4:provided
[DEBUG]             omitForNearer: omitted=commons-lang:commons-lang:jar:2.4:provided kept=commons-lang:commons-lang:jar:2.6:provided
[DEBUG]             testArtifact: artifact=commons-digester:commons-digester:jar:1.8:provided
[DEBUG]             includeArtifact: artifact=commons-digester:commons-digester:jar:1.8:provided
[DEBUG]             startProcessChildren: artifact=commons-digester:commons-digester:jar:1.8:provided
[DEBUG]               testArtifact: artifact=commons-beanutils:commons-beanutils:jar:1.7.0:provided
[DEBUG]               includeArtifact: artifact=commons-beanutils:commons-beanutils:jar:1.7.0:provided
[DEBUG]               startProcessChildren: artifact=commons-beanutils:commons-beanutils:jar:1.7.0:provided
[DEBUG]               endProcessChildren: artifact=commons-beanutils:commons-beanutils:jar:1.7.0:provided
[DEBUG]             endProcessChildren: artifact=commons-digester:commons-digester:jar:1.8:provided
[DEBUG]             testArtifact: artifact=commons-beanutils:commons-beanutils-core:jar:1.8.0:provided
[DEBUG]             includeArtifact: artifact=commons-beanutils:commons-beanutils-core:jar:1.8.0:provided
[DEBUG]             startProcessChildren: artifact=commons-beanutils:commons-beanutils-core:jar:1.8.0:provided
[DEBUG]             endProcessChildren: artifact=commons-beanutils:commons-beanutils-core:jar:1.8.0:provided
[DEBUG]           endProcessChildren: artifact=commons-configuration:commons-configuration:jar:1.6:provided
[DEBUG]           testArtifact: artifact=org.slf4j:slf4j-api:jar:1.7.5:provided
[DEBUG]           omitForNearer: omitted=org.slf4j:slf4j-api:jar:1.7.5:provided kept=org.slf4j:slf4j-api:jar:1.7.7:compile
[DEBUG]           testArtifact: artifact=org.slf4j:slf4j-log4j12:jar:1.7.5:provided
[DEBUG]           includeArtifact: artifact=org.slf4j:slf4j-log4j12:jar:1.7.5:provided
[DEBUG]           startProcessChildren: artifact=org.slf4j:slf4j-log4j12:jar:1.7.5:provided
[DEBUG]             testArtifact: artifact=org.slf4j:slf4j-api:jar:1.7.5:provided
[DEBUG]             omitForNearer: omitted=org.slf4j:slf4j-api:jar:1.7.5:provided kept=org.slf4j:slf4j-api:jar:1.7.7:compile
[DEBUG]             testArtifact: artifact=log4j:log4j:jar:1.2.17:provided
[DEBUG]             omitForNearer: omitted=log4j:log4j:jar:1.2.17:provided kept=log4j:log4j:jar:1.2.17:provided
[DEBUG]           endProcessChildren: artifact=org.slf4j:slf4j-log4j12:jar:1.7.5:provided
[DEBUG]           testArtifact: artifact=org.codehaus.jackson:jackson-core-asl:jar:1.9.13:provided
[DEBUG]           omitForNearer: omitted=org.codehaus.jackson:jackson-core-asl:jar:1.9.13:provided kept=org.codehaus.jackson:jackson-core-asl:jar:1.9.13:provided
[DEBUG]           testArtifact: artifact=org.apache.avro:avro:jar:1.7.4:provided
[DEBUG]           omitForNearer: omitted=org.apache.avro:avro:jar:1.7.4:provided kept=org.apache.avro:avro:jar:1.7.7:provided
[DEBUG]           testArtifact: artifact=com.google.protobuf:protobuf-java:jar:2.5.0:provided
[DEBUG]           includeArtifact: artifact=com.google.protobuf:protobuf-java:jar:2.5.0:provided
[DEBUG]           startProcessChildren: artifact=com.google.protobuf:protobuf-java:jar:2.5.0:provided
[DEBUG]           endProcessChildren: artifact=com.google.protobuf:protobuf-java:jar:2.5.0:provided
[DEBUG]           testArtifact: artifact=com.google.code.gson:gson:jar:2.2.4:provided
[DEBUG]           includeArtifact: artifact=com.google.code.gson:gson:jar:2.2.4:provided
[DEBUG]           startProcessChildren: artifact=com.google.code.gson:gson:jar:2.2.4:provided
[DEBUG]           endProcessChildren: artifact=com.google.code.gson:gson:jar:2.2.4:provided
[DEBUG]           testArtifact: artifact=org.apache.hadoop:hadoop-auth:jar:2.6.5:provided
[DEBUG]           includeArtifact: artifact=org.apache.hadoop:hadoop-auth:jar:2.6.5:provided
[DEBUG]           startProcessChildren: artifact=org.apache.hadoop:hadoop-auth:jar:2.6.5:provided
[DEBUG]             testArtifact: artifact=org.slf4j:slf4j-api:jar:1.7.5:provided
[DEBUG]             omitForNearer: omitted=org.slf4j:slf4j-api:jar:1.7.5:provided kept=org.slf4j:slf4j-api:jar:1.7.7:compile
[DEBUG]             testArtifact: artifact=commons-codec:commons-codec:jar:1.4:provided
[DEBUG]             omitForNearer: omitted=commons-codec:commons-codec:jar:1.4:provided kept=commons-codec:commons-codec:jar:1.4:provided
[DEBUG]             testArtifact: artifact=log4j:log4j:jar:1.2.17:provided
[DEBUG]             omitForNearer: omitted=log4j:log4j:jar:1.2.17:provided kept=log4j:log4j:jar:1.2.17:provided
[DEBUG]             testArtifact: artifact=org.slf4j:slf4j-log4j12:jar:1.7.5:provided
[DEBUG]             omitForNearer: omitted=org.slf4j:slf4j-log4j12:jar:1.7.5:provided kept=org.slf4j:slf4j-log4j12:jar:1.7.5:provided
[DEBUG]             testArtifact: artifact=org.apache.httpcomponents:httpclient:jar:4.2.5:provided
[DEBUG]             includeArtifact: artifact=org.apache.httpcomponents:httpclient:jar:4.2.5:provided
[DEBUG]             startProcessChildren: artifact=org.apache.httpcomponents:httpclient:jar:4.2.5:provided
[DEBUG]               testArtifact: artifact=org.apache.httpcomponents:httpcore:jar:4.2.4:provided
[DEBUG]               includeArtifact: artifact=org.apache.httpcomponents:httpcore:jar:4.2.4:provided
[DEBUG]               startProcessChildren: artifact=org.apache.httpcomponents:httpcore:jar:4.2.4:provided
[DEBUG]               endProcessChildren: artifact=org.apache.httpcomponents:httpcore:jar:4.2.4:provided
[DEBUG]               testArtifact: artifact=commons-codec:commons-codec:jar:1.6:provided
[DEBUG]               omitForNearer: omitted=commons-codec:commons-codec:jar:1.6:provided kept=commons-codec:commons-codec:jar:1.4:provided
[DEBUG]             endProcessChildren: artifact=org.apache.httpcomponents:httpclient:jar:4.2.5:provided
[DEBUG]             testArtifact: artifact=org.apache.directory.server:apacheds-kerberos-codec:jar:2.0.0-M15:provided
[DEBUG]             includeArtifact: artifact=org.apache.directory.server:apacheds-kerberos-codec:jar:2.0.0-M15:provided
[DEBUG]             startProcessChildren: artifact=org.apache.directory.server:apacheds-kerberos-codec:jar:2.0.0-M15:provided
[DEBUG]               testArtifact: artifact=org.apache.directory.server:apacheds-i18n:jar:2.0.0-M15:provided
[DEBUG]               includeArtifact: artifact=org.apache.directory.server:apacheds-i18n:jar:2.0.0-M15:provided
[DEBUG]               startProcessChildren: artifact=org.apache.directory.server:apacheds-i18n:jar:2.0.0-M15:provided
[DEBUG]                 testArtifact: artifact=org.slf4j:slf4j-api:jar:1.7.5:provided
[DEBUG]                 omitForNearer: omitted=org.slf4j:slf4j-api:jar:1.7.5:provided kept=org.slf4j:slf4j-api:jar:1.7.7:compile
[DEBUG]               endProcessChildren: artifact=org.apache.directory.server:apacheds-i18n:jar:2.0.0-M15:provided
[DEBUG]               testArtifact: artifact=org.apache.directory.api:api-asn1-api:jar:1.0.0-M20:provided
[DEBUG]               includeArtifact: artifact=org.apache.directory.api:api-asn1-api:jar:1.0.0-M20:provided
[DEBUG]               startProcessChildren: artifact=org.apache.directory.api:api-asn1-api:jar:1.0.0-M20:provided
[DEBUG]                 testArtifact: artifact=org.slf4j:slf4j-api:jar:1.7.5:provided
[DEBUG]                 omitForNearer: omitted=org.slf4j:slf4j-api:jar:1.7.5:provided kept=org.slf4j:slf4j-api:jar:1.7.7:compile
[DEBUG]               endProcessChildren: artifact=org.apache.directory.api:api-asn1-api:jar:1.0.0-M20:provided
[DEBUG]               testArtifact: artifact=org.apache.directory.api:api-util:jar:1.0.0-M20:provided
[DEBUG]               includeArtifact: artifact=org.apache.directory.api:api-util:jar:1.0.0-M20:provided
[DEBUG]               startProcessChildren: artifact=org.apache.directory.api:api-util:jar:1.0.0-M20:provided
[DEBUG]                 testArtifact: artifact=org.slf4j:slf4j-api:jar:1.7.5:provided
[DEBUG]                 omitForNearer: omitted=org.slf4j:slf4j-api:jar:1.7.5:provided kept=org.slf4j:slf4j-api:jar:1.7.7:compile
[DEBUG]               endProcessChildren: artifact=org.apache.directory.api:api-util:jar:1.0.0-M20:provided
[DEBUG]               testArtifact: artifact=org.slf4j:slf4j-api:jar:1.7.5:provided
[DEBUG]               omitForNearer: omitted=org.slf4j:slf4j-api:jar:1.7.5:provided kept=org.slf4j:slf4j-api:jar:1.7.7:compile
[DEBUG]             endProcessChildren: artifact=org.apache.directory.server:apacheds-kerberos-codec:jar:2.0.0-M15:provided
[DEBUG]             testArtifact: artifact=org.apache.zookeeper:zookeeper:jar:3.4.6:provided
[DEBUG]             includeArtifact: artifact=org.apache.zookeeper:zookeeper:jar:3.4.6:provided
[DEBUG]             startProcessChildren: artifact=org.apache.zookeeper:zookeeper:jar:3.4.6:provided
[DEBUG]               testArtifact: artifact=org.slf4j:slf4j-api:jar:1.6.1:provided
[DEBUG]               omitForNearer: omitted=org.slf4j:slf4j-api:jar:1.6.1:provided kept=org.slf4j:slf4j-api:jar:1.7.7:compile
[DEBUG]               testArtifact: artifact=org.slf4j:slf4j-log4j12:jar:1.6.1:provided
[DEBUG]               omitForNearer: omitted=org.slf4j:slf4j-log4j12:jar:1.6.1:provided kept=org.slf4j:slf4j-log4j12:jar:1.7.5:provided
[DEBUG]               testArtifact: artifact=log4j:log4j:jar:1.2.16:provided
[DEBUG]               omitForNearer: omitted=log4j:log4j:jar:1.2.16:provided kept=log4j:log4j:jar:1.2.17:provided
[DEBUG]               testArtifact: artifact=jline:jline:jar:0.9.94:provided
[DEBUG]               includeArtifact: artifact=jline:jline:jar:0.9.94:provided
[DEBUG]               startProcessChildren: artifact=jline:jline:jar:0.9.94:provided
[DEBUG]               endProcessChildren: artifact=jline:jline:jar:0.9.94:provided
[DEBUG]               testArtifact: artifact=io.netty:netty:jar:3.7.0.Final:provided
[DEBUG]               includeArtifact: artifact=io.netty:netty:jar:3.7.0.Final:provided
[DEBUG]               startProcessChildren: artifact=io.netty:netty:jar:3.7.0.Final:provided
[DEBUG]               endProcessChildren: artifact=io.netty:netty:jar:3.7.0.Final:provided
[DEBUG]             endProcessChildren: artifact=org.apache.zookeeper:zookeeper:jar:3.4.6:provided
[DEBUG]             testArtifact: artifact=org.apache.curator:curator-framework:jar:2.6.0:provided
[DEBUG]             includeArtifact: artifact=org.apache.curator:curator-framework:jar:2.6.0:provided
[DEBUG]             startProcessChildren: artifact=org.apache.curator:curator-framework:jar:2.6.0:provided
[DEBUG]               testArtifact: artifact=org.apache.curator:curator-client:jar:2.6.0:provided
[DEBUG]               includeArtifact: artifact=org.apache.curator:curator-client:jar:2.6.0:provided
[DEBUG]               startProcessChildren: artifact=org.apache.curator:curator-client:jar:2.6.0:provided
[DEBUG]                 testArtifact: artifact=org.slf4j:slf4j-api:jar:1.7.6:provided
[DEBUG]                 omitForNearer: omitted=org.slf4j:slf4j-api:jar:1.7.6:provided kept=org.slf4j:slf4j-api:jar:1.7.7:compile
[DEBUG]                 testArtifact: artifact=org.apache.zookeeper:zookeeper:jar:3.4.6:provided
[DEBUG]                 omitForNearer: omitted=org.apache.zookeeper:zookeeper:jar:3.4.6:provided kept=org.apache.zookeeper:zookeeper:jar:3.4.6:provided
[DEBUG]                 testArtifact: artifact=com.google.guava:guava:jar:16.0.1:provided
[DEBUG]                 omitForNearer: omitted=com.google.guava:guava:jar:16.0.1:provided kept=com.google.guava:guava:jar:11.0.2:provided
[DEBUG]               endProcessChildren: artifact=org.apache.curator:curator-client:jar:2.6.0:provided
[DEBUG]               testArtifact: artifact=org.apache.zookeeper:zookeeper:jar:3.4.6:provided
[DEBUG]               omitForNearer: omitted=org.apache.zookeeper:zookeeper:jar:3.4.6:provided kept=org.apache.zookeeper:zookeeper:jar:3.4.6:provided
[DEBUG]               testArtifact: artifact=com.google.guava:guava:jar:16.0.1:provided
[DEBUG]               omitForNearer: omitted=com.google.guava:guava:jar:16.0.1:provided kept=com.google.guava:guava:jar:11.0.2:provided
[DEBUG]             endProcessChildren: artifact=org.apache.curator:curator-framework:jar:2.6.0:provided
[DEBUG]           endProcessChildren: artifact=org.apache.hadoop:hadoop-auth:jar:2.6.5:provided
[DEBUG]           testArtifact: artifact=org.apache.curator:curator-client:jar:2.6.0:provided
[DEBUG]           omitForNearer: omitted=org.apache.curator:curator-client:jar:2.6.0:provided kept=org.apache.curator:curator-client:jar:2.6.0:provided
[DEBUG]           includeArtifact: artifact=org.apache.curator:curator-client:jar:2.6.0:provided
[DEBUG]           startProcessChildren: artifact=org.apache.curator:curator-client:jar:2.6.0:provided
[DEBUG]             testArtifact: artifact=org.slf4j:slf4j-api:jar:1.7.6:provided
[DEBUG]             omitForNearer: omitted=org.slf4j:slf4j-api:jar:1.7.6:provided kept=org.slf4j:slf4j-api:jar:1.7.7:compile
[DEBUG]             testArtifact: artifact=org.apache.zookeeper:zookeeper:jar:3.4.6:provided
[DEBUG]             omitForNearer: omitted=org.apache.zookeeper:zookeeper:jar:3.4.6:provided kept=org.apache.zookeeper:zookeeper:jar:3.4.6:provided
[DEBUG]             testArtifact: artifact=com.google.guava:guava:jar:16.0.1:provided
[DEBUG]             omitForNearer: omitted=com.google.guava:guava:jar:16.0.1:provided kept=com.google.guava:guava:jar:11.0.2:provided
[DEBUG]           endProcessChildren: artifact=org.apache.curator:curator-client:jar:2.6.0:provided
[DEBUG]           testArtifact: artifact=org.apache.curator:curator-recipes:jar:2.6.0:provided
[DEBUG]           includeArtifact: artifact=org.apache.curator:curator-recipes:jar:2.6.0:provided
[DEBUG]           startProcessChildren: artifact=org.apache.curator:curator-recipes:jar:2.6.0:provided
[DEBUG]             testArtifact: artifact=org.apache.curator:curator-framework:jar:2.6.0:provided
[DEBUG]             omitForNearer: omitted=org.apache.curator:curator-framework:jar:2.6.0:provided kept=org.apache.curator:curator-framework:jar:2.6.0:provided
[DEBUG]             testArtifact: artifact=org.apache.zookeeper:zookeeper:jar:3.4.6:provided
[DEBUG]             omitForNearer: omitted=org.apache.zookeeper:zookeeper:jar:3.4.6:provided kept=org.apache.zookeeper:zookeeper:jar:3.4.6:provided
[DEBUG]             testArtifact: artifact=com.google.guava:guava:jar:16.0.1:provided
[DEBUG]             omitForNearer: omitted=com.google.guava:guava:jar:16.0.1:provided kept=com.google.guava:guava:jar:11.0.2:provided
[DEBUG]           endProcessChildren: artifact=org.apache.curator:curator-recipes:jar:2.6.0:provided
[DEBUG]           testArtifact: artifact=com.google.code.findbugs:jsr305:jar:1.3.9:provided
[DEBUG]           omitForNearer: omitted=com.google.code.findbugs:jsr305:jar:1.3.9:provided kept=com.google.code.findbugs:jsr305:jar:1.3.9:provided
[DEBUG]           includeArtifact: artifact=com.google.code.findbugs:jsr305:jar:1.3.9:provided
[DEBUG]           startProcessChildren: artifact=com.google.code.findbugs:jsr305:jar:1.3.9:provided
[DEBUG]           endProcessChildren: artifact=com.google.code.findbugs:jsr305:jar:1.3.9:provided
[DEBUG]           testArtifact: artifact=org.htrace:htrace-core:jar:3.0.4:provided
[DEBUG]           includeArtifact: artifact=org.htrace:htrace-core:jar:3.0.4:provided
[DEBUG]           startProcessChildren: artifact=org.htrace:htrace-core:jar:3.0.4:provided
[DEBUG]             testArtifact: artifact=com.google.guava:guava:jar:12.0.1:provided
[DEBUG]             omitForNearer: omitted=com.google.guava:guava:jar:12.0.1:provided kept=com.google.guava:guava:jar:11.0.2:provided
[DEBUG]           endProcessChildren: artifact=org.htrace:htrace-core:jar:3.0.4:provided
[DEBUG]           testArtifact: artifact=org.apache.zookeeper:zookeeper:jar:3.4.6:provided
[DEBUG]           omitForNearer: omitted=org.apache.zookeeper:zookeeper:jar:3.4.6:provided kept=org.apache.zookeeper:zookeeper:jar:3.4.6:provided
[DEBUG]           includeArtifact: artifact=org.apache.zookeeper:zookeeper:jar:3.4.6:provided
[DEBUG]           startProcessChildren: artifact=org.apache.zookeeper:zookeeper:jar:3.4.6:provided
[DEBUG]             testArtifact: artifact=org.slf4j:slf4j-api:jar:1.6.1:provided
[DEBUG]             omitForNearer: omitted=org.slf4j:slf4j-api:jar:1.6.1:provided kept=org.slf4j:slf4j-api:jar:1.7.7:compile
[DEBUG]             testArtifact: artifact=org.slf4j:slf4j-log4j12:jar:1.6.1:provided
[DEBUG]             omitForNearer: omitted=org.slf4j:slf4j-log4j12:jar:1.6.1:provided kept=org.slf4j:slf4j-log4j12:jar:1.7.5:provided
[DEBUG]             testArtifact: artifact=log4j:log4j:jar:1.2.16:provided
[DEBUG]             omitForNearer: omitted=log4j:log4j:jar:1.2.16:provided kept=log4j:log4j:jar:1.2.17:provided
[DEBUG]             testArtifact: artifact=io.netty:netty:jar:3.7.0.Final:provided
[DEBUG]             includeArtifact: artifact=io.netty:netty:jar:3.7.0.Final:provided
[DEBUG]             startProcessChildren: artifact=io.netty:netty:jar:3.7.0.Final:provided
[DEBUG]             endProcessChildren: artifact=io.netty:netty:jar:3.7.0.Final:provided
[DEBUG]           endProcessChildren: artifact=org.apache.zookeeper:zookeeper:jar:3.4.6:provided
[DEBUG]           testArtifact: artifact=org.apache.commons:commons-compress:jar:1.4.1:provided
[DEBUG]           omitForNearer: omitted=org.apache.commons:commons-compress:jar:1.4.1:provided kept=org.apache.commons:commons-compress:jar:1.4.1:provided
[DEBUG]         endProcessChildren: artifact=org.apache.hadoop:hadoop-common:jar:2.6.5:provided
[DEBUG]         testArtifact: artifact=org.apache.hadoop:hadoop-hdfs:jar:2.6.5:provided
[DEBUG]         includeArtifact: artifact=org.apache.hadoop:hadoop-hdfs:jar:2.6.5:provided
[DEBUG]         startProcessChildren: artifact=org.apache.hadoop:hadoop-hdfs:jar:2.6.5:provided
[DEBUG]           testArtifact: artifact=com.google.guava:guava:jar:11.0.2:provided
[DEBUG]           omitForNearer: omitted=com.google.guava:guava:jar:11.0.2:provided kept=com.google.guava:guava:jar:11.0.2:provided
[DEBUG]           testArtifact: artifact=org.mortbay.jetty:jetty-util:jar:6.1.26:provided
[DEBUG]           includeArtifact: artifact=org.mortbay.jetty:jetty-util:jar:6.1.26:provided
[DEBUG]           startProcessChildren: artifact=org.mortbay.jetty:jetty-util:jar:6.1.26:provided
[DEBUG]           endProcessChildren: artifact=org.mortbay.jetty:jetty-util:jar:6.1.26:provided
[DEBUG]           testArtifact: artifact=commons-cli:commons-cli:jar:1.2:provided
[DEBUG]           omitForNearer: omitted=commons-cli:commons-cli:jar:1.2:provided kept=commons-cli:commons-cli:jar:1.2:provided
[DEBUG]           testArtifact: artifact=commons-codec:commons-codec:jar:1.4:provided
[DEBUG]           omitForNearer: omitted=commons-codec:commons-codec:jar:1.4:provided kept=commons-codec:commons-codec:jar:1.4:provided
[DEBUG]           testArtifact: artifact=commons-io:commons-io:jar:2.4:provided
[DEBUG]           omitForNearer: omitted=commons-io:commons-io:jar:2.4:provided kept=commons-io:commons-io:jar:2.4:provided
[DEBUG]           testArtifact: artifact=commons-lang:commons-lang:jar:2.6:provided
[DEBUG]           omitForNearer: omitted=commons-lang:commons-lang:jar:2.6:provided kept=commons-lang:commons-lang:jar:2.6:provided
[DEBUG]           testArtifact: artifact=log4j:log4j:jar:1.2.17:provided
[DEBUG]           omitForNearer: omitted=log4j:log4j:jar:1.2.17:provided kept=log4j:log4j:jar:1.2.17:provided
[DEBUG]           testArtifact: artifact=com.google.protobuf:protobuf-java:jar:2.5.0:provided
[DEBUG]           omitForNearer: omitted=com.google.protobuf:protobuf-java:jar:2.5.0:provided kept=com.google.protobuf:protobuf-java:jar:2.5.0:provided
[DEBUG]           testArtifact: artifact=org.codehaus.jackson:jackson-core-asl:jar:1.9.13:provided
[DEBUG]           omitForNearer: omitted=org.codehaus.jackson:jackson-core-asl:jar:1.9.13:provided kept=org.codehaus.jackson:jackson-core-asl:jar:1.9.13:provided
[DEBUG]           testArtifact: artifact=xmlenc:xmlenc:jar:0.52:provided
[DEBUG]           omitForNearer: omitted=xmlenc:xmlenc:jar:0.52:provided kept=xmlenc:xmlenc:jar:0.52:provided
[DEBUG]           testArtifact: artifact=io.netty:netty:jar:3.6.2.Final:provided
[DEBUG]           omitForNearer: omitted=io.netty:netty:jar:3.7.0.Final:provided kept=io.netty:netty:jar:3.6.2.Final:provided
[DEBUG]           includeArtifact: artifact=io.netty:netty:jar:3.6.2.Final:provided
[DEBUG]           startProcessChildren: artifact=io.netty:netty:jar:3.6.2.Final:provided
[DEBUG]           endProcessChildren: artifact=io.netty:netty:jar:3.6.2.Final:provided
[DEBUG]           testArtifact: artifact=xerces:xercesImpl:jar:2.9.1:provided
[DEBUG]           includeArtifact: artifact=xerces:xercesImpl:jar:2.9.1:provided
[DEBUG]           startProcessChildren: artifact=xerces:xercesImpl:jar:2.9.1:provided
[DEBUG]             testArtifact: artifact=xml-apis:xml-apis:jar:1.3.04:provided
[DEBUG]             includeArtifact: artifact=xml-apis:xml-apis:jar:1.3.04:provided
[DEBUG]             startProcessChildren: artifact=xml-apis:xml-apis:jar:1.3.04:provided
[DEBUG]             endProcessChildren: artifact=xml-apis:xml-apis:jar:1.3.04:provided
[DEBUG]           endProcessChildren: artifact=xerces:xercesImpl:jar:2.9.1:provided
[DEBUG]           testArtifact: artifact=org.htrace:htrace-core:jar:3.0.4:provided
[DEBUG]           omitForNearer: omitted=org.htrace:htrace-core:jar:3.0.4:provided kept=org.htrace:htrace-core:jar:3.0.4:provided
[DEBUG]         endProcessChildren: artifact=org.apache.hadoop:hadoop-hdfs:jar:2.6.5:provided
[DEBUG]         testArtifact: artifact=org.apache.hadoop:hadoop-mapreduce-client-app:jar:2.6.5:provided
[DEBUG]         includeArtifact: artifact=org.apache.hadoop:hadoop-mapreduce-client-app:jar:2.6.5:provided
[DEBUG]         startProcessChildren: artifact=org.apache.hadoop:hadoop-mapreduce-client-app:jar:2.6.5:provided
[DEBUG]           testArtifact: artifact=org.apache.hadoop:hadoop-mapreduce-client-common:jar:2.6.5:provided
[DEBUG]           includeArtifact: artifact=org.apache.hadoop:hadoop-mapreduce-client-common:jar:2.6.5:provided
[DEBUG]           startProcessChildren: artifact=org.apache.hadoop:hadoop-mapreduce-client-common:jar:2.6.5:provided
[DEBUG]             testArtifact: artifact=org.apache.hadoop:hadoop-yarn-common:jar:2.6.5:provided
[DEBUG]             includeArtifact: artifact=org.apache.hadoop:hadoop-yarn-common:jar:2.6.5:provided
[DEBUG]             startProcessChildren: artifact=org.apache.hadoop:hadoop-yarn-common:jar:2.6.5:provided
[DEBUG]               testArtifact: artifact=org.apache.hadoop:hadoop-yarn-api:jar:2.6.5:provided
[DEBUG]               includeArtifact: artifact=org.apache.hadoop:hadoop-yarn-api:jar:2.6.5:provided
[DEBUG]               startProcessChildren: artifact=org.apache.hadoop:hadoop-yarn-api:jar:2.6.5:provided
[DEBUG]                 testArtifact: artifact=commons-lang:commons-lang:jar:2.6:provided
[DEBUG]                 omitForNearer: omitted=commons-lang:commons-lang:jar:2.6:provided kept=commons-lang:commons-lang:jar:2.6:provided
[DEBUG]                 testArtifact: artifact=com.google.guava:guava:jar:11.0.2:provided
[DEBUG]                 omitForNearer: omitted=com.google.guava:guava:jar:11.0.2:provided kept=com.google.guava:guava:jar:11.0.2:provided
[DEBUG]                 testArtifact: artifact=com.google.protobuf:protobuf-java:jar:2.5.0:provided
[DEBUG]                 omitForNearer: omitted=com.google.protobuf:protobuf-java:jar:2.5.0:provided kept=com.google.protobuf:protobuf-java:jar:2.5.0:provided
[DEBUG]               endProcessChildren: artifact=org.apache.hadoop:hadoop-yarn-api:jar:2.6.5:provided
[DEBUG]               testArtifact: artifact=javax.xml.bind:jaxb-api:jar:2.2.2:provided
[DEBUG]               includeArtifact: artifact=javax.xml.bind:jaxb-api:jar:2.2.2:provided
[DEBUG]               startProcessChildren: artifact=javax.xml.bind:jaxb-api:jar:2.2.2:provided
[DEBUG]                 testArtifact: artifact=javax.xml.stream:stax-api:jar:1.0-2:provided
[DEBUG]                 includeArtifact: artifact=javax.xml.stream:stax-api:jar:1.0-2:provided
[DEBUG]                 startProcessChildren: artifact=javax.xml.stream:stax-api:jar:1.0-2:provided
[DEBUG]                 endProcessChildren: artifact=javax.xml.stream:stax-api:jar:1.0-2:provided
[DEBUG]                 testArtifact: artifact=javax.activation:activation:jar:1.1:provided
[DEBUG]                 includeArtifact: artifact=javax.activation:activation:jar:1.1:provided
[DEBUG]                 startProcessChildren: artifact=javax.activation:activation:jar:1.1:provided
[DEBUG]                 endProcessChildren: artifact=javax.activation:activation:jar:1.1:provided
[DEBUG]               endProcessChildren: artifact=javax.xml.bind:jaxb-api:jar:2.2.2:provided
[DEBUG]               testArtifact: artifact=org.apache.commons:commons-compress:jar:1.4.1:provided
[DEBUG]               omitForNearer: omitted=org.apache.commons:commons-compress:jar:1.4.1:provided kept=org.apache.commons:commons-compress:jar:1.4.1:provided
[DEBUG]               testArtifact: artifact=commons-lang:commons-lang:jar:2.6:provided
[DEBUG]               omitForNearer: omitted=commons-lang:commons-lang:jar:2.6:provided kept=commons-lang:commons-lang:jar:2.6:provided
[DEBUG]               testArtifact: artifact=commons-codec:commons-codec:jar:1.4:provided
[DEBUG]               omitForNearer: omitted=commons-codec:commons-codec:jar:1.4:provided kept=commons-codec:commons-codec:jar:1.4:provided
[DEBUG]               testArtifact: artifact=org.mortbay.jetty:jetty-util:jar:6.1.26:provided
[DEBUG]               omitForNearer: omitted=org.mortbay.jetty:jetty-util:jar:6.1.26:provided kept=org.mortbay.jetty:jetty-util:jar:6.1.26:provided
[DEBUG]               testArtifact: artifact=com.sun.jersey:jersey-core:jar:1.9:provided
[DEBUG]               includeArtifact: artifact=com.sun.jersey:jersey-core:jar:1.9:provided
[DEBUG]               startProcessChildren: artifact=com.sun.jersey:jersey-core:jar:1.9:provided
[DEBUG]               endProcessChildren: artifact=com.sun.jersey:jersey-core:jar:1.9:provided
[DEBUG]               testArtifact: artifact=com.sun.jersey:jersey-client:jar:1.9:provided
[DEBUG]               includeArtifact: artifact=com.sun.jersey:jersey-client:jar:1.9:provided
[DEBUG]               startProcessChildren: artifact=com.sun.jersey:jersey-client:jar:1.9:provided
[DEBUG]                 testArtifact: artifact=com.sun.jersey:jersey-core:jar:1.9:provided
[DEBUG]                 omitForNearer: omitted=com.sun.jersey:jersey-core:jar:1.9:provided kept=com.sun.jersey:jersey-core:jar:1.9:provided
[DEBUG]               endProcessChildren: artifact=com.sun.jersey:jersey-client:jar:1.9:provided
[DEBUG]               testArtifact: artifact=org.codehaus.jackson:jackson-core-asl:jar:1.9.13:provided
[DEBUG]               omitForNearer: omitted=org.codehaus.jackson:jackson-core-asl:jar:1.9.13:provided kept=org.codehaus.jackson:jackson-core-asl:jar:1.9.13:provided
[DEBUG]               testArtifact: artifact=org.codehaus.jackson:jackson-jaxrs:jar:1.9.13:provided
[DEBUG]               includeArtifact: artifact=org.codehaus.jackson:jackson-jaxrs:jar:1.9.13:provided
[DEBUG]               startProcessChildren: artifact=org.codehaus.jackson:jackson-jaxrs:jar:1.9.13:provided
[DEBUG]                 testArtifact: artifact=org.codehaus.jackson:jackson-core-asl:jar:1.9.13:provided
[DEBUG]                 omitForNearer: omitted=org.codehaus.jackson:jackson-core-asl:jar:1.9.13:provided kept=org.codehaus.jackson:jackson-core-asl:jar:1.9.13:provided
[DEBUG]               endProcessChildren: artifact=org.codehaus.jackson:jackson-jaxrs:jar:1.9.13:provided
[DEBUG]               testArtifact: artifact=org.codehaus.jackson:jackson-xc:jar:1.9.13:provided
[DEBUG]               includeArtifact: artifact=org.codehaus.jackson:jackson-xc:jar:1.9.13:provided
[DEBUG]               startProcessChildren: artifact=org.codehaus.jackson:jackson-xc:jar:1.9.13:provided
[DEBUG]                 testArtifact: artifact=org.codehaus.jackson:jackson-core-asl:jar:1.9.13:provided
[DEBUG]                 omitForNearer: omitted=org.codehaus.jackson:jackson-core-asl:jar:1.9.13:provided kept=org.codehaus.jackson:jackson-core-asl:jar:1.9.13:provided
[DEBUG]               endProcessChildren: artifact=org.codehaus.jackson:jackson-xc:jar:1.9.13:provided
[DEBUG]               testArtifact: artifact=com.google.guava:guava:jar:11.0.2:provided
[DEBUG]               omitForNearer: omitted=com.google.guava:guava:jar:11.0.2:provided kept=com.google.guava:guava:jar:11.0.2:provided
[DEBUG]               testArtifact: artifact=commons-cli:commons-cli:jar:1.2:provided
[DEBUG]               omitForNearer: omitted=commons-cli:commons-cli:jar:1.2:provided kept=commons-cli:commons-cli:jar:1.2:provided
[DEBUG]               testArtifact: artifact=org.slf4j:slf4j-api:jar:1.7.5:provided
[DEBUG]               omitForNearer: omitted=org.slf4j:slf4j-api:jar:1.7.5:provided kept=org.slf4j:slf4j-api:jar:1.7.7:compile
[DEBUG]               testArtifact: artifact=com.google.protobuf:protobuf-java:jar:2.5.0:provided
[DEBUG]               omitForNearer: omitted=com.google.protobuf:protobuf-java:jar:2.5.0:provided kept=com.google.protobuf:protobuf-java:jar:2.5.0:provided
[DEBUG]               testArtifact: artifact=commons-io:commons-io:jar:2.4:provided
[DEBUG]               omitForNearer: omitted=commons-io:commons-io:jar:2.4:provided kept=commons-io:commons-io:jar:2.4:provided
[DEBUG]               testArtifact: artifact=com.google.inject:guice:jar:3.0:provided
[DEBUG]               includeArtifact: artifact=com.google.inject:guice:jar:3.0:provided
[DEBUG]               startProcessChildren: artifact=com.google.inject:guice:jar:3.0:provided
[DEBUG]                 testArtifact: artifact=javax.inject:javax.inject:jar:1:provided
[DEBUG]                 includeArtifact: artifact=javax.inject:javax.inject:jar:1:provided
[DEBUG]                 startProcessChildren: artifact=javax.inject:javax.inject:jar:1:provided
[DEBUG]                 endProcessChildren: artifact=javax.inject:javax.inject:jar:1:provided
[DEBUG]                 testArtifact: artifact=aopalliance:aopalliance:jar:1.0:provided
[DEBUG]                 includeArtifact: artifact=aopalliance:aopalliance:jar:1.0:provided
[DEBUG]                 startProcessChildren: artifact=aopalliance:aopalliance:jar:1.0:provided
[DEBUG]                 endProcessChildren: artifact=aopalliance:aopalliance:jar:1.0:provided
[DEBUG]               endProcessChildren: artifact=com.google.inject:guice:jar:3.0:provided
[DEBUG]               testArtifact: artifact=com.sun.jersey:jersey-server:jar:1.9:provided
[DEBUG]               includeArtifact: artifact=com.sun.jersey:jersey-server:jar:1.9:provided
[DEBUG]               startProcessChildren: artifact=com.sun.jersey:jersey-server:jar:1.9:provided
[DEBUG]                 testArtifact: artifact=com.sun.jersey:jersey-core:jar:1.9:provided
[DEBUG]                 omitForNearer: omitted=com.sun.jersey:jersey-core:jar:1.9:provided kept=com.sun.jersey:jersey-core:jar:1.9:provided
[DEBUG]               endProcessChildren: artifact=com.sun.jersey:jersey-server:jar:1.9:provided
[DEBUG]               testArtifact: artifact=com.sun.jersey:jersey-json:jar:1.9:provided
[DEBUG]               includeArtifact: artifact=com.sun.jersey:jersey-json:jar:1.9:provided
[DEBUG]               startProcessChildren: artifact=com.sun.jersey:jersey-json:jar:1.9:provided
[DEBUG]                 testArtifact: artifact=org.codehaus.jettison:jettison:jar:1.1:provided
[DEBUG]                 includeArtifact: artifact=org.codehaus.jettison:jettison:jar:1.1:provided
[DEBUG]                 startProcessChildren: artifact=org.codehaus.jettison:jettison:jar:1.1:provided
[DEBUG]                 endProcessChildren: artifact=org.codehaus.jettison:jettison:jar:1.1:provided
[DEBUG]                 testArtifact: artifact=com.sun.xml.bind:jaxb-impl:jar:2.2.3-1:provided
[DEBUG]                 includeArtifact: artifact=com.sun.xml.bind:jaxb-impl:jar:2.2.3-1:provided
[DEBUG]                 startProcessChildren: artifact=com.sun.xml.bind:jaxb-impl:jar:2.2.3-1:provided
[DEBUG]                   testArtifact: artifact=javax.xml.bind:jaxb-api:jar:2.2.2:provided
[DEBUG]                   omitForNearer: omitted=javax.xml.bind:jaxb-api:jar:2.2.2:provided kept=javax.xml.bind:jaxb-api:jar:2.2.2:provided
[DEBUG]                 endProcessChildren: artifact=com.sun.xml.bind:jaxb-impl:jar:2.2.3-1:provided
[DEBUG]                 testArtifact: artifact=org.codehaus.jackson:jackson-core-asl:jar:1.8.3:provided
[DEBUG]                 omitForNearer: omitted=org.codehaus.jackson:jackson-core-asl:jar:1.8.3:provided kept=org.codehaus.jackson:jackson-core-asl:jar:1.9.13:provided
[DEBUG]                 testArtifact: artifact=org.codehaus.jackson:jackson-jaxrs:jar:1.8.3:provided
[DEBUG]                 omitForNearer: omitted=org.codehaus.jackson:jackson-jaxrs:jar:1.8.3:provided kept=org.codehaus.jackson:jackson-jaxrs:jar:1.9.13:provided
[DEBUG]                 testArtifact: artifact=org.codehaus.jackson:jackson-xc:jar:1.8.3:provided
[DEBUG]                 omitForNearer: omitted=org.codehaus.jackson:jackson-xc:jar:1.8.3:provided kept=org.codehaus.jackson:jackson-xc:jar:1.9.13:provided
[DEBUG]                 testArtifact: artifact=com.sun.jersey:jersey-core:jar:1.9:provided
[DEBUG]                 omitForNearer: omitted=com.sun.jersey:jersey-core:jar:1.9:provided kept=com.sun.jersey:jersey-core:jar:1.9:provided
[DEBUG]               endProcessChildren: artifact=com.sun.jersey:jersey-json:jar:1.9:provided
[DEBUG]               testArtifact: artifact=com.sun.jersey.contribs:jersey-guice:jar:1.9:provided
[DEBUG]               includeArtifact: artifact=com.sun.jersey.contribs:jersey-guice:jar:1.9:provided
[DEBUG]               startProcessChildren: artifact=com.sun.jersey.contribs:jersey-guice:jar:1.9:provided
[DEBUG]                 testArtifact: artifact=javax.inject:javax.inject:jar:1:provided
[DEBUG]                 omitForNearer: omitted=javax.inject:javax.inject:jar:1:provided kept=javax.inject:javax.inject:jar:1:provided
[DEBUG]                 testArtifact: artifact=com.google.inject:guice:jar:3.0:provided
[DEBUG]                 omitForNearer: omitted=com.google.inject:guice:jar:3.0:provided kept=com.google.inject:guice:jar:3.0:provided
[DEBUG]                 testArtifact: artifact=com.sun.jersey:jersey-server:jar:1.9:provided
[DEBUG]                 omitForNearer: omitted=com.sun.jersey:jersey-server:jar:1.9:provided kept=com.sun.jersey:jersey-server:jar:1.9:provided
[DEBUG]               endProcessChildren: artifact=com.sun.jersey.contribs:jersey-guice:jar:1.9:provided
[DEBUG]               testArtifact: artifact=log4j:log4j:jar:1.2.17:provided
[DEBUG]               omitForNearer: omitted=log4j:log4j:jar:1.2.17:provided kept=log4j:log4j:jar:1.2.17:provided
[DEBUG]             endProcessChildren: artifact=org.apache.hadoop:hadoop-yarn-common:jar:2.6.5:provided
[DEBUG]             testArtifact: artifact=org.apache.hadoop:hadoop-yarn-client:jar:2.6.5:provided
[DEBUG]             includeArtifact: artifact=org.apache.hadoop:hadoop-yarn-client:jar:2.6.5:provided
[DEBUG]             startProcessChildren: artifact=org.apache.hadoop:hadoop-yarn-client:jar:2.6.5:provided
[DEBUG]               testArtifact: artifact=com.google.guava:guava:jar:11.0.2:provided
[DEBUG]               omitForNearer: omitted=com.google.guava:guava:jar:11.0.2:provided kept=com.google.guava:guava:jar:11.0.2:provided
[DEBUG]               testArtifact: artifact=commons-lang:commons-lang:jar:2.6:provided
[DEBUG]               omitForNearer: omitted=commons-lang:commons-lang:jar:2.6:provided kept=commons-lang:commons-lang:jar:2.6:provided
[DEBUG]               testArtifact: artifact=commons-cli:commons-cli:jar:1.2:provided
[DEBUG]               omitForNearer: omitted=commons-cli:commons-cli:jar:1.2:provided kept=commons-cli:commons-cli:jar:1.2:provided
[DEBUG]               testArtifact: artifact=log4j:log4j:jar:1.2.17:provided
[DEBUG]               omitForNearer: omitted=log4j:log4j:jar:1.2.17:provided kept=log4j:log4j:jar:1.2.17:provided
[DEBUG]               testArtifact: artifact=org.apache.hadoop:hadoop-yarn-api:jar:2.6.5:provided
[DEBUG]               omitForNearer: omitted=org.apache.hadoop:hadoop-yarn-api:jar:2.6.5:provided kept=org.apache.hadoop:hadoop-yarn-api:jar:2.6.5:provided
[DEBUG]               testArtifact: artifact=org.apache.hadoop:hadoop-yarn-common:jar:2.6.5:provided
[DEBUG]               omitForNearer: omitted=org.apache.hadoop:hadoop-yarn-common:jar:2.6.5:provided kept=org.apache.hadoop:hadoop-yarn-common:jar:2.6.5:provided
[DEBUG]             endProcessChildren: artifact=org.apache.hadoop:hadoop-yarn-client:jar:2.6.5:provided
[DEBUG]             testArtifact: artifact=org.apache.hadoop:hadoop-mapreduce-client-core:jar:2.6.5:provided
[DEBUG]             includeArtifact: artifact=org.apache.hadoop:hadoop-mapreduce-client-core:jar:2.6.5:provided
[DEBUG]             startProcessChildren: artifact=org.apache.hadoop:hadoop-mapreduce-client-core:jar:2.6.5:provided
[DEBUG]               testArtifact: artifact=org.apache.hadoop:hadoop-yarn-common:jar:2.6.5:provided
[DEBUG]               omitForNearer: omitted=org.apache.hadoop:hadoop-yarn-common:jar:2.6.5:provided kept=org.apache.hadoop:hadoop-yarn-common:jar:2.6.5:provided
[DEBUG]               testArtifact: artifact=com.google.protobuf:protobuf-java:jar:2.5.0:provided
[DEBUG]               omitForNearer: omitted=com.google.protobuf:protobuf-java:jar:2.5.0:provided kept=com.google.protobuf:protobuf-java:jar:2.5.0:provided
[DEBUG]               testArtifact: artifact=org.slf4j:slf4j-api:jar:1.7.5:provided
[DEBUG]               omitForNearer: omitted=org.slf4j:slf4j-api:jar:1.7.5:provided kept=org.slf4j:slf4j-api:jar:1.7.7:compile
[DEBUG]               testArtifact: artifact=org.slf4j:slf4j-log4j12:jar:1.7.5:provided
[DEBUG]               omitForNearer: omitted=org.slf4j:slf4j-log4j12:jar:1.7.5:provided kept=org.slf4j:slf4j-log4j12:jar:1.7.5:provided
[DEBUG]             endProcessChildren: artifact=org.apache.hadoop:hadoop-mapreduce-client-core:jar:2.6.5:provided
[DEBUG]             testArtifact: artifact=org.apache.hadoop:hadoop-yarn-server-common:jar:2.6.5:provided
[DEBUG]             includeArtifact: artifact=org.apache.hadoop:hadoop-yarn-server-common:jar:2.6.5:provided
[DEBUG]             startProcessChildren: artifact=org.apache.hadoop:hadoop-yarn-server-common:jar:2.6.5:provided
[DEBUG]               testArtifact: artifact=org.apache.hadoop:hadoop-yarn-api:jar:2.6.5:provided
[DEBUG]               omitForNearer: omitted=org.apache.hadoop:hadoop-yarn-api:jar:2.6.5:provided kept=org.apache.hadoop:hadoop-yarn-api:jar:2.6.5:provided
[DEBUG]               testArtifact: artifact=org.apache.hadoop:hadoop-yarn-common:jar:2.6.5:provided
[DEBUG]               omitForNearer: omitted=org.apache.hadoop:hadoop-yarn-common:jar:2.6.5:provided kept=org.apache.hadoop:hadoop-yarn-common:jar:2.6.5:provided
[DEBUG]               testArtifact: artifact=com.google.guava:guava:jar:11.0.2:provided
[DEBUG]               omitForNearer: omitted=com.google.guava:guava:jar:11.0.2:provided kept=com.google.guava:guava:jar:11.0.2:provided
[DEBUG]               testArtifact: artifact=com.google.protobuf:protobuf-java:jar:2.5.0:provided
[DEBUG]               omitForNearer: omitted=com.google.protobuf:protobuf-java:jar:2.5.0:provided kept=com.google.protobuf:protobuf-java:jar:2.5.0:provided
[DEBUG]               testArtifact: artifact=org.apache.zookeeper:zookeeper:jar:3.4.6:provided
[DEBUG]               omitForNearer: omitted=org.apache.zookeeper:zookeeper:jar:3.4.6:provided kept=org.apache.zookeeper:zookeeper:jar:3.4.6:provided
[DEBUG]               testArtifact: artifact=org.fusesource.leveldbjni:leveldbjni-all:jar:1.8:provided
[DEBUG]               includeArtifact: artifact=org.fusesource.leveldbjni:leveldbjni-all:jar:1.8:provided
[DEBUG]               startProcessChildren: artifact=org.fusesource.leveldbjni:leveldbjni-all:jar:1.8:provided
[DEBUG]               endProcessChildren: artifact=org.fusesource.leveldbjni:leveldbjni-all:jar:1.8:provided
[DEBUG]             endProcessChildren: artifact=org.apache.hadoop:hadoop-yarn-server-common:jar:2.6.5:provided
[DEBUG]             testArtifact: artifact=com.google.protobuf:protobuf-java:jar:2.5.0:provided
[DEBUG]             omitForNearer: omitted=com.google.protobuf:protobuf-java:jar:2.5.0:provided kept=com.google.protobuf:protobuf-java:jar:2.5.0:provided
[DEBUG]             testArtifact: artifact=org.slf4j:slf4j-api:jar:1.7.5:provided
[DEBUG]             omitForNearer: omitted=org.slf4j:slf4j-api:jar:1.7.5:provided kept=org.slf4j:slf4j-api:jar:1.7.7:compile
[DEBUG]             testArtifact: artifact=org.slf4j:slf4j-log4j12:jar:1.7.5:provided
[DEBUG]             omitForNearer: omitted=org.slf4j:slf4j-log4j12:jar:1.7.5:provided kept=org.slf4j:slf4j-log4j12:jar:1.7.5:provided
[DEBUG]           endProcessChildren: artifact=org.apache.hadoop:hadoop-mapreduce-client-common:jar:2.6.5:provided
[DEBUG]           testArtifact: artifact=org.apache.hadoop:hadoop-mapreduce-client-shuffle:jar:2.6.5:provided
[DEBUG]           includeArtifact: artifact=org.apache.hadoop:hadoop-mapreduce-client-shuffle:jar:2.6.5:provided
[DEBUG]           startProcessChildren: artifact=org.apache.hadoop:hadoop-mapreduce-client-shuffle:jar:2.6.5:provided
[DEBUG]             testArtifact: artifact=org.apache.hadoop:hadoop-yarn-server-common:jar:2.6.5:provided
[DEBUG]             omitForNearer: omitted=org.apache.hadoop:hadoop-yarn-server-common:jar:2.6.5:provided kept=org.apache.hadoop:hadoop-yarn-server-common:jar:2.6.5:provided
[DEBUG]             testArtifact: artifact=org.apache.hadoop:hadoop-mapreduce-client-common:jar:2.6.5:provided
[DEBUG]             omitForNearer: omitted=org.apache.hadoop:hadoop-mapreduce-client-common:jar:2.6.5:provided kept=org.apache.hadoop:hadoop-mapreduce-client-common:jar:2.6.5:provided
[DEBUG]             testArtifact: artifact=org.fusesource.leveldbjni:leveldbjni-all:jar:1.8:provided
[DEBUG]             omitForNearer: omitted=org.fusesource.leveldbjni:leveldbjni-all:jar:1.8:provided kept=org.fusesource.leveldbjni:leveldbjni-all:jar:1.8:provided
[DEBUG]             includeArtifact: artifact=org.fusesource.leveldbjni:leveldbjni-all:jar:1.8:provided
[DEBUG]             startProcessChildren: artifact=org.fusesource.leveldbjni:leveldbjni-all:jar:1.8:provided
[DEBUG]             endProcessChildren: artifact=org.fusesource.leveldbjni:leveldbjni-all:jar:1.8:provided
[DEBUG]             testArtifact: artifact=com.google.protobuf:protobuf-java:jar:2.5.0:provided
[DEBUG]             omitForNearer: omitted=com.google.protobuf:protobuf-java:jar:2.5.0:provided kept=com.google.protobuf:protobuf-java:jar:2.5.0:provided
[DEBUG]             testArtifact: artifact=org.slf4j:slf4j-api:jar:1.7.5:provided
[DEBUG]             omitForNearer: omitted=org.slf4j:slf4j-api:jar:1.7.5:provided kept=org.slf4j:slf4j-api:jar:1.7.7:compile
[DEBUG]             testArtifact: artifact=org.slf4j:slf4j-log4j12:jar:1.7.5:provided
[DEBUG]             omitForNearer: omitted=org.slf4j:slf4j-log4j12:jar:1.7.5:provided kept=org.slf4j:slf4j-log4j12:jar:1.7.5:provided
[DEBUG]           endProcessChildren: artifact=org.apache.hadoop:hadoop-mapreduce-client-shuffle:jar:2.6.5:provided
[DEBUG]           testArtifact: artifact=com.google.protobuf:protobuf-java:jar:2.5.0:provided
[DEBUG]           omitForNearer: omitted=com.google.protobuf:protobuf-java:jar:2.5.0:provided kept=com.google.protobuf:protobuf-java:jar:2.5.0:provided
[DEBUG]           testArtifact: artifact=org.slf4j:slf4j-api:jar:1.7.5:provided
[DEBUG]           omitForNearer: omitted=org.slf4j:slf4j-api:jar:1.7.5:provided kept=org.slf4j:slf4j-api:jar:1.7.7:compile
[DEBUG]           testArtifact: artifact=org.slf4j:slf4j-log4j12:jar:1.7.5:provided
[DEBUG]           omitForNearer: omitted=org.slf4j:slf4j-log4j12:jar:1.7.5:provided kept=org.slf4j:slf4j-log4j12:jar:1.7.5:provided
[DEBUG]         endProcessChildren: artifact=org.apache.hadoop:hadoop-mapreduce-client-app:jar:2.6.5:provided
[DEBUG]         testArtifact: artifact=org.apache.hadoop:hadoop-yarn-api:jar:2.6.5:provided
[DEBUG]         omitForNearer: omitted=org.apache.hadoop:hadoop-yarn-api:jar:2.6.5:provided kept=org.apache.hadoop:hadoop-yarn-api:jar:2.6.5:provided
[DEBUG]         includeArtifact: artifact=org.apache.hadoop:hadoop-yarn-api:jar:2.6.5:provided
[DEBUG]         startProcessChildren: artifact=org.apache.hadoop:hadoop-yarn-api:jar:2.6.5:provided
[DEBUG]           testArtifact: artifact=commons-lang:commons-lang:jar:2.6:provided
[DEBUG]           omitForNearer: omitted=commons-lang:commons-lang:jar:2.6:provided kept=commons-lang:commons-lang:jar:2.6:provided
[DEBUG]           testArtifact: artifact=com.google.guava:guava:jar:11.0.2:provided
[DEBUG]           omitForNearer: omitted=com.google.guava:guava:jar:11.0.2:provided kept=com.google.guava:guava:jar:11.0.2:provided
[DEBUG]           testArtifact: artifact=com.google.protobuf:protobuf-java:jar:2.5.0:provided
[DEBUG]           omitForNearer: omitted=com.google.protobuf:protobuf-java:jar:2.5.0:provided kept=com.google.protobuf:protobuf-java:jar:2.5.0:provided
[DEBUG]         endProcessChildren: artifact=org.apache.hadoop:hadoop-yarn-api:jar:2.6.5:provided
[DEBUG]         testArtifact: artifact=org.apache.hadoop:hadoop-mapreduce-client-core:jar:2.6.5:provided
[DEBUG]         omitForNearer: omitted=org.apache.hadoop:hadoop-mapreduce-client-core:jar:2.6.5:provided kept=org.apache.hadoop:hadoop-mapreduce-client-core:jar:2.6.5:provided
[DEBUG]         includeArtifact: artifact=org.apache.hadoop:hadoop-mapreduce-client-core:jar:2.6.5:provided
[DEBUG]         startProcessChildren: artifact=org.apache.hadoop:hadoop-mapreduce-client-core:jar:2.6.5:provided
[DEBUG]           testArtifact: artifact=org.apache.hadoop:hadoop-yarn-common:jar:2.6.5:provided
[DEBUG]           omitForNearer: omitted=org.apache.hadoop:hadoop-yarn-common:jar:2.6.5:provided kept=org.apache.hadoop:hadoop-yarn-common:jar:2.6.5:provided
[DEBUG]           includeArtifact: artifact=org.apache.hadoop:hadoop-yarn-common:jar:2.6.5:provided
[DEBUG]           startProcessChildren: artifact=org.apache.hadoop:hadoop-yarn-common:jar:2.6.5:provided
[DEBUG]             testArtifact: artifact=org.apache.hadoop:hadoop-yarn-api:jar:2.6.5:provided
[DEBUG]             omitForNearer: omitted=org.apache.hadoop:hadoop-yarn-api:jar:2.6.5:provided kept=org.apache.hadoop:hadoop-yarn-api:jar:2.6.5:provided
[DEBUG]             testArtifact: artifact=javax.xml.bind:jaxb-api:jar:2.2.2:provided
[DEBUG]             includeArtifact: artifact=javax.xml.bind:jaxb-api:jar:2.2.2:provided
[DEBUG]             startProcessChildren: artifact=javax.xml.bind:jaxb-api:jar:2.2.2:provided
[DEBUG]               testArtifact: artifact=javax.xml.stream:stax-api:jar:1.0-2:provided
[DEBUG]               includeArtifact: artifact=javax.xml.stream:stax-api:jar:1.0-2:provided
[DEBUG]               startProcessChildren: artifact=javax.xml.stream:stax-api:jar:1.0-2:provided
[DEBUG]               endProcessChildren: artifact=javax.xml.stream:stax-api:jar:1.0-2:provided
[DEBUG]               testArtifact: artifact=javax.activation:activation:jar:1.1:provided
[DEBUG]               includeArtifact: artifact=javax.activation:activation:jar:1.1:provided
[DEBUG]               startProcessChildren: artifact=javax.activation:activation:jar:1.1:provided
[DEBUG]               endProcessChildren: artifact=javax.activation:activation:jar:1.1:provided
[DEBUG]             endProcessChildren: artifact=javax.xml.bind:jaxb-api:jar:2.2.2:provided
[DEBUG]             testArtifact: artifact=org.apache.commons:commons-compress:jar:1.4.1:provided
[DEBUG]             omitForNearer: omitted=org.apache.commons:commons-compress:jar:1.4.1:provided kept=org.apache.commons:commons-compress:jar:1.4.1:provided
[DEBUG]             testArtifact: artifact=commons-lang:commons-lang:jar:2.6:provided
[DEBUG]             omitForNearer: omitted=commons-lang:commons-lang:jar:2.6:provided kept=commons-lang:commons-lang:jar:2.6:provided
[DEBUG]             testArtifact: artifact=commons-codec:commons-codec:jar:1.4:provided
[DEBUG]             omitForNearer: omitted=commons-codec:commons-codec:jar:1.4:provided kept=commons-codec:commons-codec:jar:1.4:provided
[DEBUG]             testArtifact: artifact=org.mortbay.jetty:jetty-util:jar:6.1.26:provided
[DEBUG]             omitForNearer: omitted=org.mortbay.jetty:jetty-util:jar:6.1.26:provided kept=org.mortbay.jetty:jetty-util:jar:6.1.26:provided
[DEBUG]             testArtifact: artifact=com.sun.jersey:jersey-core:jar:1.9:provided
[DEBUG]             includeArtifact: artifact=com.sun.jersey:jersey-core:jar:1.9:provided
[DEBUG]             startProcessChildren: artifact=com.sun.jersey:jersey-core:jar:1.9:provided
[DEBUG]             endProcessChildren: artifact=com.sun.jersey:jersey-core:jar:1.9:provided
[DEBUG]             testArtifact: artifact=com.sun.jersey:jersey-client:jar:1.9:provided
[DEBUG]             includeArtifact: artifact=com.sun.jersey:jersey-client:jar:1.9:provided
[DEBUG]             startProcessChildren: artifact=com.sun.jersey:jersey-client:jar:1.9:provided
[DEBUG]               testArtifact: artifact=com.sun.jersey:jersey-core:jar:1.9:provided
[DEBUG]               omitForNearer: omitted=com.sun.jersey:jersey-core:jar:1.9:provided kept=com.sun.jersey:jersey-core:jar:1.9:provided
[DEBUG]             endProcessChildren: artifact=com.sun.jersey:jersey-client:jar:1.9:provided
[DEBUG]             testArtifact: artifact=org.codehaus.jackson:jackson-core-asl:jar:1.9.13:provided
[DEBUG]             omitForNearer: omitted=org.codehaus.jackson:jackson-core-asl:jar:1.9.13:provided kept=org.codehaus.jackson:jackson-core-asl:jar:1.9.13:provided
[DEBUG]             testArtifact: artifact=org.codehaus.jackson:jackson-jaxrs:jar:1.9.13:provided
[DEBUG]             includeArtifact: artifact=org.codehaus.jackson:jackson-jaxrs:jar:1.9.13:provided
[DEBUG]             startProcessChildren: artifact=org.codehaus.jackson:jackson-jaxrs:jar:1.9.13:provided
[DEBUG]               testArtifact: artifact=org.codehaus.jackson:jackson-core-asl:jar:1.9.13:provided
[DEBUG]               omitForNearer: omitted=org.codehaus.jackson:jackson-core-asl:jar:1.9.13:provided kept=org.codehaus.jackson:jackson-core-asl:jar:1.9.13:provided
[DEBUG]             endProcessChildren: artifact=org.codehaus.jackson:jackson-jaxrs:jar:1.9.13:provided
[DEBUG]             testArtifact: artifact=org.codehaus.jackson:jackson-xc:jar:1.9.13:provided
[DEBUG]             includeArtifact: artifact=org.codehaus.jackson:jackson-xc:jar:1.9.13:provided
[DEBUG]             startProcessChildren: artifact=org.codehaus.jackson:jackson-xc:jar:1.9.13:provided
[DEBUG]               testArtifact: artifact=org.codehaus.jackson:jackson-core-asl:jar:1.9.13:provided
[DEBUG]               omitForNearer: omitted=org.codehaus.jackson:jackson-core-asl:jar:1.9.13:provided kept=org.codehaus.jackson:jackson-core-asl:jar:1.9.13:provided
[DEBUG]             endProcessChildren: artifact=org.codehaus.jackson:jackson-xc:jar:1.9.13:provided
[DEBUG]             testArtifact: artifact=com.google.guava:guava:jar:11.0.2:provided
[DEBUG]             omitForNearer: omitted=com.google.guava:guava:jar:11.0.2:provided kept=com.google.guava:guava:jar:11.0.2:provided
[DEBUG]             testArtifact: artifact=commons-cli:commons-cli:jar:1.2:provided
[DEBUG]             omitForNearer: omitted=commons-cli:commons-cli:jar:1.2:provided kept=commons-cli:commons-cli:jar:1.2:provided
[DEBUG]             testArtifact: artifact=org.slf4j:slf4j-api:jar:1.7.5:provided
[DEBUG]             omitForNearer: omitted=org.slf4j:slf4j-api:jar:1.7.5:provided kept=org.slf4j:slf4j-api:jar:1.7.7:compile
[DEBUG]             testArtifact: artifact=com.google.protobuf:protobuf-java:jar:2.5.0:provided
[DEBUG]             omitForNearer: omitted=com.google.protobuf:protobuf-java:jar:2.5.0:provided kept=com.google.protobuf:protobuf-java:jar:2.5.0:provided
[DEBUG]             testArtifact: artifact=commons-io:commons-io:jar:2.4:provided
[DEBUG]             omitForNearer: omitted=commons-io:commons-io:jar:2.4:provided kept=commons-io:commons-io:jar:2.4:provided
[DEBUG]             testArtifact: artifact=log4j:log4j:jar:1.2.17:provided
[DEBUG]             omitForNearer: omitted=log4j:log4j:jar:1.2.17:provided kept=log4j:log4j:jar:1.2.17:provided
[DEBUG]           endProcessChildren: artifact=org.apache.hadoop:hadoop-yarn-common:jar:2.6.5:provided
[DEBUG]           testArtifact: artifact=com.google.protobuf:protobuf-java:jar:2.5.0:provided
[DEBUG]           omitForNearer: omitted=com.google.protobuf:protobuf-java:jar:2.5.0:provided kept=com.google.protobuf:protobuf-java:jar:2.5.0:provided
[DEBUG]           testArtifact: artifact=org.slf4j:slf4j-api:jar:1.7.5:provided
[DEBUG]           omitForNearer: omitted=org.slf4j:slf4j-api:jar:1.7.5:provided kept=org.slf4j:slf4j-api:jar:1.7.7:compile
[DEBUG]           testArtifact: artifact=org.slf4j:slf4j-log4j12:jar:1.7.5:provided
[DEBUG]           omitForNearer: omitted=org.slf4j:slf4j-log4j12:jar:1.7.5:provided kept=org.slf4j:slf4j-log4j12:jar:1.7.5:provided
[DEBUG]         endProcessChildren: artifact=org.apache.hadoop:hadoop-mapreduce-client-core:jar:2.6.5:provided
[DEBUG]         testArtifact: artifact=org.apache.hadoop:hadoop-mapreduce-client-jobclient:jar:2.6.5:provided
[DEBUG]         includeArtifact: artifact=org.apache.hadoop:hadoop-mapreduce-client-jobclient:jar:2.6.5:provided
[DEBUG]         startProcessChildren: artifact=org.apache.hadoop:hadoop-mapreduce-client-jobclient:jar:2.6.5:provided
[DEBUG]           testArtifact: artifact=org.apache.hadoop:hadoop-mapreduce-client-common:jar:2.6.5:provided
[DEBUG]           omitForNearer: omitted=org.apache.hadoop:hadoop-mapreduce-client-common:jar:2.6.5:provided kept=org.apache.hadoop:hadoop-mapreduce-client-common:jar:2.6.5:provided
[DEBUG]           testArtifact: artifact=org.apache.hadoop:hadoop-mapreduce-client-shuffle:jar:2.6.5:provided
[DEBUG]           omitForNearer: omitted=org.apache.hadoop:hadoop-mapreduce-client-shuffle:jar:2.6.5:provided kept=org.apache.hadoop:hadoop-mapreduce-client-shuffle:jar:2.6.5:provided
[DEBUG]           testArtifact: artifact=com.google.protobuf:protobuf-java:jar:2.5.0:provided
[DEBUG]           omitForNearer: omitted=com.google.protobuf:protobuf-java:jar:2.5.0:provided kept=com.google.protobuf:protobuf-java:jar:2.5.0:provided
[DEBUG]           testArtifact: artifact=org.slf4j:slf4j-api:jar:1.7.5:provided
[DEBUG]           omitForNearer: omitted=org.slf4j:slf4j-api:jar:1.7.5:provided kept=org.slf4j:slf4j-api:jar:1.7.7:compile
[DEBUG]           testArtifact: artifact=org.slf4j:slf4j-log4j12:jar:1.7.5:provided
[DEBUG]           omitForNearer: omitted=org.slf4j:slf4j-log4j12:jar:1.7.5:provided kept=org.slf4j:slf4j-log4j12:jar:1.7.5:provided
[DEBUG]         endProcessChildren: artifact=org.apache.hadoop:hadoop-mapreduce-client-jobclient:jar:2.6.5:provided
[DEBUG]         testArtifact: artifact=org.apache.hadoop:hadoop-annotations:jar:2.6.5:provided
[DEBUG]         omitForNearer: omitted=org.apache.hadoop:hadoop-annotations:jar:2.6.5:provided kept=org.apache.hadoop:hadoop-annotations:jar:2.6.5:provided
[DEBUG]         includeArtifact: artifact=org.apache.hadoop:hadoop-annotations:jar:2.6.5:provided
[DEBUG]         startProcessChildren: artifact=org.apache.hadoop:hadoop-annotations:jar:2.6.5:provided
[DEBUG]         endProcessChildren: artifact=org.apache.hadoop:hadoop-annotations:jar:2.6.5:provided
[DEBUG]       endProcessChildren: artifact=org.apache.hadoop:hadoop-client:jar:2.6.5:provided
[DEBUG]       testArtifact: artifact=org.apache.spark:spark-launcher_2.11:jar:2.2.0:provided
[DEBUG]       includeArtifact: artifact=org.apache.spark:spark-launcher_2.11:jar:2.2.0:provided
[DEBUG]       startProcessChildren: artifact=org.apache.spark:spark-launcher_2.11:jar:2.2.0:provided
[DEBUG]         testArtifact: artifact=org.apache.spark:spark-tags_2.11:jar:2.2.0:provided
[DEBUG]         omitForNearer: omitted=org.apache.spark:spark-tags_2.11:jar:2.2.0:provided kept=org.apache.spark:spark-tags_2.11:jar:2.2.0:provided
[DEBUG]         testArtifact: artifact=org.spark-project.spark:unused:jar:1.0.0:provided
[DEBUG]         omitForNearer: omitted=org.spark-project.spark:unused:jar:1.0.0:provided kept=org.spark-project.spark:unused:jar:1.0.0:provided
[DEBUG]       endProcessChildren: artifact=org.apache.spark:spark-launcher_2.11:jar:2.2.0:provided
[DEBUG]       testArtifact: artifact=org.apache.spark:spark-network-common_2.11:jar:2.2.0:provided
[DEBUG]       includeArtifact: artifact=org.apache.spark:spark-network-common_2.11:jar:2.2.0:provided
[DEBUG]       startProcessChildren: artifact=org.apache.spark:spark-network-common_2.11:jar:2.2.0:provided
[DEBUG]         testArtifact: artifact=io.netty:netty-all:jar:4.0.43.Final:provided
[DEBUG]         includeArtifact: artifact=io.netty:netty-all:jar:4.0.43.Final:provided
[DEBUG]         startProcessChildren: artifact=io.netty:netty-all:jar:4.0.43.Final:provided
[DEBUG]         endProcessChildren: artifact=io.netty:netty-all:jar:4.0.43.Final:provided
[DEBUG]         testArtifact: artifact=org.apache.commons:commons-lang3:jar:3.5:provided
[DEBUG]         includeArtifact: artifact=org.apache.commons:commons-lang3:jar:3.5:provided
[DEBUG]         startProcessChildren: artifact=org.apache.commons:commons-lang3:jar:3.5:provided
[DEBUG]         endProcessChildren: artifact=org.apache.commons:commons-lang3:jar:3.5:provided
[DEBUG]         testArtifact: artifact=org.fusesource.leveldbjni:leveldbjni-all:jar:1.8:provided
[DEBUG]         omitForNearer: omitted=org.fusesource.leveldbjni:leveldbjni-all:jar:1.8:provided kept=org.fusesource.leveldbjni:leveldbjni-all:jar:1.8:provided
[DEBUG]         includeArtifact: artifact=org.fusesource.leveldbjni:leveldbjni-all:jar:1.8:provided
[DEBUG]         startProcessChildren: artifact=org.fusesource.leveldbjni:leveldbjni-all:jar:1.8:provided
[DEBUG]         endProcessChildren: artifact=org.fusesource.leveldbjni:leveldbjni-all:jar:1.8:provided
[DEBUG]         testArtifact: artifact=com.fasterxml.jackson.core:jackson-databind:jar:2.6.5:provided
[DEBUG]         includeArtifact: artifact=com.fasterxml.jackson.core:jackson-databind:jar:2.6.5:provided
[DEBUG]         startProcessChildren: artifact=com.fasterxml.jackson.core:jackson-databind:jar:2.6.5:provided
[DEBUG]           testArtifact: artifact=com.fasterxml.jackson.core:jackson-annotations:jar:2.6.0:provided
[DEBUG]           includeArtifact: artifact=com.fasterxml.jackson.core:jackson-annotations:jar:2.6.0:provided
[DEBUG]           startProcessChildren: artifact=com.fasterxml.jackson.core:jackson-annotations:jar:2.6.0:provided
[DEBUG]           endProcessChildren: artifact=com.fasterxml.jackson.core:jackson-annotations:jar:2.6.0:provided
[DEBUG]           testArtifact: artifact=com.fasterxml.jackson.core:jackson-core:jar:2.6.5:provided
[DEBUG]           includeArtifact: artifact=com.fasterxml.jackson.core:jackson-core:jar:2.6.5:provided
[DEBUG]           startProcessChildren: artifact=com.fasterxml.jackson.core:jackson-core:jar:2.6.5:provided
[DEBUG]           endProcessChildren: artifact=com.fasterxml.jackson.core:jackson-core:jar:2.6.5:provided
[DEBUG]         endProcessChildren: artifact=com.fasterxml.jackson.core:jackson-databind:jar:2.6.5:provided
[DEBUG]         testArtifact: artifact=com.fasterxml.jackson.core:jackson-annotations:jar:2.6.5:provided
[DEBUG]         omitForNearer: omitted=com.fasterxml.jackson.core:jackson-annotations:jar:2.6.0:provided kept=com.fasterxml.jackson.core:jackson-annotations:jar:2.6.5:provided
[DEBUG]         includeArtifact: artifact=com.fasterxml.jackson.core:jackson-annotations:jar:2.6.5:provided
[DEBUG]         startProcessChildren: artifact=com.fasterxml.jackson.core:jackson-annotations:jar:2.6.5:provided
[DEBUG]         endProcessChildren: artifact=com.fasterxml.jackson.core:jackson-annotations:jar:2.6.5:provided
[DEBUG]         testArtifact: artifact=com.google.code.findbugs:jsr305:jar:1.3.9:provided
[DEBUG]         omitForNearer: omitted=com.google.code.findbugs:jsr305:jar:1.3.9:provided kept=com.google.code.findbugs:jsr305:jar:1.3.9:provided
[DEBUG]         includeArtifact: artifact=com.google.code.findbugs:jsr305:jar:1.3.9:provided
[DEBUG]         startProcessChildren: artifact=com.google.code.findbugs:jsr305:jar:1.3.9:provided
[DEBUG]         endProcessChildren: artifact=com.google.code.findbugs:jsr305:jar:1.3.9:provided
[DEBUG]         testArtifact: artifact=org.apache.commons:commons-crypto:jar:1.0.0:provided
[DEBUG]         includeArtifact: artifact=org.apache.commons:commons-crypto:jar:1.0.0:provided
[DEBUG]         startProcessChildren: artifact=org.apache.commons:commons-crypto:jar:1.0.0:provided
[DEBUG]         endProcessChildren: artifact=org.apache.commons:commons-crypto:jar:1.0.0:provided
[DEBUG]         testArtifact: artifact=org.apache.spark:spark-tags_2.11:jar:2.2.0:provided
[DEBUG]         omitForNearer: omitted=org.apache.spark:spark-tags_2.11:jar:2.2.0:provided kept=org.apache.spark:spark-tags_2.11:jar:2.2.0:provided
[DEBUG]         testArtifact: artifact=org.spark-project.spark:unused:jar:1.0.0:provided
[DEBUG]         omitForNearer: omitted=org.spark-project.spark:unused:jar:1.0.0:provided kept=org.spark-project.spark:unused:jar:1.0.0:provided
[DEBUG]       endProcessChildren: artifact=org.apache.spark:spark-network-common_2.11:jar:2.2.0:provided
[DEBUG]       testArtifact: artifact=org.apache.spark:spark-network-shuffle_2.11:jar:2.2.0:provided
[DEBUG]       includeArtifact: artifact=org.apache.spark:spark-network-shuffle_2.11:jar:2.2.0:provided
[DEBUG]       startProcessChildren: artifact=org.apache.spark:spark-network-shuffle_2.11:jar:2.2.0:provided
[DEBUG]         testArtifact: artifact=org.apache.spark:spark-network-common_2.11:jar:2.2.0:provided
[DEBUG]         omitForNearer: omitted=org.apache.spark:spark-network-common_2.11:jar:2.2.0:provided kept=org.apache.spark:spark-network-common_2.11:jar:2.2.0:provided
[DEBUG]         testArtifact: artifact=io.dropwizard.metrics:metrics-core:jar:3.1.2:provided
[DEBUG]         includeArtifact: artifact=io.dropwizard.metrics:metrics-core:jar:3.1.2:provided
[DEBUG]         startProcessChildren: artifact=io.dropwizard.metrics:metrics-core:jar:3.1.2:provided
[DEBUG]           testArtifact: artifact=org.slf4j:slf4j-api:jar:1.7.7:provided
[DEBUG]           omitForNearer: omitted=org.slf4j:slf4j-api:jar:1.7.7:provided kept=org.slf4j:slf4j-api:jar:1.7.7:compile
[DEBUG]         endProcessChildren: artifact=io.dropwizard.metrics:metrics-core:jar:3.1.2:provided
[DEBUG]         testArtifact: artifact=org.apache.spark:spark-tags_2.11:jar:2.2.0:provided
[DEBUG]         omitForNearer: omitted=org.apache.spark:spark-tags_2.11:jar:2.2.0:provided kept=org.apache.spark:spark-tags_2.11:jar:2.2.0:provided
[DEBUG]         testArtifact: artifact=org.spark-project.spark:unused:jar:1.0.0:provided
[DEBUG]         omitForNearer: omitted=org.spark-project.spark:unused:jar:1.0.0:provided kept=org.spark-project.spark:unused:jar:1.0.0:provided
[DEBUG]       endProcessChildren: artifact=org.apache.spark:spark-network-shuffle_2.11:jar:2.2.0:provided
[DEBUG]       testArtifact: artifact=org.apache.spark:spark-unsafe_2.11:jar:2.2.0:provided
[DEBUG]       includeArtifact: artifact=org.apache.spark:spark-unsafe_2.11:jar:2.2.0:provided
[DEBUG]       startProcessChildren: artifact=org.apache.spark:spark-unsafe_2.11:jar:2.2.0:provided
[DEBUG]         testArtifact: artifact=org.apache.spark:spark-tags_2.11:jar:2.2.0:provided
[DEBUG]         omitForNearer: omitted=org.apache.spark:spark-tags_2.11:jar:2.2.0:provided kept=org.apache.spark:spark-tags_2.11:jar:2.2.0:provided
[DEBUG]         testArtifact: artifact=com.twitter:chill_2.11:jar:0.8.0:provided
[DEBUG]         omitForNearer: omitted=com.twitter:chill_2.11:jar:0.8.0:provided kept=com.twitter:chill_2.11:jar:0.8.0:provided
[DEBUG]         testArtifact: artifact=com.google.code.findbugs:jsr305:jar:1.3.9:provided
[DEBUG]         omitForNearer: omitted=com.google.code.findbugs:jsr305:jar:1.3.9:provided kept=com.google.code.findbugs:jsr305:jar:1.3.9:provided
[DEBUG]         testArtifact: artifact=org.spark-project.spark:unused:jar:1.0.0:provided
[DEBUG]         omitForNearer: omitted=org.spark-project.spark:unused:jar:1.0.0:provided kept=org.spark-project.spark:unused:jar:1.0.0:provided
[DEBUG]       endProcessChildren: artifact=org.apache.spark:spark-unsafe_2.11:jar:2.2.0:provided
[DEBUG]       testArtifact: artifact=net.java.dev.jets3t:jets3t:jar:0.9.3:provided
[DEBUG]       includeArtifact: artifact=net.java.dev.jets3t:jets3t:jar:0.9.3:provided
[DEBUG]       startProcessChildren: artifact=net.java.dev.jets3t:jets3t:jar:0.9.3:provided
[DEBUG]         testArtifact: artifact=org.apache.httpcomponents:httpcore:jar:4.3.3:provided
[DEBUG]         omitForNearer: omitted=org.apache.httpcomponents:httpcore:jar:4.2.4:provided kept=org.apache.httpcomponents:httpcore:jar:4.3.3:provided
[DEBUG]         includeArtifact: artifact=org.apache.httpcomponents:httpcore:jar:4.3.3:provided
[DEBUG]         startProcessChildren: artifact=org.apache.httpcomponents:httpcore:jar:4.3.3:provided
[DEBUG]         endProcessChildren: artifact=org.apache.httpcomponents:httpcore:jar:4.3.3:provided
[DEBUG]         testArtifact: artifact=org.apache.httpcomponents:httpclient:jar:4.3.6:provided
[DEBUG]         omitForNearer: omitted=org.apache.httpcomponents:httpclient:jar:4.2.5:provided kept=org.apache.httpcomponents:httpclient:jar:4.3.6:provided
[DEBUG]         includeArtifact: artifact=org.apache.httpcomponents:httpclient:jar:4.3.6:provided
[DEBUG]         startProcessChildren: artifact=org.apache.httpcomponents:httpclient:jar:4.3.6:provided
[DEBUG]           testArtifact: artifact=org.apache.httpcomponents:httpcore:jar:4.3.3:provided
[DEBUG]           omitForNearer: omitted=org.apache.httpcomponents:httpcore:jar:4.3.3:provided kept=org.apache.httpcomponents:httpcore:jar:4.3.3:provided
[DEBUG]           testArtifact: artifact=commons-codec:commons-codec:jar:1.6:provided
[DEBUG]           omitForNearer: omitted=commons-codec:commons-codec:jar:1.6:provided kept=commons-codec:commons-codec:jar:1.4:provided
[DEBUG]         endProcessChildren: artifact=org.apache.httpcomponents:httpclient:jar:4.3.6:provided
[DEBUG]         testArtifact: artifact=commons-codec:commons-codec:jar:1.8:provided
[DEBUG]         omitForNearer: omitted=commons-codec:commons-codec:jar:1.4:provided kept=commons-codec:commons-codec:jar:1.8:provided
[DEBUG]         includeArtifact: artifact=commons-codec:commons-codec:jar:1.8:provided
[DEBUG]         startProcessChildren: artifact=commons-codec:commons-codec:jar:1.8:provided
[DEBUG]         endProcessChildren: artifact=commons-codec:commons-codec:jar:1.8:provided
[DEBUG]         testArtifact: artifact=org.codehaus.jackson:jackson-core-asl:jar:1.9.12:provided
[DEBUG]         omitForNearer: omitted=org.codehaus.jackson:jackson-core-asl:jar:1.9.12:provided kept=org.codehaus.jackson:jackson-core-asl:jar:1.9.13:provided
[DEBUG]         testArtifact: artifact=org.codehaus.jackson:jackson-mapper-asl:jar:1.9.12:provided
[DEBUG]         omitForNearer: omitted=org.codehaus.jackson:jackson-mapper-asl:jar:1.9.12:provided kept=org.codehaus.jackson:jackson-mapper-asl:jar:1.9.13:provided
[DEBUG]         testArtifact: artifact=javax.activation:activation:jar:1.1.1:provided
[DEBUG]         omitForNearer: omitted=javax.activation:activation:jar:1.1:provided kept=javax.activation:activation:jar:1.1.1:provided
[DEBUG]         includeArtifact: artifact=javax.activation:activation:jar:1.1.1:provided
[DEBUG]         startProcessChildren: artifact=javax.activation:activation:jar:1.1.1:provided
[DEBUG]         endProcessChildren: artifact=javax.activation:activation:jar:1.1.1:provided
[DEBUG]         testArtifact: artifact=mx4j:mx4j:jar:3.0.2:provided
[DEBUG]         includeArtifact: artifact=mx4j:mx4j:jar:3.0.2:provided
[DEBUG]         startProcessChildren: artifact=mx4j:mx4j:jar:3.0.2:provided
[DEBUG]         endProcessChildren: artifact=mx4j:mx4j:jar:3.0.2:provided
[DEBUG]         testArtifact: artifact=javax.mail:mail:jar:1.4.7:provided
[DEBUG]         includeArtifact: artifact=javax.mail:mail:jar:1.4.7:provided
[DEBUG]         startProcessChildren: artifact=javax.mail:mail:jar:1.4.7:provided
[DEBUG]           testArtifact: artifact=javax.activation:activation:jar:1.1:provided
[DEBUG]           omitForNearer: omitted=javax.activation:activation:jar:1.1:provided kept=javax.activation:activation:jar:1.1.1:provided
[DEBUG]         endProcessChildren: artifact=javax.mail:mail:jar:1.4.7:provided
[DEBUG]         testArtifact: artifact=org.bouncycastle:bcprov-jdk15on:jar:1.51:provided
[DEBUG]         includeArtifact: artifact=org.bouncycastle:bcprov-jdk15on:jar:1.51:provided
[DEBUG]         startProcessChildren: artifact=org.bouncycastle:bcprov-jdk15on:jar:1.51:provided
[DEBUG]         endProcessChildren: artifact=org.bouncycastle:bcprov-jdk15on:jar:1.51:provided
[DEBUG]         testArtifact: artifact=com.jamesmurty.utils:java-xmlbuilder:jar:1.0:provided
[DEBUG]         includeArtifact: artifact=com.jamesmurty.utils:java-xmlbuilder:jar:1.0:provided
[DEBUG]         startProcessChildren: artifact=com.jamesmurty.utils:java-xmlbuilder:jar:1.0:provided
[DEBUG]           testArtifact: artifact=net.iharder:base64:jar:2.3.8:provided
[DEBUG]           includeArtifact: artifact=net.iharder:base64:jar:2.3.8:provided
[DEBUG]           startProcessChildren: artifact=net.iharder:base64:jar:2.3.8:provided
[DEBUG]           endProcessChildren: artifact=net.iharder:base64:jar:2.3.8:provided
[DEBUG]         endProcessChildren: artifact=com.jamesmurty.utils:java-xmlbuilder:jar:1.0:provided
[DEBUG]       endProcessChildren: artifact=net.java.dev.jets3t:jets3t:jar:0.9.3:provided
[DEBUG]       testArtifact: artifact=org.apache.curator:curator-recipes:jar:2.6.0:provided
[DEBUG]       omitForNearer: omitted=org.apache.curator:curator-recipes:jar:2.6.0:provided kept=org.apache.curator:curator-recipes:jar:2.6.0:provided
[DEBUG]       includeArtifact: artifact=org.apache.curator:curator-recipes:jar:2.6.0:provided
[DEBUG]       startProcessChildren: artifact=org.apache.curator:curator-recipes:jar:2.6.0:provided
[DEBUG]         testArtifact: artifact=org.apache.curator:curator-framework:jar:2.6.0:provided
[DEBUG]         omitForNearer: omitted=org.apache.curator:curator-framework:jar:2.6.0:provided kept=org.apache.curator:curator-framework:jar:2.6.0:provided
[DEBUG]         includeArtifact: artifact=org.apache.curator:curator-framework:jar:2.6.0:provided
[DEBUG]         startProcessChildren: artifact=org.apache.curator:curator-framework:jar:2.6.0:provided
[DEBUG]           testArtifact: artifact=org.apache.curator:curator-client:jar:2.6.0:provided
[DEBUG]           omitForNearer: omitted=org.apache.curator:curator-client:jar:2.6.0:provided kept=org.apache.curator:curator-client:jar:2.6.0:provided
[DEBUG]           testArtifact: artifact=org.apache.zookeeper:zookeeper:jar:3.4.6:provided
[DEBUG]           omitForNearer: omitted=org.apache.zookeeper:zookeeper:jar:3.4.6:provided kept=org.apache.zookeeper:zookeeper:jar:3.4.6:provided
[DEBUG]           testArtifact: artifact=com.google.guava:guava:jar:16.0.1:provided
[DEBUG]           omitForNearer: omitted=com.google.guava:guava:jar:16.0.1:provided kept=com.google.guava:guava:jar:11.0.2:provided
[DEBUG]         endProcessChildren: artifact=org.apache.curator:curator-framework:jar:2.6.0:provided
[DEBUG]         testArtifact: artifact=org.apache.zookeeper:zookeeper:jar:3.4.6:provided
[DEBUG]         omitForNearer: omitted=org.apache.zookeeper:zookeeper:jar:3.4.6:provided kept=org.apache.zookeeper:zookeeper:jar:3.4.6:provided
[DEBUG]         includeArtifact: artifact=org.apache.zookeeper:zookeeper:jar:3.4.6:provided
[DEBUG]         startProcessChildren: artifact=org.apache.zookeeper:zookeeper:jar:3.4.6:provided
[DEBUG]           testArtifact: artifact=org.slf4j:slf4j-api:jar:1.6.1:provided
[DEBUG]           omitForNearer: omitted=org.slf4j:slf4j-api:jar:1.6.1:provided kept=org.slf4j:slf4j-api:jar:1.7.7:compile
[DEBUG]           testArtifact: artifact=log4j:log4j:jar:1.2.16:provided
[DEBUG]           omitForNearer: omitted=log4j:log4j:jar:1.2.16:provided kept=log4j:log4j:jar:1.2.17:provided
[DEBUG]           testArtifact: artifact=io.netty:netty:jar:3.7.0.Final:provided
[DEBUG]           omitForNearer: omitted=io.netty:netty:jar:3.7.0.Final:provided kept=io.netty:netty:jar:3.6.2.Final:provided
[DEBUG]         endProcessChildren: artifact=org.apache.zookeeper:zookeeper:jar:3.4.6:provided
[DEBUG]         testArtifact: artifact=com.google.guava:guava:jar:16.0.1:provided
[DEBUG]         omitForNearer: omitted=com.google.guava:guava:jar:11.0.2:provided kept=com.google.guava:guava:jar:16.0.1:provided
[DEBUG]         includeArtifact: artifact=com.google.guava:guava:jar:16.0.1:provided
[DEBUG]         startProcessChildren: artifact=com.google.guava:guava:jar:16.0.1:provided
[DEBUG]         endProcessChildren: artifact=com.google.guava:guava:jar:16.0.1:provided
[DEBUG]       endProcessChildren: artifact=org.apache.curator:curator-recipes:jar:2.6.0:provided
[DEBUG]       testArtifact: artifact=javax.servlet:javax.servlet-api:jar:3.1.0:provided
[DEBUG]       includeArtifact: artifact=javax.servlet:javax.servlet-api:jar:3.1.0:provided
[DEBUG]       startProcessChildren: artifact=javax.servlet:javax.servlet-api:jar:3.1.0:provided
[DEBUG]       endProcessChildren: artifact=javax.servlet:javax.servlet-api:jar:3.1.0:provided
[DEBUG]       testArtifact: artifact=org.apache.commons:commons-lang3:jar:3.5:provided
[DEBUG]       omitForNearer: omitted=org.apache.commons:commons-lang3:jar:3.5:provided kept=org.apache.commons:commons-lang3:jar:3.5:provided
[DEBUG]       includeArtifact: artifact=org.apache.commons:commons-lang3:jar:3.5:provided
[DEBUG]       startProcessChildren: artifact=org.apache.commons:commons-lang3:jar:3.5:provided
[DEBUG]       endProcessChildren: artifact=org.apache.commons:commons-lang3:jar:3.5:provided
[DEBUG]       testArtifact: artifact=org.apache.commons:commons-math3:jar:3.4.1:provided
[DEBUG]       omitForNearer: omitted=org.apache.commons:commons-math3:jar:3.1.1:provided kept=org.apache.commons:commons-math3:jar:3.4.1:provided
[DEBUG]       includeArtifact: artifact=org.apache.commons:commons-math3:jar:3.4.1:provided
[DEBUG]       startProcessChildren: artifact=org.apache.commons:commons-math3:jar:3.4.1:provided
[DEBUG]       endProcessChildren: artifact=org.apache.commons:commons-math3:jar:3.4.1:provided
[DEBUG]       testArtifact: artifact=com.google.code.findbugs:jsr305:jar:1.3.9:provided
[DEBUG]       omitForNearer: omitted=com.google.code.findbugs:jsr305:jar:1.3.9:provided kept=com.google.code.findbugs:jsr305:jar:1.3.9:provided
[DEBUG]       includeArtifact: artifact=com.google.code.findbugs:jsr305:jar:1.3.9:provided
[DEBUG]       startProcessChildren: artifact=com.google.code.findbugs:jsr305:jar:1.3.9:provided
[DEBUG]       endProcessChildren: artifact=com.google.code.findbugs:jsr305:jar:1.3.9:provided
[DEBUG]       testArtifact: artifact=org.slf4j:slf4j-api:jar:1.7.16:provided
[DEBUG]       omitForNearer: omitted=org.slf4j:slf4j-api:jar:1.7.16:provided kept=org.slf4j:slf4j-api:jar:1.7.7:compile
[DEBUG]       testArtifact: artifact=org.slf4j:jul-to-slf4j:jar:1.7.16:provided
[DEBUG]       includeArtifact: artifact=org.slf4j:jul-to-slf4j:jar:1.7.16:provided
[DEBUG]       startProcessChildren: artifact=org.slf4j:jul-to-slf4j:jar:1.7.16:provided
[DEBUG]         testArtifact: artifact=org.slf4j:slf4j-api:jar:1.7.16:provided
[DEBUG]         omitForNearer: omitted=org.slf4j:slf4j-api:jar:1.7.16:provided kept=org.slf4j:slf4j-api:jar:1.7.7:compile
[DEBUG]       endProcessChildren: artifact=org.slf4j:jul-to-slf4j:jar:1.7.16:provided
[DEBUG]       testArtifact: artifact=org.slf4j:jcl-over-slf4j:jar:1.7.16:provided
[DEBUG]       includeArtifact: artifact=org.slf4j:jcl-over-slf4j:jar:1.7.16:provided
[DEBUG]       startProcessChildren: artifact=org.slf4j:jcl-over-slf4j:jar:1.7.16:provided
[DEBUG]         testArtifact: artifact=org.slf4j:slf4j-api:jar:1.7.16:provided
[DEBUG]         omitForNearer: omitted=org.slf4j:slf4j-api:jar:1.7.16:provided kept=org.slf4j:slf4j-api:jar:1.7.7:compile
[DEBUG]       endProcessChildren: artifact=org.slf4j:jcl-over-slf4j:jar:1.7.16:provided
[DEBUG]       testArtifact: artifact=log4j:log4j:jar:1.2.17:provided
[DEBUG]       omitForNearer: omitted=log4j:log4j:jar:1.2.17:provided kept=log4j:log4j:jar:1.2.17:provided
[DEBUG]       includeArtifact: artifact=log4j:log4j:jar:1.2.17:provided
[DEBUG]       startProcessChildren: artifact=log4j:log4j:jar:1.2.17:provided
[DEBUG]       endProcessChildren: artifact=log4j:log4j:jar:1.2.17:provided
[DEBUG]       testArtifact: artifact=org.slf4j:slf4j-log4j12:jar:1.7.16:provided
[DEBUG]       omitForNearer: omitted=org.slf4j:slf4j-log4j12:jar:1.7.5:provided kept=org.slf4j:slf4j-log4j12:jar:1.7.16:provided
[DEBUG]       includeArtifact: artifact=org.slf4j:slf4j-log4j12:jar:1.7.16:provided
[DEBUG]       startProcessChildren: artifact=org.slf4j:slf4j-log4j12:jar:1.7.16:provided
[DEBUG]         testArtifact: artifact=org.slf4j:slf4j-api:jar:1.7.16:provided
[DEBUG]         omitForNearer: omitted=org.slf4j:slf4j-api:jar:1.7.16:provided kept=org.slf4j:slf4j-api:jar:1.7.7:compile
[DEBUG]         testArtifact: artifact=log4j:log4j:jar:1.2.17:provided
[DEBUG]         omitForNearer: omitted=log4j:log4j:jar:1.2.17:provided kept=log4j:log4j:jar:1.2.17:provided
[DEBUG]       endProcessChildren: artifact=org.slf4j:slf4j-log4j12:jar:1.7.16:provided
[DEBUG]       testArtifact: artifact=com.ning:compress-lzf:jar:1.0.3:provided
[DEBUG]       includeArtifact: artifact=com.ning:compress-lzf:jar:1.0.3:provided
[DEBUG]       startProcessChildren: artifact=com.ning:compress-lzf:jar:1.0.3:provided
[DEBUG]       endProcessChildren: artifact=com.ning:compress-lzf:jar:1.0.3:provided
[DEBUG]       testArtifact: artifact=org.xerial.snappy:snappy-java:jar:1.1.2.6:provided
[DEBUG]       omitForNearer: omitted=org.xerial.snappy:snappy-java:jar:1.0.5:provided kept=org.xerial.snappy:snappy-java:jar:1.1.2.6:provided
[DEBUG]       includeArtifact: artifact=org.xerial.snappy:snappy-java:jar:1.1.2.6:provided
[DEBUG]       startProcessChildren: artifact=org.xerial.snappy:snappy-java:jar:1.1.2.6:provided
[DEBUG]       endProcessChildren: artifact=org.xerial.snappy:snappy-java:jar:1.1.2.6:provided
[DEBUG]       testArtifact: artifact=net.jpountz.lz4:lz4:jar:1.3.0:provided
[DEBUG]       includeArtifact: artifact=net.jpountz.lz4:lz4:jar:1.3.0:provided
[DEBUG]       startProcessChildren: artifact=net.jpountz.lz4:lz4:jar:1.3.0:provided
[DEBUG]       endProcessChildren: artifact=net.jpountz.lz4:lz4:jar:1.3.0:provided
[DEBUG]       testArtifact: artifact=org.roaringbitmap:RoaringBitmap:jar:0.5.11:provided
[DEBUG]       includeArtifact: artifact=org.roaringbitmap:RoaringBitmap:jar:0.5.11:provided
[DEBUG]       startProcessChildren: artifact=org.roaringbitmap:RoaringBitmap:jar:0.5.11:provided
[DEBUG]       endProcessChildren: artifact=org.roaringbitmap:RoaringBitmap:jar:0.5.11:provided
[DEBUG]       testArtifact: artifact=commons-net:commons-net:jar:2.2:provided
[DEBUG]       omitForNearer: omitted=commons-net:commons-net:jar:3.1:provided kept=commons-net:commons-net:jar:2.2:provided
[DEBUG]       includeArtifact: artifact=commons-net:commons-net:jar:2.2:provided
[DEBUG]       startProcessChildren: artifact=commons-net:commons-net:jar:2.2:provided
[DEBUG]       endProcessChildren: artifact=commons-net:commons-net:jar:2.2:provided
[DEBUG]       testArtifact: artifact=org.scala-lang:scala-library:jar:2.11.8:provided
[DEBUG]       omitForNearer: omitted=org.scala-lang:scala-library:jar:2.11.8:provided kept=org.scala-lang:scala-library:jar:2.11.11:compile
[DEBUG]       testArtifact: artifact=org.json4s:json4s-jackson_2.11:jar:3.2.11:provided
[DEBUG]       includeArtifact: artifact=org.json4s:json4s-jackson_2.11:jar:3.2.11:provided
[DEBUG]       startProcessChildren: artifact=org.json4s:json4s-jackson_2.11:jar:3.2.11:provided
[DEBUG]         testArtifact: artifact=org.scala-lang:scala-library:jar:2.11.0:provided
[DEBUG]         omitForNearer: omitted=org.scala-lang:scala-library:jar:2.11.0:provided kept=org.scala-lang:scala-library:jar:2.11.11:compile
[DEBUG]         testArtifact: artifact=org.json4s:json4s-core_2.11:jar:3.2.11:provided
[DEBUG]         includeArtifact: artifact=org.json4s:json4s-core_2.11:jar:3.2.11:provided
[DEBUG]         startProcessChildren: artifact=org.json4s:json4s-core_2.11:jar:3.2.11:provided
[DEBUG]           testArtifact: artifact=org.scala-lang:scala-library:jar:2.11.0:provided
[DEBUG]           omitForNearer: omitted=org.scala-lang:scala-library:jar:2.11.0:provided kept=org.scala-lang:scala-library:jar:2.11.11:compile
[DEBUG]           testArtifact: artifact=org.json4s:json4s-ast_2.11:jar:3.2.11:provided
[DEBUG]           includeArtifact: artifact=org.json4s:json4s-ast_2.11:jar:3.2.11:provided
[DEBUG]           startProcessChildren: artifact=org.json4s:json4s-ast_2.11:jar:3.2.11:provided
[DEBUG]             testArtifact: artifact=org.scala-lang:scala-library:jar:2.11.0:provided
[DEBUG]             omitForNearer: omitted=org.scala-lang:scala-library:jar:2.11.0:provided kept=org.scala-lang:scala-library:jar:2.11.11:compile
[DEBUG]           endProcessChildren: artifact=org.json4s:json4s-ast_2.11:jar:3.2.11:provided
[DEBUG]           testArtifact: artifact=com.thoughtworks.paranamer:paranamer:jar:2.6:provided
[DEBUG]           omitForNearer: omitted=com.thoughtworks.paranamer:paranamer:jar:2.6:provided kept=com.thoughtworks.paranamer:paranamer:jar:2.3:provided
[DEBUG]           testArtifact: artifact=org.scala-lang:scalap:jar:2.11.0:provided
[DEBUG]           includeArtifact: artifact=org.scala-lang:scalap:jar:2.11.0:provided
[DEBUG]           startProcessChildren: artifact=org.scala-lang:scalap:jar:2.11.0:provided
[DEBUG]             testArtifact: artifact=org.scala-lang:scala-compiler:jar:2.11.0:provided
[DEBUG]             includeArtifact: artifact=org.scala-lang:scala-compiler:jar:2.11.0:provided
[DEBUG]             startProcessChildren: artifact=org.scala-lang:scala-compiler:jar:2.11.0:provided
[DEBUG]               testArtifact: artifact=org.scala-lang:scala-library:jar:2.11.0:provided
[DEBUG]               omitForNearer: omitted=org.scala-lang:scala-library:jar:2.11.0:provided kept=org.scala-lang:scala-library:jar:2.11.11:compile
[DEBUG]               testArtifact: artifact=org.scala-lang:scala-reflect:jar:2.11.0:provided
[DEBUG]               omitForNearer: omitted=org.scala-lang:scala-reflect:jar:2.11.0:provided kept=org.scala-lang:scala-reflect:jar:2.11.12:test
[DEBUG]               testArtifact: artifact=org.scala-lang.modules:scala-xml_2.11:jar:1.0.1:provided
[DEBUG]               omitForNearer: omitted=org.scala-lang.modules:scala-xml_2.11:jar:1.0.1:provided kept=org.scala-lang.modules:scala-xml_2.11:jar:1.0.6:test
[DEBUG]               testArtifact: artifact=org.scala-lang.modules:scala-parser-combinators_2.11:jar:1.0.1:provided
[DEBUG]               includeArtifact: artifact=org.scala-lang.modules:scala-parser-combinators_2.11:jar:1.0.1:provided
[DEBUG]               startProcessChildren: artifact=org.scala-lang.modules:scala-parser-combinators_2.11:jar:1.0.1:provided
[DEBUG]                 testArtifact: artifact=org.scala-lang:scala-library:jar:2.11.0:provided
[DEBUG]                 omitForNearer: omitted=org.scala-lang:scala-library:jar:2.11.0:provided kept=org.scala-lang:scala-library:jar:2.11.11:compile
[DEBUG]               endProcessChildren: artifact=org.scala-lang.modules:scala-parser-combinators_2.11:jar:1.0.1:provided
[DEBUG]             endProcessChildren: artifact=org.scala-lang:scala-compiler:jar:2.11.0:provided
[DEBUG]           endProcessChildren: artifact=org.scala-lang:scalap:jar:2.11.0:provided
[DEBUG]         endProcessChildren: artifact=org.json4s:json4s-core_2.11:jar:3.2.11:provided
[DEBUG]         testArtifact: artifact=com.fasterxml.jackson.core:jackson-databind:jar:2.3.1:provided
[DEBUG]         omitForNearer: omitted=com.fasterxml.jackson.core:jackson-databind:jar:2.3.1:provided kept=com.fasterxml.jackson.core:jackson-databind:jar:2.6.5:provided
[DEBUG]       endProcessChildren: artifact=org.json4s:json4s-jackson_2.11:jar:3.2.11:provided
[DEBUG]       testArtifact: artifact=org.glassfish.jersey.core:jersey-client:jar:2.22.2:provided
[DEBUG]       includeArtifact: artifact=org.glassfish.jersey.core:jersey-client:jar:2.22.2:provided
[DEBUG]       startProcessChildren: artifact=org.glassfish.jersey.core:jersey-client:jar:2.22.2:provided
[DEBUG]         testArtifact: artifact=javax.ws.rs:javax.ws.rs-api:jar:2.0.1:provided
[DEBUG]         includeArtifact: artifact=javax.ws.rs:javax.ws.rs-api:jar:2.0.1:provided
[DEBUG]         startProcessChildren: artifact=javax.ws.rs:javax.ws.rs-api:jar:2.0.1:provided
[DEBUG]         endProcessChildren: artifact=javax.ws.rs:javax.ws.rs-api:jar:2.0.1:provided
[DEBUG]         testArtifact: artifact=org.glassfish.jersey.core:jersey-common:jar:2.22.2:provided
[DEBUG]         includeArtifact: artifact=org.glassfish.jersey.core:jersey-common:jar:2.22.2:provided
[DEBUG]         startProcessChildren: artifact=org.glassfish.jersey.core:jersey-common:jar:2.22.2:provided
[DEBUG]           testArtifact: artifact=javax.ws.rs:javax.ws.rs-api:jar:2.0.1:provided
[DEBUG]           omitForNearer: omitted=javax.ws.rs:javax.ws.rs-api:jar:2.0.1:provided kept=javax.ws.rs:javax.ws.rs-api:jar:2.0.1:provided
[DEBUG]           testArtifact: artifact=javax.annotation:javax.annotation-api:jar:1.2:provided
[DEBUG]           includeArtifact: artifact=javax.annotation:javax.annotation-api:jar:1.2:provided
[DEBUG]           startProcessChildren: artifact=javax.annotation:javax.annotation-api:jar:1.2:provided
[DEBUG]           endProcessChildren: artifact=javax.annotation:javax.annotation-api:jar:1.2:provided
[DEBUG]           testArtifact: artifact=org.glassfish.jersey.bundles.repackaged:jersey-guava:jar:2.22.2:provided
[DEBUG]           includeArtifact: artifact=org.glassfish.jersey.bundles.repackaged:jersey-guava:jar:2.22.2:provided
[DEBUG]           startProcessChildren: artifact=org.glassfish.jersey.bundles.repackaged:jersey-guava:jar:2.22.2:provided
[DEBUG]           endProcessChildren: artifact=org.glassfish.jersey.bundles.repackaged:jersey-guava:jar:2.22.2:provided
[DEBUG]           testArtifact: artifact=org.glassfish.hk2:hk2-api:jar:2.4.0-b34:provided
[DEBUG]           includeArtifact: artifact=org.glassfish.hk2:hk2-api:jar:2.4.0-b34:provided
[DEBUG]           startProcessChildren: artifact=org.glassfish.hk2:hk2-api:jar:2.4.0-b34:provided
[DEBUG]             testArtifact: artifact=org.glassfish.hk2:hk2-utils:jar:2.4.0-b34:provided
[DEBUG]             includeArtifact: artifact=org.glassfish.hk2:hk2-utils:jar:2.4.0-b34:provided
[DEBUG]             startProcessChildren: artifact=org.glassfish.hk2:hk2-utils:jar:2.4.0-b34:provided
[DEBUG]             endProcessChildren: artifact=org.glassfish.hk2:hk2-utils:jar:2.4.0-b34:provided
[DEBUG]             testArtifact: artifact=org.glassfish.hk2.external:aopalliance-repackaged:jar:2.4.0-b34:provided
[DEBUG]             includeArtifact: artifact=org.glassfish.hk2.external:aopalliance-repackaged:jar:2.4.0-b34:provided
[DEBUG]             startProcessChildren: artifact=org.glassfish.hk2.external:aopalliance-repackaged:jar:2.4.0-b34:provided
[DEBUG]             endProcessChildren: artifact=org.glassfish.hk2.external:aopalliance-repackaged:jar:2.4.0-b34:provided
[DEBUG]           endProcessChildren: artifact=org.glassfish.hk2:hk2-api:jar:2.4.0-b34:provided
[DEBUG]           testArtifact: artifact=org.glassfish.hk2.external:javax.inject:jar:2.4.0-b34:provided
[DEBUG]           includeArtifact: artifact=org.glassfish.hk2.external:javax.inject:jar:2.4.0-b34:provided
[DEBUG]           startProcessChildren: artifact=org.glassfish.hk2.external:javax.inject:jar:2.4.0-b34:provided
[DEBUG]           endProcessChildren: artifact=org.glassfish.hk2.external:javax.inject:jar:2.4.0-b34:provided
[DEBUG]           testArtifact: artifact=org.glassfish.hk2:hk2-locator:jar:2.4.0-b34:provided
[DEBUG]           includeArtifact: artifact=org.glassfish.hk2:hk2-locator:jar:2.4.0-b34:provided
[DEBUG]           startProcessChildren: artifact=org.glassfish.hk2:hk2-locator:jar:2.4.0-b34:provided
[DEBUG]             testArtifact: artifact=org.glassfish.hk2.external:javax.inject:jar:2.4.0-b34:provided
[DEBUG]             omitForNearer: omitted=org.glassfish.hk2.external:javax.inject:jar:2.4.0-b34:provided kept=org.glassfish.hk2.external:javax.inject:jar:2.4.0-b34:provided
[DEBUG]             testArtifact: artifact=org.glassfish.hk2.external:aopalliance-repackaged:jar:2.4.0-b34:provided
[DEBUG]             omitForNearer: omitted=org.glassfish.hk2.external:aopalliance-repackaged:jar:2.4.0-b34:provided kept=org.glassfish.hk2.external:aopalliance-repackaged:jar:2.4.0-b34:provided
[DEBUG]             testArtifact: artifact=org.glassfish.hk2:hk2-api:jar:2.4.0-b34:provided
[DEBUG]             omitForNearer: omitted=org.glassfish.hk2:hk2-api:jar:2.4.0-b34:provided kept=org.glassfish.hk2:hk2-api:jar:2.4.0-b34:provided
[DEBUG]             testArtifact: artifact=org.glassfish.hk2:hk2-utils:jar:2.4.0-b34:provided
[DEBUG]             omitForNearer: omitted=org.glassfish.hk2:hk2-utils:jar:2.4.0-b34:provided kept=org.glassfish.hk2:hk2-utils:jar:2.4.0-b34:provided
[DEBUG]             testArtifact: artifact=org.javassist:javassist:jar:3.18.1-GA:provided
[DEBUG]             includeArtifact: artifact=org.javassist:javassist:jar:3.18.1-GA:provided
[DEBUG]             startProcessChildren: artifact=org.javassist:javassist:jar:3.18.1-GA:provided
[DEBUG]             endProcessChildren: artifact=org.javassist:javassist:jar:3.18.1-GA:provided
[DEBUG]           endProcessChildren: artifact=org.glassfish.hk2:hk2-locator:jar:2.4.0-b34:provided
[DEBUG]           testArtifact: artifact=org.glassfish.hk2:osgi-resource-locator:jar:1.0.1:provided
[DEBUG]           includeArtifact: artifact=org.glassfish.hk2:osgi-resource-locator:jar:1.0.1:provided
[DEBUG]           startProcessChildren: artifact=org.glassfish.hk2:osgi-resource-locator:jar:1.0.1:provided
[DEBUG]           endProcessChildren: artifact=org.glassfish.hk2:osgi-resource-locator:jar:1.0.1:provided
[DEBUG]         endProcessChildren: artifact=org.glassfish.jersey.core:jersey-common:jar:2.22.2:provided
[DEBUG]         testArtifact: artifact=org.glassfish.hk2:hk2-api:jar:2.4.0-b34:provided
[DEBUG]         omitForNearer: omitted=org.glassfish.hk2:hk2-api:jar:2.4.0-b34:provided kept=org.glassfish.hk2:hk2-api:jar:2.4.0-b34:provided
[DEBUG]         includeArtifact: artifact=org.glassfish.hk2:hk2-api:jar:2.4.0-b34:provided
[DEBUG]         startProcessChildren: artifact=org.glassfish.hk2:hk2-api:jar:2.4.0-b34:provided
[DEBUG]           testArtifact: artifact=org.glassfish.hk2:hk2-utils:jar:2.4.0-b34:provided
[DEBUG]           includeArtifact: artifact=org.glassfish.hk2:hk2-utils:jar:2.4.0-b34:provided
[DEBUG]           startProcessChildren: artifact=org.glassfish.hk2:hk2-utils:jar:2.4.0-b34:provided
[DEBUG]           endProcessChildren: artifact=org.glassfish.hk2:hk2-utils:jar:2.4.0-b34:provided
[DEBUG]           testArtifact: artifact=org.glassfish.hk2.external:aopalliance-repackaged:jar:2.4.0-b34:provided
[DEBUG]           includeArtifact: artifact=org.glassfish.hk2.external:aopalliance-repackaged:jar:2.4.0-b34:provided
[DEBUG]           startProcessChildren: artifact=org.glassfish.hk2.external:aopalliance-repackaged:jar:2.4.0-b34:provided
[DEBUG]           endProcessChildren: artifact=org.glassfish.hk2.external:aopalliance-repackaged:jar:2.4.0-b34:provided
[DEBUG]         endProcessChildren: artifact=org.glassfish.hk2:hk2-api:jar:2.4.0-b34:provided
[DEBUG]         testArtifact: artifact=org.glassfish.hk2.external:javax.inject:jar:2.4.0-b34:provided
[DEBUG]         omitForNearer: omitted=org.glassfish.hk2.external:javax.inject:jar:2.4.0-b34:provided kept=org.glassfish.hk2.external:javax.inject:jar:2.4.0-b34:provided
[DEBUG]         includeArtifact: artifact=org.glassfish.hk2.external:javax.inject:jar:2.4.0-b34:provided
[DEBUG]         startProcessChildren: artifact=org.glassfish.hk2.external:javax.inject:jar:2.4.0-b34:provided
[DEBUG]         endProcessChildren: artifact=org.glassfish.hk2.external:javax.inject:jar:2.4.0-b34:provided
[DEBUG]         testArtifact: artifact=org.glassfish.hk2:hk2-locator:jar:2.4.0-b34:provided
[DEBUG]         omitForNearer: omitted=org.glassfish.hk2:hk2-locator:jar:2.4.0-b34:provided kept=org.glassfish.hk2:hk2-locator:jar:2.4.0-b34:provided
[DEBUG]         includeArtifact: artifact=org.glassfish.hk2:hk2-locator:jar:2.4.0-b34:provided
[DEBUG]         startProcessChildren: artifact=org.glassfish.hk2:hk2-locator:jar:2.4.0-b34:provided
[DEBUG]           testArtifact: artifact=org.glassfish.hk2.external:javax.inject:jar:2.4.0-b34:provided
[DEBUG]           omitForNearer: omitted=org.glassfish.hk2.external:javax.inject:jar:2.4.0-b34:provided kept=org.glassfish.hk2.external:javax.inject:jar:2.4.0-b34:provided
[DEBUG]           testArtifact: artifact=org.glassfish.hk2.external:aopalliance-repackaged:jar:2.4.0-b34:provided
[DEBUG]           omitForNearer: omitted=org.glassfish.hk2.external:aopalliance-repackaged:jar:2.4.0-b34:provided kept=org.glassfish.hk2.external:aopalliance-repackaged:jar:2.4.0-b34:provided
[DEBUG]           testArtifact: artifact=org.glassfish.hk2:hk2-api:jar:2.4.0-b34:provided
[DEBUG]           omitForNearer: omitted=org.glassfish.hk2:hk2-api:jar:2.4.0-b34:provided kept=org.glassfish.hk2:hk2-api:jar:2.4.0-b34:provided
[DEBUG]           testArtifact: artifact=org.glassfish.hk2:hk2-utils:jar:2.4.0-b34:provided
[DEBUG]           omitForNearer: omitted=org.glassfish.hk2:hk2-utils:jar:2.4.0-b34:provided kept=org.glassfish.hk2:hk2-utils:jar:2.4.0-b34:provided
[DEBUG]           testArtifact: artifact=org.javassist:javassist:jar:3.18.1-GA:provided
[DEBUG]           includeArtifact: artifact=org.javassist:javassist:jar:3.18.1-GA:provided
[DEBUG]           startProcessChildren: artifact=org.javassist:javassist:jar:3.18.1-GA:provided
[DEBUG]           endProcessChildren: artifact=org.javassist:javassist:jar:3.18.1-GA:provided
[DEBUG]         endProcessChildren: artifact=org.glassfish.hk2:hk2-locator:jar:2.4.0-b34:provided
[DEBUG]       endProcessChildren: artifact=org.glassfish.jersey.core:jersey-client:jar:2.22.2:provided
[DEBUG]       testArtifact: artifact=org.glassfish.jersey.core:jersey-common:jar:2.22.2:provided
[DEBUG]       omitForNearer: omitted=org.glassfish.jersey.core:jersey-common:jar:2.22.2:provided kept=org.glassfish.jersey.core:jersey-common:jar:2.22.2:provided
[DEBUG]       includeArtifact: artifact=org.glassfish.jersey.core:jersey-common:jar:2.22.2:provided
[DEBUG]       startProcessChildren: artifact=org.glassfish.jersey.core:jersey-common:jar:2.22.2:provided
[DEBUG]         testArtifact: artifact=javax.ws.rs:javax.ws.rs-api:jar:2.0.1:provided
[DEBUG]         omitForNearer: omitted=javax.ws.rs:javax.ws.rs-api:jar:2.0.1:provided kept=javax.ws.rs:javax.ws.rs-api:jar:2.0.1:provided
[DEBUG]         testArtifact: artifact=javax.annotation:javax.annotation-api:jar:1.2:provided
[DEBUG]         includeArtifact: artifact=javax.annotation:javax.annotation-api:jar:1.2:provided
[DEBUG]         startProcessChildren: artifact=javax.annotation:javax.annotation-api:jar:1.2:provided
[DEBUG]         endProcessChildren: artifact=javax.annotation:javax.annotation-api:jar:1.2:provided
[DEBUG]         testArtifact: artifact=org.glassfish.jersey.bundles.repackaged:jersey-guava:jar:2.22.2:provided
[DEBUG]         includeArtifact: artifact=org.glassfish.jersey.bundles.repackaged:jersey-guava:jar:2.22.2:provided
[DEBUG]         startProcessChildren: artifact=org.glassfish.jersey.bundles.repackaged:jersey-guava:jar:2.22.2:provided
[DEBUG]         endProcessChildren: artifact=org.glassfish.jersey.bundles.repackaged:jersey-guava:jar:2.22.2:provided
[DEBUG]         testArtifact: artifact=org.glassfish.hk2:hk2-api:jar:2.4.0-b34:provided
[DEBUG]         omitForNearer: omitted=org.glassfish.hk2:hk2-api:jar:2.4.0-b34:provided kept=org.glassfish.hk2:hk2-api:jar:2.4.0-b34:provided
[DEBUG]         testArtifact: artifact=org.glassfish.hk2.external:javax.inject:jar:2.4.0-b34:provided
[DEBUG]         omitForNearer: omitted=org.glassfish.hk2.external:javax.inject:jar:2.4.0-b34:provided kept=org.glassfish.hk2.external:javax.inject:jar:2.4.0-b34:provided
[DEBUG]         testArtifact: artifact=org.glassfish.hk2:hk2-locator:jar:2.4.0-b34:provided
[DEBUG]         omitForNearer: omitted=org.glassfish.hk2:hk2-locator:jar:2.4.0-b34:provided kept=org.glassfish.hk2:hk2-locator:jar:2.4.0-b34:provided
[DEBUG]         testArtifact: artifact=org.glassfish.hk2:osgi-resource-locator:jar:1.0.1:provided
[DEBUG]         includeArtifact: artifact=org.glassfish.hk2:osgi-resource-locator:jar:1.0.1:provided
[DEBUG]         startProcessChildren: artifact=org.glassfish.hk2:osgi-resource-locator:jar:1.0.1:provided
[DEBUG]         endProcessChildren: artifact=org.glassfish.hk2:osgi-resource-locator:jar:1.0.1:provided
[DEBUG]       endProcessChildren: artifact=org.glassfish.jersey.core:jersey-common:jar:2.22.2:provided
[DEBUG]       testArtifact: artifact=org.glassfish.jersey.core:jersey-server:jar:2.22.2:provided
[DEBUG]       includeArtifact: artifact=org.glassfish.jersey.core:jersey-server:jar:2.22.2:provided
[DEBUG]       startProcessChildren: artifact=org.glassfish.jersey.core:jersey-server:jar:2.22.2:provided
[DEBUG]         testArtifact: artifact=org.glassfish.jersey.core:jersey-common:jar:2.22.2:provided
[DEBUG]         omitForNearer: omitted=org.glassfish.jersey.core:jersey-common:jar:2.22.2:provided kept=org.glassfish.jersey.core:jersey-common:jar:2.22.2:provided
[DEBUG]         testArtifact: artifact=org.glassfish.jersey.core:jersey-client:jar:2.22.2:provided
[DEBUG]         omitForNearer: omitted=org.glassfish.jersey.core:jersey-client:jar:2.22.2:provided kept=org.glassfish.jersey.core:jersey-client:jar:2.22.2:provided
[DEBUG]         testArtifact: artifact=javax.ws.rs:javax.ws.rs-api:jar:2.0.1:provided
[DEBUG]         omitForNearer: omitted=javax.ws.rs:javax.ws.rs-api:jar:2.0.1:provided kept=javax.ws.rs:javax.ws.rs-api:jar:2.0.1:provided
[DEBUG]         testArtifact: artifact=org.glassfish.jersey.media:jersey-media-jaxb:jar:2.22.2:provided
[DEBUG]         includeArtifact: artifact=org.glassfish.jersey.media:jersey-media-jaxb:jar:2.22.2:provided
[DEBUG]         startProcessChildren: artifact=org.glassfish.jersey.media:jersey-media-jaxb:jar:2.22.2:provided
[DEBUG]           testArtifact: artifact=org.glassfish.jersey.core:jersey-common:jar:2.22.2:provided
[DEBUG]           omitForNearer: omitted=org.glassfish.jersey.core:jersey-common:jar:2.22.2:provided kept=org.glassfish.jersey.core:jersey-common:jar:2.22.2:provided
[DEBUG]           testArtifact: artifact=org.glassfish.hk2:hk2-api:jar:2.4.0-b34:provided
[DEBUG]           omitForNearer: omitted=org.glassfish.hk2:hk2-api:jar:2.4.0-b34:provided kept=org.glassfish.hk2:hk2-api:jar:2.4.0-b34:provided
[DEBUG]           testArtifact: artifact=org.glassfish.hk2.external:javax.inject:jar:2.4.0-b34:provided
[DEBUG]           omitForNearer: omitted=org.glassfish.hk2.external:javax.inject:jar:2.4.0-b34:provided kept=org.glassfish.hk2.external:javax.inject:jar:2.4.0-b34:provided
[DEBUG]           testArtifact: artifact=org.glassfish.hk2:hk2-locator:jar:2.4.0-b34:provided
[DEBUG]           omitForNearer: omitted=org.glassfish.hk2:hk2-locator:jar:2.4.0-b34:provided kept=org.glassfish.hk2:hk2-locator:jar:2.4.0-b34:provided
[DEBUG]           testArtifact: artifact=org.glassfish.hk2:osgi-resource-locator:jar:1.0.1:provided
[DEBUG]           omitForNearer: omitted=org.glassfish.hk2:osgi-resource-locator:jar:1.0.1:provided kept=org.glassfish.hk2:osgi-resource-locator:jar:1.0.1:provided
[DEBUG]         endProcessChildren: artifact=org.glassfish.jersey.media:jersey-media-jaxb:jar:2.22.2:provided
[DEBUG]         testArtifact: artifact=javax.annotation:javax.annotation-api:jar:1.2:provided
[DEBUG]         omitForNearer: omitted=javax.annotation:javax.annotation-api:jar:1.2:provided kept=javax.annotation:javax.annotation-api:jar:1.2:provided
[DEBUG]         testArtifact: artifact=org.glassfish.hk2:hk2-api:jar:2.4.0-b34:provided
[DEBUG]         omitForNearer: omitted=org.glassfish.hk2:hk2-api:jar:2.4.0-b34:provided kept=org.glassfish.hk2:hk2-api:jar:2.4.0-b34:provided
[DEBUG]         testArtifact: artifact=org.glassfish.hk2.external:javax.inject:jar:2.4.0-b34:provided
[DEBUG]         omitForNearer: omitted=org.glassfish.hk2.external:javax.inject:jar:2.4.0-b34:provided kept=org.glassfish.hk2.external:javax.inject:jar:2.4.0-b34:provided
[DEBUG]         testArtifact: artifact=org.glassfish.hk2:hk2-locator:jar:2.4.0-b34:provided
[DEBUG]         omitForNearer: omitted=org.glassfish.hk2:hk2-locator:jar:2.4.0-b34:provided kept=org.glassfish.hk2:hk2-locator:jar:2.4.0-b34:provided
[DEBUG]         testArtifact: artifact=javax.validation:validation-api:jar:1.1.0.Final:provided
[DEBUG]         includeArtifact: artifact=javax.validation:validation-api:jar:1.1.0.Final:provided
[DEBUG]         startProcessChildren: artifact=javax.validation:validation-api:jar:1.1.0.Final:provided
[DEBUG]         endProcessChildren: artifact=javax.validation:validation-api:jar:1.1.0.Final:provided
[DEBUG]       endProcessChildren: artifact=org.glassfish.jersey.core:jersey-server:jar:2.22.2:provided
[DEBUG]       testArtifact: artifact=org.glassfish.jersey.containers:jersey-container-servlet:jar:2.22.2:provided
[DEBUG]       includeArtifact: artifact=org.glassfish.jersey.containers:jersey-container-servlet:jar:2.22.2:provided
[DEBUG]       startProcessChildren: artifact=org.glassfish.jersey.containers:jersey-container-servlet:jar:2.22.2:provided
[DEBUG]         testArtifact: artifact=org.glassfish.jersey.containers:jersey-container-servlet-core:jar:2.22.2:provided
[DEBUG]         includeArtifact: artifact=org.glassfish.jersey.containers:jersey-container-servlet-core:jar:2.22.2:provided
[DEBUG]         startProcessChildren: artifact=org.glassfish.jersey.containers:jersey-container-servlet-core:jar:2.22.2:provided
[DEBUG]           testArtifact: artifact=org.glassfish.hk2.external:javax.inject:jar:2.4.0-b34:provided
[DEBUG]           omitForNearer: omitted=org.glassfish.hk2.external:javax.inject:jar:2.4.0-b34:provided kept=org.glassfish.hk2.external:javax.inject:jar:2.4.0-b34:provided
[DEBUG]           testArtifact: artifact=org.glassfish.jersey.core:jersey-common:jar:2.22.2:provided
[DEBUG]           omitForNearer: omitted=org.glassfish.jersey.core:jersey-common:jar:2.22.2:provided kept=org.glassfish.jersey.core:jersey-common:jar:2.22.2:provided
[DEBUG]           testArtifact: artifact=org.glassfish.jersey.core:jersey-server:jar:2.22.2:provided
[DEBUG]           omitForNearer: omitted=org.glassfish.jersey.core:jersey-server:jar:2.22.2:provided kept=org.glassfish.jersey.core:jersey-server:jar:2.22.2:provided
[DEBUG]           testArtifact: artifact=javax.ws.rs:javax.ws.rs-api:jar:2.0.1:provided
[DEBUG]           omitForNearer: omitted=javax.ws.rs:javax.ws.rs-api:jar:2.0.1:provided kept=javax.ws.rs:javax.ws.rs-api:jar:2.0.1:provided
[DEBUG]         endProcessChildren: artifact=org.glassfish.jersey.containers:jersey-container-servlet-core:jar:2.22.2:provided
[DEBUG]         testArtifact: artifact=org.glassfish.jersey.core:jersey-common:jar:2.22.2:provided
[DEBUG]         omitForNearer: omitted=org.glassfish.jersey.core:jersey-common:jar:2.22.2:provided kept=org.glassfish.jersey.core:jersey-common:jar:2.22.2:provided
[DEBUG]         testArtifact: artifact=org.glassfish.jersey.core:jersey-server:jar:2.22.2:provided
[DEBUG]         omitForNearer: omitted=org.glassfish.jersey.core:jersey-server:jar:2.22.2:provided kept=org.glassfish.jersey.core:jersey-server:jar:2.22.2:provided
[DEBUG]         testArtifact: artifact=javax.ws.rs:javax.ws.rs-api:jar:2.0.1:provided
[DEBUG]         omitForNearer: omitted=javax.ws.rs:javax.ws.rs-api:jar:2.0.1:provided kept=javax.ws.rs:javax.ws.rs-api:jar:2.0.1:provided
[DEBUG]       endProcessChildren: artifact=org.glassfish.jersey.containers:jersey-container-servlet:jar:2.22.2:provided
[DEBUG]       testArtifact: artifact=org.glassfish.jersey.containers:jersey-container-servlet-core:jar:2.22.2:provided
[DEBUG]       omitForNearer: omitted=org.glassfish.jersey.containers:jersey-container-servlet-core:jar:2.22.2:provided kept=org.glassfish.jersey.containers:jersey-container-servlet-core:jar:2.22.2:provided
[DEBUG]       includeArtifact: artifact=org.glassfish.jersey.containers:jersey-container-servlet-core:jar:2.22.2:provided
[DEBUG]       startProcessChildren: artifact=org.glassfish.jersey.containers:jersey-container-servlet-core:jar:2.22.2:provided
[DEBUG]         testArtifact: artifact=org.glassfish.hk2.external:javax.inject:jar:2.4.0-b34:provided
[DEBUG]         omitForNearer: omitted=org.glassfish.hk2.external:javax.inject:jar:2.4.0-b34:provided kept=org.glassfish.hk2.external:javax.inject:jar:2.4.0-b34:provided
[DEBUG]         testArtifact: artifact=org.glassfish.jersey.core:jersey-common:jar:2.22.2:provided
[DEBUG]         omitForNearer: omitted=org.glassfish.jersey.core:jersey-common:jar:2.22.2:provided kept=org.glassfish.jersey.core:jersey-common:jar:2.22.2:provided
[DEBUG]         testArtifact: artifact=org.glassfish.jersey.core:jersey-server:jar:2.22.2:provided
[DEBUG]         omitForNearer: omitted=org.glassfish.jersey.core:jersey-server:jar:2.22.2:provided kept=org.glassfish.jersey.core:jersey-server:jar:2.22.2:provided
[DEBUG]         testArtifact: artifact=javax.ws.rs:javax.ws.rs-api:jar:2.0.1:provided
[DEBUG]         omitForNearer: omitted=javax.ws.rs:javax.ws.rs-api:jar:2.0.1:provided kept=javax.ws.rs:javax.ws.rs-api:jar:2.0.1:provided
[DEBUG]       endProcessChildren: artifact=org.glassfish.jersey.containers:jersey-container-servlet-core:jar:2.22.2:provided
[DEBUG]       testArtifact: artifact=io.netty:netty-all:jar:4.0.43.Final:provided
[DEBUG]       omitForNearer: omitted=io.netty:netty-all:jar:4.0.43.Final:provided kept=io.netty:netty-all:jar:4.0.43.Final:provided
[DEBUG]       includeArtifact: artifact=io.netty:netty-all:jar:4.0.43.Final:provided
[DEBUG]       startProcessChildren: artifact=io.netty:netty-all:jar:4.0.43.Final:provided
[DEBUG]       endProcessChildren: artifact=io.netty:netty-all:jar:4.0.43.Final:provided
[DEBUG]       testArtifact: artifact=io.netty:netty:jar:3.9.9.Final:provided
[DEBUG]       omitForNearer: omitted=io.netty:netty:jar:3.6.2.Final:provided kept=io.netty:netty:jar:3.9.9.Final:provided
[DEBUG]       includeArtifact: artifact=io.netty:netty:jar:3.9.9.Final:provided
[DEBUG]       startProcessChildren: artifact=io.netty:netty:jar:3.9.9.Final:provided
[DEBUG]       endProcessChildren: artifact=io.netty:netty:jar:3.9.9.Final:provided
[DEBUG]       testArtifact: artifact=com.clearspring.analytics:stream:jar:2.7.0:provided
[DEBUG]       includeArtifact: artifact=com.clearspring.analytics:stream:jar:2.7.0:provided
[DEBUG]       startProcessChildren: artifact=com.clearspring.analytics:stream:jar:2.7.0:provided
[DEBUG]       endProcessChildren: artifact=com.clearspring.analytics:stream:jar:2.7.0:provided
[DEBUG]       testArtifact: artifact=io.dropwizard.metrics:metrics-core:jar:3.1.2:provided
[DEBUG]       omitForNearer: omitted=io.dropwizard.metrics:metrics-core:jar:3.1.2:provided kept=io.dropwizard.metrics:metrics-core:jar:3.1.2:provided
[DEBUG]       includeArtifact: artifact=io.dropwizard.metrics:metrics-core:jar:3.1.2:provided
[DEBUG]       startProcessChildren: artifact=io.dropwizard.metrics:metrics-core:jar:3.1.2:provided
[DEBUG]         testArtifact: artifact=org.slf4j:slf4j-api:jar:1.7.7:provided
[DEBUG]         omitForNearer: omitted=org.slf4j:slf4j-api:jar:1.7.7:provided kept=org.slf4j:slf4j-api:jar:1.7.7:compile
[DEBUG]       endProcessChildren: artifact=io.dropwizard.metrics:metrics-core:jar:3.1.2:provided
[DEBUG]       testArtifact: artifact=io.dropwizard.metrics:metrics-jvm:jar:3.1.2:provided
[DEBUG]       includeArtifact: artifact=io.dropwizard.metrics:metrics-jvm:jar:3.1.2:provided
[DEBUG]       startProcessChildren: artifact=io.dropwizard.metrics:metrics-jvm:jar:3.1.2:provided
[DEBUG]         testArtifact: artifact=io.dropwizard.metrics:metrics-core:jar:3.1.2:provided
[DEBUG]         omitForNearer: omitted=io.dropwizard.metrics:metrics-core:jar:3.1.2:provided kept=io.dropwizard.metrics:metrics-core:jar:3.1.2:provided
[DEBUG]         testArtifact: artifact=org.slf4j:slf4j-api:jar:1.7.7:provided
[DEBUG]         omitForNearer: omitted=org.slf4j:slf4j-api:jar:1.7.7:provided kept=org.slf4j:slf4j-api:jar:1.7.7:compile
[DEBUG]       endProcessChildren: artifact=io.dropwizard.metrics:metrics-jvm:jar:3.1.2:provided
[DEBUG]       testArtifact: artifact=io.dropwizard.metrics:metrics-json:jar:3.1.2:provided
[DEBUG]       includeArtifact: artifact=io.dropwizard.metrics:metrics-json:jar:3.1.2:provided
[DEBUG]       startProcessChildren: artifact=io.dropwizard.metrics:metrics-json:jar:3.1.2:provided
[DEBUG]         testArtifact: artifact=io.dropwizard.metrics:metrics-core:jar:3.1.2:provided
[DEBUG]         omitForNearer: omitted=io.dropwizard.metrics:metrics-core:jar:3.1.2:provided kept=io.dropwizard.metrics:metrics-core:jar:3.1.2:provided
[DEBUG]         testArtifact: artifact=com.fasterxml.jackson.core:jackson-databind:jar:2.4.2:provided
[DEBUG]         omitForNearer: omitted=com.fasterxml.jackson.core:jackson-databind:jar:2.4.2:provided kept=com.fasterxml.jackson.core:jackson-databind:jar:2.6.5:provided
[DEBUG]         testArtifact: artifact=org.slf4j:slf4j-api:jar:1.7.7:provided
[DEBUG]         omitForNearer: omitted=org.slf4j:slf4j-api:jar:1.7.7:provided kept=org.slf4j:slf4j-api:jar:1.7.7:compile
[DEBUG]       endProcessChildren: artifact=io.dropwizard.metrics:metrics-json:jar:3.1.2:provided
[DEBUG]       testArtifact: artifact=io.dropwizard.metrics:metrics-graphite:jar:3.1.2:provided
[DEBUG]       includeArtifact: artifact=io.dropwizard.metrics:metrics-graphite:jar:3.1.2:provided
[DEBUG]       startProcessChildren: artifact=io.dropwizard.metrics:metrics-graphite:jar:3.1.2:provided
[DEBUG]         testArtifact: artifact=io.dropwizard.metrics:metrics-core:jar:3.1.2:provided
[DEBUG]         omitForNearer: omitted=io.dropwizard.metrics:metrics-core:jar:3.1.2:provided kept=io.dropwizard.metrics:metrics-core:jar:3.1.2:provided
[DEBUG]         testArtifact: artifact=org.slf4j:slf4j-api:jar:1.7.7:provided
[DEBUG]         omitForNearer: omitted=org.slf4j:slf4j-api:jar:1.7.7:provided kept=org.slf4j:slf4j-api:jar:1.7.7:compile
[DEBUG]       endProcessChildren: artifact=io.dropwizard.metrics:metrics-graphite:jar:3.1.2:provided
[DEBUG]       testArtifact: artifact=com.fasterxml.jackson.core:jackson-databind:jar:2.6.5:provided
[DEBUG]       omitForNearer: omitted=com.fasterxml.jackson.core:jackson-databind:jar:2.6.5:provided kept=com.fasterxml.jackson.core:jackson-databind:jar:2.6.5:provided
[DEBUG]       includeArtifact: artifact=com.fasterxml.jackson.core:jackson-databind:jar:2.6.5:provided
[DEBUG]       startProcessChildren: artifact=com.fasterxml.jackson.core:jackson-databind:jar:2.6.5:provided
[DEBUG]         testArtifact: artifact=com.fasterxml.jackson.core:jackson-annotations:jar:2.6.0:provided
[DEBUG]         omitForNearer: omitted=com.fasterxml.jackson.core:jackson-annotations:jar:2.6.0:provided kept=com.fasterxml.jackson.core:jackson-annotations:jar:2.6.5:provided
[DEBUG]         testArtifact: artifact=com.fasterxml.jackson.core:jackson-core:jar:2.6.5:provided
[DEBUG]         includeArtifact: artifact=com.fasterxml.jackson.core:jackson-core:jar:2.6.5:provided
[DEBUG]         startProcessChildren: artifact=com.fasterxml.jackson.core:jackson-core:jar:2.6.5:provided
[DEBUG]         endProcessChildren: artifact=com.fasterxml.jackson.core:jackson-core:jar:2.6.5:provided
[DEBUG]       endProcessChildren: artifact=com.fasterxml.jackson.core:jackson-databind:jar:2.6.5:provided
[DEBUG]       testArtifact: artifact=com.fasterxml.jackson.module:jackson-module-scala_2.11:jar:2.6.5:provided
[DEBUG]       includeArtifact: artifact=com.fasterxml.jackson.module:jackson-module-scala_2.11:jar:2.6.5:provided
[DEBUG]       startProcessChildren: artifact=com.fasterxml.jackson.module:jackson-module-scala_2.11:jar:2.6.5:provided
[DEBUG]         testArtifact: artifact=org.scala-lang:scala-library:jar:2.11.7:provided
[DEBUG]         omitForNearer: omitted=org.scala-lang:scala-library:jar:2.11.7:provided kept=org.scala-lang:scala-library:jar:2.11.11:compile
[DEBUG]         testArtifact: artifact=org.scala-lang:scala-reflect:jar:2.11.7:provided
[DEBUG]         omitForNearer: omitted=org.scala-lang:scala-reflect:jar:2.11.7:provided kept=org.scala-lang:scala-reflect:jar:2.11.12:test
[DEBUG]         testArtifact: artifact=com.fasterxml.jackson.core:jackson-core:jar:2.6.5:provided
[DEBUG]         omitForNearer: omitted=com.fasterxml.jackson.core:jackson-core:jar:2.6.5:provided kept=com.fasterxml.jackson.core:jackson-core:jar:2.6.5:provided
[DEBUG]         testArtifact: artifact=com.fasterxml.jackson.core:jackson-annotations:jar:2.6.5:provided
[DEBUG]         omitForNearer: omitted=com.fasterxml.jackson.core:jackson-annotations:jar:2.6.5:provided kept=com.fasterxml.jackson.core:jackson-annotations:jar:2.6.5:provided
[DEBUG]         testArtifact: artifact=com.fasterxml.jackson.core:jackson-databind:jar:2.6.5:provided
[DEBUG]         omitForNearer: omitted=com.fasterxml.jackson.core:jackson-databind:jar:2.6.5:provided kept=com.fasterxml.jackson.core:jackson-databind:jar:2.6.5:provided
[DEBUG]         testArtifact: artifact=com.fasterxml.jackson.module:jackson-module-paranamer:jar:2.6.5:provided
[DEBUG]         includeArtifact: artifact=com.fasterxml.jackson.module:jackson-module-paranamer:jar:2.6.5:provided
[DEBUG]         startProcessChildren: artifact=com.fasterxml.jackson.module:jackson-module-paranamer:jar:2.6.5:provided
[DEBUG]           testArtifact: artifact=com.fasterxml.jackson.core:jackson-databind:jar:2.6.5:provided
[DEBUG]           omitForNearer: omitted=com.fasterxml.jackson.core:jackson-databind:jar:2.6.5:provided kept=com.fasterxml.jackson.core:jackson-databind:jar:2.6.5:provided
[DEBUG]           testArtifact: artifact=com.thoughtworks.paranamer:paranamer:jar:2.6:provided
[DEBUG]           omitForNearer: omitted=com.thoughtworks.paranamer:paranamer:jar:2.6:provided kept=com.thoughtworks.paranamer:paranamer:jar:2.3:provided
[DEBUG]         endProcessChildren: artifact=com.fasterxml.jackson.module:jackson-module-paranamer:jar:2.6.5:provided
[DEBUG]       endProcessChildren: artifact=com.fasterxml.jackson.module:jackson-module-scala_2.11:jar:2.6.5:provided
[DEBUG]       testArtifact: artifact=org.apache.ivy:ivy:jar:2.4.0:provided
[DEBUG]       includeArtifact: artifact=org.apache.ivy:ivy:jar:2.4.0:provided
[DEBUG]       startProcessChildren: artifact=org.apache.ivy:ivy:jar:2.4.0:provided
[DEBUG]       endProcessChildren: artifact=org.apache.ivy:ivy:jar:2.4.0:provided
[DEBUG]       testArtifact: artifact=oro:oro:jar:2.0.8:provided
[DEBUG]       includeArtifact: artifact=oro:oro:jar:2.0.8:provided
[DEBUG]       startProcessChildren: artifact=oro:oro:jar:2.0.8:provided
[DEBUG]       endProcessChildren: artifact=oro:oro:jar:2.0.8:provided
[DEBUG]       testArtifact: artifact=net.razorvine:pyrolite:jar:4.13:provided
[DEBUG]       includeArtifact: artifact=net.razorvine:pyrolite:jar:4.13:provided
[DEBUG]       startProcessChildren: artifact=net.razorvine:pyrolite:jar:4.13:provided
[DEBUG]       endProcessChildren: artifact=net.razorvine:pyrolite:jar:4.13:provided
[DEBUG]       testArtifact: artifact=net.sf.py4j:py4j:jar:0.10.4:provided
[DEBUG]       includeArtifact: artifact=net.sf.py4j:py4j:jar:0.10.4:provided
[DEBUG]       startProcessChildren: artifact=net.sf.py4j:py4j:jar:0.10.4:provided
[DEBUG]       endProcessChildren: artifact=net.sf.py4j:py4j:jar:0.10.4:provided
[DEBUG]       testArtifact: artifact=org.apache.spark:spark-tags_2.11:jar:2.2.0:provided
[DEBUG]       omitForNearer: omitted=org.apache.spark:spark-tags_2.11:jar:2.2.0:provided kept=org.apache.spark:spark-tags_2.11:jar:2.2.0:provided
[DEBUG]       testArtifact: artifact=org.apache.commons:commons-crypto:jar:1.0.0:provided
[DEBUG]       omitForNearer: omitted=org.apache.commons:commons-crypto:jar:1.0.0:provided kept=org.apache.commons:commons-crypto:jar:1.0.0:provided
[DEBUG]       includeArtifact: artifact=org.apache.commons:commons-crypto:jar:1.0.0:provided
[DEBUG]       startProcessChildren: artifact=org.apache.commons:commons-crypto:jar:1.0.0:provided
[DEBUG]       endProcessChildren: artifact=org.apache.commons:commons-crypto:jar:1.0.0:provided
[DEBUG]       testArtifact: artifact=org.spark-project.spark:unused:jar:1.0.0:provided
[DEBUG]       omitForNearer: omitted=org.spark-project.spark:unused:jar:1.0.0:provided kept=org.spark-project.spark:unused:jar:1.0.0:provided
[DEBUG]     endProcessChildren: artifact=org.apache.spark:spark-core_2.11:jar:2.2.0:provided
[DEBUG]     testArtifact: artifact=org.apache.spark:spark-catalyst_2.11:jar:2.2.0:provided
[DEBUG]     includeArtifact: artifact=org.apache.spark:spark-catalyst_2.11:jar:2.2.0:provided
[DEBUG]     startProcessChildren: artifact=org.apache.spark:spark-catalyst_2.11:jar:2.2.0:provided
[DEBUG]       testArtifact: artifact=org.scala-lang:scala-reflect:jar:2.11.8:provided
[DEBUG]       omitForNearer: omitted=org.scala-lang:scala-reflect:jar:2.11.8:provided kept=org.scala-lang:scala-reflect:jar:2.11.12:test
[DEBUG]       testArtifact: artifact=org.apache.spark:spark-core_2.11:jar:2.2.0:provided
[DEBUG]       omitForNearer: omitted=org.apache.spark:spark-core_2.11:jar:2.2.0:provided kept=org.apache.spark:spark-core_2.11:jar:2.2.0:provided
[DEBUG]       testArtifact: artifact=org.apache.spark:spark-tags_2.11:jar:2.2.0:provided
[DEBUG]       omitForNearer: omitted=org.apache.spark:spark-tags_2.11:jar:2.2.0:provided kept=org.apache.spark:spark-tags_2.11:jar:2.2.0:provided
[DEBUG]       testArtifact: artifact=org.apache.spark:spark-unsafe_2.11:jar:2.2.0:provided
[DEBUG]       omitForNearer: omitted=org.apache.spark:spark-unsafe_2.11:jar:2.2.0:provided kept=org.apache.spark:spark-unsafe_2.11:jar:2.2.0:provided
[DEBUG]       testArtifact: artifact=org.apache.spark:spark-sketch_2.11:jar:2.2.0:provided
[DEBUG]       omitForNearer: omitted=org.apache.spark:spark-sketch_2.11:jar:2.2.0:provided kept=org.apache.spark:spark-sketch_2.11:jar:2.2.0:provided
[DEBUG]       testArtifact: artifact=org.codehaus.janino:janino:jar:3.0.0:provided
[DEBUG]       includeArtifact: artifact=org.codehaus.janino:janino:jar:3.0.0:provided
[DEBUG]       startProcessChildren: artifact=org.codehaus.janino:janino:jar:3.0.0:provided
[DEBUG]         testArtifact: artifact=org.codehaus.janino:commons-compiler:jar:3.0.0:provided
[DEBUG]         includeArtifact: artifact=org.codehaus.janino:commons-compiler:jar:3.0.0:provided
[DEBUG]         startProcessChildren: artifact=org.codehaus.janino:commons-compiler:jar:3.0.0:provided
[DEBUG]         endProcessChildren: artifact=org.codehaus.janino:commons-compiler:jar:3.0.0:provided
[DEBUG]       endProcessChildren: artifact=org.codehaus.janino:janino:jar:3.0.0:provided
[DEBUG]       testArtifact: artifact=org.codehaus.janino:commons-compiler:jar:3.0.0:provided
[DEBUG]       omitForNearer: omitted=org.codehaus.janino:commons-compiler:jar:3.0.0:provided kept=org.codehaus.janino:commons-compiler:jar:3.0.0:provided
[DEBUG]       includeArtifact: artifact=org.codehaus.janino:commons-compiler:jar:3.0.0:provided
[DEBUG]       startProcessChildren: artifact=org.codehaus.janino:commons-compiler:jar:3.0.0:provided
[DEBUG]       endProcessChildren: artifact=org.codehaus.janino:commons-compiler:jar:3.0.0:provided
[DEBUG]       testArtifact: artifact=org.antlr:antlr4-runtime:jar:4.5.3:provided
[DEBUG]       includeArtifact: artifact=org.antlr:antlr4-runtime:jar:4.5.3:provided
[DEBUG]       startProcessChildren: artifact=org.antlr:antlr4-runtime:jar:4.5.3:provided
[DEBUG]       endProcessChildren: artifact=org.antlr:antlr4-runtime:jar:4.5.3:provided
[DEBUG]       testArtifact: artifact=commons-codec:commons-codec:jar:1.10:provided
[DEBUG]       omitForNearer: omitted=commons-codec:commons-codec:jar:1.8:provided kept=commons-codec:commons-codec:jar:1.10:provided
[DEBUG]       includeArtifact: artifact=commons-codec:commons-codec:jar:1.10:provided
[DEBUG]       startProcessChildren: artifact=commons-codec:commons-codec:jar:1.10:provided
[DEBUG]       endProcessChildren: artifact=commons-codec:commons-codec:jar:1.10:provided
[DEBUG]       testArtifact: artifact=org.spark-project.spark:unused:jar:1.0.0:provided
[DEBUG]       omitForNearer: omitted=org.spark-project.spark:unused:jar:1.0.0:provided kept=org.spark-project.spark:unused:jar:1.0.0:provided
[DEBUG]     endProcessChildren: artifact=org.apache.spark:spark-catalyst_2.11:jar:2.2.0:provided
[DEBUG]     testArtifact: artifact=org.apache.spark:spark-tags_2.11:jar:2.2.0:provided
[DEBUG]     omitForNearer: omitted=org.apache.spark:spark-tags_2.11:jar:2.2.0:provided kept=org.apache.spark:spark-tags_2.11:jar:2.2.0:provided
[DEBUG]     includeArtifact: artifact=org.apache.spark:spark-tags_2.11:jar:2.2.0:provided
[DEBUG]     startProcessChildren: artifact=org.apache.spark:spark-tags_2.11:jar:2.2.0:provided
[DEBUG]       testArtifact: artifact=org.scala-lang:scala-library:jar:2.11.8:provided
[DEBUG]       omitForNearer: omitted=org.scala-lang:scala-library:jar:2.11.8:provided kept=org.scala-lang:scala-library:jar:2.11.11:compile
[DEBUG]       testArtifact: artifact=org.spark-project.spark:unused:jar:1.0.0:provided
[DEBUG]       omitForNearer: omitted=org.spark-project.spark:unused:jar:1.0.0:provided kept=org.spark-project.spark:unused:jar:1.0.0:provided
[DEBUG]     endProcessChildren: artifact=org.apache.spark:spark-tags_2.11:jar:2.2.0:provided
[DEBUG]     testArtifact: artifact=org.apache.parquet:parquet-column:jar:1.8.2:provided
[DEBUG]     includeArtifact: artifact=org.apache.parquet:parquet-column:jar:1.8.2:provided
[DEBUG]     startProcessChildren: artifact=org.apache.parquet:parquet-column:jar:1.8.2:provided
[DEBUG]       testArtifact: artifact=org.apache.parquet:parquet-common:jar:1.8.2:provided
[DEBUG]       includeArtifact: artifact=org.apache.parquet:parquet-common:jar:1.8.2:provided
[DEBUG]       startProcessChildren: artifact=org.apache.parquet:parquet-common:jar:1.8.2:provided
[DEBUG]         testArtifact: artifact=org.slf4j:slf4j-api:jar:1.7.5:provided
[DEBUG]         omitForNearer: omitted=org.slf4j:slf4j-api:jar:1.7.5:provided kept=org.slf4j:slf4j-api:jar:1.7.7:compile
[DEBUG]       endProcessChildren: artifact=org.apache.parquet:parquet-common:jar:1.8.2:provided
[DEBUG]       testArtifact: artifact=org.apache.parquet:parquet-encoding:jar:1.8.2:provided
[DEBUG]       includeArtifact: artifact=org.apache.parquet:parquet-encoding:jar:1.8.2:provided
[DEBUG]       startProcessChildren: artifact=org.apache.parquet:parquet-encoding:jar:1.8.2:provided
[DEBUG]         testArtifact: artifact=org.apache.parquet:parquet-common:jar:1.8.2:provided
[DEBUG]         omitForNearer: omitted=org.apache.parquet:parquet-common:jar:1.8.2:provided kept=org.apache.parquet:parquet-common:jar:1.8.2:provided
[DEBUG]         testArtifact: artifact=commons-codec:commons-codec:jar:1.5:provided
[DEBUG]         omitForNearer: omitted=commons-codec:commons-codec:jar:1.5:provided kept=commons-codec:commons-codec:jar:1.10:provided
[DEBUG]       endProcessChildren: artifact=org.apache.parquet:parquet-encoding:jar:1.8.2:provided
[DEBUG]       testArtifact: artifact=commons-codec:commons-codec:jar:1.5:provided
[DEBUG]       omitForNearer: omitted=commons-codec:commons-codec:jar:1.5:provided kept=commons-codec:commons-codec:jar:1.10:provided
[DEBUG]     endProcessChildren: artifact=org.apache.parquet:parquet-column:jar:1.8.2:provided
[DEBUG]     testArtifact: artifact=org.apache.parquet:parquet-hadoop:jar:1.8.2:provided
[DEBUG]     includeArtifact: artifact=org.apache.parquet:parquet-hadoop:jar:1.8.2:provided
[DEBUG]     startProcessChildren: artifact=org.apache.parquet:parquet-hadoop:jar:1.8.2:provided
[DEBUG]       testArtifact: artifact=org.apache.parquet:parquet-column:jar:1.8.2:provided
[DEBUG]       omitForNearer: omitted=org.apache.parquet:parquet-column:jar:1.8.2:provided kept=org.apache.parquet:parquet-column:jar:1.8.2:provided
[DEBUG]       testArtifact: artifact=org.apache.parquet:parquet-format:jar:2.3.1:provided
[DEBUG]       includeArtifact: artifact=org.apache.parquet:parquet-format:jar:2.3.1:provided
[DEBUG]       startProcessChildren: artifact=org.apache.parquet:parquet-format:jar:2.3.1:provided
[DEBUG]       endProcessChildren: artifact=org.apache.parquet:parquet-format:jar:2.3.1:provided
[DEBUG]       testArtifact: artifact=org.apache.parquet:parquet-jackson:jar:1.8.2:provided
[DEBUG]       includeArtifact: artifact=org.apache.parquet:parquet-jackson:jar:1.8.2:provided
[DEBUG]       startProcessChildren: artifact=org.apache.parquet:parquet-jackson:jar:1.8.2:provided
[DEBUG]       endProcessChildren: artifact=org.apache.parquet:parquet-jackson:jar:1.8.2:provided
[DEBUG]       testArtifact: artifact=org.codehaus.jackson:jackson-mapper-asl:jar:1.9.11:provided
[DEBUG]       omitForNearer: omitted=org.codehaus.jackson:jackson-mapper-asl:jar:1.9.13:provided kept=org.codehaus.jackson:jackson-mapper-asl:jar:1.9.11:provided
[DEBUG]       includeArtifact: artifact=org.codehaus.jackson:jackson-mapper-asl:jar:1.9.11:provided
[DEBUG]       startProcessChildren: artifact=org.codehaus.jackson:jackson-mapper-asl:jar:1.9.11:provided
[DEBUG]         testArtifact: artifact=org.codehaus.jackson:jackson-core-asl:jar:1.9.11:provided
[DEBUG]         omitForNearer: omitted=org.codehaus.jackson:jackson-core-asl:jar:1.9.11:provided kept=org.codehaus.jackson:jackson-core-asl:jar:1.9.13:provided
[DEBUG]       endProcessChildren: artifact=org.codehaus.jackson:jackson-mapper-asl:jar:1.9.11:provided
[DEBUG]       testArtifact: artifact=org.codehaus.jackson:jackson-core-asl:jar:1.9.11:provided
[DEBUG]       omitForNearer: omitted=org.codehaus.jackson:jackson-core-asl:jar:1.9.13:provided kept=org.codehaus.jackson:jackson-core-asl:jar:1.9.11:provided
[DEBUG]       includeArtifact: artifact=org.codehaus.jackson:jackson-core-asl:jar:1.9.11:provided
[DEBUG]       startProcessChildren: artifact=org.codehaus.jackson:jackson-core-asl:jar:1.9.11:provided
[DEBUG]       endProcessChildren: artifact=org.codehaus.jackson:jackson-core-asl:jar:1.9.11:provided
[DEBUG]       testArtifact: artifact=org.xerial.snappy:snappy-java:jar:1.1.1.6:provided
[DEBUG]       omitForNearer: omitted=org.xerial.snappy:snappy-java:jar:1.1.1.6:provided kept=org.xerial.snappy:snappy-java:jar:1.1.2.6:provided
[DEBUG]     endProcessChildren: artifact=org.apache.parquet:parquet-hadoop:jar:1.8.2:provided
[DEBUG]     testArtifact: artifact=com.fasterxml.jackson.core:jackson-databind:jar:2.6.5:provided
[DEBUG]     omitForNearer: omitted=com.fasterxml.jackson.core:jackson-databind:jar:2.6.5:provided kept=com.fasterxml.jackson.core:jackson-databind:jar:2.6.5:provided
[DEBUG]     includeArtifact: artifact=com.fasterxml.jackson.core:jackson-databind:jar:2.6.5:provided
[DEBUG]     startProcessChildren: artifact=com.fasterxml.jackson.core:jackson-databind:jar:2.6.5:provided
[DEBUG]       testArtifact: artifact=com.fasterxml.jackson.core:jackson-annotations:jar:2.6.0:provided
[DEBUG]       omitForNearer: omitted=com.fasterxml.jackson.core:jackson-annotations:jar:2.6.5:provided kept=com.fasterxml.jackson.core:jackson-annotations:jar:2.6.0:provided
[DEBUG]       includeArtifact: artifact=com.fasterxml.jackson.core:jackson-annotations:jar:2.6.0:provided
[DEBUG]       startProcessChildren: artifact=com.fasterxml.jackson.core:jackson-annotations:jar:2.6.0:provided
[DEBUG]       endProcessChildren: artifact=com.fasterxml.jackson.core:jackson-annotations:jar:2.6.0:provided
[DEBUG]       testArtifact: artifact=com.fasterxml.jackson.core:jackson-core:jar:2.6.5:provided
[DEBUG]       includeArtifact: artifact=com.fasterxml.jackson.core:jackson-core:jar:2.6.5:provided
[DEBUG]       startProcessChildren: artifact=com.fasterxml.jackson.core:jackson-core:jar:2.6.5:provided
[DEBUG]       endProcessChildren: artifact=com.fasterxml.jackson.core:jackson-core:jar:2.6.5:provided
[DEBUG]     endProcessChildren: artifact=com.fasterxml.jackson.core:jackson-databind:jar:2.6.5:provided
[DEBUG]     testArtifact: artifact=org.apache.xbean:xbean-asm5-shaded:jar:4.4:provided
[DEBUG]     omitForNearer: omitted=org.apache.xbean:xbean-asm5-shaded:jar:4.4:provided kept=org.apache.xbean:xbean-asm5-shaded:jar:4.4:provided
[DEBUG]     includeArtifact: artifact=org.apache.xbean:xbean-asm5-shaded:jar:4.4:provided
[DEBUG]     startProcessChildren: artifact=org.apache.xbean:xbean-asm5-shaded:jar:4.4:provided
[DEBUG]     endProcessChildren: artifact=org.apache.xbean:xbean-asm5-shaded:jar:4.4:provided
[DEBUG]     testArtifact: artifact=org.spark-project.spark:unused:jar:1.0.0:provided
[DEBUG]     omitForNearer: omitted=org.spark-project.spark:unused:jar:1.0.0:provided kept=org.spark-project.spark:unused:jar:1.0.0:provided
[DEBUG]     includeArtifact: artifact=org.spark-project.spark:unused:jar:1.0.0:provided
[DEBUG]     startProcessChildren: artifact=org.spark-project.spark:unused:jar:1.0.0:provided
[DEBUG]     endProcessChildren: artifact=org.spark-project.spark:unused:jar:1.0.0:provided
[DEBUG]   endProcessChildren: artifact=org.apache.spark:spark-sql_2.11:jar:2.2.0:provided
[DEBUG]   testArtifact: artifact=org.apache.spark:spark-core_2.11:jar:2.2.0:provided
[DEBUG]   omitForNearer: omitted=org.apache.spark:spark-core_2.11:jar:2.2.0:provided kept=org.apache.spark:spark-core_2.11:jar:2.2.0:provided
[DEBUG]   includeArtifact: artifact=org.apache.spark:spark-core_2.11:jar:2.2.0:provided
[DEBUG]   startProcessChildren: artifact=org.apache.spark:spark-core_2.11:jar:2.2.0:provided
[DEBUG]     testArtifact: artifact=org.apache.avro:avro:jar:1.7.7:provided
[DEBUG]     includeArtifact: artifact=org.apache.avro:avro:jar:1.7.7:provided
[DEBUG]     startProcessChildren: artifact=org.apache.avro:avro:jar:1.7.7:provided
[DEBUG]       testArtifact: artifact=org.codehaus.jackson:jackson-core-asl:jar:1.9.13:provided
[DEBUG]       omitForNearer: omitted=org.codehaus.jackson:jackson-core-asl:jar:1.9.13:provided kept=org.codehaus.jackson:jackson-core-asl:jar:1.9.11:provided
[DEBUG]       testArtifact: artifact=org.codehaus.jackson:jackson-mapper-asl:jar:1.9.13:provided
[DEBUG]       omitForNearer: omitted=org.codehaus.jackson:jackson-mapper-asl:jar:1.9.13:provided kept=org.codehaus.jackson:jackson-mapper-asl:jar:1.9.11:provided
[DEBUG]       testArtifact: artifact=com.thoughtworks.paranamer:paranamer:jar:2.3:provided
[DEBUG]       includeArtifact: artifact=com.thoughtworks.paranamer:paranamer:jar:2.3:provided
[DEBUG]       startProcessChildren: artifact=com.thoughtworks.paranamer:paranamer:jar:2.3:provided
[DEBUG]       endProcessChildren: artifact=com.thoughtworks.paranamer:paranamer:jar:2.3:provided
[DEBUG]       testArtifact: artifact=org.xerial.snappy:snappy-java:jar:1.0.5:provided
[DEBUG]       includeArtifact: artifact=org.xerial.snappy:snappy-java:jar:1.0.5:provided
[DEBUG]       startProcessChildren: artifact=org.xerial.snappy:snappy-java:jar:1.0.5:provided
[DEBUG]       endProcessChildren: artifact=org.xerial.snappy:snappy-java:jar:1.0.5:provided
[DEBUG]       testArtifact: artifact=org.apache.commons:commons-compress:jar:1.4.1:provided
[DEBUG]       includeArtifact: artifact=org.apache.commons:commons-compress:jar:1.4.1:provided
[DEBUG]       startProcessChildren: artifact=org.apache.commons:commons-compress:jar:1.4.1:provided
[DEBUG]         testArtifact: artifact=org.tukaani:xz:jar:1.0:provided
[DEBUG]         includeArtifact: artifact=org.tukaani:xz:jar:1.0:provided
[DEBUG]         startProcessChildren: artifact=org.tukaani:xz:jar:1.0:provided
[DEBUG]         endProcessChildren: artifact=org.tukaani:xz:jar:1.0:provided
[DEBUG]       endProcessChildren: artifact=org.apache.commons:commons-compress:jar:1.4.1:provided
[DEBUG]       testArtifact: artifact=org.slf4j:slf4j-api:jar:1.6.4:provided
[DEBUG]       omitForNearer: omitted=org.slf4j:slf4j-api:jar:1.6.4:provided kept=org.slf4j:slf4j-api:jar:1.7.7:compile
[DEBUG]     endProcessChildren: artifact=org.apache.avro:avro:jar:1.7.7:provided
[DEBUG]     testArtifact: artifact=org.apache.avro:avro-mapred:jar:hadoop2:1.7.7:provided
[DEBUG]     includeArtifact: artifact=org.apache.avro:avro-mapred:jar:hadoop2:1.7.7:provided
[DEBUG]     startProcessChildren: artifact=org.apache.avro:avro-mapred:jar:hadoop2:1.7.7:provided
[DEBUG]       testArtifact: artifact=org.apache.avro:avro-ipc:jar:1.7.7:provided
[DEBUG]       includeArtifact: artifact=org.apache.avro:avro-ipc:jar:1.7.7:provided
[DEBUG]       startProcessChildren: artifact=org.apache.avro:avro-ipc:jar:1.7.7:provided
[DEBUG]         testArtifact: artifact=org.apache.avro:avro:jar:1.7.7:provided
[DEBUG]         omitForNearer: omitted=org.apache.avro:avro:jar:1.7.7:provided kept=org.apache.avro:avro:jar:1.7.7:provided
[DEBUG]         testArtifact: artifact=org.codehaus.jackson:jackson-core-asl:jar:1.9.13:provided
[DEBUG]         omitForNearer: omitted=org.codehaus.jackson:jackson-core-asl:jar:1.9.13:provided kept=org.codehaus.jackson:jackson-core-asl:jar:1.9.11:provided
[DEBUG]         testArtifact: artifact=org.codehaus.jackson:jackson-mapper-asl:jar:1.9.13:provided
[DEBUG]         omitForNearer: omitted=org.codehaus.jackson:jackson-mapper-asl:jar:1.9.13:provided kept=org.codehaus.jackson:jackson-mapper-asl:jar:1.9.11:provided
[DEBUG]         testArtifact: artifact=org.slf4j:slf4j-api:jar:1.6.4:provided
[DEBUG]         omitForNearer: omitted=org.slf4j:slf4j-api:jar:1.6.4:provided kept=org.slf4j:slf4j-api:jar:1.7.7:compile
[DEBUG]       endProcessChildren: artifact=org.apache.avro:avro-ipc:jar:1.7.7:provided
[DEBUG]       testArtifact: artifact=org.apache.avro:avro-ipc:jar:tests:1.7.7:provided
[DEBUG]       includeArtifact: artifact=org.apache.avro:avro-ipc:jar:tests:1.7.7:provided
[DEBUG]       startProcessChildren: artifact=org.apache.avro:avro-ipc:jar:tests:1.7.7:provided
[DEBUG]         testArtifact: artifact=org.apache.avro:avro:jar:1.7.7:provided
[DEBUG]         omitForNearer: omitted=org.apache.avro:avro:jar:1.7.7:provided kept=org.apache.avro:avro:jar:1.7.7:provided
[DEBUG]         testArtifact: artifact=org.codehaus.jackson:jackson-core-asl:jar:1.9.13:provided
[DEBUG]         omitForNearer: omitted=org.codehaus.jackson:jackson-core-asl:jar:1.9.13:provided kept=org.codehaus.jackson:jackson-core-asl:jar:1.9.11:provided
[DEBUG]         testArtifact: artifact=org.codehaus.jackson:jackson-mapper-asl:jar:1.9.13:provided
[DEBUG]         omitForNearer: omitted=org.codehaus.jackson:jackson-mapper-asl:jar:1.9.13:provided kept=org.codehaus.jackson:jackson-mapper-asl:jar:1.9.11:provided
[DEBUG]         testArtifact: artifact=org.slf4j:slf4j-api:jar:1.6.4:provided
[DEBUG]         omitForNearer: omitted=org.slf4j:slf4j-api:jar:1.6.4:provided kept=org.slf4j:slf4j-api:jar:1.7.7:compile
[DEBUG]       endProcessChildren: artifact=org.apache.avro:avro-ipc:jar:tests:1.7.7:provided
[DEBUG]       testArtifact: artifact=org.codehaus.jackson:jackson-core-asl:jar:1.9.13:provided
[DEBUG]       omitForNearer: omitted=org.codehaus.jackson:jackson-core-asl:jar:1.9.13:provided kept=org.codehaus.jackson:jackson-core-asl:jar:1.9.11:provided
[DEBUG]       testArtifact: artifact=org.codehaus.jackson:jackson-mapper-asl:jar:1.9.13:provided
[DEBUG]       omitForNearer: omitted=org.codehaus.jackson:jackson-mapper-asl:jar:1.9.13:provided kept=org.codehaus.jackson:jackson-mapper-asl:jar:1.9.11:provided
[DEBUG]       testArtifact: artifact=org.slf4j:slf4j-api:jar:1.6.4:provided
[DEBUG]       omitForNearer: omitted=org.slf4j:slf4j-api:jar:1.6.4:provided kept=org.slf4j:slf4j-api:jar:1.7.7:compile
[DEBUG]     endProcessChildren: artifact=org.apache.avro:avro-mapred:jar:hadoop2:1.7.7:provided
[DEBUG]     testArtifact: artifact=com.twitter:chill_2.11:jar:0.8.0:provided
[DEBUG]     includeArtifact: artifact=com.twitter:chill_2.11:jar:0.8.0:provided
[DEBUG]     startProcessChildren: artifact=com.twitter:chill_2.11:jar:0.8.0:provided
[DEBUG]       testArtifact: artifact=org.scala-lang:scala-library:jar:2.11.7:provided
[DEBUG]       omitForNearer: omitted=org.scala-lang:scala-library:jar:2.11.7:provided kept=org.scala-lang:scala-library:jar:2.11.11:compile
[DEBUG]       testArtifact: artifact=com.twitter:chill-java:jar:0.8.0:provided
[DEBUG]       includeArtifact: artifact=com.twitter:chill-java:jar:0.8.0:provided
[DEBUG]       startProcessChildren: artifact=com.twitter:chill-java:jar:0.8.0:provided
[DEBUG]         testArtifact: artifact=com.esotericsoftware:kryo-shaded:jar:3.0.3:provided
[DEBUG]         includeArtifact: artifact=com.esotericsoftware:kryo-shaded:jar:3.0.3:provided
[DEBUG]         startProcessChildren: artifact=com.esotericsoftware:kryo-shaded:jar:3.0.3:provided
[DEBUG]           testArtifact: artifact=com.esotericsoftware:minlog:jar:1.3.0:provided
[DEBUG]           includeArtifact: artifact=com.esotericsoftware:minlog:jar:1.3.0:provided
[DEBUG]           startProcessChildren: artifact=com.esotericsoftware:minlog:jar:1.3.0:provided
[DEBUG]           endProcessChildren: artifact=com.esotericsoftware:minlog:jar:1.3.0:provided
[DEBUG]           testArtifact: artifact=org.objenesis:objenesis:jar:2.1:provided
[DEBUG]           includeArtifact: artifact=org.objenesis:objenesis:jar:2.1:provided
[DEBUG]           startProcessChildren: artifact=org.objenesis:objenesis:jar:2.1:provided
[DEBUG]           endProcessChildren: artifact=org.objenesis:objenesis:jar:2.1:provided
[DEBUG]         endProcessChildren: artifact=com.esotericsoftware:kryo-shaded:jar:3.0.3:provided
[DEBUG]       endProcessChildren: artifact=com.twitter:chill-java:jar:0.8.0:provided
[DEBUG]       testArtifact: artifact=com.esotericsoftware:kryo-shaded:jar:3.0.3:provided
[DEBUG]       omitForNearer: omitted=com.esotericsoftware:kryo-shaded:jar:3.0.3:provided kept=com.esotericsoftware:kryo-shaded:jar:3.0.3:provided
[DEBUG]       includeArtifact: artifact=com.esotericsoftware:kryo-shaded:jar:3.0.3:provided
[DEBUG]       startProcessChildren: artifact=com.esotericsoftware:kryo-shaded:jar:3.0.3:provided
[DEBUG]         testArtifact: artifact=com.esotericsoftware:minlog:jar:1.3.0:provided
[DEBUG]         includeArtifact: artifact=com.esotericsoftware:minlog:jar:1.3.0:provided
[DEBUG]         startProcessChildren: artifact=com.esotericsoftware:minlog:jar:1.3.0:provided
[DEBUG]         endProcessChildren: artifact=com.esotericsoftware:minlog:jar:1.3.0:provided
[DEBUG]         testArtifact: artifact=org.objenesis:objenesis:jar:2.1:provided
[DEBUG]         includeArtifact: artifact=org.objenesis:objenesis:jar:2.1:provided
[DEBUG]         startProcessChildren: artifact=org.objenesis:objenesis:jar:2.1:provided
[DEBUG]         endProcessChildren: artifact=org.objenesis:objenesis:jar:2.1:provided
[DEBUG]       endProcessChildren: artifact=com.esotericsoftware:kryo-shaded:jar:3.0.3:provided
[DEBUG]     endProcessChildren: artifact=com.twitter:chill_2.11:jar:0.8.0:provided
[DEBUG]     testArtifact: artifact=com.twitter:chill-java:jar:0.8.0:provided
[DEBUG]     omitForNearer: omitted=com.twitter:chill-java:jar:0.8.0:provided kept=com.twitter:chill-java:jar:0.8.0:provided
[DEBUG]     includeArtifact: artifact=com.twitter:chill-java:jar:0.8.0:provided
[DEBUG]     startProcessChildren: artifact=com.twitter:chill-java:jar:0.8.0:provided
[DEBUG]       testArtifact: artifact=com.esotericsoftware:kryo-shaded:jar:3.0.3:provided
[DEBUG]       omitForNearer: omitted=com.esotericsoftware:kryo-shaded:jar:3.0.3:provided kept=com.esotericsoftware:kryo-shaded:jar:3.0.3:provided
[DEBUG]     endProcessChildren: artifact=com.twitter:chill-java:jar:0.8.0:provided
[DEBUG]     testArtifact: artifact=org.apache.xbean:xbean-asm5-shaded:jar:4.4:provided
[DEBUG]     omitForNearer: omitted=org.apache.xbean:xbean-asm5-shaded:jar:4.4:provided kept=org.apache.xbean:xbean-asm5-shaded:jar:4.4:provided
[DEBUG]     testArtifact: artifact=org.apache.hadoop:hadoop-client:jar:2.6.5:provided
[DEBUG]     includeArtifact: artifact=org.apache.hadoop:hadoop-client:jar:2.6.5:provided
[DEBUG]     startProcessChildren: artifact=org.apache.hadoop:hadoop-client:jar:2.6.5:provided
[DEBUG]       testArtifact: artifact=org.apache.hadoop:hadoop-common:jar:2.6.5:provided
[DEBUG]       includeArtifact: artifact=org.apache.hadoop:hadoop-common:jar:2.6.5:provided
[DEBUG]       startProcessChildren: artifact=org.apache.hadoop:hadoop-common:jar:2.6.5:provided
[DEBUG]         testArtifact: artifact=org.apache.hadoop:hadoop-annotations:jar:2.6.5:provided
[DEBUG]         includeArtifact: artifact=org.apache.hadoop:hadoop-annotations:jar:2.6.5:provided
[DEBUG]         startProcessChildren: artifact=org.apache.hadoop:hadoop-annotations:jar:2.6.5:provided
[DEBUG]           testArtifact: artifact=jdk.tools:jdk.tools:jar:1.6:system
[DEBUG]           includeArtifact: artifact=jdk.tools:jdk.tools:jar:1.6:system
[DEBUG]         endProcessChildren: artifact=org.apache.hadoop:hadoop-annotations:jar:2.6.5:provided
[DEBUG]         testArtifact: artifact=com.google.guava:guava:jar:11.0.2:provided
[DEBUG]         includeArtifact: artifact=com.google.guava:guava:jar:11.0.2:provided
[DEBUG]         startProcessChildren: artifact=com.google.guava:guava:jar:11.0.2:provided
[DEBUG]           testArtifact: artifact=com.google.code.findbugs:jsr305:jar:1.3.9:provided
[DEBUG]           includeArtifact: artifact=com.google.code.findbugs:jsr305:jar:1.3.9:provided
[DEBUG]           startProcessChildren: artifact=com.google.code.findbugs:jsr305:jar:1.3.9:provided
[DEBUG]           endProcessChildren: artifact=com.google.code.findbugs:jsr305:jar:1.3.9:provided
[DEBUG]         endProcessChildren: artifact=com.google.guava:guava:jar:11.0.2:provided
[DEBUG]         testArtifact: artifact=commons-cli:commons-cli:jar:1.2:provided
[DEBUG]         includeArtifact: artifact=commons-cli:commons-cli:jar:1.2:provided
[DEBUG]         startProcessChildren: artifact=commons-cli:commons-cli:jar:1.2:provided
[DEBUG]         endProcessChildren: artifact=commons-cli:commons-cli:jar:1.2:provided
[DEBUG]         testArtifact: artifact=org.apache.commons:commons-math3:jar:3.1.1:provided
[DEBUG]         includeArtifact: artifact=org.apache.commons:commons-math3:jar:3.1.1:provided
[DEBUG]         startProcessChildren: artifact=org.apache.commons:commons-math3:jar:3.1.1:provided
[DEBUG]         endProcessChildren: artifact=org.apache.commons:commons-math3:jar:3.1.1:provided
[DEBUG]         testArtifact: artifact=xmlenc:xmlenc:jar:0.52:provided
[DEBUG]         includeArtifact: artifact=xmlenc:xmlenc:jar:0.52:provided
[DEBUG]         startProcessChildren: artifact=xmlenc:xmlenc:jar:0.52:provided
[DEBUG]         endProcessChildren: artifact=xmlenc:xmlenc:jar:0.52:provided
[DEBUG]         testArtifact: artifact=commons-httpclient:commons-httpclient:jar:3.1:provided
[DEBUG]         includeArtifact: artifact=commons-httpclient:commons-httpclient:jar:3.1:provided
[DEBUG]         startProcessChildren: artifact=commons-httpclient:commons-httpclient:jar:3.1:provided
[DEBUG]           testArtifact: artifact=commons-codec:commons-codec:jar:1.2:provided
[DEBUG]           omitForNearer: omitted=commons-codec:commons-codec:jar:1.2:provided kept=commons-codec:commons-codec:jar:1.10:provided
[DEBUG]         endProcessChildren: artifact=commons-httpclient:commons-httpclient:jar:3.1:provided
[DEBUG]         testArtifact: artifact=commons-codec:commons-codec:jar:1.4:provided
[DEBUG]         omitForNearer: omitted=commons-codec:commons-codec:jar:1.4:provided kept=commons-codec:commons-codec:jar:1.10:provided
[DEBUG]         testArtifact: artifact=commons-io:commons-io:jar:2.4:provided
[DEBUG]         includeArtifact: artifact=commons-io:commons-io:jar:2.4:provided
[DEBUG]         startProcessChildren: artifact=commons-io:commons-io:jar:2.4:provided
[DEBUG]         endProcessChildren: artifact=commons-io:commons-io:jar:2.4:provided
[DEBUG]         testArtifact: artifact=commons-net:commons-net:jar:3.1:provided
[DEBUG]         includeArtifact: artifact=commons-net:commons-net:jar:3.1:provided
[DEBUG]         startProcessChildren: artifact=commons-net:commons-net:jar:3.1:provided
[DEBUG]         endProcessChildren: artifact=commons-net:commons-net:jar:3.1:provided
[DEBUG]         testArtifact: artifact=commons-collections:commons-collections:jar:3.2.2:provided
[DEBUG]         includeArtifact: artifact=commons-collections:commons-collections:jar:3.2.2:provided
[DEBUG]         startProcessChildren: artifact=commons-collections:commons-collections:jar:3.2.2:provided
[DEBUG]         endProcessChildren: artifact=commons-collections:commons-collections:jar:3.2.2:provided
[DEBUG]         testArtifact: artifact=log4j:log4j:jar:1.2.17:provided
[DEBUG]         includeArtifact: artifact=log4j:log4j:jar:1.2.17:provided
[DEBUG]         startProcessChildren: artifact=log4j:log4j:jar:1.2.17:provided
[DEBUG]         endProcessChildren: artifact=log4j:log4j:jar:1.2.17:provided
[DEBUG]         testArtifact: artifact=commons-lang:commons-lang:jar:2.6:provided
[DEBUG]         includeArtifact: artifact=commons-lang:commons-lang:jar:2.6:provided
[DEBUG]         startProcessChildren: artifact=commons-lang:commons-lang:jar:2.6:provided
[DEBUG]         endProcessChildren: artifact=commons-lang:commons-lang:jar:2.6:provided
[DEBUG]         testArtifact: artifact=commons-configuration:commons-configuration:jar:1.6:provided
[DEBUG]         includeArtifact: artifact=commons-configuration:commons-configuration:jar:1.6:provided
[DEBUG]         startProcessChildren: artifact=commons-configuration:commons-configuration:jar:1.6:provided
[DEBUG]           testArtifact: artifact=commons-collections:commons-collections:jar:3.2.1:provided
[DEBUG]           omitForNearer: omitted=commons-collections:commons-collections:jar:3.2.1:provided kept=commons-collections:commons-collections:jar:3.2.2:provided
[DEBUG]           testArtifact: artifact=commons-lang:commons-lang:jar:2.4:provided
[DEBUG]           omitForNearer: omitted=commons-lang:commons-lang:jar:2.4:provided kept=commons-lang:commons-lang:jar:2.6:provided
[DEBUG]           testArtifact: artifact=commons-digester:commons-digester:jar:1.8:provided
[DEBUG]           includeArtifact: artifact=commons-digester:commons-digester:jar:1.8:provided
[DEBUG]           startProcessChildren: artifact=commons-digester:commons-digester:jar:1.8:provided
[DEBUG]             testArtifact: artifact=commons-beanutils:commons-beanutils:jar:1.7.0:provided
[DEBUG]             includeArtifact: artifact=commons-beanutils:commons-beanutils:jar:1.7.0:provided
[DEBUG]             startProcessChildren: artifact=commons-beanutils:commons-beanutils:jar:1.7.0:provided
[DEBUG]             endProcessChildren: artifact=commons-beanutils:commons-beanutils:jar:1.7.0:provided
[DEBUG]           endProcessChildren: artifact=commons-digester:commons-digester:jar:1.8:provided
[DEBUG]           testArtifact: artifact=commons-beanutils:commons-beanutils-core:jar:1.8.0:provided
[DEBUG]           includeArtifact: artifact=commons-beanutils:commons-beanutils-core:jar:1.8.0:provided
[DEBUG]           startProcessChildren: artifact=commons-beanutils:commons-beanutils-core:jar:1.8.0:provided
[DEBUG]           endProcessChildren: artifact=commons-beanutils:commons-beanutils-core:jar:1.8.0:provided
[DEBUG]         endProcessChildren: artifact=commons-configuration:commons-configuration:jar:1.6:provided
[DEBUG]         testArtifact: artifact=org.slf4j:slf4j-api:jar:1.7.5:provided
[DEBUG]         omitForNearer: omitted=org.slf4j:slf4j-api:jar:1.7.5:provided kept=org.slf4j:slf4j-api:jar:1.7.7:compile
[DEBUG]         testArtifact: artifact=org.slf4j:slf4j-log4j12:jar:1.7.5:provided
[DEBUG]         includeArtifact: artifact=org.slf4j:slf4j-log4j12:jar:1.7.5:provided
[DEBUG]         startProcessChildren: artifact=org.slf4j:slf4j-log4j12:jar:1.7.5:provided
[DEBUG]           testArtifact: artifact=org.slf4j:slf4j-api:jar:1.7.5:provided
[DEBUG]           omitForNearer: omitted=org.slf4j:slf4j-api:jar:1.7.5:provided kept=org.slf4j:slf4j-api:jar:1.7.7:compile
[DEBUG]           testArtifact: artifact=log4j:log4j:jar:1.2.17:provided
[DEBUG]           omitForNearer: omitted=log4j:log4j:jar:1.2.17:provided kept=log4j:log4j:jar:1.2.17:provided
[DEBUG]         endProcessChildren: artifact=org.slf4j:slf4j-log4j12:jar:1.7.5:provided
[DEBUG]         testArtifact: artifact=org.codehaus.jackson:jackson-core-asl:jar:1.9.13:provided
[DEBUG]         omitForNearer: omitted=org.codehaus.jackson:jackson-core-asl:jar:1.9.13:provided kept=org.codehaus.jackson:jackson-core-asl:jar:1.9.11:provided
[DEBUG]         testArtifact: artifact=org.apache.avro:avro:jar:1.7.4:provided
[DEBUG]         omitForNearer: omitted=org.apache.avro:avro:jar:1.7.4:provided kept=org.apache.avro:avro:jar:1.7.7:provided
[DEBUG]         testArtifact: artifact=com.google.protobuf:protobuf-java:jar:2.5.0:provided
[DEBUG]         includeArtifact: artifact=com.google.protobuf:protobuf-java:jar:2.5.0:provided
[DEBUG]         startProcessChildren: artifact=com.google.protobuf:protobuf-java:jar:2.5.0:provided
[DEBUG]         endProcessChildren: artifact=com.google.protobuf:protobuf-java:jar:2.5.0:provided
[DEBUG]         testArtifact: artifact=com.google.code.gson:gson:jar:2.2.4:provided
[DEBUG]         includeArtifact: artifact=com.google.code.gson:gson:jar:2.2.4:provided
[DEBUG]         startProcessChildren: artifact=com.google.code.gson:gson:jar:2.2.4:provided
[DEBUG]         endProcessChildren: artifact=com.google.code.gson:gson:jar:2.2.4:provided
[DEBUG]         testArtifact: artifact=org.apache.hadoop:hadoop-auth:jar:2.6.5:provided
[DEBUG]         includeArtifact: artifact=org.apache.hadoop:hadoop-auth:jar:2.6.5:provided
[DEBUG]         startProcessChildren: artifact=org.apache.hadoop:hadoop-auth:jar:2.6.5:provided
[DEBUG]           testArtifact: artifact=org.slf4j:slf4j-api:jar:1.7.5:provided
[DEBUG]           omitForNearer: omitted=org.slf4j:slf4j-api:jar:1.7.5:provided kept=org.slf4j:slf4j-api:jar:1.7.7:compile
[DEBUG]           testArtifact: artifact=commons-codec:commons-codec:jar:1.4:provided
[DEBUG]           omitForNearer: omitted=commons-codec:commons-codec:jar:1.4:provided kept=commons-codec:commons-codec:jar:1.10:provided
[DEBUG]           testArtifact: artifact=log4j:log4j:jar:1.2.17:provided
[DEBUG]           omitForNearer: omitted=log4j:log4j:jar:1.2.17:provided kept=log4j:log4j:jar:1.2.17:provided
[DEBUG]           testArtifact: artifact=org.slf4j:slf4j-log4j12:jar:1.7.5:provided
[DEBUG]           omitForNearer: omitted=org.slf4j:slf4j-log4j12:jar:1.7.5:provided kept=org.slf4j:slf4j-log4j12:jar:1.7.5:provided
[DEBUG]           testArtifact: artifact=org.apache.httpcomponents:httpclient:jar:4.2.5:provided
[DEBUG]           includeArtifact: artifact=org.apache.httpcomponents:httpclient:jar:4.2.5:provided
[DEBUG]           startProcessChildren: artifact=org.apache.httpcomponents:httpclient:jar:4.2.5:provided
[DEBUG]             testArtifact: artifact=org.apache.httpcomponents:httpcore:jar:4.2.4:provided
[DEBUG]             includeArtifact: artifact=org.apache.httpcomponents:httpcore:jar:4.2.4:provided
[DEBUG]             startProcessChildren: artifact=org.apache.httpcomponents:httpcore:jar:4.2.4:provided
[DEBUG]             endProcessChildren: artifact=org.apache.httpcomponents:httpcore:jar:4.2.4:provided
[DEBUG]             testArtifact: artifact=commons-codec:commons-codec:jar:1.6:provided
[DEBUG]             omitForNearer: omitted=commons-codec:commons-codec:jar:1.6:provided kept=commons-codec:commons-codec:jar:1.10:provided
[DEBUG]           endProcessChildren: artifact=org.apache.httpcomponents:httpclient:jar:4.2.5:provided
[DEBUG]           testArtifact: artifact=org.apache.directory.server:apacheds-kerberos-codec:jar:2.0.0-M15:provided
[DEBUG]           includeArtifact: artifact=org.apache.directory.server:apacheds-kerberos-codec:jar:2.0.0-M15:provided
[DEBUG]           startProcessChildren: artifact=org.apache.directory.server:apacheds-kerberos-codec:jar:2.0.0-M15:provided
[DEBUG]             testArtifact: artifact=org.apache.directory.server:apacheds-i18n:jar:2.0.0-M15:provided
[DEBUG]             includeArtifact: artifact=org.apache.directory.server:apacheds-i18n:jar:2.0.0-M15:provided
[DEBUG]             startProcessChildren: artifact=org.apache.directory.server:apacheds-i18n:jar:2.0.0-M15:provided
[DEBUG]               testArtifact: artifact=org.slf4j:slf4j-api:jar:1.7.5:provided
[DEBUG]               omitForNearer: omitted=org.slf4j:slf4j-api:jar:1.7.5:provided kept=org.slf4j:slf4j-api:jar:1.7.7:compile
[DEBUG]             endProcessChildren: artifact=org.apache.directory.server:apacheds-i18n:jar:2.0.0-M15:provided
[DEBUG]             testArtifact: artifact=org.apache.directory.api:api-asn1-api:jar:1.0.0-M20:provided
[DEBUG]             includeArtifact: artifact=org.apache.directory.api:api-asn1-api:jar:1.0.0-M20:provided
[DEBUG]             startProcessChildren: artifact=org.apache.directory.api:api-asn1-api:jar:1.0.0-M20:provided
[DEBUG]               testArtifact: artifact=org.slf4j:slf4j-api:jar:1.7.5:provided
[DEBUG]               omitForNearer: omitted=org.slf4j:slf4j-api:jar:1.7.5:provided kept=org.slf4j:slf4j-api:jar:1.7.7:compile
[DEBUG]             endProcessChildren: artifact=org.apache.directory.api:api-asn1-api:jar:1.0.0-M20:provided
[DEBUG]             testArtifact: artifact=org.apache.directory.api:api-util:jar:1.0.0-M20:provided
[DEBUG]             includeArtifact: artifact=org.apache.directory.api:api-util:jar:1.0.0-M20:provided
[DEBUG]             startProcessChildren: artifact=org.apache.directory.api:api-util:jar:1.0.0-M20:provided
[DEBUG]               testArtifact: artifact=org.slf4j:slf4j-api:jar:1.7.5:provided
[DEBUG]               omitForNearer: omitted=org.slf4j:slf4j-api:jar:1.7.5:provided kept=org.slf4j:slf4j-api:jar:1.7.7:compile
[DEBUG]             endProcessChildren: artifact=org.apache.directory.api:api-util:jar:1.0.0-M20:provided
[DEBUG]             testArtifact: artifact=org.slf4j:slf4j-api:jar:1.7.5:provided
[DEBUG]             omitForNearer: omitted=org.slf4j:slf4j-api:jar:1.7.5:provided kept=org.slf4j:slf4j-api:jar:1.7.7:compile
[DEBUG]           endProcessChildren: artifact=org.apache.directory.server:apacheds-kerberos-codec:jar:2.0.0-M15:provided
[DEBUG]           testArtifact: artifact=org.apache.zookeeper:zookeeper:jar:3.4.6:provided
[DEBUG]           includeArtifact: artifact=org.apache.zookeeper:zookeeper:jar:3.4.6:provided
[DEBUG]           startProcessChildren: artifact=org.apache.zookeeper:zookeeper:jar:3.4.6:provided
[DEBUG]             testArtifact: artifact=org.slf4j:slf4j-api:jar:1.6.1:provided
[DEBUG]             omitForNearer: omitted=org.slf4j:slf4j-api:jar:1.6.1:provided kept=org.slf4j:slf4j-api:jar:1.7.7:compile
[DEBUG]             testArtifact: artifact=org.slf4j:slf4j-log4j12:jar:1.6.1:provided
[DEBUG]             omitForNearer: omitted=org.slf4j:slf4j-log4j12:jar:1.6.1:provided kept=org.slf4j:slf4j-log4j12:jar:1.7.5:provided
[DEBUG]             testArtifact: artifact=log4j:log4j:jar:1.2.16:provided
[DEBUG]             omitForNearer: omitted=log4j:log4j:jar:1.2.16:provided kept=log4j:log4j:jar:1.2.17:provided
[DEBUG]             testArtifact: artifact=jline:jline:jar:0.9.94:provided
[DEBUG]             includeArtifact: artifact=jline:jline:jar:0.9.94:provided
[DEBUG]             startProcessChildren: artifact=jline:jline:jar:0.9.94:provided
[DEBUG]             endProcessChildren: artifact=jline:jline:jar:0.9.94:provided
[DEBUG]             testArtifact: artifact=io.netty:netty:jar:3.7.0.Final:provided
[DEBUG]             includeArtifact: artifact=io.netty:netty:jar:3.7.0.Final:provided
[DEBUG]             startProcessChildren: artifact=io.netty:netty:jar:3.7.0.Final:provided
[DEBUG]             endProcessChildren: artifact=io.netty:netty:jar:3.7.0.Final:provided
[DEBUG]           endProcessChildren: artifact=org.apache.zookeeper:zookeeper:jar:3.4.6:provided
[DEBUG]           testArtifact: artifact=org.apache.curator:curator-framework:jar:2.6.0:provided
[DEBUG]           includeArtifact: artifact=org.apache.curator:curator-framework:jar:2.6.0:provided
[DEBUG]           startProcessChildren: artifact=org.apache.curator:curator-framework:jar:2.6.0:provided
[DEBUG]             testArtifact: artifact=org.apache.curator:curator-client:jar:2.6.0:provided
[DEBUG]             includeArtifact: artifact=org.apache.curator:curator-client:jar:2.6.0:provided
[DEBUG]             startProcessChildren: artifact=org.apache.curator:curator-client:jar:2.6.0:provided
[DEBUG]               testArtifact: artifact=org.slf4j:slf4j-api:jar:1.7.6:provided
[DEBUG]               omitForNearer: omitted=org.slf4j:slf4j-api:jar:1.7.6:provided kept=org.slf4j:slf4j-api:jar:1.7.7:compile
[DEBUG]               testArtifact: artifact=org.apache.zookeeper:zookeeper:jar:3.4.6:provided
[DEBUG]               omitForNearer: omitted=org.apache.zookeeper:zookeeper:jar:3.4.6:provided kept=org.apache.zookeeper:zookeeper:jar:3.4.6:provided
[DEBUG]               testArtifact: artifact=com.google.guava:guava:jar:16.0.1:provided
[DEBUG]               omitForNearer: omitted=com.google.guava:guava:jar:16.0.1:provided kept=com.google.guava:guava:jar:11.0.2:provided
[DEBUG]             endProcessChildren: artifact=org.apache.curator:curator-client:jar:2.6.0:provided
[DEBUG]             testArtifact: artifact=org.apache.zookeeper:zookeeper:jar:3.4.6:provided
[DEBUG]             omitForNearer: omitted=org.apache.zookeeper:zookeeper:jar:3.4.6:provided kept=org.apache.zookeeper:zookeeper:jar:3.4.6:provided
[DEBUG]             testArtifact: artifact=com.google.guava:guava:jar:16.0.1:provided
[DEBUG]             omitForNearer: omitted=com.google.guava:guava:jar:16.0.1:provided kept=com.google.guava:guava:jar:11.0.2:provided
[DEBUG]           endProcessChildren: artifact=org.apache.curator:curator-framework:jar:2.6.0:provided
[DEBUG]         endProcessChildren: artifact=org.apache.hadoop:hadoop-auth:jar:2.6.5:provided
[DEBUG]         testArtifact: artifact=org.apache.curator:curator-client:jar:2.6.0:provided
[DEBUG]         omitForNearer: omitted=org.apache.curator:curator-client:jar:2.6.0:provided kept=org.apache.curator:curator-client:jar:2.6.0:provided
[DEBUG]         includeArtifact: artifact=org.apache.curator:curator-client:jar:2.6.0:provided
[DEBUG]         startProcessChildren: artifact=org.apache.curator:curator-client:jar:2.6.0:provided
[DEBUG]           testArtifact: artifact=org.slf4j:slf4j-api:jar:1.7.6:provided
[DEBUG]           omitForNearer: omitted=org.slf4j:slf4j-api:jar:1.7.6:provided kept=org.slf4j:slf4j-api:jar:1.7.7:compile
[DEBUG]           testArtifact: artifact=org.apache.zookeeper:zookeeper:jar:3.4.6:provided
[DEBUG]           omitForNearer: omitted=org.apache.zookeeper:zookeeper:jar:3.4.6:provided kept=org.apache.zookeeper:zookeeper:jar:3.4.6:provided
[DEBUG]           testArtifact: artifact=com.google.guava:guava:jar:16.0.1:provided
[DEBUG]           omitForNearer: omitted=com.google.guava:guava:jar:16.0.1:provided kept=com.google.guava:guava:jar:11.0.2:provided
[DEBUG]         endProcessChildren: artifact=org.apache.curator:curator-client:jar:2.6.0:provided
[DEBUG]         testArtifact: artifact=org.apache.curator:curator-recipes:jar:2.6.0:provided
[DEBUG]         includeArtifact: artifact=org.apache.curator:curator-recipes:jar:2.6.0:provided
[DEBUG]         startProcessChildren: artifact=org.apache.curator:curator-recipes:jar:2.6.0:provided
[DEBUG]           testArtifact: artifact=org.apache.curator:curator-framework:jar:2.6.0:provided
[DEBUG]           omitForNearer: omitted=org.apache.curator:curator-framework:jar:2.6.0:provided kept=org.apache.curator:curator-framework:jar:2.6.0:provided
[DEBUG]           testArtifact: artifact=org.apache.zookeeper:zookeeper:jar:3.4.6:provided
[DEBUG]           omitForNearer: omitted=org.apache.zookeeper:zookeeper:jar:3.4.6:provided kept=org.apache.zookeeper:zookeeper:jar:3.4.6:provided
[DEBUG]           testArtifact: artifact=com.google.guava:guava:jar:16.0.1:provided
[DEBUG]           omitForNearer: omitted=com.google.guava:guava:jar:16.0.1:provided kept=com.google.guava:guava:jar:11.0.2:provided
[DEBUG]         endProcessChildren: artifact=org.apache.curator:curator-recipes:jar:2.6.0:provided
[DEBUG]         testArtifact: artifact=com.google.code.findbugs:jsr305:jar:1.3.9:provided
[DEBUG]         omitForNearer: omitted=com.google.code.findbugs:jsr305:jar:1.3.9:provided kept=com.google.code.findbugs:jsr305:jar:1.3.9:provided
[DEBUG]         includeArtifact: artifact=com.google.code.findbugs:jsr305:jar:1.3.9:provided
[DEBUG]         startProcessChildren: artifact=com.google.code.findbugs:jsr305:jar:1.3.9:provided
[DEBUG]         endProcessChildren: artifact=com.google.code.findbugs:jsr305:jar:1.3.9:provided
[DEBUG]         testArtifact: artifact=org.htrace:htrace-core:jar:3.0.4:provided
[DEBUG]         includeArtifact: artifact=org.htrace:htrace-core:jar:3.0.4:provided
[DEBUG]         startProcessChildren: artifact=org.htrace:htrace-core:jar:3.0.4:provided
[DEBUG]           testArtifact: artifact=com.google.guava:guava:jar:12.0.1:provided
[DEBUG]           omitForNearer: omitted=com.google.guava:guava:jar:12.0.1:provided kept=com.google.guava:guava:jar:11.0.2:provided
[DEBUG]         endProcessChildren: artifact=org.htrace:htrace-core:jar:3.0.4:provided
[DEBUG]         testArtifact: artifact=org.apache.zookeeper:zookeeper:jar:3.4.6:provided
[DEBUG]         omitForNearer: omitted=org.apache.zookeeper:zookeeper:jar:3.4.6:provided kept=org.apache.zookeeper:zookeeper:jar:3.4.6:provided
[DEBUG]         includeArtifact: artifact=org.apache.zookeeper:zookeeper:jar:3.4.6:provided
[DEBUG]         startProcessChildren: artifact=org.apache.zookeeper:zookeeper:jar:3.4.6:provided
[DEBUG]           testArtifact: artifact=org.slf4j:slf4j-api:jar:1.6.1:provided
[DEBUG]           omitForNearer: omitted=org.slf4j:slf4j-api:jar:1.6.1:provided kept=org.slf4j:slf4j-api:jar:1.7.7:compile
[DEBUG]           testArtifact: artifact=org.slf4j:slf4j-log4j12:jar:1.6.1:provided
[DEBUG]           omitForNearer: omitted=org.slf4j:slf4j-log4j12:jar:1.6.1:provided kept=org.slf4j:slf4j-log4j12:jar:1.7.5:provided
[DEBUG]           testArtifact: artifact=log4j:log4j:jar:1.2.16:provided
[DEBUG]           omitForNearer: omitted=log4j:log4j:jar:1.2.16:provided kept=log4j:log4j:jar:1.2.17:provided
[DEBUG]           testArtifact: artifact=io.netty:netty:jar:3.7.0.Final:provided
[DEBUG]           includeArtifact: artifact=io.netty:netty:jar:3.7.0.Final:provided
[DEBUG]           startProcessChildren: artifact=io.netty:netty:jar:3.7.0.Final:provided
[DEBUG]           endProcessChildren: artifact=io.netty:netty:jar:3.7.0.Final:provided
[DEBUG]         endProcessChildren: artifact=org.apache.zookeeper:zookeeper:jar:3.4.6:provided
[DEBUG]         testArtifact: artifact=org.apache.commons:commons-compress:jar:1.4.1:provided
[DEBUG]         omitForNearer: omitted=org.apache.commons:commons-compress:jar:1.4.1:provided kept=org.apache.commons:commons-compress:jar:1.4.1:provided
[DEBUG]       endProcessChildren: artifact=org.apache.hadoop:hadoop-common:jar:2.6.5:provided
[DEBUG]       testArtifact: artifact=org.apache.hadoop:hadoop-hdfs:jar:2.6.5:provided
[DEBUG]       includeArtifact: artifact=org.apache.hadoop:hadoop-hdfs:jar:2.6.5:provided
[DEBUG]       startProcessChildren: artifact=org.apache.hadoop:hadoop-hdfs:jar:2.6.5:provided
[DEBUG]         testArtifact: artifact=com.google.guava:guava:jar:11.0.2:provided
[DEBUG]         omitForNearer: omitted=com.google.guava:guava:jar:11.0.2:provided kept=com.google.guava:guava:jar:11.0.2:provided
[DEBUG]         testArtifact: artifact=org.mortbay.jetty:jetty-util:jar:6.1.26:provided
[DEBUG]         includeArtifact: artifact=org.mortbay.jetty:jetty-util:jar:6.1.26:provided
[DEBUG]         startProcessChildren: artifact=org.mortbay.jetty:jetty-util:jar:6.1.26:provided
[DEBUG]         endProcessChildren: artifact=org.mortbay.jetty:jetty-util:jar:6.1.26:provided
[DEBUG]         testArtifact: artifact=commons-cli:commons-cli:jar:1.2:provided
[DEBUG]         omitForNearer: omitted=commons-cli:commons-cli:jar:1.2:provided kept=commons-cli:commons-cli:jar:1.2:provided
[DEBUG]         testArtifact: artifact=commons-codec:commons-codec:jar:1.4:provided
[DEBUG]         omitForNearer: omitted=commons-codec:commons-codec:jar:1.4:provided kept=commons-codec:commons-codec:jar:1.10:provided
[DEBUG]         testArtifact: artifact=commons-io:commons-io:jar:2.4:provided
[DEBUG]         omitForNearer: omitted=commons-io:commons-io:jar:2.4:provided kept=commons-io:commons-io:jar:2.4:provided
[DEBUG]         testArtifact: artifact=commons-lang:commons-lang:jar:2.6:provided
[DEBUG]         omitForNearer: omitted=commons-lang:commons-lang:jar:2.6:provided kept=commons-lang:commons-lang:jar:2.6:provided
[DEBUG]         testArtifact: artifact=log4j:log4j:jar:1.2.17:provided
[DEBUG]         omitForNearer: omitted=log4j:log4j:jar:1.2.17:provided kept=log4j:log4j:jar:1.2.17:provided
[DEBUG]         testArtifact: artifact=com.google.protobuf:protobuf-java:jar:2.5.0:provided
[DEBUG]         omitForNearer: omitted=com.google.protobuf:protobuf-java:jar:2.5.0:provided kept=com.google.protobuf:protobuf-java:jar:2.5.0:provided
[DEBUG]         testArtifact: artifact=org.codehaus.jackson:jackson-core-asl:jar:1.9.13:provided
[DEBUG]         omitForNearer: omitted=org.codehaus.jackson:jackson-core-asl:jar:1.9.13:provided kept=org.codehaus.jackson:jackson-core-asl:jar:1.9.11:provided
[DEBUG]         testArtifact: artifact=xmlenc:xmlenc:jar:0.52:provided
[DEBUG]         omitForNearer: omitted=xmlenc:xmlenc:jar:0.52:provided kept=xmlenc:xmlenc:jar:0.52:provided
[DEBUG]         testArtifact: artifact=io.netty:netty:jar:3.6.2.Final:provided
[DEBUG]         omitForNearer: omitted=io.netty:netty:jar:3.7.0.Final:provided kept=io.netty:netty:jar:3.6.2.Final:provided
[DEBUG]         includeArtifact: artifact=io.netty:netty:jar:3.6.2.Final:provided
[DEBUG]         startProcessChildren: artifact=io.netty:netty:jar:3.6.2.Final:provided
[DEBUG]         endProcessChildren: artifact=io.netty:netty:jar:3.6.2.Final:provided
[DEBUG]         testArtifact: artifact=xerces:xercesImpl:jar:2.9.1:provided
[DEBUG]         includeArtifact: artifact=xerces:xercesImpl:jar:2.9.1:provided
[DEBUG]         startProcessChildren: artifact=xerces:xercesImpl:jar:2.9.1:provided
[DEBUG]           testArtifact: artifact=xml-apis:xml-apis:jar:1.3.04:provided
[DEBUG]           includeArtifact: artifact=xml-apis:xml-apis:jar:1.3.04:provided
[DEBUG]           startProcessChildren: artifact=xml-apis:xml-apis:jar:1.3.04:provided
[DEBUG]           endProcessChildren: artifact=xml-apis:xml-apis:jar:1.3.04:provided
[DEBUG]         endProcessChildren: artifact=xerces:xercesImpl:jar:2.9.1:provided
[DEBUG]         testArtifact: artifact=org.htrace:htrace-core:jar:3.0.4:provided
[DEBUG]         omitForNearer: omitted=org.htrace:htrace-core:jar:3.0.4:provided kept=org.htrace:htrace-core:jar:3.0.4:provided
[DEBUG]       endProcessChildren: artifact=org.apache.hadoop:hadoop-hdfs:jar:2.6.5:provided
[DEBUG]       testArtifact: artifact=org.apache.hadoop:hadoop-mapreduce-client-app:jar:2.6.5:provided
[DEBUG]       includeArtifact: artifact=org.apache.hadoop:hadoop-mapreduce-client-app:jar:2.6.5:provided
[DEBUG]       startProcessChildren: artifact=org.apache.hadoop:hadoop-mapreduce-client-app:jar:2.6.5:provided
[DEBUG]         testArtifact: artifact=org.apache.hadoop:hadoop-mapreduce-client-common:jar:2.6.5:provided
[DEBUG]         includeArtifact: artifact=org.apache.hadoop:hadoop-mapreduce-client-common:jar:2.6.5:provided
[DEBUG]         startProcessChildren: artifact=org.apache.hadoop:hadoop-mapreduce-client-common:jar:2.6.5:provided
[DEBUG]           testArtifact: artifact=org.apache.hadoop:hadoop-yarn-common:jar:2.6.5:provided
[DEBUG]           includeArtifact: artifact=org.apache.hadoop:hadoop-yarn-common:jar:2.6.5:provided
[DEBUG]           startProcessChildren: artifact=org.apache.hadoop:hadoop-yarn-common:jar:2.6.5:provided
[DEBUG]             testArtifact: artifact=org.apache.hadoop:hadoop-yarn-api:jar:2.6.5:provided
[DEBUG]             includeArtifact: artifact=org.apache.hadoop:hadoop-yarn-api:jar:2.6.5:provided
[DEBUG]             startProcessChildren: artifact=org.apache.hadoop:hadoop-yarn-api:jar:2.6.5:provided
[DEBUG]               testArtifact: artifact=commons-lang:commons-lang:jar:2.6:provided
[DEBUG]               omitForNearer: omitted=commons-lang:commons-lang:jar:2.6:provided kept=commons-lang:commons-lang:jar:2.6:provided
[DEBUG]               testArtifact: artifact=com.google.guava:guava:jar:11.0.2:provided
[DEBUG]               omitForNearer: omitted=com.google.guava:guava:jar:11.0.2:provided kept=com.google.guava:guava:jar:11.0.2:provided
[DEBUG]               testArtifact: artifact=com.google.protobuf:protobuf-java:jar:2.5.0:provided
[DEBUG]               omitForNearer: omitted=com.google.protobuf:protobuf-java:jar:2.5.0:provided kept=com.google.protobuf:protobuf-java:jar:2.5.0:provided
[DEBUG]             endProcessChildren: artifact=org.apache.hadoop:hadoop-yarn-api:jar:2.6.5:provided
[DEBUG]             testArtifact: artifact=javax.xml.bind:jaxb-api:jar:2.2.2:provided
[DEBUG]             includeArtifact: artifact=javax.xml.bind:jaxb-api:jar:2.2.2:provided
[DEBUG]             startProcessChildren: artifact=javax.xml.bind:jaxb-api:jar:2.2.2:provided
[DEBUG]               testArtifact: artifact=javax.xml.stream:stax-api:jar:1.0-2:provided
[DEBUG]               includeArtifact: artifact=javax.xml.stream:stax-api:jar:1.0-2:provided
[DEBUG]               startProcessChildren: artifact=javax.xml.stream:stax-api:jar:1.0-2:provided
[DEBUG]               endProcessChildren: artifact=javax.xml.stream:stax-api:jar:1.0-2:provided
[DEBUG]               testArtifact: artifact=javax.activation:activation:jar:1.1:provided
[DEBUG]               includeArtifact: artifact=javax.activation:activation:jar:1.1:provided
[DEBUG]               startProcessChildren: artifact=javax.activation:activation:jar:1.1:provided
[DEBUG]               endProcessChildren: artifact=javax.activation:activation:jar:1.1:provided
[DEBUG]             endProcessChildren: artifact=javax.xml.bind:jaxb-api:jar:2.2.2:provided
[DEBUG]             testArtifact: artifact=org.apache.commons:commons-compress:jar:1.4.1:provided
[DEBUG]             omitForNearer: omitted=org.apache.commons:commons-compress:jar:1.4.1:provided kept=org.apache.commons:commons-compress:jar:1.4.1:provided
[DEBUG]             testArtifact: artifact=commons-lang:commons-lang:jar:2.6:provided
[DEBUG]             omitForNearer: omitted=commons-lang:commons-lang:jar:2.6:provided kept=commons-lang:commons-lang:jar:2.6:provided
[DEBUG]             testArtifact: artifact=commons-codec:commons-codec:jar:1.4:provided
[DEBUG]             omitForNearer: omitted=commons-codec:commons-codec:jar:1.4:provided kept=commons-codec:commons-codec:jar:1.10:provided
[DEBUG]             testArtifact: artifact=org.mortbay.jetty:jetty-util:jar:6.1.26:provided
[DEBUG]             omitForNearer: omitted=org.mortbay.jetty:jetty-util:jar:6.1.26:provided kept=org.mortbay.jetty:jetty-util:jar:6.1.26:provided
[DEBUG]             testArtifact: artifact=com.sun.jersey:jersey-core:jar:1.9:provided
[DEBUG]             includeArtifact: artifact=com.sun.jersey:jersey-core:jar:1.9:provided
[DEBUG]             startProcessChildren: artifact=com.sun.jersey:jersey-core:jar:1.9:provided
[DEBUG]             endProcessChildren: artifact=com.sun.jersey:jersey-core:jar:1.9:provided
[DEBUG]             testArtifact: artifact=com.sun.jersey:jersey-client:jar:1.9:provided
[DEBUG]             includeArtifact: artifact=com.sun.jersey:jersey-client:jar:1.9:provided
[DEBUG]             startProcessChildren: artifact=com.sun.jersey:jersey-client:jar:1.9:provided
[DEBUG]               testArtifact: artifact=com.sun.jersey:jersey-core:jar:1.9:provided
[DEBUG]               omitForNearer: omitted=com.sun.jersey:jersey-core:jar:1.9:provided kept=com.sun.jersey:jersey-core:jar:1.9:provided
[DEBUG]             endProcessChildren: artifact=com.sun.jersey:jersey-client:jar:1.9:provided
[DEBUG]             testArtifact: artifact=org.codehaus.jackson:jackson-core-asl:jar:1.9.13:provided
[DEBUG]             omitForNearer: omitted=org.codehaus.jackson:jackson-core-asl:jar:1.9.13:provided kept=org.codehaus.jackson:jackson-core-asl:jar:1.9.11:provided
[DEBUG]             testArtifact: artifact=org.codehaus.jackson:jackson-jaxrs:jar:1.9.13:provided
[DEBUG]             includeArtifact: artifact=org.codehaus.jackson:jackson-jaxrs:jar:1.9.13:provided
[DEBUG]             startProcessChildren: artifact=org.codehaus.jackson:jackson-jaxrs:jar:1.9.13:provided
[DEBUG]               testArtifact: artifact=org.codehaus.jackson:jackson-core-asl:jar:1.9.13:provided
[DEBUG]               omitForNearer: omitted=org.codehaus.jackson:jackson-core-asl:jar:1.9.13:provided kept=org.codehaus.jackson:jackson-core-asl:jar:1.9.11:provided
[DEBUG]             endProcessChildren: artifact=org.codehaus.jackson:jackson-jaxrs:jar:1.9.13:provided
[DEBUG]             testArtifact: artifact=org.codehaus.jackson:jackson-xc:jar:1.9.13:provided
[DEBUG]             includeArtifact: artifact=org.codehaus.jackson:jackson-xc:jar:1.9.13:provided
[DEBUG]             startProcessChildren: artifact=org.codehaus.jackson:jackson-xc:jar:1.9.13:provided
[DEBUG]               testArtifact: artifact=org.codehaus.jackson:jackson-core-asl:jar:1.9.13:provided
[DEBUG]               omitForNearer: omitted=org.codehaus.jackson:jackson-core-asl:jar:1.9.13:provided kept=org.codehaus.jackson:jackson-core-asl:jar:1.9.11:provided
[DEBUG]             endProcessChildren: artifact=org.codehaus.jackson:jackson-xc:jar:1.9.13:provided
[DEBUG]             testArtifact: artifact=com.google.guava:guava:jar:11.0.2:provided
[DEBUG]             omitForNearer: omitted=com.google.guava:guava:jar:11.0.2:provided kept=com.google.guava:guava:jar:11.0.2:provided
[DEBUG]             testArtifact: artifact=commons-cli:commons-cli:jar:1.2:provided
[DEBUG]             omitForNearer: omitted=commons-cli:commons-cli:jar:1.2:provided kept=commons-cli:commons-cli:jar:1.2:provided
[DEBUG]             testArtifact: artifact=org.slf4j:slf4j-api:jar:1.7.5:provided
[DEBUG]             omitForNearer: omitted=org.slf4j:slf4j-api:jar:1.7.5:provided kept=org.slf4j:slf4j-api:jar:1.7.7:compile
[DEBUG]             testArtifact: artifact=com.google.protobuf:protobuf-java:jar:2.5.0:provided
[DEBUG]             omitForNearer: omitted=com.google.protobuf:protobuf-java:jar:2.5.0:provided kept=com.google.protobuf:protobuf-java:jar:2.5.0:provided
[DEBUG]             testArtifact: artifact=commons-io:commons-io:jar:2.4:provided
[DEBUG]             omitForNearer: omitted=commons-io:commons-io:jar:2.4:provided kept=commons-io:commons-io:jar:2.4:provided
[DEBUG]             testArtifact: artifact=com.google.inject:guice:jar:3.0:provided
[DEBUG]             includeArtifact: artifact=com.google.inject:guice:jar:3.0:provided
[DEBUG]             startProcessChildren: artifact=com.google.inject:guice:jar:3.0:provided
[DEBUG]               testArtifact: artifact=javax.inject:javax.inject:jar:1:provided
[DEBUG]               includeArtifact: artifact=javax.inject:javax.inject:jar:1:provided
[DEBUG]               startProcessChildren: artifact=javax.inject:javax.inject:jar:1:provided
[DEBUG]               endProcessChildren: artifact=javax.inject:javax.inject:jar:1:provided
[DEBUG]               testArtifact: artifact=aopalliance:aopalliance:jar:1.0:provided
[DEBUG]               includeArtifact: artifact=aopalliance:aopalliance:jar:1.0:provided
[DEBUG]               startProcessChildren: artifact=aopalliance:aopalliance:jar:1.0:provided
[DEBUG]               endProcessChildren: artifact=aopalliance:aopalliance:jar:1.0:provided
[DEBUG]             endProcessChildren: artifact=com.google.inject:guice:jar:3.0:provided
[DEBUG]             testArtifact: artifact=com.sun.jersey:jersey-server:jar:1.9:provided
[DEBUG]             includeArtifact: artifact=com.sun.jersey:jersey-server:jar:1.9:provided
[DEBUG]             startProcessChildren: artifact=com.sun.jersey:jersey-server:jar:1.9:provided
[DEBUG]               testArtifact: artifact=com.sun.jersey:jersey-core:jar:1.9:provided
[DEBUG]               omitForNearer: omitted=com.sun.jersey:jersey-core:jar:1.9:provided kept=com.sun.jersey:jersey-core:jar:1.9:provided
[DEBUG]             endProcessChildren: artifact=com.sun.jersey:jersey-server:jar:1.9:provided
[DEBUG]             testArtifact: artifact=com.sun.jersey:jersey-json:jar:1.9:provided
[DEBUG]             includeArtifact: artifact=com.sun.jersey:jersey-json:jar:1.9:provided
[DEBUG]             startProcessChildren: artifact=com.sun.jersey:jersey-json:jar:1.9:provided
[DEBUG]               testArtifact: artifact=org.codehaus.jettison:jettison:jar:1.1:provided
[DEBUG]               includeArtifact: artifact=org.codehaus.jettison:jettison:jar:1.1:provided
[DEBUG]               startProcessChildren: artifact=org.codehaus.jettison:jettison:jar:1.1:provided
[DEBUG]               endProcessChildren: artifact=org.codehaus.jettison:jettison:jar:1.1:provided
[DEBUG]               testArtifact: artifact=com.sun.xml.bind:jaxb-impl:jar:2.2.3-1:provided
[DEBUG]               includeArtifact: artifact=com.sun.xml.bind:jaxb-impl:jar:2.2.3-1:provided
[DEBUG]               startProcessChildren: artifact=com.sun.xml.bind:jaxb-impl:jar:2.2.3-1:provided
[DEBUG]                 testArtifact: artifact=javax.xml.bind:jaxb-api:jar:2.2.2:provided
[DEBUG]                 omitForNearer: omitted=javax.xml.bind:jaxb-api:jar:2.2.2:provided kept=javax.xml.bind:jaxb-api:jar:2.2.2:provided
[DEBUG]               endProcessChildren: artifact=com.sun.xml.bind:jaxb-impl:jar:2.2.3-1:provided
[DEBUG]               testArtifact: artifact=org.codehaus.jackson:jackson-core-asl:jar:1.8.3:provided
[DEBUG]               omitForNearer: omitted=org.codehaus.jackson:jackson-core-asl:jar:1.8.3:provided kept=org.codehaus.jackson:jackson-core-asl:jar:1.9.11:provided
[DEBUG]               testArtifact: artifact=org.codehaus.jackson:jackson-jaxrs:jar:1.8.3:provided
[DEBUG]               omitForNearer: omitted=org.codehaus.jackson:jackson-jaxrs:jar:1.8.3:provided kept=org.codehaus.jackson:jackson-jaxrs:jar:1.9.13:provided
[DEBUG]               testArtifact: artifact=org.codehaus.jackson:jackson-xc:jar:1.8.3:provided
[DEBUG]               omitForNearer: omitted=org.codehaus.jackson:jackson-xc:jar:1.8.3:provided kept=org.codehaus.jackson:jackson-xc:jar:1.9.13:provided
[DEBUG]               testArtifact: artifact=com.sun.jersey:jersey-core:jar:1.9:provided
[DEBUG]               omitForNearer: omitted=com.sun.jersey:jersey-core:jar:1.9:provided kept=com.sun.jersey:jersey-core:jar:1.9:provided
[DEBUG]             endProcessChildren: artifact=com.sun.jersey:jersey-json:jar:1.9:provided
[DEBUG]             testArtifact: artifact=com.sun.jersey.contribs:jersey-guice:jar:1.9:provided
[DEBUG]             includeArtifact: artifact=com.sun.jersey.contribs:jersey-guice:jar:1.9:provided
[DEBUG]             startProcessChildren: artifact=com.sun.jersey.contribs:jersey-guice:jar:1.9:provided
[DEBUG]               testArtifact: artifact=javax.inject:javax.inject:jar:1:provided
[DEBUG]               omitForNearer: omitted=javax.inject:javax.inject:jar:1:provided kept=javax.inject:javax.inject:jar:1:provided
[DEBUG]               testArtifact: artifact=com.google.inject:guice:jar:3.0:provided
[DEBUG]               omitForNearer: omitted=com.google.inject:guice:jar:3.0:provided kept=com.google.inject:guice:jar:3.0:provided
[DEBUG]               testArtifact: artifact=com.sun.jersey:jersey-server:jar:1.9:provided
[DEBUG]               omitForNearer: omitted=com.sun.jersey:jersey-server:jar:1.9:provided kept=com.sun.jersey:jersey-server:jar:1.9:provided
[DEBUG]             endProcessChildren: artifact=com.sun.jersey.contribs:jersey-guice:jar:1.9:provided
[DEBUG]             testArtifact: artifact=log4j:log4j:jar:1.2.17:provided
[DEBUG]             omitForNearer: omitted=log4j:log4j:jar:1.2.17:provided kept=log4j:log4j:jar:1.2.17:provided
[DEBUG]           endProcessChildren: artifact=org.apache.hadoop:hadoop-yarn-common:jar:2.6.5:provided
[DEBUG]           testArtifact: artifact=org.apache.hadoop:hadoop-yarn-client:jar:2.6.5:provided
[DEBUG]           includeArtifact: artifact=org.apache.hadoop:hadoop-yarn-client:jar:2.6.5:provided
[DEBUG]           startProcessChildren: artifact=org.apache.hadoop:hadoop-yarn-client:jar:2.6.5:provided
[DEBUG]             testArtifact: artifact=com.google.guava:guava:jar:11.0.2:provided
[DEBUG]             omitForNearer: omitted=com.google.guava:guava:jar:11.0.2:provided kept=com.google.guava:guava:jar:11.0.2:provided
[DEBUG]             testArtifact: artifact=commons-lang:commons-lang:jar:2.6:provided
[DEBUG]             omitForNearer: omitted=commons-lang:commons-lang:jar:2.6:provided kept=commons-lang:commons-lang:jar:2.6:provided
[DEBUG]             testArtifact: artifact=commons-cli:commons-cli:jar:1.2:provided
[DEBUG]             omitForNearer: omitted=commons-cli:commons-cli:jar:1.2:provided kept=commons-cli:commons-cli:jar:1.2:provided
[DEBUG]             testArtifact: artifact=log4j:log4j:jar:1.2.17:provided
[DEBUG]             omitForNearer: omitted=log4j:log4j:jar:1.2.17:provided kept=log4j:log4j:jar:1.2.17:provided
[DEBUG]             testArtifact: artifact=org.apache.hadoop:hadoop-yarn-api:jar:2.6.5:provided
[DEBUG]             omitForNearer: omitted=org.apache.hadoop:hadoop-yarn-api:jar:2.6.5:provided kept=org.apache.hadoop:hadoop-yarn-api:jar:2.6.5:provided
[DEBUG]             testArtifact: artifact=org.apache.hadoop:hadoop-yarn-common:jar:2.6.5:provided
[DEBUG]             omitForNearer: omitted=org.apache.hadoop:hadoop-yarn-common:jar:2.6.5:provided kept=org.apache.hadoop:hadoop-yarn-common:jar:2.6.5:provided
[DEBUG]           endProcessChildren: artifact=org.apache.hadoop:hadoop-yarn-client:jar:2.6.5:provided
[DEBUG]           testArtifact: artifact=org.apache.hadoop:hadoop-mapreduce-client-core:jar:2.6.5:provided
[DEBUG]           includeArtifact: artifact=org.apache.hadoop:hadoop-mapreduce-client-core:jar:2.6.5:provided
[DEBUG]           startProcessChildren: artifact=org.apache.hadoop:hadoop-mapreduce-client-core:jar:2.6.5:provided
[DEBUG]             testArtifact: artifact=org.apache.hadoop:hadoop-yarn-common:jar:2.6.5:provided
[DEBUG]             omitForNearer: omitted=org.apache.hadoop:hadoop-yarn-common:jar:2.6.5:provided kept=org.apache.hadoop:hadoop-yarn-common:jar:2.6.5:provided
[DEBUG]             testArtifact: artifact=com.google.protobuf:protobuf-java:jar:2.5.0:provided
[DEBUG]             omitForNearer: omitted=com.google.protobuf:protobuf-java:jar:2.5.0:provided kept=com.google.protobuf:protobuf-java:jar:2.5.0:provided
[DEBUG]             testArtifact: artifact=org.slf4j:slf4j-api:jar:1.7.5:provided
[DEBUG]             omitForNearer: omitted=org.slf4j:slf4j-api:jar:1.7.5:provided kept=org.slf4j:slf4j-api:jar:1.7.7:compile
[DEBUG]             testArtifact: artifact=org.slf4j:slf4j-log4j12:jar:1.7.5:provided
[DEBUG]             omitForNearer: omitted=org.slf4j:slf4j-log4j12:jar:1.7.5:provided kept=org.slf4j:slf4j-log4j12:jar:1.7.5:provided
[DEBUG]           endProcessChildren: artifact=org.apache.hadoop:hadoop-mapreduce-client-core:jar:2.6.5:provided
[DEBUG]           testArtifact: artifact=org.apache.hadoop:hadoop-yarn-server-common:jar:2.6.5:provided
[DEBUG]           includeArtifact: artifact=org.apache.hadoop:hadoop-yarn-server-common:jar:2.6.5:provided
[DEBUG]           startProcessChildren: artifact=org.apache.hadoop:hadoop-yarn-server-common:jar:2.6.5:provided
[DEBUG]             testArtifact: artifact=org.apache.hadoop:hadoop-yarn-api:jar:2.6.5:provided
[DEBUG]             omitForNearer: omitted=org.apache.hadoop:hadoop-yarn-api:jar:2.6.5:provided kept=org.apache.hadoop:hadoop-yarn-api:jar:2.6.5:provided
[DEBUG]             testArtifact: artifact=org.apache.hadoop:hadoop-yarn-common:jar:2.6.5:provided
[DEBUG]             omitForNearer: omitted=org.apache.hadoop:hadoop-yarn-common:jar:2.6.5:provided kept=org.apache.hadoop:hadoop-yarn-common:jar:2.6.5:provided
[DEBUG]             testArtifact: artifact=com.google.guava:guava:jar:11.0.2:provided
[DEBUG]             omitForNearer: omitted=com.google.guava:guava:jar:11.0.2:provided kept=com.google.guava:guava:jar:11.0.2:provided
[DEBUG]             testArtifact: artifact=com.google.protobuf:protobuf-java:jar:2.5.0:provided
[DEBUG]             omitForNearer: omitted=com.google.protobuf:protobuf-java:jar:2.5.0:provided kept=com.google.protobuf:protobuf-java:jar:2.5.0:provided
[DEBUG]             testArtifact: artifact=org.apache.zookeeper:zookeeper:jar:3.4.6:provided
[DEBUG]             omitForNearer: omitted=org.apache.zookeeper:zookeeper:jar:3.4.6:provided kept=org.apache.zookeeper:zookeeper:jar:3.4.6:provided
[DEBUG]             testArtifact: artifact=org.fusesource.leveldbjni:leveldbjni-all:jar:1.8:provided
[DEBUG]             includeArtifact: artifact=org.fusesource.leveldbjni:leveldbjni-all:jar:1.8:provided
[DEBUG]             startProcessChildren: artifact=org.fusesource.leveldbjni:leveldbjni-all:jar:1.8:provided
[DEBUG]             endProcessChildren: artifact=org.fusesource.leveldbjni:leveldbjni-all:jar:1.8:provided
[DEBUG]           endProcessChildren: artifact=org.apache.hadoop:hadoop-yarn-server-common:jar:2.6.5:provided
[DEBUG]           testArtifact: artifact=com.google.protobuf:protobuf-java:jar:2.5.0:provided
[DEBUG]           omitForNearer: omitted=com.google.protobuf:protobuf-java:jar:2.5.0:provided kept=com.google.protobuf:protobuf-java:jar:2.5.0:provided
[DEBUG]           testArtifact: artifact=org.slf4j:slf4j-api:jar:1.7.5:provided
[DEBUG]           omitForNearer: omitted=org.slf4j:slf4j-api:jar:1.7.5:provided kept=org.slf4j:slf4j-api:jar:1.7.7:compile
[DEBUG]           testArtifact: artifact=org.slf4j:slf4j-log4j12:jar:1.7.5:provided
[DEBUG]           omitForNearer: omitted=org.slf4j:slf4j-log4j12:jar:1.7.5:provided kept=org.slf4j:slf4j-log4j12:jar:1.7.5:provided
[DEBUG]         endProcessChildren: artifact=org.apache.hadoop:hadoop-mapreduce-client-common:jar:2.6.5:provided
[DEBUG]         testArtifact: artifact=org.apache.hadoop:hadoop-mapreduce-client-shuffle:jar:2.6.5:provided
[DEBUG]         includeArtifact: artifact=org.apache.hadoop:hadoop-mapreduce-client-shuffle:jar:2.6.5:provided
[DEBUG]         startProcessChildren: artifact=org.apache.hadoop:hadoop-mapreduce-client-shuffle:jar:2.6.5:provided
[DEBUG]           testArtifact: artifact=org.apache.hadoop:hadoop-yarn-server-common:jar:2.6.5:provided
[DEBUG]           omitForNearer: omitted=org.apache.hadoop:hadoop-yarn-server-common:jar:2.6.5:provided kept=org.apache.hadoop:hadoop-yarn-server-common:jar:2.6.5:provided
[DEBUG]           testArtifact: artifact=org.apache.hadoop:hadoop-mapreduce-client-common:jar:2.6.5:provided
[DEBUG]           omitForNearer: omitted=org.apache.hadoop:hadoop-mapreduce-client-common:jar:2.6.5:provided kept=org.apache.hadoop:hadoop-mapreduce-client-common:jar:2.6.5:provided
[DEBUG]           testArtifact: artifact=org.fusesource.leveldbjni:leveldbjni-all:jar:1.8:provided
[DEBUG]           omitForNearer: omitted=org.fusesource.leveldbjni:leveldbjni-all:jar:1.8:provided kept=org.fusesource.leveldbjni:leveldbjni-all:jar:1.8:provided
[DEBUG]           includeArtifact: artifact=org.fusesource.leveldbjni:leveldbjni-all:jar:1.8:provided
[DEBUG]           startProcessChildren: artifact=org.fusesource.leveldbjni:leveldbjni-all:jar:1.8:provided
[DEBUG]           endProcessChildren: artifact=org.fusesource.leveldbjni:leveldbjni-all:jar:1.8:provided
[DEBUG]           testArtifact: artifact=com.google.protobuf:protobuf-java:jar:2.5.0:provided
[DEBUG]           omitForNearer: omitted=com.google.protobuf:protobuf-java:jar:2.5.0:provided kept=com.google.protobuf:protobuf-java:jar:2.5.0:provided
[DEBUG]           testArtifact: artifact=org.slf4j:slf4j-api:jar:1.7.5:provided
[DEBUG]           omitForNearer: omitted=org.slf4j:slf4j-api:jar:1.7.5:provided kept=org.slf4j:slf4j-api:jar:1.7.7:compile
[DEBUG]           testArtifact: artifact=org.slf4j:slf4j-log4j12:jar:1.7.5:provided
[DEBUG]           omitForNearer: omitted=org.slf4j:slf4j-log4j12:jar:1.7.5:provided kept=org.slf4j:slf4j-log4j12:jar:1.7.5:provided
[DEBUG]         endProcessChildren: artifact=org.apache.hadoop:hadoop-mapreduce-client-shuffle:jar:2.6.5:provided
[DEBUG]         testArtifact: artifact=com.google.protobuf:protobuf-java:jar:2.5.0:provided
[DEBUG]         omitForNearer: omitted=com.google.protobuf:protobuf-java:jar:2.5.0:provided kept=com.google.protobuf:protobuf-java:jar:2.5.0:provided
[DEBUG]         testArtifact: artifact=org.slf4j:slf4j-api:jar:1.7.5:provided
[DEBUG]         omitForNearer: omitted=org.slf4j:slf4j-api:jar:1.7.5:provided kept=org.slf4j:slf4j-api:jar:1.7.7:compile
[DEBUG]         testArtifact: artifact=org.slf4j:slf4j-log4j12:jar:1.7.5:provided
[DEBUG]         omitForNearer: omitted=org.slf4j:slf4j-log4j12:jar:1.7.5:provided kept=org.slf4j:slf4j-log4j12:jar:1.7.5:provided
[DEBUG]       endProcessChildren: artifact=org.apache.hadoop:hadoop-mapreduce-client-app:jar:2.6.5:provided
[DEBUG]       testArtifact: artifact=org.apache.hadoop:hadoop-yarn-api:jar:2.6.5:provided
[DEBUG]       omitForNearer: omitted=org.apache.hadoop:hadoop-yarn-api:jar:2.6.5:provided kept=org.apache.hadoop:hadoop-yarn-api:jar:2.6.5:provided
[DEBUG]       includeArtifact: artifact=org.apache.hadoop:hadoop-yarn-api:jar:2.6.5:provided
[DEBUG]       startProcessChildren: artifact=org.apache.hadoop:hadoop-yarn-api:jar:2.6.5:provided
[DEBUG]         testArtifact: artifact=commons-lang:commons-lang:jar:2.6:provided
[DEBUG]         omitForNearer: omitted=commons-lang:commons-lang:jar:2.6:provided kept=commons-lang:commons-lang:jar:2.6:provided
[DEBUG]         testArtifact: artifact=com.google.guava:guava:jar:11.0.2:provided
[DEBUG]         omitForNearer: omitted=com.google.guava:guava:jar:11.0.2:provided kept=com.google.guava:guava:jar:11.0.2:provided
[DEBUG]         testArtifact: artifact=com.google.protobuf:protobuf-java:jar:2.5.0:provided
[DEBUG]         omitForNearer: omitted=com.google.protobuf:protobuf-java:jar:2.5.0:provided kept=com.google.protobuf:protobuf-java:jar:2.5.0:provided
[DEBUG]       endProcessChildren: artifact=org.apache.hadoop:hadoop-yarn-api:jar:2.6.5:provided
[DEBUG]       testArtifact: artifact=org.apache.hadoop:hadoop-mapreduce-client-core:jar:2.6.5:provided
[DEBUG]       omitForNearer: omitted=org.apache.hadoop:hadoop-mapreduce-client-core:jar:2.6.5:provided kept=org.apache.hadoop:hadoop-mapreduce-client-core:jar:2.6.5:provided
[DEBUG]       includeArtifact: artifact=org.apache.hadoop:hadoop-mapreduce-client-core:jar:2.6.5:provided
[DEBUG]       startProcessChildren: artifact=org.apache.hadoop:hadoop-mapreduce-client-core:jar:2.6.5:provided
[DEBUG]         testArtifact: artifact=org.apache.hadoop:hadoop-yarn-common:jar:2.6.5:provided
[DEBUG]         omitForNearer: omitted=org.apache.hadoop:hadoop-yarn-common:jar:2.6.5:provided kept=org.apache.hadoop:hadoop-yarn-common:jar:2.6.5:provided
[DEBUG]         includeArtifact: artifact=org.apache.hadoop:hadoop-yarn-common:jar:2.6.5:provided
[DEBUG]         startProcessChildren: artifact=org.apache.hadoop:hadoop-yarn-common:jar:2.6.5:provided
[DEBUG]           testArtifact: artifact=org.apache.hadoop:hadoop-yarn-api:jar:2.6.5:provided
[DEBUG]           omitForNearer: omitted=org.apache.hadoop:hadoop-yarn-api:jar:2.6.5:provided kept=org.apache.hadoop:hadoop-yarn-api:jar:2.6.5:provided
[DEBUG]           testArtifact: artifact=javax.xml.bind:jaxb-api:jar:2.2.2:provided
[DEBUG]           includeArtifact: artifact=javax.xml.bind:jaxb-api:jar:2.2.2:provided
[DEBUG]           startProcessChildren: artifact=javax.xml.bind:jaxb-api:jar:2.2.2:provided
[DEBUG]             testArtifact: artifact=javax.xml.stream:stax-api:jar:1.0-2:provided
[DEBUG]             includeArtifact: artifact=javax.xml.stream:stax-api:jar:1.0-2:provided
[DEBUG]             startProcessChildren: artifact=javax.xml.stream:stax-api:jar:1.0-2:provided
[DEBUG]             endProcessChildren: artifact=javax.xml.stream:stax-api:jar:1.0-2:provided
[DEBUG]             testArtifact: artifact=javax.activation:activation:jar:1.1:provided
[DEBUG]             includeArtifact: artifact=javax.activation:activation:jar:1.1:provided
[DEBUG]             startProcessChildren: artifact=javax.activation:activation:jar:1.1:provided
[DEBUG]             endProcessChildren: artifact=javax.activation:activation:jar:1.1:provided
[DEBUG]           endProcessChildren: artifact=javax.xml.bind:jaxb-api:jar:2.2.2:provided
[DEBUG]           testArtifact: artifact=org.apache.commons:commons-compress:jar:1.4.1:provided
[DEBUG]           omitForNearer: omitted=org.apache.commons:commons-compress:jar:1.4.1:provided kept=org.apache.commons:commons-compress:jar:1.4.1:provided
[DEBUG]           testArtifact: artifact=commons-lang:commons-lang:jar:2.6:provided
[DEBUG]           omitForNearer: omitted=commons-lang:commons-lang:jar:2.6:provided kept=commons-lang:commons-lang:jar:2.6:provided
[DEBUG]           testArtifact: artifact=commons-codec:commons-codec:jar:1.4:provided
[DEBUG]           omitForNearer: omitted=commons-codec:commons-codec:jar:1.4:provided kept=commons-codec:commons-codec:jar:1.10:provided
[DEBUG]           testArtifact: artifact=org.mortbay.jetty:jetty-util:jar:6.1.26:provided
[DEBUG]           omitForNearer: omitted=org.mortbay.jetty:jetty-util:jar:6.1.26:provided kept=org.mortbay.jetty:jetty-util:jar:6.1.26:provided
[DEBUG]           testArtifact: artifact=com.sun.jersey:jersey-core:jar:1.9:provided
[DEBUG]           includeArtifact: artifact=com.sun.jersey:jersey-core:jar:1.9:provided
[DEBUG]           startProcessChildren: artifact=com.sun.jersey:jersey-core:jar:1.9:provided
[DEBUG]           endProcessChildren: artifact=com.sun.jersey:jersey-core:jar:1.9:provided
[DEBUG]           testArtifact: artifact=com.sun.jersey:jersey-client:jar:1.9:provided
[DEBUG]           includeArtifact: artifact=com.sun.jersey:jersey-client:jar:1.9:provided
[DEBUG]           startProcessChildren: artifact=com.sun.jersey:jersey-client:jar:1.9:provided
[DEBUG]             testArtifact: artifact=com.sun.jersey:jersey-core:jar:1.9:provided
[DEBUG]             omitForNearer: omitted=com.sun.jersey:jersey-core:jar:1.9:provided kept=com.sun.jersey:jersey-core:jar:1.9:provided
[DEBUG]           endProcessChildren: artifact=com.sun.jersey:jersey-client:jar:1.9:provided
[DEBUG]           testArtifact: artifact=org.codehaus.jackson:jackson-core-asl:jar:1.9.13:provided
[DEBUG]           omitForNearer: omitted=org.codehaus.jackson:jackson-core-asl:jar:1.9.13:provided kept=org.codehaus.jackson:jackson-core-asl:jar:1.9.11:provided
[DEBUG]           testArtifact: artifact=org.codehaus.jackson:jackson-jaxrs:jar:1.9.13:provided
[DEBUG]           includeArtifact: artifact=org.codehaus.jackson:jackson-jaxrs:jar:1.9.13:provided
[DEBUG]           startProcessChildren: artifact=org.codehaus.jackson:jackson-jaxrs:jar:1.9.13:provided
[DEBUG]             testArtifact: artifact=org.codehaus.jackson:jackson-core-asl:jar:1.9.13:provided
[DEBUG]             omitForNearer: omitted=org.codehaus.jackson:jackson-core-asl:jar:1.9.13:provided kept=org.codehaus.jackson:jackson-core-asl:jar:1.9.11:provided
[DEBUG]           endProcessChildren: artifact=org.codehaus.jackson:jackson-jaxrs:jar:1.9.13:provided
[DEBUG]           testArtifact: artifact=org.codehaus.jackson:jackson-xc:jar:1.9.13:provided
[DEBUG]           includeArtifact: artifact=org.codehaus.jackson:jackson-xc:jar:1.9.13:provided
[DEBUG]           startProcessChildren: artifact=org.codehaus.jackson:jackson-xc:jar:1.9.13:provided
[DEBUG]             testArtifact: artifact=org.codehaus.jackson:jackson-core-asl:jar:1.9.13:provided
[DEBUG]             omitForNearer: omitted=org.codehaus.jackson:jackson-core-asl:jar:1.9.13:provided kept=org.codehaus.jackson:jackson-core-asl:jar:1.9.11:provided
[DEBUG]           endProcessChildren: artifact=org.codehaus.jackson:jackson-xc:jar:1.9.13:provided
[DEBUG]           testArtifact: artifact=com.google.guava:guava:jar:11.0.2:provided
[DEBUG]           omitForNearer: omitted=com.google.guava:guava:jar:11.0.2:provided kept=com.google.guava:guava:jar:11.0.2:provided
[DEBUG]           testArtifact: artifact=commons-cli:commons-cli:jar:1.2:provided
[DEBUG]           omitForNearer: omitted=commons-cli:commons-cli:jar:1.2:provided kept=commons-cli:commons-cli:jar:1.2:provided
[DEBUG]           testArtifact: artifact=org.slf4j:slf4j-api:jar:1.7.5:provided
[DEBUG]           omitForNearer: omitted=org.slf4j:slf4j-api:jar:1.7.5:provided kept=org.slf4j:slf4j-api:jar:1.7.7:compile
[DEBUG]           testArtifact: artifact=com.google.protobuf:protobuf-java:jar:2.5.0:provided
[DEBUG]           omitForNearer: omitted=com.google.protobuf:protobuf-java:jar:2.5.0:provided kept=com.google.protobuf:protobuf-java:jar:2.5.0:provided
[DEBUG]           testArtifact: artifact=commons-io:commons-io:jar:2.4:provided
[DEBUG]           omitForNearer: omitted=commons-io:commons-io:jar:2.4:provided kept=commons-io:commons-io:jar:2.4:provided
[DEBUG]           testArtifact: artifact=log4j:log4j:jar:1.2.17:provided
[DEBUG]           omitForNearer: omitted=log4j:log4j:jar:1.2.17:provided kept=log4j:log4j:jar:1.2.17:provided
[DEBUG]         endProcessChildren: artifact=org.apache.hadoop:hadoop-yarn-common:jar:2.6.5:provided
[DEBUG]         testArtifact: artifact=com.google.protobuf:protobuf-java:jar:2.5.0:provided
[DEBUG]         omitForNearer: omitted=com.google.protobuf:protobuf-java:jar:2.5.0:provided kept=com.google.protobuf:protobuf-java:jar:2.5.0:provided
[DEBUG]         testArtifact: artifact=org.slf4j:slf4j-api:jar:1.7.5:provided
[DEBUG]         omitForNearer: omitted=org.slf4j:slf4j-api:jar:1.7.5:provided kept=org.slf4j:slf4j-api:jar:1.7.7:compile
[DEBUG]         testArtifact: artifact=org.slf4j:slf4j-log4j12:jar:1.7.5:provided
[DEBUG]         omitForNearer: omitted=org.slf4j:slf4j-log4j12:jar:1.7.5:provided kept=org.slf4j:slf4j-log4j12:jar:1.7.5:provided
[DEBUG]       endProcessChildren: artifact=org.apache.hadoop:hadoop-mapreduce-client-core:jar:2.6.5:provided
[DEBUG]       testArtifact: artifact=org.apache.hadoop:hadoop-mapreduce-client-jobclient:jar:2.6.5:provided
[DEBUG]       includeArtifact: artifact=org.apache.hadoop:hadoop-mapreduce-client-jobclient:jar:2.6.5:provided
[DEBUG]       startProcessChildren: artifact=org.apache.hadoop:hadoop-mapreduce-client-jobclient:jar:2.6.5:provided
[DEBUG]         testArtifact: artifact=org.apache.hadoop:hadoop-mapreduce-client-common:jar:2.6.5:provided
[DEBUG]         omitForNearer: omitted=org.apache.hadoop:hadoop-mapreduce-client-common:jar:2.6.5:provided kept=org.apache.hadoop:hadoop-mapreduce-client-common:jar:2.6.5:provided
[DEBUG]         testArtifact: artifact=org.apache.hadoop:hadoop-mapreduce-client-shuffle:jar:2.6.5:provided
[DEBUG]         omitForNearer: omitted=org.apache.hadoop:hadoop-mapreduce-client-shuffle:jar:2.6.5:provided kept=org.apache.hadoop:hadoop-mapreduce-client-shuffle:jar:2.6.5:provided
[DEBUG]         testArtifact: artifact=com.google.protobuf:protobuf-java:jar:2.5.0:provided
[DEBUG]         omitForNearer: omitted=com.google.protobuf:protobuf-java:jar:2.5.0:provided kept=com.google.protobuf:protobuf-java:jar:2.5.0:provided
[DEBUG]         testArtifact: artifact=org.slf4j:slf4j-api:jar:1.7.5:provided
[DEBUG]         omitForNearer: omitted=org.slf4j:slf4j-api:jar:1.7.5:provided kept=org.slf4j:slf4j-api:jar:1.7.7:compile
[DEBUG]         testArtifact: artifact=org.slf4j:slf4j-log4j12:jar:1.7.5:provided
[DEBUG]         omitForNearer: omitted=org.slf4j:slf4j-log4j12:jar:1.7.5:provided kept=org.slf4j:slf4j-log4j12:jar:1.7.5:provided
[DEBUG]       endProcessChildren: artifact=org.apache.hadoop:hadoop-mapreduce-client-jobclient:jar:2.6.5:provided
[DEBUG]       testArtifact: artifact=org.apache.hadoop:hadoop-annotations:jar:2.6.5:provided
[DEBUG]       omitForNearer: omitted=org.apache.hadoop:hadoop-annotations:jar:2.6.5:provided kept=org.apache.hadoop:hadoop-annotations:jar:2.6.5:provided
[DEBUG]       includeArtifact: artifact=org.apache.hadoop:hadoop-annotations:jar:2.6.5:provided
[DEBUG]       startProcessChildren: artifact=org.apache.hadoop:hadoop-annotations:jar:2.6.5:provided
[DEBUG]       endProcessChildren: artifact=org.apache.hadoop:hadoop-annotations:jar:2.6.5:provided
[DEBUG]     endProcessChildren: artifact=org.apache.hadoop:hadoop-client:jar:2.6.5:provided
[DEBUG]     testArtifact: artifact=org.apache.spark:spark-launcher_2.11:jar:2.2.0:provided
[DEBUG]     includeArtifact: artifact=org.apache.spark:spark-launcher_2.11:jar:2.2.0:provided
[DEBUG]     startProcessChildren: artifact=org.apache.spark:spark-launcher_2.11:jar:2.2.0:provided
[DEBUG]       testArtifact: artifact=org.apache.spark:spark-tags_2.11:jar:2.2.0:provided
[DEBUG]       omitForNearer: omitted=org.apache.spark:spark-tags_2.11:jar:2.2.0:provided kept=org.apache.spark:spark-tags_2.11:jar:2.2.0:provided
[DEBUG]       testArtifact: artifact=org.spark-project.spark:unused:jar:1.0.0:provided
[DEBUG]       omitForNearer: omitted=org.spark-project.spark:unused:jar:1.0.0:provided kept=org.spark-project.spark:unused:jar:1.0.0:provided
[DEBUG]     endProcessChildren: artifact=org.apache.spark:spark-launcher_2.11:jar:2.2.0:provided
[DEBUG]     testArtifact: artifact=org.apache.spark:spark-network-common_2.11:jar:2.2.0:provided
[DEBUG]     includeArtifact: artifact=org.apache.spark:spark-network-common_2.11:jar:2.2.0:provided
[DEBUG]     startProcessChildren: artifact=org.apache.spark:spark-network-common_2.11:jar:2.2.0:provided
[DEBUG]       testArtifact: artifact=io.netty:netty-all:jar:4.0.43.Final:provided
[DEBUG]       includeArtifact: artifact=io.netty:netty-all:jar:4.0.43.Final:provided
[DEBUG]       startProcessChildren: artifact=io.netty:netty-all:jar:4.0.43.Final:provided
[DEBUG]       endProcessChildren: artifact=io.netty:netty-all:jar:4.0.43.Final:provided
[DEBUG]       testArtifact: artifact=org.apache.commons:commons-lang3:jar:3.5:provided
[DEBUG]       includeArtifact: artifact=org.apache.commons:commons-lang3:jar:3.5:provided
[DEBUG]       startProcessChildren: artifact=org.apache.commons:commons-lang3:jar:3.5:provided
[DEBUG]       endProcessChildren: artifact=org.apache.commons:commons-lang3:jar:3.5:provided
[DEBUG]       testArtifact: artifact=org.fusesource.leveldbjni:leveldbjni-all:jar:1.8:provided
[DEBUG]       omitForNearer: omitted=org.fusesource.leveldbjni:leveldbjni-all:jar:1.8:provided kept=org.fusesource.leveldbjni:leveldbjni-all:jar:1.8:provided
[DEBUG]       includeArtifact: artifact=org.fusesource.leveldbjni:leveldbjni-all:jar:1.8:provided
[DEBUG]       startProcessChildren: artifact=org.fusesource.leveldbjni:leveldbjni-all:jar:1.8:provided
[DEBUG]       endProcessChildren: artifact=org.fusesource.leveldbjni:leveldbjni-all:jar:1.8:provided
[DEBUG]       testArtifact: artifact=com.fasterxml.jackson.core:jackson-databind:jar:2.6.5:provided
[DEBUG]       omitForNearer: omitted=com.fasterxml.jackson.core:jackson-databind:jar:2.6.5:provided kept=com.fasterxml.jackson.core:jackson-databind:jar:2.6.5:provided
[DEBUG]       testArtifact: artifact=com.fasterxml.jackson.core:jackson-annotations:jar:2.6.5:provided
[DEBUG]       omitForNearer: omitted=com.fasterxml.jackson.core:jackson-annotations:jar:2.6.5:provided kept=com.fasterxml.jackson.core:jackson-annotations:jar:2.6.0:provided
[DEBUG]       testArtifact: artifact=com.google.code.findbugs:jsr305:jar:1.3.9:provided
[DEBUG]       omitForNearer: omitted=com.google.code.findbugs:jsr305:jar:1.3.9:provided kept=com.google.code.findbugs:jsr305:jar:1.3.9:provided
[DEBUG]       includeArtifact: artifact=com.google.code.findbugs:jsr305:jar:1.3.9:provided
[DEBUG]       startProcessChildren: artifact=com.google.code.findbugs:jsr305:jar:1.3.9:provided
[DEBUG]       endProcessChildren: artifact=com.google.code.findbugs:jsr305:jar:1.3.9:provided
[DEBUG]       testArtifact: artifact=org.apache.commons:commons-crypto:jar:1.0.0:provided
[DEBUG]       includeArtifact: artifact=org.apache.commons:commons-crypto:jar:1.0.0:provided
[DEBUG]       startProcessChildren: artifact=org.apache.commons:commons-crypto:jar:1.0.0:provided
[DEBUG]       endProcessChildren: artifact=org.apache.commons:commons-crypto:jar:1.0.0:provided
[DEBUG]       testArtifact: artifact=org.apache.spark:spark-tags_2.11:jar:2.2.0:provided
[DEBUG]       omitForNearer: omitted=org.apache.spark:spark-tags_2.11:jar:2.2.0:provided kept=org.apache.spark:spark-tags_2.11:jar:2.2.0:provided
[DEBUG]       testArtifact: artifact=org.spark-project.spark:unused:jar:1.0.0:provided
[DEBUG]       omitForNearer: omitted=org.spark-project.spark:unused:jar:1.0.0:provided kept=org.spark-project.spark:unused:jar:1.0.0:provided
[DEBUG]     endProcessChildren: artifact=org.apache.spark:spark-network-common_2.11:jar:2.2.0:provided
[DEBUG]     testArtifact: artifact=org.apache.spark:spark-network-shuffle_2.11:jar:2.2.0:provided
[DEBUG]     includeArtifact: artifact=org.apache.spark:spark-network-shuffle_2.11:jar:2.2.0:provided
[DEBUG]     startProcessChildren: artifact=org.apache.spark:spark-network-shuffle_2.11:jar:2.2.0:provided
[DEBUG]       testArtifact: artifact=org.apache.spark:spark-network-common_2.11:jar:2.2.0:provided
[DEBUG]       omitForNearer: omitted=org.apache.spark:spark-network-common_2.11:jar:2.2.0:provided kept=org.apache.spark:spark-network-common_2.11:jar:2.2.0:provided
[DEBUG]       testArtifact: artifact=io.dropwizard.metrics:metrics-core:jar:3.1.2:provided
[DEBUG]       includeArtifact: artifact=io.dropwizard.metrics:metrics-core:jar:3.1.2:provided
[DEBUG]       startProcessChildren: artifact=io.dropwizard.metrics:metrics-core:jar:3.1.2:provided
[DEBUG]         testArtifact: artifact=org.slf4j:slf4j-api:jar:1.7.7:provided
[DEBUG]         omitForNearer: omitted=org.slf4j:slf4j-api:jar:1.7.7:provided kept=org.slf4j:slf4j-api:jar:1.7.7:compile
[DEBUG]       endProcessChildren: artifact=io.dropwizard.metrics:metrics-core:jar:3.1.2:provided
[DEBUG]       testArtifact: artifact=org.apache.spark:spark-tags_2.11:jar:2.2.0:provided
[DEBUG]       omitForNearer: omitted=org.apache.spark:spark-tags_2.11:jar:2.2.0:provided kept=org.apache.spark:spark-tags_2.11:jar:2.2.0:provided
[DEBUG]       testArtifact: artifact=org.spark-project.spark:unused:jar:1.0.0:provided
[DEBUG]       omitForNearer: omitted=org.spark-project.spark:unused:jar:1.0.0:provided kept=org.spark-project.spark:unused:jar:1.0.0:provided
[DEBUG]     endProcessChildren: artifact=org.apache.spark:spark-network-shuffle_2.11:jar:2.2.0:provided
[DEBUG]     testArtifact: artifact=org.apache.spark:spark-unsafe_2.11:jar:2.2.0:provided
[DEBUG]     includeArtifact: artifact=org.apache.spark:spark-unsafe_2.11:jar:2.2.0:provided
[DEBUG]     startProcessChildren: artifact=org.apache.spark:spark-unsafe_2.11:jar:2.2.0:provided
[DEBUG]       testArtifact: artifact=org.apache.spark:spark-tags_2.11:jar:2.2.0:provided
[DEBUG]       omitForNearer: omitted=org.apache.spark:spark-tags_2.11:jar:2.2.0:provided kept=org.apache.spark:spark-tags_2.11:jar:2.2.0:provided
[DEBUG]       testArtifact: artifact=com.twitter:chill_2.11:jar:0.8.0:provided
[DEBUG]       omitForNearer: omitted=com.twitter:chill_2.11:jar:0.8.0:provided kept=com.twitter:chill_2.11:jar:0.8.0:provided
[DEBUG]       testArtifact: artifact=com.google.code.findbugs:jsr305:jar:1.3.9:provided
[DEBUG]       omitForNearer: omitted=com.google.code.findbugs:jsr305:jar:1.3.9:provided kept=com.google.code.findbugs:jsr305:jar:1.3.9:provided
[DEBUG]       testArtifact: artifact=org.spark-project.spark:unused:jar:1.0.0:provided
[DEBUG]       omitForNearer: omitted=org.spark-project.spark:unused:jar:1.0.0:provided kept=org.spark-project.spark:unused:jar:1.0.0:provided
[DEBUG]     endProcessChildren: artifact=org.apache.spark:spark-unsafe_2.11:jar:2.2.0:provided
[DEBUG]     testArtifact: artifact=net.java.dev.jets3t:jets3t:jar:0.9.3:provided
[DEBUG]     includeArtifact: artifact=net.java.dev.jets3t:jets3t:jar:0.9.3:provided
[DEBUG]     startProcessChildren: artifact=net.java.dev.jets3t:jets3t:jar:0.9.3:provided
[DEBUG]       testArtifact: artifact=org.apache.httpcomponents:httpcore:jar:4.3.3:provided
[DEBUG]       omitForNearer: omitted=org.apache.httpcomponents:httpcore:jar:4.2.4:provided kept=org.apache.httpcomponents:httpcore:jar:4.3.3:provided
[DEBUG]       includeArtifact: artifact=org.apache.httpcomponents:httpcore:jar:4.3.3:provided
[DEBUG]       startProcessChildren: artifact=org.apache.httpcomponents:httpcore:jar:4.3.3:provided
[DEBUG]       endProcessChildren: artifact=org.apache.httpcomponents:httpcore:jar:4.3.3:provided
[DEBUG]       testArtifact: artifact=org.apache.httpcomponents:httpclient:jar:4.3.6:provided
[DEBUG]       omitForNearer: omitted=org.apache.httpcomponents:httpclient:jar:4.2.5:provided kept=org.apache.httpcomponents:httpclient:jar:4.3.6:provided
[DEBUG]       includeArtifact: artifact=org.apache.httpcomponents:httpclient:jar:4.3.6:provided
[DEBUG]       startProcessChildren: artifact=org.apache.httpcomponents:httpclient:jar:4.3.6:provided
[DEBUG]         testArtifact: artifact=org.apache.httpcomponents:httpcore:jar:4.3.3:provided
[DEBUG]         omitForNearer: omitted=org.apache.httpcomponents:httpcore:jar:4.3.3:provided kept=org.apache.httpcomponents:httpcore:jar:4.3.3:provided
[DEBUG]         testArtifact: artifact=commons-codec:commons-codec:jar:1.6:provided
[DEBUG]         omitForNearer: omitted=commons-codec:commons-codec:jar:1.6:provided kept=commons-codec:commons-codec:jar:1.10:provided
[DEBUG]       endProcessChildren: artifact=org.apache.httpcomponents:httpclient:jar:4.3.6:provided
[DEBUG]       testArtifact: artifact=commons-codec:commons-codec:jar:1.8:provided
[DEBUG]       omitForNearer: omitted=commons-codec:commons-codec:jar:1.8:provided kept=commons-codec:commons-codec:jar:1.10:provided
[DEBUG]       testArtifact: artifact=org.codehaus.jackson:jackson-core-asl:jar:1.9.12:provided
[DEBUG]       omitForNearer: omitted=org.codehaus.jackson:jackson-core-asl:jar:1.9.12:provided kept=org.codehaus.jackson:jackson-core-asl:jar:1.9.11:provided
[DEBUG]       testArtifact: artifact=org.codehaus.jackson:jackson-mapper-asl:jar:1.9.12:provided
[DEBUG]       omitForNearer: omitted=org.codehaus.jackson:jackson-mapper-asl:jar:1.9.12:provided kept=org.codehaus.jackson:jackson-mapper-asl:jar:1.9.11:provided
[DEBUG]       testArtifact: artifact=javax.activation:activation:jar:1.1.1:provided
[DEBUG]       omitForNearer: omitted=javax.activation:activation:jar:1.1:provided kept=javax.activation:activation:jar:1.1.1:provided
[DEBUG]       includeArtifact: artifact=javax.activation:activation:jar:1.1.1:provided
[DEBUG]       startProcessChildren: artifact=javax.activation:activation:jar:1.1.1:provided
[DEBUG]       endProcessChildren: artifact=javax.activation:activation:jar:1.1.1:provided
[DEBUG]       testArtifact: artifact=mx4j:mx4j:jar:3.0.2:provided
[DEBUG]       includeArtifact: artifact=mx4j:mx4j:jar:3.0.2:provided
[DEBUG]       startProcessChildren: artifact=mx4j:mx4j:jar:3.0.2:provided
[DEBUG]       endProcessChildren: artifact=mx4j:mx4j:jar:3.0.2:provided
[DEBUG]       testArtifact: artifact=javax.mail:mail:jar:1.4.7:provided
[DEBUG]       includeArtifact: artifact=javax.mail:mail:jar:1.4.7:provided
[DEBUG]       startProcessChildren: artifact=javax.mail:mail:jar:1.4.7:provided
[DEBUG]         testArtifact: artifact=javax.activation:activation:jar:1.1:provided
[DEBUG]         omitForNearer: omitted=javax.activation:activation:jar:1.1:provided kept=javax.activation:activation:jar:1.1.1:provided
[DEBUG]       endProcessChildren: artifact=javax.mail:mail:jar:1.4.7:provided
[DEBUG]       testArtifact: artifact=org.bouncycastle:bcprov-jdk15on:jar:1.51:provided
[DEBUG]       includeArtifact: artifact=org.bouncycastle:bcprov-jdk15on:jar:1.51:provided
[DEBUG]       startProcessChildren: artifact=org.bouncycastle:bcprov-jdk15on:jar:1.51:provided
[DEBUG]       endProcessChildren: artifact=org.bouncycastle:bcprov-jdk15on:jar:1.51:provided
[DEBUG]       testArtifact: artifact=com.jamesmurty.utils:java-xmlbuilder:jar:1.0:provided
[DEBUG]       includeArtifact: artifact=com.jamesmurty.utils:java-xmlbuilder:jar:1.0:provided
[DEBUG]       startProcessChildren: artifact=com.jamesmurty.utils:java-xmlbuilder:jar:1.0:provided
[DEBUG]         testArtifact: artifact=net.iharder:base64:jar:2.3.8:provided
[DEBUG]         includeArtifact: artifact=net.iharder:base64:jar:2.3.8:provided
[DEBUG]         startProcessChildren: artifact=net.iharder:base64:jar:2.3.8:provided
[DEBUG]         endProcessChildren: artifact=net.iharder:base64:jar:2.3.8:provided
[DEBUG]       endProcessChildren: artifact=com.jamesmurty.utils:java-xmlbuilder:jar:1.0:provided
[DEBUG]     endProcessChildren: artifact=net.java.dev.jets3t:jets3t:jar:0.9.3:provided
[DEBUG]     testArtifact: artifact=org.apache.curator:curator-recipes:jar:2.6.0:provided
[DEBUG]     omitForNearer: omitted=org.apache.curator:curator-recipes:jar:2.6.0:provided kept=org.apache.curator:curator-recipes:jar:2.6.0:provided
[DEBUG]     includeArtifact: artifact=org.apache.curator:curator-recipes:jar:2.6.0:provided
[DEBUG]     startProcessChildren: artifact=org.apache.curator:curator-recipes:jar:2.6.0:provided
[DEBUG]       testArtifact: artifact=org.apache.curator:curator-framework:jar:2.6.0:provided
[DEBUG]       omitForNearer: omitted=org.apache.curator:curator-framework:jar:2.6.0:provided kept=org.apache.curator:curator-framework:jar:2.6.0:provided
[DEBUG]       includeArtifact: artifact=org.apache.curator:curator-framework:jar:2.6.0:provided
[DEBUG]       startProcessChildren: artifact=org.apache.curator:curator-framework:jar:2.6.0:provided
[DEBUG]         testArtifact: artifact=org.apache.curator:curator-client:jar:2.6.0:provided
[DEBUG]         omitForNearer: omitted=org.apache.curator:curator-client:jar:2.6.0:provided kept=org.apache.curator:curator-client:jar:2.6.0:provided
[DEBUG]         testArtifact: artifact=org.apache.zookeeper:zookeeper:jar:3.4.6:provided
[DEBUG]         omitForNearer: omitted=org.apache.zookeeper:zookeeper:jar:3.4.6:provided kept=org.apache.zookeeper:zookeeper:jar:3.4.6:provided
[DEBUG]         testArtifact: artifact=com.google.guava:guava:jar:16.0.1:provided
[DEBUG]         omitForNearer: omitted=com.google.guava:guava:jar:16.0.1:provided kept=com.google.guava:guava:jar:11.0.2:provided
[DEBUG]       endProcessChildren: artifact=org.apache.curator:curator-framework:jar:2.6.0:provided
[DEBUG]       testArtifact: artifact=org.apache.zookeeper:zookeeper:jar:3.4.6:provided
[DEBUG]       omitForNearer: omitted=org.apache.zookeeper:zookeeper:jar:3.4.6:provided kept=org.apache.zookeeper:zookeeper:jar:3.4.6:provided
[DEBUG]       includeArtifact: artifact=org.apache.zookeeper:zookeeper:jar:3.4.6:provided
[DEBUG]       startProcessChildren: artifact=org.apache.zookeeper:zookeeper:jar:3.4.6:provided
[DEBUG]         testArtifact: artifact=org.slf4j:slf4j-api:jar:1.6.1:provided
[DEBUG]         omitForNearer: omitted=org.slf4j:slf4j-api:jar:1.6.1:provided kept=org.slf4j:slf4j-api:jar:1.7.7:compile
[DEBUG]         testArtifact: artifact=log4j:log4j:jar:1.2.16:provided
[DEBUG]         omitForNearer: omitted=log4j:log4j:jar:1.2.16:provided kept=log4j:log4j:jar:1.2.17:provided
[DEBUG]         testArtifact: artifact=io.netty:netty:jar:3.7.0.Final:provided
[DEBUG]         omitForNearer: omitted=io.netty:netty:jar:3.7.0.Final:provided kept=io.netty:netty:jar:3.6.2.Final:provided
[DEBUG]       endProcessChildren: artifact=org.apache.zookeeper:zookeeper:jar:3.4.6:provided
[DEBUG]       testArtifact: artifact=com.google.guava:guava:jar:16.0.1:provided
[DEBUG]       omitForNearer: omitted=com.google.guava:guava:jar:11.0.2:provided kept=com.google.guava:guava:jar:16.0.1:provided
[DEBUG]       includeArtifact: artifact=com.google.guava:guava:jar:16.0.1:provided
[DEBUG]       startProcessChildren: artifact=com.google.guava:guava:jar:16.0.1:provided
[DEBUG]       endProcessChildren: artifact=com.google.guava:guava:jar:16.0.1:provided
[DEBUG]     endProcessChildren: artifact=org.apache.curator:curator-recipes:jar:2.6.0:provided
[DEBUG]     testArtifact: artifact=javax.servlet:javax.servlet-api:jar:3.1.0:provided
[DEBUG]     includeArtifact: artifact=javax.servlet:javax.servlet-api:jar:3.1.0:provided
[DEBUG]     startProcessChildren: artifact=javax.servlet:javax.servlet-api:jar:3.1.0:provided
[DEBUG]     endProcessChildren: artifact=javax.servlet:javax.servlet-api:jar:3.1.0:provided
[DEBUG]     testArtifact: artifact=org.apache.commons:commons-lang3:jar:3.5:provided
[DEBUG]     omitForNearer: omitted=org.apache.commons:commons-lang3:jar:3.5:provided kept=org.apache.commons:commons-lang3:jar:3.5:provided
[DEBUG]     includeArtifact: artifact=org.apache.commons:commons-lang3:jar:3.5:provided
[DEBUG]     startProcessChildren: artifact=org.apache.commons:commons-lang3:jar:3.5:provided
[DEBUG]     endProcessChildren: artifact=org.apache.commons:commons-lang3:jar:3.5:provided
[DEBUG]     testArtifact: artifact=org.apache.commons:commons-math3:jar:3.4.1:provided
[DEBUG]     omitForNearer: omitted=org.apache.commons:commons-math3:jar:3.1.1:provided kept=org.apache.commons:commons-math3:jar:3.4.1:provided
[DEBUG]     includeArtifact: artifact=org.apache.commons:commons-math3:jar:3.4.1:provided
[DEBUG]     startProcessChildren: artifact=org.apache.commons:commons-math3:jar:3.4.1:provided
[DEBUG]     endProcessChildren: artifact=org.apache.commons:commons-math3:jar:3.4.1:provided
[DEBUG]     testArtifact: artifact=com.google.code.findbugs:jsr305:jar:1.3.9:provided
[DEBUG]     omitForNearer: omitted=com.google.code.findbugs:jsr305:jar:1.3.9:provided kept=com.google.code.findbugs:jsr305:jar:1.3.9:provided
[DEBUG]     includeArtifact: artifact=com.google.code.findbugs:jsr305:jar:1.3.9:provided
[DEBUG]     startProcessChildren: artifact=com.google.code.findbugs:jsr305:jar:1.3.9:provided
[DEBUG]     endProcessChildren: artifact=com.google.code.findbugs:jsr305:jar:1.3.9:provided
[DEBUG]     testArtifact: artifact=org.slf4j:slf4j-api:jar:1.7.16:provided
[DEBUG]     omitForNearer: omitted=org.slf4j:slf4j-api:jar:1.7.16:provided kept=org.slf4j:slf4j-api:jar:1.7.7:compile
[DEBUG]     testArtifact: artifact=org.slf4j:jul-to-slf4j:jar:1.7.16:provided
[DEBUG]     includeArtifact: artifact=org.slf4j:jul-to-slf4j:jar:1.7.16:provided
[DEBUG]     startProcessChildren: artifact=org.slf4j:jul-to-slf4j:jar:1.7.16:provided
[DEBUG]       testArtifact: artifact=org.slf4j:slf4j-api:jar:1.7.16:provided
[DEBUG]       omitForNearer: omitted=org.slf4j:slf4j-api:jar:1.7.16:provided kept=org.slf4j:slf4j-api:jar:1.7.7:compile
[DEBUG]     endProcessChildren: artifact=org.slf4j:jul-to-slf4j:jar:1.7.16:provided
[DEBUG]     testArtifact: artifact=org.slf4j:jcl-over-slf4j:jar:1.7.16:provided
[DEBUG]     includeArtifact: artifact=org.slf4j:jcl-over-slf4j:jar:1.7.16:provided
[DEBUG]     startProcessChildren: artifact=org.slf4j:jcl-over-slf4j:jar:1.7.16:provided
[DEBUG]       testArtifact: artifact=org.slf4j:slf4j-api:jar:1.7.16:provided
[DEBUG]       omitForNearer: omitted=org.slf4j:slf4j-api:jar:1.7.16:provided kept=org.slf4j:slf4j-api:jar:1.7.7:compile
[DEBUG]     endProcessChildren: artifact=org.slf4j:jcl-over-slf4j:jar:1.7.16:provided
[DEBUG]     testArtifact: artifact=log4j:log4j:jar:1.2.17:provided
[DEBUG]     omitForNearer: omitted=log4j:log4j:jar:1.2.17:provided kept=log4j:log4j:jar:1.2.17:provided
[DEBUG]     includeArtifact: artifact=log4j:log4j:jar:1.2.17:provided
[DEBUG]     startProcessChildren: artifact=log4j:log4j:jar:1.2.17:provided
[DEBUG]     endProcessChildren: artifact=log4j:log4j:jar:1.2.17:provided
[DEBUG]     testArtifact: artifact=org.slf4j:slf4j-log4j12:jar:1.7.16:provided
[DEBUG]     omitForNearer: omitted=org.slf4j:slf4j-log4j12:jar:1.7.5:provided kept=org.slf4j:slf4j-log4j12:jar:1.7.16:provided
[DEBUG]     includeArtifact: artifact=org.slf4j:slf4j-log4j12:jar:1.7.16:provided
[DEBUG]     startProcessChildren: artifact=org.slf4j:slf4j-log4j12:jar:1.7.16:provided
[DEBUG]       testArtifact: artifact=org.slf4j:slf4j-api:jar:1.7.16:provided
[DEBUG]       omitForNearer: omitted=org.slf4j:slf4j-api:jar:1.7.16:provided kept=org.slf4j:slf4j-api:jar:1.7.7:compile
[DEBUG]       testArtifact: artifact=log4j:log4j:jar:1.2.17:provided
[DEBUG]       omitForNearer: omitted=log4j:log4j:jar:1.2.17:provided kept=log4j:log4j:jar:1.2.17:provided
[DEBUG]     endProcessChildren: artifact=org.slf4j:slf4j-log4j12:jar:1.7.16:provided
[DEBUG]     testArtifact: artifact=com.ning:compress-lzf:jar:1.0.3:provided
[DEBUG]     includeArtifact: artifact=com.ning:compress-lzf:jar:1.0.3:provided
[DEBUG]     startProcessChildren: artifact=com.ning:compress-lzf:jar:1.0.3:provided
[DEBUG]     endProcessChildren: artifact=com.ning:compress-lzf:jar:1.0.3:provided
[DEBUG]     testArtifact: artifact=org.xerial.snappy:snappy-java:jar:1.1.2.6:provided
[DEBUG]     omitForNearer: omitted=org.xerial.snappy:snappy-java:jar:1.0.5:provided kept=org.xerial.snappy:snappy-java:jar:1.1.2.6:provided
[DEBUG]     includeArtifact: artifact=org.xerial.snappy:snappy-java:jar:1.1.2.6:provided
[DEBUG]     startProcessChildren: artifact=org.xerial.snappy:snappy-java:jar:1.1.2.6:provided
[DEBUG]     endProcessChildren: artifact=org.xerial.snappy:snappy-java:jar:1.1.2.6:provided
[DEBUG]     testArtifact: artifact=net.jpountz.lz4:lz4:jar:1.3.0:provided
[DEBUG]     includeArtifact: artifact=net.jpountz.lz4:lz4:jar:1.3.0:provided
[DEBUG]     startProcessChildren: artifact=net.jpountz.lz4:lz4:jar:1.3.0:provided
[DEBUG]     endProcessChildren: artifact=net.jpountz.lz4:lz4:jar:1.3.0:provided
[DEBUG]     testArtifact: artifact=org.roaringbitmap:RoaringBitmap:jar:0.5.11:provided
[DEBUG]     includeArtifact: artifact=org.roaringbitmap:RoaringBitmap:jar:0.5.11:provided
[DEBUG]     startProcessChildren: artifact=org.roaringbitmap:RoaringBitmap:jar:0.5.11:provided
[DEBUG]     endProcessChildren: artifact=org.roaringbitmap:RoaringBitmap:jar:0.5.11:provided
[DEBUG]     testArtifact: artifact=commons-net:commons-net:jar:2.2:provided
[DEBUG]     omitForNearer: omitted=commons-net:commons-net:jar:3.1:provided kept=commons-net:commons-net:jar:2.2:provided
[DEBUG]     includeArtifact: artifact=commons-net:commons-net:jar:2.2:provided
[DEBUG]     startProcessChildren: artifact=commons-net:commons-net:jar:2.2:provided
[DEBUG]     endProcessChildren: artifact=commons-net:commons-net:jar:2.2:provided
[DEBUG]     testArtifact: artifact=org.scala-lang:scala-library:jar:2.11.8:provided
[DEBUG]     omitForNearer: omitted=org.scala-lang:scala-library:jar:2.11.8:provided kept=org.scala-lang:scala-library:jar:2.11.11:compile
[DEBUG]     testArtifact: artifact=org.json4s:json4s-jackson_2.11:jar:3.2.11:provided
[DEBUG]     includeArtifact: artifact=org.json4s:json4s-jackson_2.11:jar:3.2.11:provided
[DEBUG]     startProcessChildren: artifact=org.json4s:json4s-jackson_2.11:jar:3.2.11:provided
[DEBUG]       testArtifact: artifact=org.scala-lang:scala-library:jar:2.11.0:provided
[DEBUG]       omitForNearer: omitted=org.scala-lang:scala-library:jar:2.11.0:provided kept=org.scala-lang:scala-library:jar:2.11.11:compile
[DEBUG]       testArtifact: artifact=org.json4s:json4s-core_2.11:jar:3.2.11:provided
[DEBUG]       includeArtifact: artifact=org.json4s:json4s-core_2.11:jar:3.2.11:provided
[DEBUG]       startProcessChildren: artifact=org.json4s:json4s-core_2.11:jar:3.2.11:provided
[DEBUG]         testArtifact: artifact=org.scala-lang:scala-library:jar:2.11.0:provided
[DEBUG]         omitForNearer: omitted=org.scala-lang:scala-library:jar:2.11.0:provided kept=org.scala-lang:scala-library:jar:2.11.11:compile
[DEBUG]         testArtifact: artifact=org.json4s:json4s-ast_2.11:jar:3.2.11:provided
[DEBUG]         includeArtifact: artifact=org.json4s:json4s-ast_2.11:jar:3.2.11:provided
[DEBUG]         startProcessChildren: artifact=org.json4s:json4s-ast_2.11:jar:3.2.11:provided
[DEBUG]           testArtifact: artifact=org.scala-lang:scala-library:jar:2.11.0:provided
[DEBUG]           omitForNearer: omitted=org.scala-lang:scala-library:jar:2.11.0:provided kept=org.scala-lang:scala-library:jar:2.11.11:compile
[DEBUG]         endProcessChildren: artifact=org.json4s:json4s-ast_2.11:jar:3.2.11:provided
[DEBUG]         testArtifact: artifact=com.thoughtworks.paranamer:paranamer:jar:2.6:provided
[DEBUG]         omitForNearer: omitted=com.thoughtworks.paranamer:paranamer:jar:2.6:provided kept=com.thoughtworks.paranamer:paranamer:jar:2.3:provided
[DEBUG]         testArtifact: artifact=org.scala-lang:scalap:jar:2.11.0:provided
[DEBUG]         includeArtifact: artifact=org.scala-lang:scalap:jar:2.11.0:provided
[DEBUG]         startProcessChildren: artifact=org.scala-lang:scalap:jar:2.11.0:provided
[DEBUG]           testArtifact: artifact=org.scala-lang:scala-compiler:jar:2.11.0:provided
[DEBUG]           includeArtifact: artifact=org.scala-lang:scala-compiler:jar:2.11.0:provided
[DEBUG]           startProcessChildren: artifact=org.scala-lang:scala-compiler:jar:2.11.0:provided
[DEBUG]             testArtifact: artifact=org.scala-lang:scala-library:jar:2.11.0:provided
[DEBUG]             omitForNearer: omitted=org.scala-lang:scala-library:jar:2.11.0:provided kept=org.scala-lang:scala-library:jar:2.11.11:compile
[DEBUG]             testArtifact: artifact=org.scala-lang:scala-reflect:jar:2.11.0:provided
[DEBUG]             omitForNearer: omitted=org.scala-lang:scala-reflect:jar:2.11.0:provided kept=org.scala-lang:scala-reflect:jar:2.11.12:test
[DEBUG]             testArtifact: artifact=org.scala-lang.modules:scala-xml_2.11:jar:1.0.1:provided
[DEBUG]             omitForNearer: omitted=org.scala-lang.modules:scala-xml_2.11:jar:1.0.1:provided kept=org.scala-lang.modules:scala-xml_2.11:jar:1.0.6:test
[DEBUG]             testArtifact: artifact=org.scala-lang.modules:scala-parser-combinators_2.11:jar:1.0.1:provided
[DEBUG]             includeArtifact: artifact=org.scala-lang.modules:scala-parser-combinators_2.11:jar:1.0.1:provided
[DEBUG]             startProcessChildren: artifact=org.scala-lang.modules:scala-parser-combinators_2.11:jar:1.0.1:provided
[DEBUG]               testArtifact: artifact=org.scala-lang:scala-library:jar:2.11.0:provided
[DEBUG]               omitForNearer: omitted=org.scala-lang:scala-library:jar:2.11.0:provided kept=org.scala-lang:scala-library:jar:2.11.11:compile
[DEBUG]             endProcessChildren: artifact=org.scala-lang.modules:scala-parser-combinators_2.11:jar:1.0.1:provided
[DEBUG]           endProcessChildren: artifact=org.scala-lang:scala-compiler:jar:2.11.0:provided
[DEBUG]         endProcessChildren: artifact=org.scala-lang:scalap:jar:2.11.0:provided
[DEBUG]       endProcessChildren: artifact=org.json4s:json4s-core_2.11:jar:3.2.11:provided
[DEBUG]       testArtifact: artifact=com.fasterxml.jackson.core:jackson-databind:jar:2.3.1:provided
[DEBUG]       omitForNearer: omitted=com.fasterxml.jackson.core:jackson-databind:jar:2.3.1:provided kept=com.fasterxml.jackson.core:jackson-databind:jar:2.6.5:provided
[DEBUG]     endProcessChildren: artifact=org.json4s:json4s-jackson_2.11:jar:3.2.11:provided
[DEBUG]     testArtifact: artifact=org.glassfish.jersey.core:jersey-client:jar:2.22.2:provided
[DEBUG]     includeArtifact: artifact=org.glassfish.jersey.core:jersey-client:jar:2.22.2:provided
[DEBUG]     startProcessChildren: artifact=org.glassfish.jersey.core:jersey-client:jar:2.22.2:provided
[DEBUG]       testArtifact: artifact=javax.ws.rs:javax.ws.rs-api:jar:2.0.1:provided
[DEBUG]       includeArtifact: artifact=javax.ws.rs:javax.ws.rs-api:jar:2.0.1:provided
[DEBUG]       startProcessChildren: artifact=javax.ws.rs:javax.ws.rs-api:jar:2.0.1:provided
[DEBUG]       endProcessChildren: artifact=javax.ws.rs:javax.ws.rs-api:jar:2.0.1:provided
[DEBUG]       testArtifact: artifact=org.glassfish.jersey.core:jersey-common:jar:2.22.2:provided
[DEBUG]       includeArtifact: artifact=org.glassfish.jersey.core:jersey-common:jar:2.22.2:provided
[DEBUG]       startProcessChildren: artifact=org.glassfish.jersey.core:jersey-common:jar:2.22.2:provided
[DEBUG]         testArtifact: artifact=javax.ws.rs:javax.ws.rs-api:jar:2.0.1:provided
[DEBUG]         omitForNearer: omitted=javax.ws.rs:javax.ws.rs-api:jar:2.0.1:provided kept=javax.ws.rs:javax.ws.rs-api:jar:2.0.1:provided
[DEBUG]         testArtifact: artifact=javax.annotation:javax.annotation-api:jar:1.2:provided
[DEBUG]         includeArtifact: artifact=javax.annotation:javax.annotation-api:jar:1.2:provided
[DEBUG]         startProcessChildren: artifact=javax.annotation:javax.annotation-api:jar:1.2:provided
[DEBUG]         endProcessChildren: artifact=javax.annotation:javax.annotation-api:jar:1.2:provided
[DEBUG]         testArtifact: artifact=org.glassfish.jersey.bundles.repackaged:jersey-guava:jar:2.22.2:provided
[DEBUG]         includeArtifact: artifact=org.glassfish.jersey.bundles.repackaged:jersey-guava:jar:2.22.2:provided
[DEBUG]         startProcessChildren: artifact=org.glassfish.jersey.bundles.repackaged:jersey-guava:jar:2.22.2:provided
[DEBUG]         endProcessChildren: artifact=org.glassfish.jersey.bundles.repackaged:jersey-guava:jar:2.22.2:provided
[DEBUG]         testArtifact: artifact=org.glassfish.hk2:hk2-api:jar:2.4.0-b34:provided
[DEBUG]         includeArtifact: artifact=org.glassfish.hk2:hk2-api:jar:2.4.0-b34:provided
[DEBUG]         startProcessChildren: artifact=org.glassfish.hk2:hk2-api:jar:2.4.0-b34:provided
[DEBUG]           testArtifact: artifact=org.glassfish.hk2:hk2-utils:jar:2.4.0-b34:provided
[DEBUG]           includeArtifact: artifact=org.glassfish.hk2:hk2-utils:jar:2.4.0-b34:provided
[DEBUG]           startProcessChildren: artifact=org.glassfish.hk2:hk2-utils:jar:2.4.0-b34:provided
[DEBUG]           endProcessChildren: artifact=org.glassfish.hk2:hk2-utils:jar:2.4.0-b34:provided
[DEBUG]           testArtifact: artifact=org.glassfish.hk2.external:aopalliance-repackaged:jar:2.4.0-b34:provided
[DEBUG]           includeArtifact: artifact=org.glassfish.hk2.external:aopalliance-repackaged:jar:2.4.0-b34:provided
[DEBUG]           startProcessChildren: artifact=org.glassfish.hk2.external:aopalliance-repackaged:jar:2.4.0-b34:provided
[DEBUG]           endProcessChildren: artifact=org.glassfish.hk2.external:aopalliance-repackaged:jar:2.4.0-b34:provided
[DEBUG]         endProcessChildren: artifact=org.glassfish.hk2:hk2-api:jar:2.4.0-b34:provided
[DEBUG]         testArtifact: artifact=org.glassfish.hk2.external:javax.inject:jar:2.4.0-b34:provided
[DEBUG]         includeArtifact: artifact=org.glassfish.hk2.external:javax.inject:jar:2.4.0-b34:provided
[DEBUG]         startProcessChildren: artifact=org.glassfish.hk2.external:javax.inject:jar:2.4.0-b34:provided
[DEBUG]         endProcessChildren: artifact=org.glassfish.hk2.external:javax.inject:jar:2.4.0-b34:provided
[DEBUG]         testArtifact: artifact=org.glassfish.hk2:hk2-locator:jar:2.4.0-b34:provided
[DEBUG]         includeArtifact: artifact=org.glassfish.hk2:hk2-locator:jar:2.4.0-b34:provided
[DEBUG]         startProcessChildren: artifact=org.glassfish.hk2:hk2-locator:jar:2.4.0-b34:provided
[DEBUG]           testArtifact: artifact=org.glassfish.hk2.external:javax.inject:jar:2.4.0-b34:provided
[DEBUG]           omitForNearer: omitted=org.glassfish.hk2.external:javax.inject:jar:2.4.0-b34:provided kept=org.glassfish.hk2.external:javax.inject:jar:2.4.0-b34:provided
[DEBUG]           testArtifact: artifact=org.glassfish.hk2.external:aopalliance-repackaged:jar:2.4.0-b34:provided
[DEBUG]           omitForNearer: omitted=org.glassfish.hk2.external:aopalliance-repackaged:jar:2.4.0-b34:provided kept=org.glassfish.hk2.external:aopalliance-repackaged:jar:2.4.0-b34:provided
[DEBUG]           testArtifact: artifact=org.glassfish.hk2:hk2-api:jar:2.4.0-b34:provided
[DEBUG]           omitForNearer: omitted=org.glassfish.hk2:hk2-api:jar:2.4.0-b34:provided kept=org.glassfish.hk2:hk2-api:jar:2.4.0-b34:provided
[DEBUG]           testArtifact: artifact=org.glassfish.hk2:hk2-utils:jar:2.4.0-b34:provided
[DEBUG]           omitForNearer: omitted=org.glassfish.hk2:hk2-utils:jar:2.4.0-b34:provided kept=org.glassfish.hk2:hk2-utils:jar:2.4.0-b34:provided
[DEBUG]           testArtifact: artifact=org.javassist:javassist:jar:3.18.1-GA:provided
[DEBUG]           includeArtifact: artifact=org.javassist:javassist:jar:3.18.1-GA:provided
[DEBUG]           startProcessChildren: artifact=org.javassist:javassist:jar:3.18.1-GA:provided
[DEBUG]           endProcessChildren: artifact=org.javassist:javassist:jar:3.18.1-GA:provided
[DEBUG]         endProcessChildren: artifact=org.glassfish.hk2:hk2-locator:jar:2.4.0-b34:provided
[DEBUG]         testArtifact: artifact=org.glassfish.hk2:osgi-resource-locator:jar:1.0.1:provided
[DEBUG]         includeArtifact: artifact=org.glassfish.hk2:osgi-resource-locator:jar:1.0.1:provided
[DEBUG]         startProcessChildren: artifact=org.glassfish.hk2:osgi-resource-locator:jar:1.0.1:provided
[DEBUG]         endProcessChildren: artifact=org.glassfish.hk2:osgi-resource-locator:jar:1.0.1:provided
[DEBUG]       endProcessChildren: artifact=org.glassfish.jersey.core:jersey-common:jar:2.22.2:provided
[DEBUG]       testArtifact: artifact=org.glassfish.hk2:hk2-api:jar:2.4.0-b34:provided
[DEBUG]       omitForNearer: omitted=org.glassfish.hk2:hk2-api:jar:2.4.0-b34:provided kept=org.glassfish.hk2:hk2-api:jar:2.4.0-b34:provided
[DEBUG]       includeArtifact: artifact=org.glassfish.hk2:hk2-api:jar:2.4.0-b34:provided
[DEBUG]       startProcessChildren: artifact=org.glassfish.hk2:hk2-api:jar:2.4.0-b34:provided
[DEBUG]         testArtifact: artifact=org.glassfish.hk2:hk2-utils:jar:2.4.0-b34:provided
[DEBUG]         includeArtifact: artifact=org.glassfish.hk2:hk2-utils:jar:2.4.0-b34:provided
[DEBUG]         startProcessChildren: artifact=org.glassfish.hk2:hk2-utils:jar:2.4.0-b34:provided
[DEBUG]         endProcessChildren: artifact=org.glassfish.hk2:hk2-utils:jar:2.4.0-b34:provided
[DEBUG]         testArtifact: artifact=org.glassfish.hk2.external:aopalliance-repackaged:jar:2.4.0-b34:provided
[DEBUG]         includeArtifact: artifact=org.glassfish.hk2.external:aopalliance-repackaged:jar:2.4.0-b34:provided
[DEBUG]         startProcessChildren: artifact=org.glassfish.hk2.external:aopalliance-repackaged:jar:2.4.0-b34:provided
[DEBUG]         endProcessChildren: artifact=org.glassfish.hk2.external:aopalliance-repackaged:jar:2.4.0-b34:provided
[DEBUG]       endProcessChildren: artifact=org.glassfish.hk2:hk2-api:jar:2.4.0-b34:provided
[DEBUG]       testArtifact: artifact=org.glassfish.hk2.external:javax.inject:jar:2.4.0-b34:provided
[DEBUG]       omitForNearer: omitted=org.glassfish.hk2.external:javax.inject:jar:2.4.0-b34:provided kept=org.glassfish.hk2.external:javax.inject:jar:2.4.0-b34:provided
[DEBUG]       includeArtifact: artifact=org.glassfish.hk2.external:javax.inject:jar:2.4.0-b34:provided
[DEBUG]       startProcessChildren: artifact=org.glassfish.hk2.external:javax.inject:jar:2.4.0-b34:provided
[DEBUG]       endProcessChildren: artifact=org.glassfish.hk2.external:javax.inject:jar:2.4.0-b34:provided
[DEBUG]       testArtifact: artifact=org.glassfish.hk2:hk2-locator:jar:2.4.0-b34:provided
[DEBUG]       omitForNearer: omitted=org.glassfish.hk2:hk2-locator:jar:2.4.0-b34:provided kept=org.glassfish.hk2:hk2-locator:jar:2.4.0-b34:provided
[DEBUG]       includeArtifact: artifact=org.glassfish.hk2:hk2-locator:jar:2.4.0-b34:provided
[DEBUG]       startProcessChildren: artifact=org.glassfish.hk2:hk2-locator:jar:2.4.0-b34:provided
[DEBUG]         testArtifact: artifact=org.glassfish.hk2.external:javax.inject:jar:2.4.0-b34:provided
[DEBUG]         omitForNearer: omitted=org.glassfish.hk2.external:javax.inject:jar:2.4.0-b34:provided kept=org.glassfish.hk2.external:javax.inject:jar:2.4.0-b34:provided
[DEBUG]         testArtifact: artifact=org.glassfish.hk2.external:aopalliance-repackaged:jar:2.4.0-b34:provided
[DEBUG]         omitForNearer: omitted=org.glassfish.hk2.external:aopalliance-repackaged:jar:2.4.0-b34:provided kept=org.glassfish.hk2.external:aopalliance-repackaged:jar:2.4.0-b34:provided
[DEBUG]         testArtifact: artifact=org.glassfish.hk2:hk2-api:jar:2.4.0-b34:provided
[DEBUG]         omitForNearer: omitted=org.glassfish.hk2:hk2-api:jar:2.4.0-b34:provided kept=org.glassfish.hk2:hk2-api:jar:2.4.0-b34:provided
[DEBUG]         testArtifact: artifact=org.glassfish.hk2:hk2-utils:jar:2.4.0-b34:provided
[DEBUG]         omitForNearer: omitted=org.glassfish.hk2:hk2-utils:jar:2.4.0-b34:provided kept=org.glassfish.hk2:hk2-utils:jar:2.4.0-b34:provided
[DEBUG]         testArtifact: artifact=org.javassist:javassist:jar:3.18.1-GA:provided
[DEBUG]         includeArtifact: artifact=org.javassist:javassist:jar:3.18.1-GA:provided
[DEBUG]         startProcessChildren: artifact=org.javassist:javassist:jar:3.18.1-GA:provided
[DEBUG]         endProcessChildren: artifact=org.javassist:javassist:jar:3.18.1-GA:provided
[DEBUG]       endProcessChildren: artifact=org.glassfish.hk2:hk2-locator:jar:2.4.0-b34:provided
[DEBUG]     endProcessChildren: artifact=org.glassfish.jersey.core:jersey-client:jar:2.22.2:provided
[DEBUG]     testArtifact: artifact=org.glassfish.jersey.core:jersey-common:jar:2.22.2:provided
[DEBUG]     omitForNearer: omitted=org.glassfish.jersey.core:jersey-common:jar:2.22.2:provided kept=org.glassfish.jersey.core:jersey-common:jar:2.22.2:provided
[DEBUG]     includeArtifact: artifact=org.glassfish.jersey.core:jersey-common:jar:2.22.2:provided
[DEBUG]     startProcessChildren: artifact=org.glassfish.jersey.core:jersey-common:jar:2.22.2:provided
[DEBUG]       testArtifact: artifact=javax.ws.rs:javax.ws.rs-api:jar:2.0.1:provided
[DEBUG]       omitForNearer: omitted=javax.ws.rs:javax.ws.rs-api:jar:2.0.1:provided kept=javax.ws.rs:javax.ws.rs-api:jar:2.0.1:provided
[DEBUG]       testArtifact: artifact=javax.annotation:javax.annotation-api:jar:1.2:provided
[DEBUG]       includeArtifact: artifact=javax.annotation:javax.annotation-api:jar:1.2:provided
[DEBUG]       startProcessChildren: artifact=javax.annotation:javax.annotation-api:jar:1.2:provided
[DEBUG]       endProcessChildren: artifact=javax.annotation:javax.annotation-api:jar:1.2:provided
[DEBUG]       testArtifact: artifact=org.glassfish.jersey.bundles.repackaged:jersey-guava:jar:2.22.2:provided
[DEBUG]       includeArtifact: artifact=org.glassfish.jersey.bundles.repackaged:jersey-guava:jar:2.22.2:provided
[DEBUG]       startProcessChildren: artifact=org.glassfish.jersey.bundles.repackaged:jersey-guava:jar:2.22.2:provided
[DEBUG]       endProcessChildren: artifact=org.glassfish.jersey.bundles.repackaged:jersey-guava:jar:2.22.2:provided
[DEBUG]       testArtifact: artifact=org.glassfish.hk2:hk2-api:jar:2.4.0-b34:provided
[DEBUG]       omitForNearer: omitted=org.glassfish.hk2:hk2-api:jar:2.4.0-b34:provided kept=org.glassfish.hk2:hk2-api:jar:2.4.0-b34:provided
[DEBUG]       testArtifact: artifact=org.glassfish.hk2.external:javax.inject:jar:2.4.0-b34:provided
[DEBUG]       omitForNearer: omitted=org.glassfish.hk2.external:javax.inject:jar:2.4.0-b34:provided kept=org.glassfish.hk2.external:javax.inject:jar:2.4.0-b34:provided
[DEBUG]       testArtifact: artifact=org.glassfish.hk2:hk2-locator:jar:2.4.0-b34:provided
[DEBUG]       omitForNearer: omitted=org.glassfish.hk2:hk2-locator:jar:2.4.0-b34:provided kept=org.glassfish.hk2:hk2-locator:jar:2.4.0-b34:provided
[DEBUG]       testArtifact: artifact=org.glassfish.hk2:osgi-resource-locator:jar:1.0.1:provided
[DEBUG]       includeArtifact: artifact=org.glassfish.hk2:osgi-resource-locator:jar:1.0.1:provided
[DEBUG]       startProcessChildren: artifact=org.glassfish.hk2:osgi-resource-locator:jar:1.0.1:provided
[DEBUG]       endProcessChildren: artifact=org.glassfish.hk2:osgi-resource-locator:jar:1.0.1:provided
[DEBUG]     endProcessChildren: artifact=org.glassfish.jersey.core:jersey-common:jar:2.22.2:provided
[DEBUG]     testArtifact: artifact=org.glassfish.jersey.core:jersey-server:jar:2.22.2:provided
[DEBUG]     includeArtifact: artifact=org.glassfish.jersey.core:jersey-server:jar:2.22.2:provided
[DEBUG]     startProcessChildren: artifact=org.glassfish.jersey.core:jersey-server:jar:2.22.2:provided
[DEBUG]       testArtifact: artifact=org.glassfish.jersey.core:jersey-common:jar:2.22.2:provided
[DEBUG]       omitForNearer: omitted=org.glassfish.jersey.core:jersey-common:jar:2.22.2:provided kept=org.glassfish.jersey.core:jersey-common:jar:2.22.2:provided
[DEBUG]       testArtifact: artifact=org.glassfish.jersey.core:jersey-client:jar:2.22.2:provided
[DEBUG]       omitForNearer: omitted=org.glassfish.jersey.core:jersey-client:jar:2.22.2:provided kept=org.glassfish.jersey.core:jersey-client:jar:2.22.2:provided
[DEBUG]       testArtifact: artifact=javax.ws.rs:javax.ws.rs-api:jar:2.0.1:provided
[DEBUG]       omitForNearer: omitted=javax.ws.rs:javax.ws.rs-api:jar:2.0.1:provided kept=javax.ws.rs:javax.ws.rs-api:jar:2.0.1:provided
[DEBUG]       testArtifact: artifact=org.glassfish.jersey.media:jersey-media-jaxb:jar:2.22.2:provided
[DEBUG]       includeArtifact: artifact=org.glassfish.jersey.media:jersey-media-jaxb:jar:2.22.2:provided
[DEBUG]       startProcessChildren: artifact=org.glassfish.jersey.media:jersey-media-jaxb:jar:2.22.2:provided
[DEBUG]         testArtifact: artifact=org.glassfish.jersey.core:jersey-common:jar:2.22.2:provided
[DEBUG]         omitForNearer: omitted=org.glassfish.jersey.core:jersey-common:jar:2.22.2:provided kept=org.glassfish.jersey.core:jersey-common:jar:2.22.2:provided
[DEBUG]         testArtifact: artifact=org.glassfish.hk2:hk2-api:jar:2.4.0-b34:provided
[DEBUG]         omitForNearer: omitted=org.glassfish.hk2:hk2-api:jar:2.4.0-b34:provided kept=org.glassfish.hk2:hk2-api:jar:2.4.0-b34:provided
[DEBUG]         testArtifact: artifact=org.glassfish.hk2.external:javax.inject:jar:2.4.0-b34:provided
[DEBUG]         omitForNearer: omitted=org.glassfish.hk2.external:javax.inject:jar:2.4.0-b34:provided kept=org.glassfish.hk2.external:javax.inject:jar:2.4.0-b34:provided
[DEBUG]         testArtifact: artifact=org.glassfish.hk2:hk2-locator:jar:2.4.0-b34:provided
[DEBUG]         omitForNearer: omitted=org.glassfish.hk2:hk2-locator:jar:2.4.0-b34:provided kept=org.glassfish.hk2:hk2-locator:jar:2.4.0-b34:provided
[DEBUG]         testArtifact: artifact=org.glassfish.hk2:osgi-resource-locator:jar:1.0.1:provided
[DEBUG]         omitForNearer: omitted=org.glassfish.hk2:osgi-resource-locator:jar:1.0.1:provided kept=org.glassfish.hk2:osgi-resource-locator:jar:1.0.1:provided
[DEBUG]       endProcessChildren: artifact=org.glassfish.jersey.media:jersey-media-jaxb:jar:2.22.2:provided
[DEBUG]       testArtifact: artifact=javax.annotation:javax.annotation-api:jar:1.2:provided
[DEBUG]       omitForNearer: omitted=javax.annotation:javax.annotation-api:jar:1.2:provided kept=javax.annotation:javax.annotation-api:jar:1.2:provided
[DEBUG]       testArtifact: artifact=org.glassfish.hk2:hk2-api:jar:2.4.0-b34:provided
[DEBUG]       omitForNearer: omitted=org.glassfish.hk2:hk2-api:jar:2.4.0-b34:provided kept=org.glassfish.hk2:hk2-api:jar:2.4.0-b34:provided
[DEBUG]       testArtifact: artifact=org.glassfish.hk2.external:javax.inject:jar:2.4.0-b34:provided
[DEBUG]       omitForNearer: omitted=org.glassfish.hk2.external:javax.inject:jar:2.4.0-b34:provided kept=org.glassfish.hk2.external:javax.inject:jar:2.4.0-b34:provided
[DEBUG]       testArtifact: artifact=org.glassfish.hk2:hk2-locator:jar:2.4.0-b34:provided
[DEBUG]       omitForNearer: omitted=org.glassfish.hk2:hk2-locator:jar:2.4.0-b34:provided kept=org.glassfish.hk2:hk2-locator:jar:2.4.0-b34:provided
[DEBUG]       testArtifact: artifact=javax.validation:validation-api:jar:1.1.0.Final:provided
[DEBUG]       includeArtifact: artifact=javax.validation:validation-api:jar:1.1.0.Final:provided
[DEBUG]       startProcessChildren: artifact=javax.validation:validation-api:jar:1.1.0.Final:provided
[DEBUG]       endProcessChildren: artifact=javax.validation:validation-api:jar:1.1.0.Final:provided
[DEBUG]     endProcessChildren: artifact=org.glassfish.jersey.core:jersey-server:jar:2.22.2:provided
[DEBUG]     testArtifact: artifact=org.glassfish.jersey.containers:jersey-container-servlet:jar:2.22.2:provided
[DEBUG]     includeArtifact: artifact=org.glassfish.jersey.containers:jersey-container-servlet:jar:2.22.2:provided
[DEBUG]     startProcessChildren: artifact=org.glassfish.jersey.containers:jersey-container-servlet:jar:2.22.2:provided
[DEBUG]       testArtifact: artifact=org.glassfish.jersey.containers:jersey-container-servlet-core:jar:2.22.2:provided
[DEBUG]       includeArtifact: artifact=org.glassfish.jersey.containers:jersey-container-servlet-core:jar:2.22.2:provided
[DEBUG]       startProcessChildren: artifact=org.glassfish.jersey.containers:jersey-container-servlet-core:jar:2.22.2:provided
[DEBUG]         testArtifact: artifact=org.glassfish.hk2.external:javax.inject:jar:2.4.0-b34:provided
[DEBUG]         omitForNearer: omitted=org.glassfish.hk2.external:javax.inject:jar:2.4.0-b34:provided kept=org.glassfish.hk2.external:javax.inject:jar:2.4.0-b34:provided
[DEBUG]         testArtifact: artifact=org.glassfish.jersey.core:jersey-common:jar:2.22.2:provided
[DEBUG]         omitForNearer: omitted=org.glassfish.jersey.core:jersey-common:jar:2.22.2:provided kept=org.glassfish.jersey.core:jersey-common:jar:2.22.2:provided
[DEBUG]         testArtifact: artifact=org.glassfish.jersey.core:jersey-server:jar:2.22.2:provided
[DEBUG]         omitForNearer: omitted=org.glassfish.jersey.core:jersey-server:jar:2.22.2:provided kept=org.glassfish.jersey.core:jersey-server:jar:2.22.2:provided
[DEBUG]         testArtifact: artifact=javax.ws.rs:javax.ws.rs-api:jar:2.0.1:provided
[DEBUG]         omitForNearer: omitted=javax.ws.rs:javax.ws.rs-api:jar:2.0.1:provided kept=javax.ws.rs:javax.ws.rs-api:jar:2.0.1:provided
[DEBUG]       endProcessChildren: artifact=org.glassfish.jersey.containers:jersey-container-servlet-core:jar:2.22.2:provided
[DEBUG]       testArtifact: artifact=org.glassfish.jersey.core:jersey-common:jar:2.22.2:provided
[DEBUG]       omitForNearer: omitted=org.glassfish.jersey.core:jersey-common:jar:2.22.2:provided kept=org.glassfish.jersey.core:jersey-common:jar:2.22.2:provided
[DEBUG]       testArtifact: artifact=org.glassfish.jersey.core:jersey-server:jar:2.22.2:provided
[DEBUG]       omitForNearer: omitted=org.glassfish.jersey.core:jersey-server:jar:2.22.2:provided kept=org.glassfish.jersey.core:jersey-server:jar:2.22.2:provided
[DEBUG]       testArtifact: artifact=javax.ws.rs:javax.ws.rs-api:jar:2.0.1:provided
[DEBUG]       omitForNearer: omitted=javax.ws.rs:javax.ws.rs-api:jar:2.0.1:provided kept=javax.ws.rs:javax.ws.rs-api:jar:2.0.1:provided
[DEBUG]     endProcessChildren: artifact=org.glassfish.jersey.containers:jersey-container-servlet:jar:2.22.2:provided
[DEBUG]     testArtifact: artifact=org.glassfish.jersey.containers:jersey-container-servlet-core:jar:2.22.2:provided
[DEBUG]     omitForNearer: omitted=org.glassfish.jersey.containers:jersey-container-servlet-core:jar:2.22.2:provided kept=org.glassfish.jersey.containers:jersey-container-servlet-core:jar:2.22.2:provided
[DEBUG]     includeArtifact: artifact=org.glassfish.jersey.containers:jersey-container-servlet-core:jar:2.22.2:provided
[DEBUG]     startProcessChildren: artifact=org.glassfish.jersey.containers:jersey-container-servlet-core:jar:2.22.2:provided
[DEBUG]       testArtifact: artifact=org.glassfish.hk2.external:javax.inject:jar:2.4.0-b34:provided
[DEBUG]       omitForNearer: omitted=org.glassfish.hk2.external:javax.inject:jar:2.4.0-b34:provided kept=org.glassfish.hk2.external:javax.inject:jar:2.4.0-b34:provided
[DEBUG]       testArtifact: artifact=org.glassfish.jersey.core:jersey-common:jar:2.22.2:provided
[DEBUG]       omitForNearer: omitted=org.glassfish.jersey.core:jersey-common:jar:2.22.2:provided kept=org.glassfish.jersey.core:jersey-common:jar:2.22.2:provided
[DEBUG]       testArtifact: artifact=org.glassfish.jersey.core:jersey-server:jar:2.22.2:provided
[DEBUG]       omitForNearer: omitted=org.glassfish.jersey.core:jersey-server:jar:2.22.2:provided kept=org.glassfish.jersey.core:jersey-server:jar:2.22.2:provided
[DEBUG]       testArtifact: artifact=javax.ws.rs:javax.ws.rs-api:jar:2.0.1:provided
[DEBUG]       omitForNearer: omitted=javax.ws.rs:javax.ws.rs-api:jar:2.0.1:provided kept=javax.ws.rs:javax.ws.rs-api:jar:2.0.1:provided
[DEBUG]     endProcessChildren: artifact=org.glassfish.jersey.containers:jersey-container-servlet-core:jar:2.22.2:provided
[DEBUG]     testArtifact: artifact=io.netty:netty-all:jar:4.0.43.Final:provided
[DEBUG]     omitForNearer: omitted=io.netty:netty-all:jar:4.0.43.Final:provided kept=io.netty:netty-all:jar:4.0.43.Final:provided
[DEBUG]     includeArtifact: artifact=io.netty:netty-all:jar:4.0.43.Final:provided
[DEBUG]     startProcessChildren: artifact=io.netty:netty-all:jar:4.0.43.Final:provided
[DEBUG]     endProcessChildren: artifact=io.netty:netty-all:jar:4.0.43.Final:provided
[DEBUG]     testArtifact: artifact=io.netty:netty:jar:3.9.9.Final:provided
[DEBUG]     omitForNearer: omitted=io.netty:netty:jar:3.6.2.Final:provided kept=io.netty:netty:jar:3.9.9.Final:provided
[DEBUG]     includeArtifact: artifact=io.netty:netty:jar:3.9.9.Final:provided
[DEBUG]     startProcessChildren: artifact=io.netty:netty:jar:3.9.9.Final:provided
[DEBUG]     endProcessChildren: artifact=io.netty:netty:jar:3.9.9.Final:provided
[DEBUG]     testArtifact: artifact=com.clearspring.analytics:stream:jar:2.7.0:provided
[DEBUG]     includeArtifact: artifact=com.clearspring.analytics:stream:jar:2.7.0:provided
[DEBUG]     startProcessChildren: artifact=com.clearspring.analytics:stream:jar:2.7.0:provided
[DEBUG]     endProcessChildren: artifact=com.clearspring.analytics:stream:jar:2.7.0:provided
[DEBUG]     testArtifact: artifact=io.dropwizard.metrics:metrics-core:jar:3.1.2:provided
[DEBUG]     omitForNearer: omitted=io.dropwizard.metrics:metrics-core:jar:3.1.2:provided kept=io.dropwizard.metrics:metrics-core:jar:3.1.2:provided
[DEBUG]     includeArtifact: artifact=io.dropwizard.metrics:metrics-core:jar:3.1.2:provided
[DEBUG]     startProcessChildren: artifact=io.dropwizard.metrics:metrics-core:jar:3.1.2:provided
[DEBUG]       testArtifact: artifact=org.slf4j:slf4j-api:jar:1.7.7:provided
[DEBUG]       omitForNearer: omitted=org.slf4j:slf4j-api:jar:1.7.7:provided kept=org.slf4j:slf4j-api:jar:1.7.7:compile
[DEBUG]     endProcessChildren: artifact=io.dropwizard.metrics:metrics-core:jar:3.1.2:provided
[DEBUG]     testArtifact: artifact=io.dropwizard.metrics:metrics-jvm:jar:3.1.2:provided
[DEBUG]     includeArtifact: artifact=io.dropwizard.metrics:metrics-jvm:jar:3.1.2:provided
[DEBUG]     startProcessChildren: artifact=io.dropwizard.metrics:metrics-jvm:jar:3.1.2:provided
[DEBUG]       testArtifact: artifact=io.dropwizard.metrics:metrics-core:jar:3.1.2:provided
[DEBUG]       omitForNearer: omitted=io.dropwizard.metrics:metrics-core:jar:3.1.2:provided kept=io.dropwizard.metrics:metrics-core:jar:3.1.2:provided
[DEBUG]       testArtifact: artifact=org.slf4j:slf4j-api:jar:1.7.7:provided
[DEBUG]       omitForNearer: omitted=org.slf4j:slf4j-api:jar:1.7.7:provided kept=org.slf4j:slf4j-api:jar:1.7.7:compile
[DEBUG]     endProcessChildren: artifact=io.dropwizard.metrics:metrics-jvm:jar:3.1.2:provided
[DEBUG]     testArtifact: artifact=io.dropwizard.metrics:metrics-json:jar:3.1.2:provided
[DEBUG]     includeArtifact: artifact=io.dropwizard.metrics:metrics-json:jar:3.1.2:provided
[DEBUG]     startProcessChildren: artifact=io.dropwizard.metrics:metrics-json:jar:3.1.2:provided
[DEBUG]       testArtifact: artifact=io.dropwizard.metrics:metrics-core:jar:3.1.2:provided
[DEBUG]       omitForNearer: omitted=io.dropwizard.metrics:metrics-core:jar:3.1.2:provided kept=io.dropwizard.metrics:metrics-core:jar:3.1.2:provided
[DEBUG]       testArtifact: artifact=com.fasterxml.jackson.core:jackson-databind:jar:2.4.2:provided
[DEBUG]       omitForNearer: omitted=com.fasterxml.jackson.core:jackson-databind:jar:2.4.2:provided kept=com.fasterxml.jackson.core:jackson-databind:jar:2.6.5:provided
[DEBUG]       testArtifact: artifact=org.slf4j:slf4j-api:jar:1.7.7:provided
[DEBUG]       omitForNearer: omitted=org.slf4j:slf4j-api:jar:1.7.7:provided kept=org.slf4j:slf4j-api:jar:1.7.7:compile
[DEBUG]     endProcessChildren: artifact=io.dropwizard.metrics:metrics-json:jar:3.1.2:provided
[DEBUG]     testArtifact: artifact=io.dropwizard.metrics:metrics-graphite:jar:3.1.2:provided
[DEBUG]     includeArtifact: artifact=io.dropwizard.metrics:metrics-graphite:jar:3.1.2:provided
[DEBUG]     startProcessChildren: artifact=io.dropwizard.metrics:metrics-graphite:jar:3.1.2:provided
[DEBUG]       testArtifact: artifact=io.dropwizard.metrics:metrics-core:jar:3.1.2:provided
[DEBUG]       omitForNearer: omitted=io.dropwizard.metrics:metrics-core:jar:3.1.2:provided kept=io.dropwizard.metrics:metrics-core:jar:3.1.2:provided
[DEBUG]       testArtifact: artifact=org.slf4j:slf4j-api:jar:1.7.7:provided
[DEBUG]       omitForNearer: omitted=org.slf4j:slf4j-api:jar:1.7.7:provided kept=org.slf4j:slf4j-api:jar:1.7.7:compile
[DEBUG]     endProcessChildren: artifact=io.dropwizard.metrics:metrics-graphite:jar:3.1.2:provided
[DEBUG]     testArtifact: artifact=com.fasterxml.jackson.core:jackson-databind:jar:2.6.5:provided
[DEBUG]     omitForNearer: omitted=com.fasterxml.jackson.core:jackson-databind:jar:2.6.5:provided kept=com.fasterxml.jackson.core:jackson-databind:jar:2.6.5:provided
[DEBUG]     testArtifact: artifact=com.fasterxml.jackson.module:jackson-module-scala_2.11:jar:2.6.5:provided
[DEBUG]     includeArtifact: artifact=com.fasterxml.jackson.module:jackson-module-scala_2.11:jar:2.6.5:provided
[DEBUG]     startProcessChildren: artifact=com.fasterxml.jackson.module:jackson-module-scala_2.11:jar:2.6.5:provided
[DEBUG]       testArtifact: artifact=org.scala-lang:scala-library:jar:2.11.7:provided
[DEBUG]       omitForNearer: omitted=org.scala-lang:scala-library:jar:2.11.7:provided kept=org.scala-lang:scala-library:jar:2.11.11:compile
[DEBUG]       testArtifact: artifact=org.scala-lang:scala-reflect:jar:2.11.7:provided
[DEBUG]       omitForNearer: omitted=org.scala-lang:scala-reflect:jar:2.11.7:provided kept=org.scala-lang:scala-reflect:jar:2.11.12:test
[DEBUG]       testArtifact: artifact=com.fasterxml.jackson.core:jackson-core:jar:2.6.5:provided
[DEBUG]       omitForNearer: omitted=com.fasterxml.jackson.core:jackson-core:jar:2.6.5:provided kept=com.fasterxml.jackson.core:jackson-core:jar:2.6.5:provided
[DEBUG]       testArtifact: artifact=com.fasterxml.jackson.core:jackson-annotations:jar:2.6.5:provided
[DEBUG]       omitForNearer: omitted=com.fasterxml.jackson.core:jackson-annotations:jar:2.6.5:provided kept=com.fasterxml.jackson.core:jackson-annotations:jar:2.6.0:provided
[DEBUG]       testArtifact: artifact=com.fasterxml.jackson.core:jackson-databind:jar:2.6.5:provided
[DEBUG]       omitForNearer: omitted=com.fasterxml.jackson.core:jackson-databind:jar:2.6.5:provided kept=com.fasterxml.jackson.core:jackson-databind:jar:2.6.5:provided
[DEBUG]       testArtifact: artifact=com.fasterxml.jackson.module:jackson-module-paranamer:jar:2.6.5:provided
[DEBUG]       includeArtifact: artifact=com.fasterxml.jackson.module:jackson-module-paranamer:jar:2.6.5:provided
[DEBUG]       startProcessChildren: artifact=com.fasterxml.jackson.module:jackson-module-paranamer:jar:2.6.5:provided
[DEBUG]         testArtifact: artifact=com.fasterxml.jackson.core:jackson-databind:jar:2.6.5:provided
[DEBUG]         omitForNearer: omitted=com.fasterxml.jackson.core:jackson-databind:jar:2.6.5:provided kept=com.fasterxml.jackson.core:jackson-databind:jar:2.6.5:provided
[DEBUG]         testArtifact: artifact=com.thoughtworks.paranamer:paranamer:jar:2.6:provided
[DEBUG]         omitForNearer: omitted=com.thoughtworks.paranamer:paranamer:jar:2.6:provided kept=com.thoughtworks.paranamer:paranamer:jar:2.3:provided
[DEBUG]       endProcessChildren: artifact=com.fasterxml.jackson.module:jackson-module-paranamer:jar:2.6.5:provided
[DEBUG]     endProcessChildren: artifact=com.fasterxml.jackson.module:jackson-module-scala_2.11:jar:2.6.5:provided
[DEBUG]     testArtifact: artifact=org.apache.ivy:ivy:jar:2.4.0:provided
[DEBUG]     includeArtifact: artifact=org.apache.ivy:ivy:jar:2.4.0:provided
[DEBUG]     startProcessChildren: artifact=org.apache.ivy:ivy:jar:2.4.0:provided
[DEBUG]     endProcessChildren: artifact=org.apache.ivy:ivy:jar:2.4.0:provided
[DEBUG]     testArtifact: artifact=oro:oro:jar:2.0.8:provided
[DEBUG]     includeArtifact: artifact=oro:oro:jar:2.0.8:provided
[DEBUG]     startProcessChildren: artifact=oro:oro:jar:2.0.8:provided
[DEBUG]     endProcessChildren: artifact=oro:oro:jar:2.0.8:provided
[DEBUG]     testArtifact: artifact=net.razorvine:pyrolite:jar:4.13:provided
[DEBUG]     includeArtifact: artifact=net.razorvine:pyrolite:jar:4.13:provided
[DEBUG]     startProcessChildren: artifact=net.razorvine:pyrolite:jar:4.13:provided
[DEBUG]     endProcessChildren: artifact=net.razorvine:pyrolite:jar:4.13:provided
[DEBUG]     testArtifact: artifact=net.sf.py4j:py4j:jar:0.10.4:provided
[DEBUG]     includeArtifact: artifact=net.sf.py4j:py4j:jar:0.10.4:provided
[DEBUG]     startProcessChildren: artifact=net.sf.py4j:py4j:jar:0.10.4:provided
[DEBUG]     endProcessChildren: artifact=net.sf.py4j:py4j:jar:0.10.4:provided
[DEBUG]     testArtifact: artifact=org.apache.spark:spark-tags_2.11:jar:2.2.0:provided
[DEBUG]     omitForNearer: omitted=org.apache.spark:spark-tags_2.11:jar:2.2.0:provided kept=org.apache.spark:spark-tags_2.11:jar:2.2.0:provided
[DEBUG]     testArtifact: artifact=org.apache.commons:commons-crypto:jar:1.0.0:provided
[DEBUG]     omitForNearer: omitted=org.apache.commons:commons-crypto:jar:1.0.0:provided kept=org.apache.commons:commons-crypto:jar:1.0.0:provided
[DEBUG]     includeArtifact: artifact=org.apache.commons:commons-crypto:jar:1.0.0:provided
[DEBUG]     startProcessChildren: artifact=org.apache.commons:commons-crypto:jar:1.0.0:provided
[DEBUG]     endProcessChildren: artifact=org.apache.commons:commons-crypto:jar:1.0.0:provided
[DEBUG]     testArtifact: artifact=org.spark-project.spark:unused:jar:1.0.0:provided
[DEBUG]     omitForNearer: omitted=org.spark-project.spark:unused:jar:1.0.0:provided kept=org.spark-project.spark:unused:jar:1.0.0:provided
[DEBUG]   endProcessChildren: artifact=org.apache.spark:spark-core_2.11:jar:2.2.0:provided
[DEBUG]   testArtifact: artifact=org.scala-lang:scala-reflect:jar:2.11.12:compile
[DEBUG]   omitForNearer: omitted=org.scala-lang:scala-reflect:jar:2.11.12:test kept=org.scala-lang:scala-reflect:jar:2.11.12:compile
[DEBUG]   includeArtifact: artifact=org.scala-lang:scala-reflect:jar:2.11.12:compile
[DEBUG]   startProcessChildren: artifact=org.scala-lang:scala-reflect:jar:2.11.12:compile
[DEBUG]     testArtifact: artifact=org.scala-lang:scala-library:jar:2.11.12:compile
[DEBUG]     omitForNearer: omitted=org.scala-lang:scala-library:jar:2.11.12:compile kept=org.scala-lang:scala-library:jar:2.11.11:compile
[DEBUG]   endProcessChildren: artifact=org.scala-lang:scala-reflect:jar:2.11.12:compile
[DEBUG]   testArtifact: artifact=com.google.guava:guava:jar:15.0:compile
[DEBUG]   omitForNearer: omitted=com.google.guava:guava:jar:16.0.1:provided kept=com.google.guava:guava:jar:15.0:compile
[DEBUG]   includeArtifact: artifact=com.google.guava:guava:jar:15.0:compile
[DEBUG]   startProcessChildren: artifact=com.google.guava:guava:jar:15.0:compile
[DEBUG]   endProcessChildren: artifact=com.google.guava:guava:jar:15.0:compile
[DEBUG]   testArtifact: artifact=org.apache.spark:spark-streaming_2.11:jar:2.2.0:provided
[DEBUG]   includeArtifact: artifact=org.apache.spark:spark-streaming_2.11:jar:2.2.0:provided
[DEBUG]   startProcessChildren: artifact=org.apache.spark:spark-streaming_2.11:jar:2.2.0:provided
[DEBUG]     testArtifact: artifact=org.apache.spark:spark-core_2.11:jar:2.2.0:provided
[DEBUG]     omitForNearer: omitted=org.apache.spark:spark-core_2.11:jar:2.2.0:provided kept=org.apache.spark:spark-core_2.11:jar:2.2.0:provided
[DEBUG]     testArtifact: artifact=org.apache.spark:spark-tags_2.11:jar:2.2.0:provided
[DEBUG]     omitForNearer: omitted=org.apache.spark:spark-tags_2.11:jar:2.2.0:provided kept=org.apache.spark:spark-tags_2.11:jar:2.2.0:provided
[DEBUG]     testArtifact: artifact=org.scala-lang:scala-library:jar:2.11.8:provided
[DEBUG]     omitForNearer: omitted=org.scala-lang:scala-library:jar:2.11.8:provided kept=org.scala-lang:scala-library:jar:2.11.11:compile
[DEBUG]     testArtifact: artifact=org.spark-project.spark:unused:jar:1.0.0:provided
[DEBUG]     omitForNearer: omitted=org.spark-project.spark:unused:jar:1.0.0:provided kept=org.spark-project.spark:unused:jar:1.0.0:provided
[DEBUG]   endProcessChildren: artifact=org.apache.spark:spark-streaming_2.11:jar:2.2.0:provided
[DEBUG]   testArtifact: artifact=org.apache.spark:spark-mllib_2.11:jar:2.2.0:provided
[DEBUG]   includeArtifact: artifact=org.apache.spark:spark-mllib_2.11:jar:2.2.0:provided
[DEBUG]   startProcessChildren: artifact=org.apache.spark:spark-mllib_2.11:jar:2.2.0:provided
[DEBUG]     testArtifact: artifact=org.apache.spark:spark-core_2.11:jar:2.2.0:provided
[DEBUG]     omitForNearer: omitted=org.apache.spark:spark-core_2.11:jar:2.2.0:provided kept=org.apache.spark:spark-core_2.11:jar:2.2.0:provided
[DEBUG]     testArtifact: artifact=org.apache.spark:spark-streaming_2.11:jar:2.2.0:provided
[DEBUG]     omitForNearer: omitted=org.apache.spark:spark-streaming_2.11:jar:2.2.0:provided kept=org.apache.spark:spark-streaming_2.11:jar:2.2.0:provided
[DEBUG]     testArtifact: artifact=org.apache.spark:spark-sql_2.11:jar:2.2.0:provided
[DEBUG]     omitForNearer: omitted=org.apache.spark:spark-sql_2.11:jar:2.2.0:provided kept=org.apache.spark:spark-sql_2.11:jar:2.2.0:provided
[DEBUG]     testArtifact: artifact=org.apache.spark:spark-graphx_2.11:jar:2.2.0:provided
[DEBUG]     includeArtifact: artifact=org.apache.spark:spark-graphx_2.11:jar:2.2.0:provided
[DEBUG]     startProcessChildren: artifact=org.apache.spark:spark-graphx_2.11:jar:2.2.0:provided
[DEBUG]       testArtifact: artifact=org.apache.spark:spark-core_2.11:jar:2.2.0:provided
[DEBUG]       omitForNearer: omitted=org.apache.spark:spark-core_2.11:jar:2.2.0:provided kept=org.apache.spark:spark-core_2.11:jar:2.2.0:provided
[DEBUG]       testArtifact: artifact=org.apache.spark:spark-mllib-local_2.11:jar:2.2.0:provided
[DEBUG]       includeArtifact: artifact=org.apache.spark:spark-mllib-local_2.11:jar:2.2.0:provided
[DEBUG]       startProcessChildren: artifact=org.apache.spark:spark-mllib-local_2.11:jar:2.2.0:provided
[DEBUG]         testArtifact: artifact=org.scalanlp:breeze_2.11:jar:0.13.1:provided
[DEBUG]         includeArtifact: artifact=org.scalanlp:breeze_2.11:jar:0.13.1:provided
[DEBUG]         startProcessChildren: artifact=org.scalanlp:breeze_2.11:jar:0.13.1:provided
[DEBUG]           testArtifact: artifact=org.scala-lang:scala-library:jar:2.11.8:provided
[DEBUG]           omitForNearer: omitted=org.scala-lang:scala-library:jar:2.11.8:provided kept=org.scala-lang:scala-library:jar:2.11.11:compile
[DEBUG]           testArtifact: artifact=org.scalanlp:breeze-macros_2.11:jar:0.13.1:provided
[DEBUG]           includeArtifact: artifact=org.scalanlp:breeze-macros_2.11:jar:0.13.1:provided
[DEBUG]           startProcessChildren: artifact=org.scalanlp:breeze-macros_2.11:jar:0.13.1:provided
[DEBUG]             testArtifact: artifact=org.scala-lang:scala-library:jar:2.11.8:provided
[DEBUG]             omitForNearer: omitted=org.scala-lang:scala-library:jar:2.11.8:provided kept=org.scala-lang:scala-library:jar:2.11.11:compile
[DEBUG]             testArtifact: artifact=org.scala-lang:scala-reflect:jar:2.11.8:provided
[DEBUG]             omitForNearer: omitted=org.scala-lang:scala-reflect:jar:2.11.8:provided kept=org.scala-lang:scala-reflect:jar:2.11.12:compile
[DEBUG]           endProcessChildren: artifact=org.scalanlp:breeze-macros_2.11:jar:0.13.1:provided
[DEBUG]           testArtifact: artifact=com.github.fommil.netlib:core:jar:1.1.2:provided
[DEBUG]           includeArtifact: artifact=com.github.fommil.netlib:core:jar:1.1.2:provided
[DEBUG]           startProcessChildren: artifact=com.github.fommil.netlib:core:jar:1.1.2:provided
[DEBUG]             testArtifact: artifact=net.sourceforge.f2j:arpack_combined_all:jar:0.1:provided
[DEBUG]             includeArtifact: artifact=net.sourceforge.f2j:arpack_combined_all:jar:0.1:provided
[DEBUG]             startProcessChildren: artifact=net.sourceforge.f2j:arpack_combined_all:jar:0.1:provided
[DEBUG]             endProcessChildren: artifact=net.sourceforge.f2j:arpack_combined_all:jar:0.1:provided
[DEBUG]           endProcessChildren: artifact=com.github.fommil.netlib:core:jar:1.1.2:provided
[DEBUG]           testArtifact: artifact=net.sourceforge.f2j:arpack_combined_all:jar:0.1:provided
[DEBUG]           omitForNearer: omitted=net.sourceforge.f2j:arpack_combined_all:jar:0.1:provided kept=net.sourceforge.f2j:arpack_combined_all:jar:0.1:provided
[DEBUG]           includeArtifact: artifact=net.sourceforge.f2j:arpack_combined_all:jar:0.1:provided
[DEBUG]           startProcessChildren: artifact=net.sourceforge.f2j:arpack_combined_all:jar:0.1:provided
[DEBUG]           endProcessChildren: artifact=net.sourceforge.f2j:arpack_combined_all:jar:0.1:provided
[DEBUG]           testArtifact: artifact=net.sf.opencsv:opencsv:jar:2.3:provided
[DEBUG]           includeArtifact: artifact=net.sf.opencsv:opencsv:jar:2.3:provided
[DEBUG]           startProcessChildren: artifact=net.sf.opencsv:opencsv:jar:2.3:provided
[DEBUG]           endProcessChildren: artifact=net.sf.opencsv:opencsv:jar:2.3:provided
[DEBUG]           testArtifact: artifact=com.github.rwl:jtransforms:jar:2.4.0:provided
[DEBUG]           includeArtifact: artifact=com.github.rwl:jtransforms:jar:2.4.0:provided
[DEBUG]           startProcessChildren: artifact=com.github.rwl:jtransforms:jar:2.4.0:provided
[DEBUG]           endProcessChildren: artifact=com.github.rwl:jtransforms:jar:2.4.0:provided
[DEBUG]           testArtifact: artifact=org.spire-math:spire_2.11:jar:0.13.0:provided
[DEBUG]           includeArtifact: artifact=org.spire-math:spire_2.11:jar:0.13.0:provided
[DEBUG]           startProcessChildren: artifact=org.spire-math:spire_2.11:jar:0.13.0:provided
[DEBUG]             testArtifact: artifact=org.scala-lang:scala-library:jar:2.11.8:provided
[DEBUG]             omitForNearer: omitted=org.scala-lang:scala-library:jar:2.11.8:provided kept=org.scala-lang:scala-library:jar:2.11.11:compile
[DEBUG]             testArtifact: artifact=org.spire-math:spire-macros_2.11:jar:0.13.0:provided
[DEBUG]             includeArtifact: artifact=org.spire-math:spire-macros_2.11:jar:0.13.0:provided
[DEBUG]             startProcessChildren: artifact=org.spire-math:spire-macros_2.11:jar:0.13.0:provided
[DEBUG]               testArtifact: artifact=org.scala-lang:scala-library:jar:2.11.8:provided
[DEBUG]               omitForNearer: omitted=org.scala-lang:scala-library:jar:2.11.8:provided kept=org.scala-lang:scala-library:jar:2.11.11:compile
[DEBUG]               testArtifact: artifact=org.typelevel:machinist_2.11:jar:0.6.1:provided
[DEBUG]               includeArtifact: artifact=org.typelevel:machinist_2.11:jar:0.6.1:provided
[DEBUG]               startProcessChildren: artifact=org.typelevel:machinist_2.11:jar:0.6.1:provided
[DEBUG]                 testArtifact: artifact=org.scala-lang:scala-library:jar:2.11.8:provided
[DEBUG]                 omitForNearer: omitted=org.scala-lang:scala-library:jar:2.11.8:provided kept=org.scala-lang:scala-library:jar:2.11.11:compile
[DEBUG]                 testArtifact: artifact=org.scala-lang:scala-reflect:jar:2.11.8:provided
[DEBUG]                 omitForNearer: omitted=org.scala-lang:scala-reflect:jar:2.11.8:provided kept=org.scala-lang:scala-reflect:jar:2.11.12:compile
[DEBUG]               endProcessChildren: artifact=org.typelevel:machinist_2.11:jar:0.6.1:provided
[DEBUG]             endProcessChildren: artifact=org.spire-math:spire-macros_2.11:jar:0.13.0:provided
[DEBUG]             testArtifact: artifact=org.typelevel:machinist_2.11:jar:0.6.1:provided
[DEBUG]             omitForNearer: omitted=org.typelevel:machinist_2.11:jar:0.6.1:provided kept=org.typelevel:machinist_2.11:jar:0.6.1:provided
[DEBUG]             includeArtifact: artifact=org.typelevel:machinist_2.11:jar:0.6.1:provided
[DEBUG]             startProcessChildren: artifact=org.typelevel:machinist_2.11:jar:0.6.1:provided
[DEBUG]               testArtifact: artifact=org.scala-lang:scala-library:jar:2.11.8:provided
[DEBUG]               omitForNearer: omitted=org.scala-lang:scala-library:jar:2.11.8:provided kept=org.scala-lang:scala-library:jar:2.11.11:compile
[DEBUG]               testArtifact: artifact=org.scala-lang:scala-reflect:jar:2.11.8:provided
[DEBUG]               omitForNearer: omitted=org.scala-lang:scala-reflect:jar:2.11.8:provided kept=org.scala-lang:scala-reflect:jar:2.11.12:compile
[DEBUG]             endProcessChildren: artifact=org.typelevel:machinist_2.11:jar:0.6.1:provided
[DEBUG]           endProcessChildren: artifact=org.spire-math:spire_2.11:jar:0.13.0:provided
[DEBUG]           testArtifact: artifact=com.chuusai:shapeless_2.11:jar:2.3.2:provided
[DEBUG]           includeArtifact: artifact=com.chuusai:shapeless_2.11:jar:2.3.2:provided
[DEBUG]           startProcessChildren: artifact=com.chuusai:shapeless_2.11:jar:2.3.2:provided
[DEBUG]             testArtifact: artifact=org.scala-lang:scala-library:jar:2.11.8:provided
[DEBUG]             omitForNearer: omitted=org.scala-lang:scala-library:jar:2.11.8:provided kept=org.scala-lang:scala-library:jar:2.11.11:compile
[DEBUG]             testArtifact: artifact=org.typelevel:macro-compat_2.11:jar:1.1.1:provided
[DEBUG]             includeArtifact: artifact=org.typelevel:macro-compat_2.11:jar:1.1.1:provided
[DEBUG]             startProcessChildren: artifact=org.typelevel:macro-compat_2.11:jar:1.1.1:provided
[DEBUG]               testArtifact: artifact=org.scala-lang:scala-library:jar:2.11.7:provided
[DEBUG]               omitForNearer: omitted=org.scala-lang:scala-library:jar:2.11.7:provided kept=org.scala-lang:scala-library:jar:2.11.11:compile
[DEBUG]             endProcessChildren: artifact=org.typelevel:macro-compat_2.11:jar:1.1.1:provided
[DEBUG]           endProcessChildren: artifact=com.chuusai:shapeless_2.11:jar:2.3.2:provided
[DEBUG]           testArtifact: artifact=org.slf4j:slf4j-api:jar:1.7.5:provided
[DEBUG]           omitForNearer: omitted=org.slf4j:slf4j-api:jar:1.7.5:provided kept=org.slf4j:slf4j-api:jar:1.7.7:compile
[DEBUG]         endProcessChildren: artifact=org.scalanlp:breeze_2.11:jar:0.13.1:provided
[DEBUG]         testArtifact: artifact=org.apache.commons:commons-math3:jar:3.4.1:provided
[DEBUG]         omitForNearer: omitted=org.apache.commons:commons-math3:jar:3.4.1:provided kept=org.apache.commons:commons-math3:jar:3.4.1:provided
[DEBUG]         testArtifact: artifact=org.apache.spark:spark-tags_2.11:jar:2.2.0:provided
[DEBUG]         omitForNearer: omitted=org.apache.spark:spark-tags_2.11:jar:2.2.0:provided kept=org.apache.spark:spark-tags_2.11:jar:2.2.0:provided
[DEBUG]         testArtifact: artifact=org.spark-project.spark:unused:jar:1.0.0:provided
[DEBUG]         omitForNearer: omitted=org.spark-project.spark:unused:jar:1.0.0:provided kept=org.spark-project.spark:unused:jar:1.0.0:provided
[DEBUG]       endProcessChildren: artifact=org.apache.spark:spark-mllib-local_2.11:jar:2.2.0:provided
[DEBUG]       testArtifact: artifact=org.apache.xbean:xbean-asm5-shaded:jar:4.4:provided
[DEBUG]       omitForNearer: omitted=org.apache.xbean:xbean-asm5-shaded:jar:4.4:provided kept=org.apache.xbean:xbean-asm5-shaded:jar:4.4:provided
[DEBUG]       testArtifact: artifact=com.github.fommil.netlib:core:jar:1.1.2:provided
[DEBUG]       omitForNearer: omitted=com.github.fommil.netlib:core:jar:1.1.2:provided kept=com.github.fommil.netlib:core:jar:1.1.2:provided
[DEBUG]       includeArtifact: artifact=com.github.fommil.netlib:core:jar:1.1.2:provided
[DEBUG]       startProcessChildren: artifact=com.github.fommil.netlib:core:jar:1.1.2:provided
[DEBUG]         testArtifact: artifact=net.sourceforge.f2j:arpack_combined_all:jar:0.1:provided
[DEBUG]         omitForNearer: omitted=net.sourceforge.f2j:arpack_combined_all:jar:0.1:provided kept=net.sourceforge.f2j:arpack_combined_all:jar:0.1:provided
[DEBUG]         includeArtifact: artifact=net.sourceforge.f2j:arpack_combined_all:jar:0.1:provided
[DEBUG]         startProcessChildren: artifact=net.sourceforge.f2j:arpack_combined_all:jar:0.1:provided
[DEBUG]         endProcessChildren: artifact=net.sourceforge.f2j:arpack_combined_all:jar:0.1:provided
[DEBUG]       endProcessChildren: artifact=com.github.fommil.netlib:core:jar:1.1.2:provided
[DEBUG]       testArtifact: artifact=net.sourceforge.f2j:arpack_combined_all:jar:0.1:provided
[DEBUG]       omitForNearer: omitted=net.sourceforge.f2j:arpack_combined_all:jar:0.1:provided kept=net.sourceforge.f2j:arpack_combined_all:jar:0.1:provided
[DEBUG]       includeArtifact: artifact=net.sourceforge.f2j:arpack_combined_all:jar:0.1:provided
[DEBUG]       startProcessChildren: artifact=net.sourceforge.f2j:arpack_combined_all:jar:0.1:provided
[DEBUG]       endProcessChildren: artifact=net.sourceforge.f2j:arpack_combined_all:jar:0.1:provided
[DEBUG]       testArtifact: artifact=org.apache.spark:spark-tags_2.11:jar:2.2.0:provided
[DEBUG]       omitForNearer: omitted=org.apache.spark:spark-tags_2.11:jar:2.2.0:provided kept=org.apache.spark:spark-tags_2.11:jar:2.2.0:provided
[DEBUG]       testArtifact: artifact=org.spark-project.spark:unused:jar:1.0.0:provided
[DEBUG]       omitForNearer: omitted=org.spark-project.spark:unused:jar:1.0.0:provided kept=org.spark-project.spark:unused:jar:1.0.0:provided
[DEBUG]     endProcessChildren: artifact=org.apache.spark:spark-graphx_2.11:jar:2.2.0:provided
[DEBUG]     testArtifact: artifact=org.apache.spark:spark-mllib-local_2.11:jar:2.2.0:provided
[DEBUG]     omitForNearer: omitted=org.apache.spark:spark-mllib-local_2.11:jar:2.2.0:provided kept=org.apache.spark:spark-mllib-local_2.11:jar:2.2.0:provided
[DEBUG]     includeArtifact: artifact=org.apache.spark:spark-mllib-local_2.11:jar:2.2.0:provided
[DEBUG]     startProcessChildren: artifact=org.apache.spark:spark-mllib-local_2.11:jar:2.2.0:provided
[DEBUG]       testArtifact: artifact=org.scalanlp:breeze_2.11:jar:0.13.1:provided
[DEBUG]       includeArtifact: artifact=org.scalanlp:breeze_2.11:jar:0.13.1:provided
[DEBUG]       startProcessChildren: artifact=org.scalanlp:breeze_2.11:jar:0.13.1:provided
[DEBUG]         testArtifact: artifact=org.scala-lang:scala-library:jar:2.11.8:provided
[DEBUG]         omitForNearer: omitted=org.scala-lang:scala-library:jar:2.11.8:provided kept=org.scala-lang:scala-library:jar:2.11.11:compile
[DEBUG]         testArtifact: artifact=org.scalanlp:breeze-macros_2.11:jar:0.13.1:provided
[DEBUG]         includeArtifact: artifact=org.scalanlp:breeze-macros_2.11:jar:0.13.1:provided
[DEBUG]         startProcessChildren: artifact=org.scalanlp:breeze-macros_2.11:jar:0.13.1:provided
[DEBUG]           testArtifact: artifact=org.scala-lang:scala-library:jar:2.11.8:provided
[DEBUG]           omitForNearer: omitted=org.scala-lang:scala-library:jar:2.11.8:provided kept=org.scala-lang:scala-library:jar:2.11.11:compile
[DEBUG]           testArtifact: artifact=org.scala-lang:scala-reflect:jar:2.11.8:provided
[DEBUG]           omitForNearer: omitted=org.scala-lang:scala-reflect:jar:2.11.8:provided kept=org.scala-lang:scala-reflect:jar:2.11.12:compile
[DEBUG]         endProcessChildren: artifact=org.scalanlp:breeze-macros_2.11:jar:0.13.1:provided
[DEBUG]         testArtifact: artifact=com.github.fommil.netlib:core:jar:1.1.2:provided
[DEBUG]         omitForNearer: omitted=com.github.fommil.netlib:core:jar:1.1.2:provided kept=com.github.fommil.netlib:core:jar:1.1.2:provided
[DEBUG]         testArtifact: artifact=net.sourceforge.f2j:arpack_combined_all:jar:0.1:provided
[DEBUG]         omitForNearer: omitted=net.sourceforge.f2j:arpack_combined_all:jar:0.1:provided kept=net.sourceforge.f2j:arpack_combined_all:jar:0.1:provided
[DEBUG]         testArtifact: artifact=net.sf.opencsv:opencsv:jar:2.3:provided
[DEBUG]         includeArtifact: artifact=net.sf.opencsv:opencsv:jar:2.3:provided
[DEBUG]         startProcessChildren: artifact=net.sf.opencsv:opencsv:jar:2.3:provided
[DEBUG]         endProcessChildren: artifact=net.sf.opencsv:opencsv:jar:2.3:provided
[DEBUG]         testArtifact: artifact=com.github.rwl:jtransforms:jar:2.4.0:provided
[DEBUG]         includeArtifact: artifact=com.github.rwl:jtransforms:jar:2.4.0:provided
[DEBUG]         startProcessChildren: artifact=com.github.rwl:jtransforms:jar:2.4.0:provided
[DEBUG]         endProcessChildren: artifact=com.github.rwl:jtransforms:jar:2.4.0:provided
[DEBUG]         testArtifact: artifact=org.spire-math:spire_2.11:jar:0.13.0:provided
[DEBUG]         includeArtifact: artifact=org.spire-math:spire_2.11:jar:0.13.0:provided
[DEBUG]         startProcessChildren: artifact=org.spire-math:spire_2.11:jar:0.13.0:provided
[DEBUG]           testArtifact: artifact=org.scala-lang:scala-library:jar:2.11.8:provided
[DEBUG]           omitForNearer: omitted=org.scala-lang:scala-library:jar:2.11.8:provided kept=org.scala-lang:scala-library:jar:2.11.11:compile
[DEBUG]           testArtifact: artifact=org.spire-math:spire-macros_2.11:jar:0.13.0:provided
[DEBUG]           includeArtifact: artifact=org.spire-math:spire-macros_2.11:jar:0.13.0:provided
[DEBUG]           startProcessChildren: artifact=org.spire-math:spire-macros_2.11:jar:0.13.0:provided
[DEBUG]             testArtifact: artifact=org.scala-lang:scala-library:jar:2.11.8:provided
[DEBUG]             omitForNearer: omitted=org.scala-lang:scala-library:jar:2.11.8:provided kept=org.scala-lang:scala-library:jar:2.11.11:compile
[DEBUG]             testArtifact: artifact=org.typelevel:machinist_2.11:jar:0.6.1:provided
[DEBUG]             includeArtifact: artifact=org.typelevel:machinist_2.11:jar:0.6.1:provided
[DEBUG]             startProcessChildren: artifact=org.typelevel:machinist_2.11:jar:0.6.1:provided
[DEBUG]               testArtifact: artifact=org.scala-lang:scala-library:jar:2.11.8:provided
[DEBUG]               omitForNearer: omitted=org.scala-lang:scala-library:jar:2.11.8:provided kept=org.scala-lang:scala-library:jar:2.11.11:compile
[DEBUG]               testArtifact: artifact=org.scala-lang:scala-reflect:jar:2.11.8:provided
[DEBUG]               omitForNearer: omitted=org.scala-lang:scala-reflect:jar:2.11.8:provided kept=org.scala-lang:scala-reflect:jar:2.11.12:compile
[DEBUG]             endProcessChildren: artifact=org.typelevel:machinist_2.11:jar:0.6.1:provided
[DEBUG]           endProcessChildren: artifact=org.spire-math:spire-macros_2.11:jar:0.13.0:provided
[DEBUG]           testArtifact: artifact=org.typelevel:machinist_2.11:jar:0.6.1:provided
[DEBUG]           omitForNearer: omitted=org.typelevel:machinist_2.11:jar:0.6.1:provided kept=org.typelevel:machinist_2.11:jar:0.6.1:provided
[DEBUG]           includeArtifact: artifact=org.typelevel:machinist_2.11:jar:0.6.1:provided
[DEBUG]           startProcessChildren: artifact=org.typelevel:machinist_2.11:jar:0.6.1:provided
[DEBUG]             testArtifact: artifact=org.scala-lang:scala-library:jar:2.11.8:provided
[DEBUG]             omitForNearer: omitted=org.scala-lang:scala-library:jar:2.11.8:provided kept=org.scala-lang:scala-library:jar:2.11.11:compile
[DEBUG]             testArtifact: artifact=org.scala-lang:scala-reflect:jar:2.11.8:provided
[DEBUG]             omitForNearer: omitted=org.scala-lang:scala-reflect:jar:2.11.8:provided kept=org.scala-lang:scala-reflect:jar:2.11.12:compile
[DEBUG]           endProcessChildren: artifact=org.typelevel:machinist_2.11:jar:0.6.1:provided
[DEBUG]         endProcessChildren: artifact=org.spire-math:spire_2.11:jar:0.13.0:provided
[DEBUG]         testArtifact: artifact=com.chuusai:shapeless_2.11:jar:2.3.2:provided
[DEBUG]         includeArtifact: artifact=com.chuusai:shapeless_2.11:jar:2.3.2:provided
[DEBUG]         startProcessChildren: artifact=com.chuusai:shapeless_2.11:jar:2.3.2:provided
[DEBUG]           testArtifact: artifact=org.scala-lang:scala-library:jar:2.11.8:provided
[DEBUG]           omitForNearer: omitted=org.scala-lang:scala-library:jar:2.11.8:provided kept=org.scala-lang:scala-library:jar:2.11.11:compile
[DEBUG]           testArtifact: artifact=org.typelevel:macro-compat_2.11:jar:1.1.1:provided
[DEBUG]           includeArtifact: artifact=org.typelevel:macro-compat_2.11:jar:1.1.1:provided
[DEBUG]           startProcessChildren: artifact=org.typelevel:macro-compat_2.11:jar:1.1.1:provided
[DEBUG]             testArtifact: artifact=org.scala-lang:scala-library:jar:2.11.7:provided
[DEBUG]             omitForNearer: omitted=org.scala-lang:scala-library:jar:2.11.7:provided kept=org.scala-lang:scala-library:jar:2.11.11:compile
[DEBUG]           endProcessChildren: artifact=org.typelevel:macro-compat_2.11:jar:1.1.1:provided
[DEBUG]         endProcessChildren: artifact=com.chuusai:shapeless_2.11:jar:2.3.2:provided
[DEBUG]         testArtifact: artifact=org.slf4j:slf4j-api:jar:1.7.5:provided
[DEBUG]         omitForNearer: omitted=org.slf4j:slf4j-api:jar:1.7.5:provided kept=org.slf4j:slf4j-api:jar:1.7.7:compile
[DEBUG]       endProcessChildren: artifact=org.scalanlp:breeze_2.11:jar:0.13.1:provided
[DEBUG]       testArtifact: artifact=org.apache.commons:commons-math3:jar:3.4.1:provided
[DEBUG]       omitForNearer: omitted=org.apache.commons:commons-math3:jar:3.4.1:provided kept=org.apache.commons:commons-math3:jar:3.4.1:provided
[DEBUG]       testArtifact: artifact=org.apache.spark:spark-tags_2.11:jar:2.2.0:provided
[DEBUG]       omitForNearer: omitted=org.apache.spark:spark-tags_2.11:jar:2.2.0:provided kept=org.apache.spark:spark-tags_2.11:jar:2.2.0:provided
[DEBUG]       testArtifact: artifact=org.spark-project.spark:unused:jar:1.0.0:provided
[DEBUG]       omitForNearer: omitted=org.spark-project.spark:unused:jar:1.0.0:provided kept=org.spark-project.spark:unused:jar:1.0.0:provided
[DEBUG]     endProcessChildren: artifact=org.apache.spark:spark-mllib-local_2.11:jar:2.2.0:provided
[DEBUG]     testArtifact: artifact=org.scalanlp:breeze_2.11:jar:0.13.1:provided
[DEBUG]     omitForNearer: omitted=org.scalanlp:breeze_2.11:jar:0.13.1:provided kept=org.scalanlp:breeze_2.11:jar:0.13.1:provided
[DEBUG]     includeArtifact: artifact=org.scalanlp:breeze_2.11:jar:0.13.1:provided
[DEBUG]     startProcessChildren: artifact=org.scalanlp:breeze_2.11:jar:0.13.1:provided
[DEBUG]       testArtifact: artifact=org.scala-lang:scala-library:jar:2.11.8:provided
[DEBUG]       omitForNearer: omitted=org.scala-lang:scala-library:jar:2.11.8:provided kept=org.scala-lang:scala-library:jar:2.11.11:compile
[DEBUG]       testArtifact: artifact=org.scalanlp:breeze-macros_2.11:jar:0.13.1:provided
[DEBUG]       includeArtifact: artifact=org.scalanlp:breeze-macros_2.11:jar:0.13.1:provided
[DEBUG]       startProcessChildren: artifact=org.scalanlp:breeze-macros_2.11:jar:0.13.1:provided
[DEBUG]         testArtifact: artifact=org.scala-lang:scala-library:jar:2.11.8:provided
[DEBUG]         omitForNearer: omitted=org.scala-lang:scala-library:jar:2.11.8:provided kept=org.scala-lang:scala-library:jar:2.11.11:compile
[DEBUG]         testArtifact: artifact=org.scala-lang:scala-reflect:jar:2.11.8:provided
[DEBUG]         omitForNearer: omitted=org.scala-lang:scala-reflect:jar:2.11.8:provided kept=org.scala-lang:scala-reflect:jar:2.11.12:compile
[DEBUG]       endProcessChildren: artifact=org.scalanlp:breeze-macros_2.11:jar:0.13.1:provided
[DEBUG]       testArtifact: artifact=com.github.fommil.netlib:core:jar:1.1.2:provided
[DEBUG]       omitForNearer: omitted=com.github.fommil.netlib:core:jar:1.1.2:provided kept=com.github.fommil.netlib:core:jar:1.1.2:provided
[DEBUG]       testArtifact: artifact=net.sourceforge.f2j:arpack_combined_all:jar:0.1:provided
[DEBUG]       omitForNearer: omitted=net.sourceforge.f2j:arpack_combined_all:jar:0.1:provided kept=net.sourceforge.f2j:arpack_combined_all:jar:0.1:provided
[DEBUG]       testArtifact: artifact=net.sf.opencsv:opencsv:jar:2.3:provided
[DEBUG]       includeArtifact: artifact=net.sf.opencsv:opencsv:jar:2.3:provided
[DEBUG]       startProcessChildren: artifact=net.sf.opencsv:opencsv:jar:2.3:provided
[DEBUG]       endProcessChildren: artifact=net.sf.opencsv:opencsv:jar:2.3:provided
[DEBUG]       testArtifact: artifact=com.github.rwl:jtransforms:jar:2.4.0:provided
[DEBUG]       includeArtifact: artifact=com.github.rwl:jtransforms:jar:2.4.0:provided
[DEBUG]       startProcessChildren: artifact=com.github.rwl:jtransforms:jar:2.4.0:provided
[DEBUG]       endProcessChildren: artifact=com.github.rwl:jtransforms:jar:2.4.0:provided
[DEBUG]       testArtifact: artifact=org.spire-math:spire_2.11:jar:0.13.0:provided
[DEBUG]       includeArtifact: artifact=org.spire-math:spire_2.11:jar:0.13.0:provided
[DEBUG]       startProcessChildren: artifact=org.spire-math:spire_2.11:jar:0.13.0:provided
[DEBUG]         testArtifact: artifact=org.scala-lang:scala-library:jar:2.11.8:provided
[DEBUG]         omitForNearer: omitted=org.scala-lang:scala-library:jar:2.11.8:provided kept=org.scala-lang:scala-library:jar:2.11.11:compile
[DEBUG]         testArtifact: artifact=org.spire-math:spire-macros_2.11:jar:0.13.0:provided
[DEBUG]         includeArtifact: artifact=org.spire-math:spire-macros_2.11:jar:0.13.0:provided
[DEBUG]         startProcessChildren: artifact=org.spire-math:spire-macros_2.11:jar:0.13.0:provided
[DEBUG]           testArtifact: artifact=org.scala-lang:scala-library:jar:2.11.8:provided
[DEBUG]           omitForNearer: omitted=org.scala-lang:scala-library:jar:2.11.8:provided kept=org.scala-lang:scala-library:jar:2.11.11:compile
[DEBUG]           testArtifact: artifact=org.typelevel:machinist_2.11:jar:0.6.1:provided
[DEBUG]           includeArtifact: artifact=org.typelevel:machinist_2.11:jar:0.6.1:provided
[DEBUG]           startProcessChildren: artifact=org.typelevel:machinist_2.11:jar:0.6.1:provided
[DEBUG]             testArtifact: artifact=org.scala-lang:scala-library:jar:2.11.8:provided
[DEBUG]             omitForNearer: omitted=org.scala-lang:scala-library:jar:2.11.8:provided kept=org.scala-lang:scala-library:jar:2.11.11:compile
[DEBUG]             testArtifact: artifact=org.scala-lang:scala-reflect:jar:2.11.8:provided
[DEBUG]             omitForNearer: omitted=org.scala-lang:scala-reflect:jar:2.11.8:provided kept=org.scala-lang:scala-reflect:jar:2.11.12:compile
[DEBUG]           endProcessChildren: artifact=org.typelevel:machinist_2.11:jar:0.6.1:provided
[DEBUG]         endProcessChildren: artifact=org.spire-math:spire-macros_2.11:jar:0.13.0:provided
[DEBUG]         testArtifact: artifact=org.typelevel:machinist_2.11:jar:0.6.1:provided
[DEBUG]         omitForNearer: omitted=org.typelevel:machinist_2.11:jar:0.6.1:provided kept=org.typelevel:machinist_2.11:jar:0.6.1:provided
[DEBUG]         includeArtifact: artifact=org.typelevel:machinist_2.11:jar:0.6.1:provided
[DEBUG]         startProcessChildren: artifact=org.typelevel:machinist_2.11:jar:0.6.1:provided
[DEBUG]           testArtifact: artifact=org.scala-lang:scala-library:jar:2.11.8:provided
[DEBUG]           omitForNearer: omitted=org.scala-lang:scala-library:jar:2.11.8:provided kept=org.scala-lang:scala-library:jar:2.11.11:compile
[DEBUG]           testArtifact: artifact=org.scala-lang:scala-reflect:jar:2.11.8:provided
[DEBUG]           omitForNearer: omitted=org.scala-lang:scala-reflect:jar:2.11.8:provided kept=org.scala-lang:scala-reflect:jar:2.11.12:compile
[DEBUG]         endProcessChildren: artifact=org.typelevel:machinist_2.11:jar:0.6.1:provided
[DEBUG]       endProcessChildren: artifact=org.spire-math:spire_2.11:jar:0.13.0:provided
[DEBUG]       testArtifact: artifact=com.chuusai:shapeless_2.11:jar:2.3.2:provided
[DEBUG]       includeArtifact: artifact=com.chuusai:shapeless_2.11:jar:2.3.2:provided
[DEBUG]       startProcessChildren: artifact=com.chuusai:shapeless_2.11:jar:2.3.2:provided
[DEBUG]         testArtifact: artifact=org.scala-lang:scala-library:jar:2.11.8:provided
[DEBUG]         omitForNearer: omitted=org.scala-lang:scala-library:jar:2.11.8:provided kept=org.scala-lang:scala-library:jar:2.11.11:compile
[DEBUG]         testArtifact: artifact=org.typelevel:macro-compat_2.11:jar:1.1.1:provided
[DEBUG]         includeArtifact: artifact=org.typelevel:macro-compat_2.11:jar:1.1.1:provided
[DEBUG]         startProcessChildren: artifact=org.typelevel:macro-compat_2.11:jar:1.1.1:provided
[DEBUG]           testArtifact: artifact=org.scala-lang:scala-library:jar:2.11.7:provided
[DEBUG]           omitForNearer: omitted=org.scala-lang:scala-library:jar:2.11.7:provided kept=org.scala-lang:scala-library:jar:2.11.11:compile
[DEBUG]         endProcessChildren: artifact=org.typelevel:macro-compat_2.11:jar:1.1.1:provided
[DEBUG]       endProcessChildren: artifact=com.chuusai:shapeless_2.11:jar:2.3.2:provided
[DEBUG]       testArtifact: artifact=org.slf4j:slf4j-api:jar:1.7.5:provided
[DEBUG]       omitForNearer: omitted=org.slf4j:slf4j-api:jar:1.7.5:provided kept=org.slf4j:slf4j-api:jar:1.7.7:compile
[DEBUG]     endProcessChildren: artifact=org.scalanlp:breeze_2.11:jar:0.13.1:provided
[DEBUG]     testArtifact: artifact=org.apache.commons:commons-math3:jar:3.4.1:provided
[DEBUG]     omitForNearer: omitted=org.apache.commons:commons-math3:jar:3.4.1:provided kept=org.apache.commons:commons-math3:jar:3.4.1:provided
[DEBUG]     testArtifact: artifact=org.jpmml:pmml-model:jar:1.2.15:provided
[DEBUG]     includeArtifact: artifact=org.jpmml:pmml-model:jar:1.2.15:provided
[DEBUG]     startProcessChildren: artifact=org.jpmml:pmml-model:jar:1.2.15:provided
[DEBUG]       testArtifact: artifact=org.jpmml:pmml-schema:jar:1.2.15:provided
[DEBUG]       includeArtifact: artifact=org.jpmml:pmml-schema:jar:1.2.15:provided
[DEBUG]       startProcessChildren: artifact=org.jpmml:pmml-schema:jar:1.2.15:provided
[DEBUG]       endProcessChildren: artifact=org.jpmml:pmml-schema:jar:1.2.15:provided
[DEBUG]     endProcessChildren: artifact=org.jpmml:pmml-model:jar:1.2.15:provided
[DEBUG]     testArtifact: artifact=org.apache.spark:spark-tags_2.11:jar:2.2.0:provided
[DEBUG]     omitForNearer: omitted=org.apache.spark:spark-tags_2.11:jar:2.2.0:provided kept=org.apache.spark:spark-tags_2.11:jar:2.2.0:provided
[DEBUG]     testArtifact: artifact=org.spark-project.spark:unused:jar:1.0.0:provided
[DEBUG]     omitForNearer: omitted=org.spark-project.spark:unused:jar:1.0.0:provided kept=org.spark-project.spark:unused:jar:1.0.0:provided
[DEBUG]   endProcessChildren: artifact=org.apache.spark:spark-mllib_2.11:jar:2.2.0:provided
[DEBUG]   testArtifact: artifact=org.apache.spark:spark-graphx_2.11:jar:2.2.0:provided
[DEBUG]   omitForNearer: omitted=org.apache.spark:spark-graphx_2.11:jar:2.2.0:provided kept=org.apache.spark:spark-graphx_2.11:jar:2.2.0:provided
[DEBUG]   includeArtifact: artifact=org.apache.spark:spark-graphx_2.11:jar:2.2.0:provided
[DEBUG]   startProcessChildren: artifact=org.apache.spark:spark-graphx_2.11:jar:2.2.0:provided
[DEBUG]     testArtifact: artifact=org.apache.spark:spark-core_2.11:jar:2.2.0:provided
[DEBUG]     omitForNearer: omitted=org.apache.spark:spark-core_2.11:jar:2.2.0:provided kept=org.apache.spark:spark-core_2.11:jar:2.2.0:provided
[DEBUG]     testArtifact: artifact=org.apache.spark:spark-mllib-local_2.11:jar:2.2.0:provided
[DEBUG]     omitForNearer: omitted=org.apache.spark:spark-mllib-local_2.11:jar:2.2.0:provided kept=org.apache.spark:spark-mllib-local_2.11:jar:2.2.0:provided
[DEBUG]     testArtifact: artifact=org.apache.xbean:xbean-asm5-shaded:jar:4.4:provided
[DEBUG]     omitForNearer: omitted=org.apache.xbean:xbean-asm5-shaded:jar:4.4:provided kept=org.apache.xbean:xbean-asm5-shaded:jar:4.4:provided
[DEBUG]     testArtifact: artifact=com.github.fommil.netlib:core:jar:1.1.2:provided
[DEBUG]     includeArtifact: artifact=com.github.fommil.netlib:core:jar:1.1.2:provided
[DEBUG]     startProcessChildren: artifact=com.github.fommil.netlib:core:jar:1.1.2:provided
[DEBUG]       testArtifact: artifact=net.sourceforge.f2j:arpack_combined_all:jar:0.1:provided
[DEBUG]       includeArtifact: artifact=net.sourceforge.f2j:arpack_combined_all:jar:0.1:provided
[DEBUG]       startProcessChildren: artifact=net.sourceforge.f2j:arpack_combined_all:jar:0.1:provided
[DEBUG]       endProcessChildren: artifact=net.sourceforge.f2j:arpack_combined_all:jar:0.1:provided
[DEBUG]     endProcessChildren: artifact=com.github.fommil.netlib:core:jar:1.1.2:provided
[DEBUG]     testArtifact: artifact=net.sourceforge.f2j:arpack_combined_all:jar:0.1:provided
[DEBUG]     omitForNearer: omitted=net.sourceforge.f2j:arpack_combined_all:jar:0.1:provided kept=net.sourceforge.f2j:arpack_combined_all:jar:0.1:provided
[DEBUG]     includeArtifact: artifact=net.sourceforge.f2j:arpack_combined_all:jar:0.1:provided
[DEBUG]     startProcessChildren: artifact=net.sourceforge.f2j:arpack_combined_all:jar:0.1:provided
[DEBUG]     endProcessChildren: artifact=net.sourceforge.f2j:arpack_combined_all:jar:0.1:provided
[DEBUG]     testArtifact: artifact=org.apache.spark:spark-tags_2.11:jar:2.2.0:provided
[DEBUG]     omitForNearer: omitted=org.apache.spark:spark-tags_2.11:jar:2.2.0:provided kept=org.apache.spark:spark-tags_2.11:jar:2.2.0:provided
[DEBUG]     testArtifact: artifact=org.spark-project.spark:unused:jar:1.0.0:provided
[DEBUG]     omitForNearer: omitted=org.spark-project.spark:unused:jar:1.0.0:provided kept=org.spark-project.spark:unused:jar:1.0.0:provided
[DEBUG]   endProcessChildren: artifact=org.apache.spark:spark-graphx_2.11:jar:2.2.0:provided
[DEBUG]   testArtifact: artifact=com.typesafe:config:jar:1.3.2:compile
[DEBUG]   includeArtifact: artifact=com.typesafe:config:jar:1.3.2:compile
[DEBUG]   startProcessChildren: artifact=com.typesafe:config:jar:1.3.2:compile
[DEBUG]   endProcessChildren: artifact=com.typesafe:config:jar:1.3.2:compile
[DEBUG]   testArtifact: artifact=org.json4s:json4s-core_2.12:jar:3.6.0-M4:compile
[DEBUG]   includeArtifact: artifact=org.json4s:json4s-core_2.12:jar:3.6.0-M4:compile
[DEBUG]   startProcessChildren: artifact=org.json4s:json4s-core_2.12:jar:3.6.0-M4:compile
[DEBUG]     testArtifact: artifact=org.scala-lang:scala-library:jar:2.12.6:compile
[DEBUG]     omitForNearer: omitted=org.scala-lang:scala-library:jar:2.12.6:compile kept=org.scala-lang:scala-library:jar:2.11.11:compile
[DEBUG]     testArtifact: artifact=org.json4s:json4s-ast_2.12:jar:3.6.0-M4:compile
[DEBUG]     includeArtifact: artifact=org.json4s:json4s-ast_2.12:jar:3.6.0-M4:compile
[DEBUG]     startProcessChildren: artifact=org.json4s:json4s-ast_2.12:jar:3.6.0-M4:compile
[DEBUG]       testArtifact: artifact=org.scala-lang:scala-library:jar:2.12.6:compile
[DEBUG]       omitForNearer: omitted=org.scala-lang:scala-library:jar:2.12.6:compile kept=org.scala-lang:scala-library:jar:2.11.11:compile
[DEBUG]     endProcessChildren: artifact=org.json4s:json4s-ast_2.12:jar:3.6.0-M4:compile
[DEBUG]     testArtifact: artifact=org.json4s:json4s-scalap_2.12:jar:3.6.0-M4:compile
[DEBUG]     includeArtifact: artifact=org.json4s:json4s-scalap_2.12:jar:3.6.0-M4:compile
[DEBUG]     startProcessChildren: artifact=org.json4s:json4s-scalap_2.12:jar:3.6.0-M4:compile
[DEBUG]       testArtifact: artifact=org.scala-lang:scala-library:jar:2.12.6:compile
[DEBUG]       omitForNearer: omitted=org.scala-lang:scala-library:jar:2.12.6:compile kept=org.scala-lang:scala-library:jar:2.11.11:compile
[DEBUG]     endProcessChildren: artifact=org.json4s:json4s-scalap_2.12:jar:3.6.0-M4:compile
[DEBUG]     testArtifact: artifact=com.thoughtworks.paranamer:paranamer:jar:2.8:compile
[DEBUG]     omitForNearer: omitted=com.thoughtworks.paranamer:paranamer:jar:2.3:provided kept=com.thoughtworks.paranamer:paranamer:jar:2.8:compile
[DEBUG]     includeArtifact: artifact=com.thoughtworks.paranamer:paranamer:jar:2.8:compile
[DEBUG]     startProcessChildren: artifact=com.thoughtworks.paranamer:paranamer:jar:2.8:compile
[DEBUG]     endProcessChildren: artifact=com.thoughtworks.paranamer:paranamer:jar:2.8:compile
[DEBUG]   endProcessChildren: artifact=org.json4s:json4s-core_2.12:jar:3.6.0-M4:compile
[DEBUG]   testArtifact: artifact=com.github.scopt:scopt_2.10:jar:3.2.0:compile
[DEBUG]   includeArtifact: artifact=com.github.scopt:scopt_2.10:jar:3.2.0:compile
[DEBUG]   startProcessChildren: artifact=com.github.scopt:scopt_2.10:jar:3.2.0:compile
[DEBUG]     testArtifact: artifact=org.scala-lang:scala-library:jar:2.10.3:compile
[DEBUG]     omitForNearer: omitted=org.scala-lang:scala-library:jar:2.10.3:compile kept=org.scala-lang:scala-library:jar:2.11.11:compile
[DEBUG]   endProcessChildren: artifact=com.github.scopt:scopt_2.10:jar:3.2.0:compile
[DEBUG]   testArtifact: artifact=ikoda:ikoda-utils:jar:0.0.1-SNAPSHOT:compile
[DEBUG]   includeArtifact: artifact=ikoda:ikoda-utils:jar:0.0.1-SNAPSHOT:compile
[DEBUG]   startProcessChildren: artifact=ikoda:ikoda-utils:jar:0.0.1-SNAPSHOT:compile
[DEBUG]     testArtifact: artifact=org.apache.logging.log4j:log4j-core:jar:2.8.2:compile
[DEBUG]     includeArtifact: artifact=org.apache.logging.log4j:log4j-core:jar:2.8.2:compile
[DEBUG]     startProcessChildren: artifact=org.apache.logging.log4j:log4j-core:jar:2.8.2:compile
[DEBUG]       testArtifact: artifact=org.apache.logging.log4j:log4j-api:jar:2.8.2:compile
[DEBUG]       includeArtifact: artifact=org.apache.logging.log4j:log4j-api:jar:2.8.2:compile
[DEBUG]       startProcessChildren: artifact=org.apache.logging.log4j:log4j-api:jar:2.8.2:compile
[DEBUG]       endProcessChildren: artifact=org.apache.logging.log4j:log4j-api:jar:2.8.2:compile
[DEBUG]     endProcessChildren: artifact=org.apache.logging.log4j:log4j-core:jar:2.8.2:compile
[DEBUG]     testArtifact: artifact=org.springframework:spring-beans:jar:4.2.4.RELEASE:compile
[DEBUG]     includeArtifact: artifact=org.springframework:spring-beans:jar:4.2.4.RELEASE:compile
[DEBUG]     startProcessChildren: artifact=org.springframework:spring-beans:jar:4.2.4.RELEASE:compile
[DEBUG]     endProcessChildren: artifact=org.springframework:spring-beans:jar:4.2.4.RELEASE:compile
[DEBUG]     testArtifact: artifact=net.sourceforge.htmlunit:htmlunit:jar:2.22:compile
[DEBUG]     includeArtifact: artifact=net.sourceforge.htmlunit:htmlunit:jar:2.22:compile
[DEBUG]     startProcessChildren: artifact=net.sourceforge.htmlunit:htmlunit:jar:2.22:compile
[DEBUG]       testArtifact: artifact=xalan:xalan:jar:2.7.2:compile
[DEBUG]       includeArtifact: artifact=xalan:xalan:jar:2.7.2:compile
[DEBUG]       startProcessChildren: artifact=xalan:xalan:jar:2.7.2:compile
[DEBUG]         testArtifact: artifact=xalan:serializer:jar:2.7.2:compile
[DEBUG]         includeArtifact: artifact=xalan:serializer:jar:2.7.2:compile
[DEBUG]         startProcessChildren: artifact=xalan:serializer:jar:2.7.2:compile
[DEBUG]         endProcessChildren: artifact=xalan:serializer:jar:2.7.2:compile
[DEBUG]       endProcessChildren: artifact=xalan:xalan:jar:2.7.2:compile
[DEBUG]       testArtifact: artifact=org.apache.commons:commons-lang3:jar:3.4:compile
[DEBUG]       updateScope: artifact=org.apache.commons:commons-lang3:jar:3.5:provided, scope=compile
[DEBUG]       omitForNearer: omitted=org.apache.commons:commons-lang3:jar:3.5:compile kept=org.apache.commons:commons-lang3:jar:3.5:compile
[DEBUG]       includeArtifact: artifact=org.apache.commons:commons-lang3:jar:3.5:compile
[DEBUG]       startProcessChildren: artifact=org.apache.commons:commons-lang3:jar:3.5:compile
[DEBUG]       endProcessChildren: artifact=org.apache.commons:commons-lang3:jar:3.5:compile
[DEBUG]       testArtifact: artifact=org.apache.httpcomponents:httpclient:jar:4.5.2:compile
[DEBUG]       updateScope: artifact=org.apache.httpcomponents:httpclient:jar:4.3.6:provided, scope=compile
[DEBUG]       omitForNearer: omitted=org.apache.httpcomponents:httpclient:jar:4.3.6:compile kept=org.apache.httpcomponents:httpclient:jar:4.3.6:compile
[DEBUG]       includeArtifact: artifact=org.apache.httpcomponents:httpclient:jar:4.3.6:compile
[DEBUG]       startProcessChildren: artifact=org.apache.httpcomponents:httpclient:jar:4.3.6:compile
[DEBUG]         testArtifact: artifact=org.apache.httpcomponents:httpcore:jar:4.4.4:compile
[DEBUG]         updateScope: artifact=org.apache.httpcomponents:httpcore:jar:4.3.3:provided, scope=compile
[DEBUG]         omitForNearer: omitted=org.apache.httpcomponents:httpcore:jar:4.3.3:compile kept=org.apache.httpcomponents:httpcore:jar:4.3.3:compile
[DEBUG]         includeArtifact: artifact=org.apache.httpcomponents:httpcore:jar:4.3.3:compile
[DEBUG]         startProcessChildren: artifact=org.apache.httpcomponents:httpcore:jar:4.3.3:compile
[DEBUG]         endProcessChildren: artifact=org.apache.httpcomponents:httpcore:jar:4.3.3:compile
[DEBUG]         testArtifact: artifact=commons-logging:commons-logging:jar:1.2:compile
[DEBUG]         includeArtifact: artifact=commons-logging:commons-logging:jar:1.2:compile
[DEBUG]         startProcessChildren: artifact=commons-logging:commons-logging:jar:1.2:compile
[DEBUG]         endProcessChildren: artifact=commons-logging:commons-logging:jar:1.2:compile
[DEBUG]         testArtifact: artifact=commons-codec:commons-codec:jar:1.9:compile
[DEBUG]         updateScope: artifact=commons-codec:commons-codec:jar:1.10:provided, scope=compile
[DEBUG]         omitForNearer: omitted=commons-codec:commons-codec:jar:1.10:compile kept=commons-codec:commons-codec:jar:1.10:compile
[DEBUG]         includeArtifact: artifact=commons-codec:commons-codec:jar:1.10:compile
[DEBUG]         startProcessChildren: artifact=commons-codec:commons-codec:jar:1.10:compile
[DEBUG]         endProcessChildren: artifact=commons-codec:commons-codec:jar:1.10:compile
[DEBUG]       endProcessChildren: artifact=org.apache.httpcomponents:httpclient:jar:4.3.6:compile
[DEBUG]       testArtifact: artifact=org.apache.httpcomponents:httpmime:jar:4.5.2:compile
[DEBUG]       includeArtifact: artifact=org.apache.httpcomponents:httpmime:jar:4.5.2:compile
[DEBUG]       startProcessChildren: artifact=org.apache.httpcomponents:httpmime:jar:4.5.2:compile
[DEBUG]         testArtifact: artifact=org.apache.httpcomponents:httpclient:jar:4.5.2:compile
[DEBUG]         omitForNearer: omitted=org.apache.httpcomponents:httpclient:jar:4.5.2:compile kept=org.apache.httpcomponents:httpclient:jar:4.3.6:compile
[DEBUG]       endProcessChildren: artifact=org.apache.httpcomponents:httpmime:jar:4.5.2:compile
[DEBUG]       testArtifact: artifact=commons-codec:commons-codec:jar:1.10:compile
[DEBUG]       omitForNearer: omitted=commons-codec:commons-codec:jar:1.10:compile kept=commons-codec:commons-codec:jar:1.10:compile
[DEBUG]       includeArtifact: artifact=commons-codec:commons-codec:jar:1.10:compile
[DEBUG]       startProcessChildren: artifact=commons-codec:commons-codec:jar:1.10:compile
[DEBUG]       endProcessChildren: artifact=commons-codec:commons-codec:jar:1.10:compile
[DEBUG]       testArtifact: artifact=net.sourceforge.htmlunit:htmlunit-core-js:jar:2.22:compile
[DEBUG]       includeArtifact: artifact=net.sourceforge.htmlunit:htmlunit-core-js:jar:2.22:compile
[DEBUG]       startProcessChildren: artifact=net.sourceforge.htmlunit:htmlunit-core-js:jar:2.22:compile
[DEBUG]       endProcessChildren: artifact=net.sourceforge.htmlunit:htmlunit-core-js:jar:2.22:compile
[DEBUG]       testArtifact: artifact=net.sourceforge.htmlunit:neko-htmlunit:jar:2.21:compile
[DEBUG]       includeArtifact: artifact=net.sourceforge.htmlunit:neko-htmlunit:jar:2.21:compile
[DEBUG]       startProcessChildren: artifact=net.sourceforge.htmlunit:neko-htmlunit:jar:2.21:compile
[DEBUG]         testArtifact: artifact=xerces:xercesImpl:jar:2.11.0:compile
[DEBUG]         updateScope: artifact=xerces:xercesImpl:jar:2.9.1:provided, scope=compile
[DEBUG]         omitForNearer: omitted=xerces:xercesImpl:jar:2.9.1:compile kept=xerces:xercesImpl:jar:2.9.1:compile
[DEBUG]         includeArtifact: artifact=xerces:xercesImpl:jar:2.9.1:compile
[DEBUG]         startProcessChildren: artifact=xerces:xercesImpl:jar:2.9.1:compile
[DEBUG]           testArtifact: artifact=xml-apis:xml-apis:jar:1.4.01:compile
[DEBUG]           includeArtifact: artifact=xml-apis:xml-apis:jar:1.4.01:compile
[DEBUG]           startProcessChildren: artifact=xml-apis:xml-apis:jar:1.4.01:compile
[DEBUG]           endProcessChildren: artifact=xml-apis:xml-apis:jar:1.4.01:compile
[DEBUG]         endProcessChildren: artifact=xerces:xercesImpl:jar:2.9.1:compile
[DEBUG]       endProcessChildren: artifact=net.sourceforge.htmlunit:neko-htmlunit:jar:2.21:compile
[DEBUG]       testArtifact: artifact=net.sourceforge.cssparser:cssparser:jar:0.9.19:compile
[DEBUG]       includeArtifact: artifact=net.sourceforge.cssparser:cssparser:jar:0.9.19:compile
[DEBUG]       startProcessChildren: artifact=net.sourceforge.cssparser:cssparser:jar:0.9.19:compile
[DEBUG]         testArtifact: artifact=org.w3c.css:sac:jar:1.3:compile
[DEBUG]         includeArtifact: artifact=org.w3c.css:sac:jar:1.3:compile
[DEBUG]         startProcessChildren: artifact=org.w3c.css:sac:jar:1.3:compile
[DEBUG]         endProcessChildren: artifact=org.w3c.css:sac:jar:1.3:compile
[DEBUG]       endProcessChildren: artifact=net.sourceforge.cssparser:cssparser:jar:0.9.19:compile
[DEBUG]       testArtifact: artifact=commons-io:commons-io:jar:2.5:compile
[DEBUG]       omitForNearer: omitted=commons-io:commons-io:jar:2.4:provided kept=commons-io:commons-io:jar:2.5:compile
[DEBUG]       includeArtifact: artifact=commons-io:commons-io:jar:2.5:compile
[DEBUG]       startProcessChildren: artifact=commons-io:commons-io:jar:2.5:compile
[DEBUG]       endProcessChildren: artifact=commons-io:commons-io:jar:2.5:compile
[DEBUG]       testArtifact: artifact=commons-logging:commons-logging:jar:1.2:compile
[DEBUG]       omitForNearer: omitted=commons-logging:commons-logging:jar:1.2:compile kept=commons-logging:commons-logging:jar:1.2:compile
[DEBUG]       includeArtifact: artifact=commons-logging:commons-logging:jar:1.2:compile
[DEBUG]       startProcessChildren: artifact=commons-logging:commons-logging:jar:1.2:compile
[DEBUG]       endProcessChildren: artifact=commons-logging:commons-logging:jar:1.2:compile
[DEBUG]       testArtifact: artifact=org.eclipse.jetty.websocket:websocket-client:jar:9.2.17.v20160517:compile
[DEBUG]       includeArtifact: artifact=org.eclipse.jetty.websocket:websocket-client:jar:9.2.17.v20160517:compile
[DEBUG]       startProcessChildren: artifact=org.eclipse.jetty.websocket:websocket-client:jar:9.2.17.v20160517:compile
[DEBUG]         testArtifact: artifact=org.eclipse.jetty:jetty-util:jar:9.2.17.v20160517:compile
[DEBUG]         includeArtifact: artifact=org.eclipse.jetty:jetty-util:jar:9.2.17.v20160517:compile
[DEBUG]         startProcessChildren: artifact=org.eclipse.jetty:jetty-util:jar:9.2.17.v20160517:compile
[DEBUG]         endProcessChildren: artifact=org.eclipse.jetty:jetty-util:jar:9.2.17.v20160517:compile
[DEBUG]         testArtifact: artifact=org.eclipse.jetty:jetty-io:jar:9.2.17.v20160517:compile
[DEBUG]         includeArtifact: artifact=org.eclipse.jetty:jetty-io:jar:9.2.17.v20160517:compile
[DEBUG]         startProcessChildren: artifact=org.eclipse.jetty:jetty-io:jar:9.2.17.v20160517:compile
[DEBUG]           testArtifact: artifact=org.eclipse.jetty:jetty-util:jar:9.2.17.v20160517:compile
[DEBUG]           omitForNearer: omitted=org.eclipse.jetty:jetty-util:jar:9.2.17.v20160517:compile kept=org.eclipse.jetty:jetty-util:jar:9.2.17.v20160517:compile
[DEBUG]         endProcessChildren: artifact=org.eclipse.jetty:jetty-io:jar:9.2.17.v20160517:compile
[DEBUG]         testArtifact: artifact=org.eclipse.jetty.websocket:websocket-common:jar:9.2.17.v20160517:compile
[DEBUG]         includeArtifact: artifact=org.eclipse.jetty.websocket:websocket-common:jar:9.2.17.v20160517:compile
[DEBUG]         startProcessChildren: artifact=org.eclipse.jetty.websocket:websocket-common:jar:9.2.17.v20160517:compile
[DEBUG]           testArtifact: artifact=org.eclipse.jetty.websocket:websocket-api:jar:9.2.17.v20160517:compile
[DEBUG]           includeArtifact: artifact=org.eclipse.jetty.websocket:websocket-api:jar:9.2.17.v20160517:compile
[DEBUG]           startProcessChildren: artifact=org.eclipse.jetty.websocket:websocket-api:jar:9.2.17.v20160517:compile
[DEBUG]           endProcessChildren: artifact=org.eclipse.jetty.websocket:websocket-api:jar:9.2.17.v20160517:compile
[DEBUG]           testArtifact: artifact=org.eclipse.jetty:jetty-util:jar:9.2.17.v20160517:compile
[DEBUG]           omitForNearer: omitted=org.eclipse.jetty:jetty-util:jar:9.2.17.v20160517:compile kept=org.eclipse.jetty:jetty-util:jar:9.2.17.v20160517:compile
[DEBUG]           testArtifact: artifact=org.eclipse.jetty:jetty-io:jar:9.2.17.v20160517:compile
[DEBUG]           omitForNearer: omitted=org.eclipse.jetty:jetty-io:jar:9.2.17.v20160517:compile kept=org.eclipse.jetty:jetty-io:jar:9.2.17.v20160517:compile
[DEBUG]         endProcessChildren: artifact=org.eclipse.jetty.websocket:websocket-common:jar:9.2.17.v20160517:compile
[DEBUG]       endProcessChildren: artifact=org.eclipse.jetty.websocket:websocket-client:jar:9.2.17.v20160517:compile
[DEBUG]     endProcessChildren: artifact=net.sourceforge.htmlunit:htmlunit:jar:2.22:compile
[DEBUG]     testArtifact: artifact=org.springframework:spring-web:jar:4.2.4.RELEASE:compile
[DEBUG]     includeArtifact: artifact=org.springframework:spring-web:jar:4.2.4.RELEASE:compile
[DEBUG]     startProcessChildren: artifact=org.springframework:spring-web:jar:4.2.4.RELEASE:compile
[DEBUG]       testArtifact: artifact=org.springframework:spring-aop:jar:4.2.4.RELEASE:compile
[DEBUG]       includeArtifact: artifact=org.springframework:spring-aop:jar:4.2.4.RELEASE:compile
[DEBUG]       startProcessChildren: artifact=org.springframework:spring-aop:jar:4.2.4.RELEASE:compile
[DEBUG]         testArtifact: artifact=aopalliance:aopalliance:jar:1.0:compile
[DEBUG]         includeArtifact: artifact=aopalliance:aopalliance:jar:1.0:compile
[DEBUG]         startProcessChildren: artifact=aopalliance:aopalliance:jar:1.0:compile
[DEBUG]         endProcessChildren: artifact=aopalliance:aopalliance:jar:1.0:compile
[DEBUG]         testArtifact: artifact=org.springframework:spring-beans:jar:4.2.4.RELEASE:compile
[DEBUG]         omitForNearer: omitted=org.springframework:spring-beans:jar:4.2.4.RELEASE:compile kept=org.springframework:spring-beans:jar:4.2.4.RELEASE:compile
[DEBUG]       endProcessChildren: artifact=org.springframework:spring-aop:jar:4.2.4.RELEASE:compile
[DEBUG]       testArtifact: artifact=org.springframework:spring-beans:jar:4.2.4.RELEASE:compile
[DEBUG]       omitForNearer: omitted=org.springframework:spring-beans:jar:4.2.4.RELEASE:compile kept=org.springframework:spring-beans:jar:4.2.4.RELEASE:compile
[DEBUG]       testArtifact: artifact=org.springframework:spring-context:jar:4.2.4.RELEASE:compile
[DEBUG]       includeArtifact: artifact=org.springframework:spring-context:jar:4.2.4.RELEASE:compile
[DEBUG]       startProcessChildren: artifact=org.springframework:spring-context:jar:4.2.4.RELEASE:compile
[DEBUG]         testArtifact: artifact=org.springframework:spring-aop:jar:4.2.4.RELEASE:compile
[DEBUG]         omitForNearer: omitted=org.springframework:spring-aop:jar:4.2.4.RELEASE:compile kept=org.springframework:spring-aop:jar:4.2.4.RELEASE:compile
[DEBUG]         testArtifact: artifact=org.springframework:spring-beans:jar:4.2.4.RELEASE:compile
[DEBUG]         omitForNearer: omitted=org.springframework:spring-beans:jar:4.2.4.RELEASE:compile kept=org.springframework:spring-beans:jar:4.2.4.RELEASE:compile
[DEBUG]         testArtifact: artifact=org.springframework:spring-expression:jar:4.2.4.RELEASE:compile
[DEBUG]         includeArtifact: artifact=org.springframework:spring-expression:jar:4.2.4.RELEASE:compile
[DEBUG]         startProcessChildren: artifact=org.springframework:spring-expression:jar:4.2.4.RELEASE:compile
[DEBUG]         endProcessChildren: artifact=org.springframework:spring-expression:jar:4.2.4.RELEASE:compile
[DEBUG]       endProcessChildren: artifact=org.springframework:spring-context:jar:4.2.4.RELEASE:compile
[DEBUG]     endProcessChildren: artifact=org.springframework:spring-web:jar:4.2.4.RELEASE:compile
[DEBUG]     testArtifact: artifact=org.springframework:spring-context:jar:4.2.4.RELEASE:compile
[DEBUG]     omitForNearer: omitted=org.springframework:spring-context:jar:4.2.4.RELEASE:compile kept=org.springframework:spring-context:jar:4.2.4.RELEASE:compile
[DEBUG]     includeArtifact: artifact=org.springframework:spring-context:jar:4.2.4.RELEASE:compile
[DEBUG]     startProcessChildren: artifact=org.springframework:spring-context:jar:4.2.4.RELEASE:compile
[DEBUG]       testArtifact: artifact=org.springframework:spring-aop:jar:4.2.4.RELEASE:compile
[DEBUG]       omitForNearer: omitted=org.springframework:spring-aop:jar:4.2.4.RELEASE:compile kept=org.springframework:spring-aop:jar:4.2.4.RELEASE:compile
[DEBUG]       testArtifact: artifact=org.springframework:spring-beans:jar:4.2.4.RELEASE:compile
[DEBUG]       omitForNearer: omitted=org.springframework:spring-beans:jar:4.2.4.RELEASE:compile kept=org.springframework:spring-beans:jar:4.2.4.RELEASE:compile
[DEBUG]       testArtifact: artifact=org.springframework:spring-expression:jar:4.2.4.RELEASE:compile
[DEBUG]       includeArtifact: artifact=org.springframework:spring-expression:jar:4.2.4.RELEASE:compile
[DEBUG]       startProcessChildren: artifact=org.springframework:spring-expression:jar:4.2.4.RELEASE:compile
[DEBUG]       endProcessChildren: artifact=org.springframework:spring-expression:jar:4.2.4.RELEASE:compile
[DEBUG]     endProcessChildren: artifact=org.springframework:spring-context:jar:4.2.4.RELEASE:compile
[DEBUG]     testArtifact: artifact=org.springframework.integration:spring-integration-mail:jar:4.2.5.RELEASE:compile
[DEBUG]     includeArtifact: artifact=org.springframework.integration:spring-integration-mail:jar:4.2.5.RELEASE:compile
[DEBUG]     startProcessChildren: artifact=org.springframework.integration:spring-integration-mail:jar:4.2.5.RELEASE:compile
[DEBUG]       testArtifact: artifact=org.springframework.integration:spring-integration-core:jar:4.2.5.RELEASE:compile
[DEBUG]       includeArtifact: artifact=org.springframework.integration:spring-integration-core:jar:4.2.5.RELEASE:compile
[DEBUG]       startProcessChildren: artifact=org.springframework.integration:spring-integration-core:jar:4.2.5.RELEASE:compile
[DEBUG]         testArtifact: artifact=org.springframework:spring-tx:jar:4.2.4.RELEASE:compile
[DEBUG]         includeArtifact: artifact=org.springframework:spring-tx:jar:4.2.4.RELEASE:compile
[DEBUG]         startProcessChildren: artifact=org.springframework:spring-tx:jar:4.2.4.RELEASE:compile
[DEBUG]           testArtifact: artifact=org.springframework:spring-beans:jar:4.2.4.RELEASE:compile
[DEBUG]           omitForNearer: omitted=org.springframework:spring-beans:jar:4.2.4.RELEASE:compile kept=org.springframework:spring-beans:jar:4.2.4.RELEASE:compile
[DEBUG]         endProcessChildren: artifact=org.springframework:spring-tx:jar:4.2.4.RELEASE:compile
[DEBUG]         testArtifact: artifact=org.springframework.retry:spring-retry:jar:1.1.2.RELEASE:compile
[DEBUG]         includeArtifact: artifact=org.springframework.retry:spring-retry:jar:1.1.2.RELEASE:compile
[DEBUG]         startProcessChildren: artifact=org.springframework.retry:spring-retry:jar:1.1.2.RELEASE:compile
[DEBUG]         endProcessChildren: artifact=org.springframework.retry:spring-retry:jar:1.1.2.RELEASE:compile
[DEBUG]         testArtifact: artifact=org.springframework:spring-aop:jar:4.2.4.RELEASE:compile
[DEBUG]         omitForNearer: omitted=org.springframework:spring-aop:jar:4.2.4.RELEASE:compile kept=org.springframework:spring-aop:jar:4.2.4.RELEASE:compile
[DEBUG]         testArtifact: artifact=org.springframework:spring-context:jar:4.2.4.RELEASE:compile
[DEBUG]         omitForNearer: omitted=org.springframework:spring-context:jar:4.2.4.RELEASE:compile kept=org.springframework:spring-context:jar:4.2.4.RELEASE:compile
[DEBUG]         testArtifact: artifact=org.springframework:spring-messaging:jar:4.2.4.RELEASE:compile
[DEBUG]         includeArtifact: artifact=org.springframework:spring-messaging:jar:4.2.4.RELEASE:compile
[DEBUG]         startProcessChildren: artifact=org.springframework:spring-messaging:jar:4.2.4.RELEASE:compile
[DEBUG]           testArtifact: artifact=org.springframework:spring-beans:jar:4.2.4.RELEASE:compile
[DEBUG]           omitForNearer: omitted=org.springframework:spring-beans:jar:4.2.4.RELEASE:compile kept=org.springframework:spring-beans:jar:4.2.4.RELEASE:compile
[DEBUG]           testArtifact: artifact=org.springframework:spring-context:jar:4.2.4.RELEASE:compile
[DEBUG]           omitForNearer: omitted=org.springframework:spring-context:jar:4.2.4.RELEASE:compile kept=org.springframework:spring-context:jar:4.2.4.RELEASE:compile
[DEBUG]         endProcessChildren: artifact=org.springframework:spring-messaging:jar:4.2.4.RELEASE:compile
[DEBUG]       endProcessChildren: artifact=org.springframework.integration:spring-integration-core:jar:4.2.5.RELEASE:compile
[DEBUG]       testArtifact: artifact=org.springframework:spring-context-support:jar:4.2.4.RELEASE:compile
[DEBUG]       includeArtifact: artifact=org.springframework:spring-context-support:jar:4.2.4.RELEASE:compile
[DEBUG]       startProcessChildren: artifact=org.springframework:spring-context-support:jar:4.2.4.RELEASE:compile
[DEBUG]         testArtifact: artifact=org.springframework:spring-beans:jar:4.2.4.RELEASE:compile
[DEBUG]         omitForNearer: omitted=org.springframework:spring-beans:jar:4.2.4.RELEASE:compile kept=org.springframework:spring-beans:jar:4.2.4.RELEASE:compile
[DEBUG]         testArtifact: artifact=org.springframework:spring-context:jar:4.2.4.RELEASE:compile
[DEBUG]         omitForNearer: omitted=org.springframework:spring-context:jar:4.2.4.RELEASE:compile kept=org.springframework:spring-context:jar:4.2.4.RELEASE:compile
[DEBUG]       endProcessChildren: artifact=org.springframework:spring-context-support:jar:4.2.4.RELEASE:compile
[DEBUG]     endProcessChildren: artifact=org.springframework.integration:spring-integration-mail:jar:4.2.5.RELEASE:compile
[DEBUG]     testArtifact: artifact=javax.mail:javax.mail-api:jar:1.5.5:compile
[DEBUG]     includeArtifact: artifact=javax.mail:javax.mail-api:jar:1.5.5:compile
[DEBUG]     startProcessChildren: artifact=javax.mail:javax.mail-api:jar:1.5.5:compile
[DEBUG]     endProcessChildren: artifact=javax.mail:javax.mail-api:jar:1.5.5:compile
[DEBUG]     testArtifact: artifact=com.sun.mail:javax.mail:jar:1.5.5:compile
[DEBUG]     includeArtifact: artifact=com.sun.mail:javax.mail:jar:1.5.5:compile
[DEBUG]     startProcessChildren: artifact=com.sun.mail:javax.mail:jar:1.5.5:compile
[DEBUG]       testArtifact: artifact=javax.activation:activation:jar:1.1:compile
[DEBUG]       updateScope: artifact=javax.activation:activation:jar:1.1.1:provided, scope=compile
[DEBUG]       omitForNearer: omitted=javax.activation:activation:jar:1.1.1:compile kept=javax.activation:activation:jar:1.1.1:compile
[DEBUG]       includeArtifact: artifact=javax.activation:activation:jar:1.1.1:compile
[DEBUG]       startProcessChildren: artifact=javax.activation:activation:jar:1.1.1:compile
[DEBUG]       endProcessChildren: artifact=javax.activation:activation:jar:1.1.1:compile
[DEBUG]     endProcessChildren: artifact=com.sun.mail:javax.mail:jar:1.5.5:compile
[DEBUG]     testArtifact: artifact=org.apache.commons:commons-csv:jar:1.5:compile
[DEBUG]     includeArtifact: artifact=org.apache.commons:commons-csv:jar:1.5:compile
[DEBUG]     startProcessChildren: artifact=org.apache.commons:commons-csv:jar:1.5:compile
[DEBUG]     endProcessChildren: artifact=org.apache.commons:commons-csv:jar:1.5:compile
[DEBUG]     testArtifact: artifact=org.apache.httpcomponents:httpclient:jar:4.5.5:compile
[DEBUG]     omitForNearer: omitted=org.apache.httpcomponents:httpclient:jar:4.3.6:compile kept=org.apache.httpcomponents:httpclient:jar:4.5.5:compile
[DEBUG]     includeArtifact: artifact=org.apache.httpcomponents:httpclient:jar:4.5.5:compile
[DEBUG]     startProcessChildren: artifact=org.apache.httpcomponents:httpclient:jar:4.5.5:compile
[DEBUG]       testArtifact: artifact=org.apache.httpcomponents:httpcore:jar:4.4.9:compile
[DEBUG]       includeArtifact: artifact=org.apache.httpcomponents:httpcore:jar:4.4.9:compile
[DEBUG]       startProcessChildren: artifact=org.apache.httpcomponents:httpcore:jar:4.4.9:compile
[DEBUG]       endProcessChildren: artifact=org.apache.httpcomponents:httpcore:jar:4.4.9:compile
[DEBUG]       testArtifact: artifact=commons-logging:commons-logging:jar:1.2:compile
[DEBUG]       omitForNearer: omitted=commons-logging:commons-logging:jar:1.2:compile kept=commons-logging:commons-logging:jar:1.2:compile
[DEBUG]       testArtifact: artifact=commons-codec:commons-codec:jar:1.10:compile
[DEBUG]       omitForNearer: omitted=commons-codec:commons-codec:jar:1.10:compile kept=commons-codec:commons-codec:jar:1.10:compile
[DEBUG]     endProcessChildren: artifact=org.apache.httpcomponents:httpclient:jar:4.5.5:compile
[DEBUG]   endProcessChildren: artifact=ikoda:ikoda-utils:jar:0.0.1-SNAPSHOT:compile
[DEBUG]   testArtifact: artifact=ikoda:ikodatext-textAnalysis:jar:0.0.1-SNAPSHOT:compile
[DEBUG]   includeArtifact: artifact=ikoda:ikodatext-textAnalysis:jar:0.0.1-SNAPSHOT:compile
[DEBUG]   startProcessChildren: artifact=ikoda:ikodatext-textAnalysis:jar:0.0.1-SNAPSHOT:compile
[DEBUG]     testArtifact: artifact=org.springframework:spring-core:jar:4.2.4.RELEASE:compile
[DEBUG]     includeArtifact: artifact=org.springframework:spring-core:jar:4.2.4.RELEASE:compile
[DEBUG]     startProcessChildren: artifact=org.springframework:spring-core:jar:4.2.4.RELEASE:compile
[DEBUG]       testArtifact: artifact=commons-logging:commons-logging:jar:1.2:compile
[DEBUG]       omitForNearer: omitted=commons-logging:commons-logging:jar:1.2:compile kept=commons-logging:commons-logging:jar:1.2:compile
[DEBUG]     endProcessChildren: artifact=org.springframework:spring-core:jar:4.2.4.RELEASE:compile
[DEBUG]     testArtifact: artifact=org.springframework:spring-context:jar:4.2.4.RELEASE:compile
[DEBUG]     omitForNearer: omitted=org.springframework:spring-context:jar:4.2.4.RELEASE:compile kept=org.springframework:spring-context:jar:4.2.4.RELEASE:compile
[DEBUG]     testArtifact: artifact=com.googlecode.json-simple:json-simple:jar:1.1.1:compile
[DEBUG]     includeArtifact: artifact=com.googlecode.json-simple:json-simple:jar:1.1.1:compile
[DEBUG]     startProcessChildren: artifact=com.googlecode.json-simple:json-simple:jar:1.1.1:compile
[DEBUG]     endProcessChildren: artifact=com.googlecode.json-simple:json-simple:jar:1.1.1:compile
[DEBUG]     testArtifact: artifact=org.apache.logging.log4j:log4j-core:jar:2.8.2:compile
[DEBUG]     omitForNearer: omitted=org.apache.logging.log4j:log4j-core:jar:2.8.2:compile kept=org.apache.logging.log4j:log4j-core:jar:2.8.2:compile
[DEBUG]     testArtifact: artifact=joda-time:joda-time:jar:2.8.1:compile
[DEBUG]     includeArtifact: artifact=joda-time:joda-time:jar:2.8.1:compile
[DEBUG]     startProcessChildren: artifact=joda-time:joda-time:jar:2.8.1:compile
[DEBUG]     endProcessChildren: artifact=joda-time:joda-time:jar:2.8.1:compile
[DEBUG]     testArtifact: artifact=org.apache.spark:spark-sql_2.11:jar:2.2.0:compile
[DEBUG]     updateScopeCurrentPom: artifact=org.apache.spark:spark-sql_2.11:jar:2.2.0:provided, scopeIgnored=compile
[DEBUG]     omitForNearer: omitted=org.apache.spark:spark-sql_2.11:jar:2.2.0:compile kept=org.apache.spark:spark-sql_2.11:jar:2.2.0:provided
[DEBUG]     testArtifact: artifact=org.apache.spark:spark-core_2.11:jar:2.2.0:compile
[DEBUG]     updateScopeCurrentPom: artifact=org.apache.spark:spark-core_2.11:jar:2.2.0:provided, scopeIgnored=compile
[DEBUG]     omitForNearer: omitted=org.apache.spark:spark-core_2.11:jar:2.2.0:compile kept=org.apache.spark:spark-core_2.11:jar:2.2.0:provided
[DEBUG]     testArtifact: artifact=edu.stanford.nlp:stanford-parser:jar:3.8.0:compile
[DEBUG]     includeArtifact: artifact=edu.stanford.nlp:stanford-parser:jar:3.8.0:compile
[DEBUG]     startProcessChildren: artifact=edu.stanford.nlp:stanford-parser:jar:3.8.0:compile
[DEBUG]       testArtifact: artifact=com.googlecode.efficient-java-matrix-library:ejml:jar:0.23:compile
[DEBUG]       includeArtifact: artifact=com.googlecode.efficient-java-matrix-library:ejml:jar:0.23:compile
[DEBUG]       startProcessChildren: artifact=com.googlecode.efficient-java-matrix-library:ejml:jar:0.23:compile
[DEBUG]       endProcessChildren: artifact=com.googlecode.efficient-java-matrix-library:ejml:jar:0.23:compile
[DEBUG]     endProcessChildren: artifact=edu.stanford.nlp:stanford-parser:jar:3.8.0:compile
[DEBUG]     testArtifact: artifact=ikoda:ikodatext-netio:jar:0.0.1-SNAPSHOT:compile
[DEBUG]     includeArtifact: artifact=ikoda:ikodatext-netio:jar:0.0.1-SNAPSHOT:compile
[DEBUG]     startProcessChildren: artifact=ikoda:ikodatext-netio:jar:0.0.1-SNAPSHOT:compile
[DEBUG]       testArtifact: artifact=org.apache.logging.log4j:log4j-core:jar:2.8.2:compile
[DEBUG]       omitForNearer: omitted=org.apache.logging.log4j:log4j-core:jar:2.8.2:compile kept=org.apache.logging.log4j:log4j-core:jar:2.8.2:compile
[DEBUG]       testArtifact: artifact=net.sourceforge.htmlunit:htmlunit:jar:2.22:compile
[DEBUG]       omitForNearer: omitted=net.sourceforge.htmlunit:htmlunit:jar:2.22:compile kept=net.sourceforge.htmlunit:htmlunit:jar:2.22:compile
[DEBUG]       testArtifact: artifact=com.googlecode.json-simple:json-simple:jar:1.1.1:compile
[DEBUG]       omitForNearer: omitted=com.googlecode.json-simple:json-simple:jar:1.1.1:compile kept=com.googlecode.json-simple:json-simple:jar:1.1.1:compile
[DEBUG]       testArtifact: artifact=org.jsoup:jsoup:jar:1.9.2:compile
[DEBUG]       includeArtifact: artifact=org.jsoup:jsoup:jar:1.9.2:compile
[DEBUG]       startProcessChildren: artifact=org.jsoup:jsoup:jar:1.9.2:compile
[DEBUG]       endProcessChildren: artifact=org.jsoup:jsoup:jar:1.9.2:compile
[DEBUG]       testArtifact: artifact=ikoda:ikoda-utils:jar:0.0.1-SNAPSHOT:compile
[DEBUG]       omitForNearer: omitted=ikoda:ikoda-utils:jar:0.0.1-SNAPSHOT:compile kept=ikoda:ikoda-utils:jar:0.0.1-SNAPSHOT:compile
[DEBUG]     endProcessChildren: artifact=ikoda:ikodatext-netio:jar:0.0.1-SNAPSHOT:compile
[DEBUG]     testArtifact: artifact=ikoda:ikodatext-fileio:jar:0.0.1-SNAPSHOT:compile
[DEBUG]     includeArtifact: artifact=ikoda:ikodatext-fileio:jar:0.0.1-SNAPSHOT:compile
[DEBUG]     startProcessChildren: artifact=ikoda:ikodatext-fileio:jar:0.0.1-SNAPSHOT:compile
[DEBUG]       testArtifact: artifact=org.springframework:spring-core:jar:4.2.4.RELEASE:compile
[DEBUG]       omitForNearer: omitted=org.springframework:spring-core:jar:4.2.4.RELEASE:compile kept=org.springframework:spring-core:jar:4.2.4.RELEASE:compile
[DEBUG]       testArtifact: artifact=org.springframework:spring-context:jar:4.2.4.RELEASE:compile
[DEBUG]       omitForNearer: omitted=org.springframework:spring-context:jar:4.2.4.RELEASE:compile kept=org.springframework:spring-context:jar:4.2.4.RELEASE:compile
[DEBUG]       testArtifact: artifact=com.itextpdf:itextpdf:jar:5.5.11:compile
[DEBUG]       includeArtifact: artifact=com.itextpdf:itextpdf:jar:5.5.11:compile
[DEBUG]       startProcessChildren: artifact=com.itextpdf:itextpdf:jar:5.5.11:compile
[DEBUG]       endProcessChildren: artifact=com.itextpdf:itextpdf:jar:5.5.11:compile
[DEBUG]       testArtifact: artifact=com.itextpdf:itext-pdfa:jar:5.5.11:compile
[DEBUG]       includeArtifact: artifact=com.itextpdf:itext-pdfa:jar:5.5.11:compile
[DEBUG]       startProcessChildren: artifact=com.itextpdf:itext-pdfa:jar:5.5.11:compile
[DEBUG]       endProcessChildren: artifact=com.itextpdf:itext-pdfa:jar:5.5.11:compile
[DEBUG]       testArtifact: artifact=com.itextpdf:itext-xtra:jar:5.5.11:compile
[DEBUG]       includeArtifact: artifact=com.itextpdf:itext-xtra:jar:5.5.11:compile
[DEBUG]       startProcessChildren: artifact=com.itextpdf:itext-xtra:jar:5.5.11:compile
[DEBUG]         testArtifact: artifact=org.apache.commons:commons-imaging:jar:1.0-SNAPSHOT:compile
[DEBUG]         includeArtifact: artifact=org.apache.commons:commons-imaging:jar:1.0-SNAPSHOT:compile
[DEBUG]         startProcessChildren: artifact=org.apache.commons:commons-imaging:jar:1.0-SNAPSHOT:compile
[DEBUG]         endProcessChildren: artifact=org.apache.commons:commons-imaging:jar:1.0-SNAPSHOT:compile
[DEBUG]         testArtifact: artifact=commons-io:commons-io:jar:2.4:compile
[DEBUG]         omitForNearer: omitted=commons-io:commons-io:jar:2.4:compile kept=commons-io:commons-io:jar:2.5:compile
[DEBUG]       endProcessChildren: artifact=com.itextpdf:itext-xtra:jar:5.5.11:compile
[DEBUG]       testArtifact: artifact=com.itextpdf.tool:xmlworker:jar:5.5.11:compile
[DEBUG]       includeArtifact: artifact=com.itextpdf.tool:xmlworker:jar:5.5.11:compile
[DEBUG]       startProcessChildren: artifact=com.itextpdf.tool:xmlworker:jar:5.5.11:compile
[DEBUG]       endProcessChildren: artifact=com.itextpdf.tool:xmlworker:jar:5.5.11:compile
[DEBUG]       testArtifact: artifact=org.bouncycastle:bcpkix-jdk15on:jar:1.49:compile
[DEBUG]       includeArtifact: artifact=org.bouncycastle:bcpkix-jdk15on:jar:1.49:compile
[DEBUG]       startProcessChildren: artifact=org.bouncycastle:bcpkix-jdk15on:jar:1.49:compile
[DEBUG]       endProcessChildren: artifact=org.bouncycastle:bcpkix-jdk15on:jar:1.49:compile
[DEBUG]       testArtifact: artifact=org.apache.logging.log4j:log4j-core:jar:2.8.2:compile
[DEBUG]       omitForNearer: omitted=org.apache.logging.log4j:log4j-core:jar:2.8.2:compile kept=org.apache.logging.log4j:log4j-core:jar:2.8.2:compile
[DEBUG]       testArtifact: artifact=net.sourceforge.htmlunit:htmlunit:jar:2.22:compile
[DEBUG]       omitForNearer: omitted=net.sourceforge.htmlunit:htmlunit:jar:2.22:compile kept=net.sourceforge.htmlunit:htmlunit:jar:2.22:compile
[DEBUG]       testArtifact: artifact=org.jsoup:jsoup:jar:1.9.2:compile
[DEBUG]       omitForNearer: omitted=org.jsoup:jsoup:jar:1.9.2:compile kept=org.jsoup:jsoup:jar:1.9.2:compile
[DEBUG]       testArtifact: artifact=ikoda:ikodatext-netio:jar:0.0.1-SNAPSHOT:compile
[DEBUG]       omitForNearer: omitted=ikoda:ikodatext-netio:jar:0.0.1-SNAPSHOT:compile kept=ikoda:ikodatext-netio:jar:0.0.1-SNAPSHOT:compile
[DEBUG]       testArtifact: artifact=ikoda:ikoda-utils:jar:0.0.1-SNAPSHOT:compile
[DEBUG]       omitForNearer: omitted=ikoda:ikoda-utils:jar:0.0.1-SNAPSHOT:compile kept=ikoda:ikoda-utils:jar:0.0.1-SNAPSHOT:compile
[DEBUG]     endProcessChildren: artifact=ikoda:ikodatext-fileio:jar:0.0.1-SNAPSHOT:compile
[DEBUG]     testArtifact: artifact=ikoda:ikodatext-persistence:jar:0.0.1-SNAPSHOT:compile
[DEBUG]     includeArtifact: artifact=ikoda:ikodatext-persistence:jar:0.0.1-SNAPSHOT:compile
[DEBUG]     startProcessChildren: artifact=ikoda:ikodatext-persistence:jar:0.0.1-SNAPSHOT:compile
[DEBUG]       testArtifact: artifact=org.springframework:spring-core:jar:4.2.4.RELEASE:compile
[DEBUG]       omitForNearer: omitted=org.springframework:spring-core:jar:4.2.4.RELEASE:compile kept=org.springframework:spring-core:jar:4.2.4.RELEASE:compile
[DEBUG]       testArtifact: artifact=org.springframework:spring-beans:jar:4.2.4.RELEASE:compile
[DEBUG]       omitForNearer: omitted=org.springframework:spring-beans:jar:4.2.4.RELEASE:compile kept=org.springframework:spring-beans:jar:4.2.4.RELEASE:compile
[DEBUG]       testArtifact: artifact=org.springframework:spring-tx:jar:4.2.4.RELEASE:compile
[DEBUG]       omitForNearer: omitted=org.springframework:spring-tx:jar:4.2.4.RELEASE:compile kept=org.springframework:spring-tx:jar:4.2.4.RELEASE:compile
[DEBUG]       includeArtifact: artifact=org.springframework:spring-tx:jar:4.2.4.RELEASE:compile
[DEBUG]       startProcessChildren: artifact=org.springframework:spring-tx:jar:4.2.4.RELEASE:compile
[DEBUG]         testArtifact: artifact=org.springframework:spring-beans:jar:4.2.4.RELEASE:compile
[DEBUG]         omitForNearer: omitted=org.springframework:spring-beans:jar:4.2.4.RELEASE:compile kept=org.springframework:spring-beans:jar:4.2.4.RELEASE:compile
[DEBUG]         testArtifact: artifact=org.springframework:spring-core:jar:4.2.4.RELEASE:compile
[DEBUG]         omitForNearer: omitted=org.springframework:spring-core:jar:4.2.4.RELEASE:compile kept=org.springframework:spring-core:jar:4.2.4.RELEASE:compile
[DEBUG]       endProcessChildren: artifact=org.springframework:spring-tx:jar:4.2.4.RELEASE:compile
[DEBUG]       testArtifact: artifact=org.springframework:spring-web:jar:4.2.4.RELEASE:compile
[DEBUG]       omitForNearer: omitted=org.springframework:spring-web:jar:4.2.4.RELEASE:compile kept=org.springframework:spring-web:jar:4.2.4.RELEASE:compile
[DEBUG]       testArtifact: artifact=org.springframework:spring-context:jar:4.2.4.RELEASE:compile
[DEBUG]       omitForNearer: omitted=org.springframework:spring-context:jar:4.2.4.RELEASE:compile kept=org.springframework:spring-context:jar:4.2.4.RELEASE:compile
[DEBUG]       testArtifact: artifact=org.apache.logging.log4j:log4j-core:jar:2.8.2:compile
[DEBUG]       omitForNearer: omitted=org.apache.logging.log4j:log4j-core:jar:2.8.2:compile kept=org.apache.logging.log4j:log4j-core:jar:2.8.2:compile
[DEBUG]       testArtifact: artifact=ikoda:ikodatext-fileio:jar:0.0.1-SNAPSHOT:compile
[DEBUG]       omitForNearer: omitted=ikoda:ikodatext-fileio:jar:0.0.1-SNAPSHOT:compile kept=ikoda:ikodatext-fileio:jar:0.0.1-SNAPSHOT:compile
[DEBUG]       testArtifact: artifact=ikoda:ikodatext-netio:jar:0.0.1-SNAPSHOT:compile
[DEBUG]       omitForNearer: omitted=ikoda:ikodatext-netio:jar:0.0.1-SNAPSHOT:compile kept=ikoda:ikodatext-netio:jar:0.0.1-SNAPSHOT:compile
[DEBUG]       testArtifact: artifact=org.springframework:spring-orm:jar:4.2.4.RELEASE:compile
[DEBUG]       includeArtifact: artifact=org.springframework:spring-orm:jar:4.2.4.RELEASE:compile
[DEBUG]       startProcessChildren: artifact=org.springframework:spring-orm:jar:4.2.4.RELEASE:compile
[DEBUG]         testArtifact: artifact=org.springframework:spring-beans:jar:4.2.4.RELEASE:compile
[DEBUG]         omitForNearer: omitted=org.springframework:spring-beans:jar:4.2.4.RELEASE:compile kept=org.springframework:spring-beans:jar:4.2.4.RELEASE:compile
[DEBUG]         testArtifact: artifact=org.springframework:spring-core:jar:4.2.4.RELEASE:compile
[DEBUG]         omitForNearer: omitted=org.springframework:spring-core:jar:4.2.4.RELEASE:compile kept=org.springframework:spring-core:jar:4.2.4.RELEASE:compile
[DEBUG]         testArtifact: artifact=org.springframework:spring-jdbc:jar:4.2.4.RELEASE:compile
[DEBUG]         includeArtifact: artifact=org.springframework:spring-jdbc:jar:4.2.4.RELEASE:compile
[DEBUG]         startProcessChildren: artifact=org.springframework:spring-jdbc:jar:4.2.4.RELEASE:compile
[DEBUG]           testArtifact: artifact=org.springframework:spring-beans:jar:4.2.4.RELEASE:compile
[DEBUG]           omitForNearer: omitted=org.springframework:spring-beans:jar:4.2.4.RELEASE:compile kept=org.springframework:spring-beans:jar:4.2.4.RELEASE:compile
[DEBUG]           testArtifact: artifact=org.springframework:spring-core:jar:4.2.4.RELEASE:compile
[DEBUG]           omitForNearer: omitted=org.springframework:spring-core:jar:4.2.4.RELEASE:compile kept=org.springframework:spring-core:jar:4.2.4.RELEASE:compile
[DEBUG]           testArtifact: artifact=org.springframework:spring-tx:jar:4.2.4.RELEASE:compile
[DEBUG]           omitForNearer: omitted=org.springframework:spring-tx:jar:4.2.4.RELEASE:compile kept=org.springframework:spring-tx:jar:4.2.4.RELEASE:compile
[DEBUG]         endProcessChildren: artifact=org.springframework:spring-jdbc:jar:4.2.4.RELEASE:compile
[DEBUG]         testArtifact: artifact=org.springframework:spring-tx:jar:4.2.4.RELEASE:compile
[DEBUG]         omitForNearer: omitted=org.springframework:spring-tx:jar:4.2.4.RELEASE:compile kept=org.springframework:spring-tx:jar:4.2.4.RELEASE:compile
[DEBUG]       endProcessChildren: artifact=org.springframework:spring-orm:jar:4.2.4.RELEASE:compile
[DEBUG]       testArtifact: artifact=org.postgresql:postgresql:jar:42.2.2:compile
[DEBUG]       includeArtifact: artifact=org.postgresql:postgresql:jar:42.2.2:compile
[DEBUG]       startProcessChildren: artifact=org.postgresql:postgresql:jar:42.2.2:compile
[DEBUG]       endProcessChildren: artifact=org.postgresql:postgresql:jar:42.2.2:compile
[DEBUG]       testArtifact: artifact=org.hibernate:hibernate-c3p0:jar:5.2.12.Final:compile
[DEBUG]       includeArtifact: artifact=org.hibernate:hibernate-c3p0:jar:5.2.12.Final:compile
[DEBUG]       startProcessChildren: artifact=org.hibernate:hibernate-c3p0:jar:5.2.12.Final:compile
[DEBUG]         testArtifact: artifact=com.mchange:c3p0:jar:0.9.5.2:compile
[DEBUG]         includeArtifact: artifact=com.mchange:c3p0:jar:0.9.5.2:compile
[DEBUG]         startProcessChildren: artifact=com.mchange:c3p0:jar:0.9.5.2:compile
[DEBUG]           testArtifact: artifact=com.mchange:mchange-commons-java:jar:0.2.11:compile
[DEBUG]           includeArtifact: artifact=com.mchange:mchange-commons-java:jar:0.2.11:compile
[DEBUG]           startProcessChildren: artifact=com.mchange:mchange-commons-java:jar:0.2.11:compile
[DEBUG]           endProcessChildren: artifact=com.mchange:mchange-commons-java:jar:0.2.11:compile
[DEBUG]         endProcessChildren: artifact=com.mchange:c3p0:jar:0.9.5.2:compile
[DEBUG]       endProcessChildren: artifact=org.hibernate:hibernate-c3p0:jar:5.2.12.Final:compile
[DEBUG]       testArtifact: artifact=org.jsoup:jsoup:jar:1.9.2:compile
[DEBUG]       omitForNearer: omitted=org.jsoup:jsoup:jar:1.9.2:compile kept=org.jsoup:jsoup:jar:1.9.2:compile
[DEBUG]       testArtifact: artifact=ikoda:ikoda-utils:jar:0.0.1-SNAPSHOT:compile
[DEBUG]       omitForNearer: omitted=ikoda:ikoda-utils:jar:0.0.1-SNAPSHOT:compile kept=ikoda:ikoda-utils:jar:0.0.1-SNAPSHOT:compile
[DEBUG]     endProcessChildren: artifact=ikoda:ikodatext-persistence:jar:0.0.1-SNAPSHOT:compile
[DEBUG]     testArtifact: artifact=ikoda:ikoda-utils:jar:0.0.1-SNAPSHOT:compile
[DEBUG]     omitForNearer: omitted=ikoda:ikoda-utils:jar:0.0.1-SNAPSHOT:compile kept=ikoda:ikoda-utils:jar:0.0.1-SNAPSHOT:compile
[DEBUG]     testArtifact: artifact=ikoda:rbridge:jar:1.0-SNAPSHOT:compile
[DEBUG]     includeArtifact: artifact=ikoda:rbridge:jar:1.0-SNAPSHOT:compile
[DEBUG]     startProcessChildren: artifact=ikoda:rbridge:jar:1.0-SNAPSHOT:compile
[DEBUG]       testArtifact: artifact=org.ddahl:rscala_2.12:jar:2.3.1:compile
[DEBUG]       includeArtifact: artifact=org.ddahl:rscala_2.12:jar:2.3.1:compile
[DEBUG]       startProcessChildren: artifact=org.ddahl:rscala_2.12:jar:2.3.1:compile
[DEBUG]         testArtifact: artifact=org.scala-lang:scalap:jar:2.12.3:compile
[DEBUG]         updateScope: artifact=org.scala-lang:scalap:jar:2.11.0:provided, scope=compile
[DEBUG]         omitForNearer: omitted=org.scala-lang:scalap:jar:2.11.0:compile kept=org.scala-lang:scalap:jar:2.11.0:compile
[DEBUG]         includeArtifact: artifact=org.scala-lang:scalap:jar:2.11.0:compile
[DEBUG]         startProcessChildren: artifact=org.scala-lang:scalap:jar:2.11.0:compile
[DEBUG]         endProcessChildren: artifact=org.scala-lang:scalap:jar:2.11.0:compile
[DEBUG]       endProcessChildren: artifact=org.ddahl:rscala_2.12:jar:2.3.1:compile
[DEBUG]     endProcessChildren: artifact=ikoda:rbridge:jar:1.0-SNAPSHOT:compile
[DEBUG]   endProcessChildren: artifact=ikoda:ikodatext-textAnalysis:jar:0.0.1-SNAPSHOT:compile
[DEBUG]   testArtifact: artifact=com.datastax.spark:spark-cassandra-connector_2.11:jar:2.0.7:compile
[DEBUG]   includeArtifact: artifact=com.datastax.spark:spark-cassandra-connector_2.11:jar:2.0.7:compile
[DEBUG]   startProcessChildren: artifact=com.datastax.spark:spark-cassandra-connector_2.11:jar:2.0.7:compile
[DEBUG]     testArtifact: artifact=org.scala-lang:scala-library:jar:2.11.8:compile
[DEBUG]     omitForNearer: omitted=org.scala-lang:scala-library:jar:2.11.8:compile kept=org.scala-lang:scala-library:jar:2.11.11:compile
[DEBUG]     testArtifact: artifact=com.twitter:jsr166e:jar:1.1.0:compile
[DEBUG]     includeArtifact: artifact=com.twitter:jsr166e:jar:1.1.0:compile
[DEBUG]     startProcessChildren: artifact=com.twitter:jsr166e:jar:1.1.0:compile
[DEBUG]     endProcessChildren: artifact=com.twitter:jsr166e:jar:1.1.0:compile
[DEBUG]     testArtifact: artifact=io.netty:netty-all:jar:4.0.33.Final:compile
[DEBUG]     updateScope: artifact=io.netty:netty-all:jar:4.0.43.Final:provided, scope=compile
[DEBUG]     omitForNearer: omitted=io.netty:netty-all:jar:4.0.43.Final:compile kept=io.netty:netty-all:jar:4.0.43.Final:compile
[DEBUG]     includeArtifact: artifact=io.netty:netty-all:jar:4.0.43.Final:compile
[DEBUG]     startProcessChildren: artifact=io.netty:netty-all:jar:4.0.43.Final:compile
[DEBUG]     endProcessChildren: artifact=io.netty:netty-all:jar:4.0.43.Final:compile
[DEBUG]     testArtifact: artifact=commons-beanutils:commons-beanutils:jar:1.9.3:compile
[DEBUG]     omitForNearer: omitted=commons-beanutils:commons-beanutils:jar:1.7.0:provided kept=commons-beanutils:commons-beanutils:jar:1.9.3:compile
[DEBUG]     includeArtifact: artifact=commons-beanutils:commons-beanutils:jar:1.9.3:compile
[DEBUG]     startProcessChildren: artifact=commons-beanutils:commons-beanutils:jar:1.9.3:compile
[DEBUG]       testArtifact: artifact=commons-collections:commons-collections:jar:3.2.2:compile
[DEBUG]       omitForNearer: omitted=commons-collections:commons-collections:jar:3.2.2:provided kept=commons-collections:commons-collections:jar:3.2.2:compile
[DEBUG]       includeArtifact: artifact=commons-collections:commons-collections:jar:3.2.2:compile
[DEBUG]       startProcessChildren: artifact=commons-collections:commons-collections:jar:3.2.2:compile
[DEBUG]       endProcessChildren: artifact=commons-collections:commons-collections:jar:3.2.2:compile
[DEBUG]     endProcessChildren: artifact=commons-beanutils:commons-beanutils:jar:1.9.3:compile
[DEBUG]     testArtifact: artifact=joda-time:joda-time:jar:2.3:compile
[DEBUG]     omitForNearer: omitted=joda-time:joda-time:jar:2.3:compile kept=joda-time:joda-time:jar:2.8.1:compile
[DEBUG]     testArtifact: artifact=org.joda:joda-convert:jar:1.2:compile
[DEBUG]     includeArtifact: artifact=org.joda:joda-convert:jar:1.2:compile
[DEBUG]     startProcessChildren: artifact=org.joda:joda-convert:jar:1.2:compile
[DEBUG]     endProcessChildren: artifact=org.joda:joda-convert:jar:1.2:compile
[DEBUG]     testArtifact: artifact=org.scala-lang:scala-reflect:jar:2.11.8:compile
[DEBUG]     omitForNearer: omitted=org.scala-lang:scala-reflect:jar:2.11.8:compile kept=org.scala-lang:scala-reflect:jar:2.11.12:compile
[DEBUG]   endProcessChildren: artifact=com.datastax.spark:spark-cassandra-connector_2.11:jar:2.0.7:compile
[DEBUG]   testArtifact: artifact=edu.stanford.nlp:stanford-corenlp:jar:3.8.0:test
[DEBUG]   includeArtifact: artifact=edu.stanford.nlp:stanford-corenlp:jar:3.8.0:test
[DEBUG]   startProcessChildren: artifact=edu.stanford.nlp:stanford-corenlp:jar:3.8.0:test
[DEBUG]     testArtifact: artifact=com.apple:AppleJavaExtensions:jar:1.4:test
[DEBUG]     includeArtifact: artifact=com.apple:AppleJavaExtensions:jar:1.4:test
[DEBUG]     startProcessChildren: artifact=com.apple:AppleJavaExtensions:jar:1.4:test
[DEBUG]     endProcessChildren: artifact=com.apple:AppleJavaExtensions:jar:1.4:test
[DEBUG]     testArtifact: artifact=de.jollyday:jollyday:jar:0.4.9:test
[DEBUG]     includeArtifact: artifact=de.jollyday:jollyday:jar:0.4.9:test
[DEBUG]     startProcessChildren: artifact=de.jollyday:jollyday:jar:0.4.9:test
[DEBUG]       testArtifact: artifact=joda-time:joda-time:jar:2.4:test
[DEBUG]       omitForNearer: omitted=joda-time:joda-time:jar:2.4:test kept=joda-time:joda-time:jar:2.8.1:compile
[DEBUG]       testArtifact: artifact=javax.xml.bind:jaxb-api:jar:2.2.7:test
[DEBUG]       omitForNearer: omitted=javax.xml.bind:jaxb-api:jar:2.2.2:provided kept=javax.xml.bind:jaxb-api:jar:2.2.7:test
[DEBUG]       includeArtifact: artifact=javax.xml.bind:jaxb-api:jar:2.2.7:test
[DEBUG]       startProcessChildren: artifact=javax.xml.bind:jaxb-api:jar:2.2.7:test
[DEBUG]       endProcessChildren: artifact=javax.xml.bind:jaxb-api:jar:2.2.7:test
[DEBUG]     endProcessChildren: artifact=de.jollyday:jollyday:jar:0.4.9:test
[DEBUG]     testArtifact: artifact=org.apache.commons:commons-lang3:jar:3.3.1:test
[DEBUG]     updateScope: artifact=org.apache.commons:commons-lang3:jar:3.3.1:test, scope=compile
[DEBUG]     omitForNearer: omitted=org.apache.commons:commons-lang3:jar:3.3.1:compile kept=org.apache.commons:commons-lang3:jar:3.3.1:compile
[DEBUG]     testArtifact: artifact=org.apache.lucene:lucene-queryparser:jar:4.10.3:test
[DEBUG]     includeArtifact: artifact=org.apache.lucene:lucene-queryparser:jar:4.10.3:test
[DEBUG]     startProcessChildren: artifact=org.apache.lucene:lucene-queryparser:jar:4.10.3:test
[DEBUG]       testArtifact: artifact=org.apache.lucene:lucene-core:jar:4.10.3:test
[DEBUG]       includeArtifact: artifact=org.apache.lucene:lucene-core:jar:4.10.3:test
[DEBUG]       startProcessChildren: artifact=org.apache.lucene:lucene-core:jar:4.10.3:test
[DEBUG]       endProcessChildren: artifact=org.apache.lucene:lucene-core:jar:4.10.3:test
[DEBUG]       testArtifact: artifact=org.apache.lucene:lucene-queries:jar:4.10.3:test
[DEBUG]       includeArtifact: artifact=org.apache.lucene:lucene-queries:jar:4.10.3:test
[DEBUG]       startProcessChildren: artifact=org.apache.lucene:lucene-queries:jar:4.10.3:test
[DEBUG]       endProcessChildren: artifact=org.apache.lucene:lucene-queries:jar:4.10.3:test
[DEBUG]       testArtifact: artifact=org.apache.lucene:lucene-sandbox:jar:4.10.3:test
[DEBUG]       includeArtifact: artifact=org.apache.lucene:lucene-sandbox:jar:4.10.3:test
[DEBUG]       startProcessChildren: artifact=org.apache.lucene:lucene-sandbox:jar:4.10.3:test
[DEBUG]       endProcessChildren: artifact=org.apache.lucene:lucene-sandbox:jar:4.10.3:test
[DEBUG]     endProcessChildren: artifact=org.apache.lucene:lucene-queryparser:jar:4.10.3:test
[DEBUG]     testArtifact: artifact=org.apache.lucene:lucene-analyzers-common:jar:4.10.3:test
[DEBUG]     includeArtifact: artifact=org.apache.lucene:lucene-analyzers-common:jar:4.10.3:test
[DEBUG]     startProcessChildren: artifact=org.apache.lucene:lucene-analyzers-common:jar:4.10.3:test
[DEBUG]       testArtifact: artifact=org.apache.lucene:lucene-core:jar:4.10.3:test
[DEBUG]       omitForNearer: omitted=org.apache.lucene:lucene-core:jar:4.10.3:test kept=org.apache.lucene:lucene-core:jar:4.10.3:test
[DEBUG]     endProcessChildren: artifact=org.apache.lucene:lucene-analyzers-common:jar:4.10.3:test
[DEBUG]     testArtifact: artifact=org.apache.lucene:lucene-queries:jar:4.10.3:test
[DEBUG]     omitForNearer: omitted=org.apache.lucene:lucene-queries:jar:4.10.3:test kept=org.apache.lucene:lucene-queries:jar:4.10.3:test
[DEBUG]     includeArtifact: artifact=org.apache.lucene:lucene-queries:jar:4.10.3:test
[DEBUG]     startProcessChildren: artifact=org.apache.lucene:lucene-queries:jar:4.10.3:test
[DEBUG]       testArtifact: artifact=org.apache.lucene:lucene-core:jar:4.10.3:test
[DEBUG]       omitForNearer: omitted=org.apache.lucene:lucene-core:jar:4.10.3:test kept=org.apache.lucene:lucene-core:jar:4.10.3:test
[DEBUG]     endProcessChildren: artifact=org.apache.lucene:lucene-queries:jar:4.10.3:test
[DEBUG]     testArtifact: artifact=org.apache.lucene:lucene-core:jar:4.10.3:test
[DEBUG]     omitForNearer: omitted=org.apache.lucene:lucene-core:jar:4.10.3:test kept=org.apache.lucene:lucene-core:jar:4.10.3:test
[DEBUG]     includeArtifact: artifact=org.apache.lucene:lucene-core:jar:4.10.3:test
[DEBUG]     startProcessChildren: artifact=org.apache.lucene:lucene-core:jar:4.10.3:test
[DEBUG]     endProcessChildren: artifact=org.apache.lucene:lucene-core:jar:4.10.3:test
[DEBUG]     testArtifact: artifact=javax.servlet:javax.servlet-api:jar:3.0.1:test
[DEBUG]     omitForNearer: omitted=javax.servlet:javax.servlet-api:jar:3.0.1:test kept=javax.servlet:javax.servlet-api:jar:3.1.0:provided
[DEBUG]     testArtifact: artifact=com.io7m.xom:xom:jar:1.2.10:test
[DEBUG]     includeArtifact: artifact=com.io7m.xom:xom:jar:1.2.10:test
[DEBUG]     startProcessChildren: artifact=com.io7m.xom:xom:jar:1.2.10:test
[DEBUG]       testArtifact: artifact=xml-apis:xml-apis:jar:1.3.03:test
[DEBUG]       updateScope: artifact=xml-apis:xml-apis:jar:1.3.03:test, scope=compile
[DEBUG]       omitForNearer: omitted=xml-apis:xml-apis:jar:1.3.03:compile kept=xml-apis:xml-apis:jar:1.3.03:compile
[DEBUG]       testArtifact: artifact=xerces:xercesImpl:jar:2.8.0:test
[DEBUG]       updateScope: artifact=xerces:xercesImpl:jar:2.8.0:test, scope=compile
[DEBUG]       omitForNearer: omitted=xerces:xercesImpl:jar:2.8.0:compile kept=xerces:xercesImpl:jar:2.8.0:compile
[DEBUG]       testArtifact: artifact=xalan:xalan:jar:2.7.0:test
[DEBUG]       omitForNearer: omitted=xalan:xalan:jar:2.7.0:test kept=xalan:xalan:jar:2.7.2:compile
[DEBUG]     endProcessChildren: artifact=com.io7m.xom:xom:jar:1.2.10:test
[DEBUG]     testArtifact: artifact=joda-time:joda-time:jar:2.9.4:test
[DEBUG]     omitForNearer: omitted=joda-time:joda-time:jar:2.9.4:test kept=joda-time:joda-time:jar:2.8.1:compile
[DEBUG]     testArtifact: artifact=com.googlecode.efficient-java-matrix-library:ejml:jar:0.23:test
[DEBUG]     updateScope: artifact=com.googlecode.efficient-java-matrix-library:ejml:jar:0.23:test, scope=compile
[DEBUG]     omitForNearer: omitted=com.googlecode.efficient-java-matrix-library:ejml:jar:0.23:compile kept=com.googlecode.efficient-java-matrix-library:ejml:jar:0.23:compile
[DEBUG]     testArtifact: artifact=org.glassfish:javax.json:jar:1.0.4:test
[DEBUG]     includeArtifact: artifact=org.glassfish:javax.json:jar:1.0.4:test
[DEBUG]     startProcessChildren: artifact=org.glassfish:javax.json:jar:1.0.4:test
[DEBUG]     endProcessChildren: artifact=org.glassfish:javax.json:jar:1.0.4:test
[DEBUG]     testArtifact: artifact=org.slf4j:slf4j-api:jar:1.7.12:test
[DEBUG]     omitForNearer: omitted=org.slf4j:slf4j-api:jar:1.7.12:test kept=org.slf4j:slf4j-api:jar:1.7.7:compile
[DEBUG]     testArtifact: artifact=com.google.protobuf:protobuf-java:jar:3.2.0:test
[DEBUG]     omitForNearer: omitted=com.google.protobuf:protobuf-java:jar:2.5.0:provided kept=com.google.protobuf:protobuf-java:jar:3.2.0:test
[DEBUG]     includeArtifact: artifact=com.google.protobuf:protobuf-java:jar:3.2.0:test
[DEBUG]     startProcessChildren: artifact=com.google.protobuf:protobuf-java:jar:3.2.0:test
[DEBUG]     endProcessChildren: artifact=com.google.protobuf:protobuf-java:jar:3.2.0:test
[DEBUG]   endProcessChildren: artifact=edu.stanford.nlp:stanford-corenlp:jar:3.8.0:test
[DEBUG]   testArtifact: artifact=edu.stanford.nlp:stanford-corenlp:jar:models:3.8.0:test
[DEBUG]   includeArtifact: artifact=edu.stanford.nlp:stanford-corenlp:jar:models:3.8.0:test
[DEBUG]   startProcessChildren: artifact=edu.stanford.nlp:stanford-corenlp:jar:models:3.8.0:test
[DEBUG]     testArtifact: artifact=com.apple:AppleJavaExtensions:jar:1.4:test
[DEBUG]     omitForNearer: omitted=com.apple:AppleJavaExtensions:jar:1.4:test kept=com.apple:AppleJavaExtensions:jar:1.4:test
[DEBUG]     testArtifact: artifact=de.jollyday:jollyday:jar:0.4.9:test
[DEBUG]     omitForNearer: omitted=de.jollyday:jollyday:jar:0.4.9:test kept=de.jollyday:jollyday:jar:0.4.9:test
[DEBUG]     testArtifact: artifact=org.apache.commons:commons-lang3:jar:3.3.1:test
[DEBUG]     updateScope: artifact=org.apache.commons:commons-lang3:jar:3.3.1:test, scope=compile
[DEBUG]     omitForNearer: omitted=org.apache.commons:commons-lang3:jar:3.3.1:compile kept=org.apache.commons:commons-lang3:jar:3.3.1:compile
[DEBUG]     testArtifact: artifact=org.apache.lucene:lucene-queryparser:jar:4.10.3:test
[DEBUG]     omitForNearer: omitted=org.apache.lucene:lucene-queryparser:jar:4.10.3:test kept=org.apache.lucene:lucene-queryparser:jar:4.10.3:test
[DEBUG]     testArtifact: artifact=org.apache.lucene:lucene-analyzers-common:jar:4.10.3:test
[DEBUG]     omitForNearer: omitted=org.apache.lucene:lucene-analyzers-common:jar:4.10.3:test kept=org.apache.lucene:lucene-analyzers-common:jar:4.10.3:test
[DEBUG]     testArtifact: artifact=org.apache.lucene:lucene-queries:jar:4.10.3:test
[DEBUG]     omitForNearer: omitted=org.apache.lucene:lucene-queries:jar:4.10.3:test kept=org.apache.lucene:lucene-queries:jar:4.10.3:test
[DEBUG]     testArtifact: artifact=org.apache.lucene:lucene-core:jar:4.10.3:test
[DEBUG]     omitForNearer: omitted=org.apache.lucene:lucene-core:jar:4.10.3:test kept=org.apache.lucene:lucene-core:jar:4.10.3:test
[DEBUG]     testArtifact: artifact=javax.servlet:javax.servlet-api:jar:3.0.1:test
[DEBUG]     omitForNearer: omitted=javax.servlet:javax.servlet-api:jar:3.0.1:test kept=javax.servlet:javax.servlet-api:jar:3.1.0:provided
[DEBUG]     testArtifact: artifact=com.io7m.xom:xom:jar:1.2.10:test
[DEBUG]     omitForNearer: omitted=com.io7m.xom:xom:jar:1.2.10:test kept=com.io7m.xom:xom:jar:1.2.10:test
[DEBUG]     testArtifact: artifact=joda-time:joda-time:jar:2.9.4:test
[DEBUG]     omitForNearer: omitted=joda-time:joda-time:jar:2.9.4:test kept=joda-time:joda-time:jar:2.8.1:compile
[DEBUG]     testArtifact: artifact=com.googlecode.efficient-java-matrix-library:ejml:jar:0.23:test
[DEBUG]     updateScope: artifact=com.googlecode.efficient-java-matrix-library:ejml:jar:0.23:test, scope=compile
[DEBUG]     omitForNearer: omitted=com.googlecode.efficient-java-matrix-library:ejml:jar:0.23:compile kept=com.googlecode.efficient-java-matrix-library:ejml:jar:0.23:compile
[DEBUG]     testArtifact: artifact=org.glassfish:javax.json:jar:1.0.4:test
[DEBUG]     omitForNearer: omitted=org.glassfish:javax.json:jar:1.0.4:test kept=org.glassfish:javax.json:jar:1.0.4:test
[DEBUG]     testArtifact: artifact=org.slf4j:slf4j-api:jar:1.7.12:test
[DEBUG]     omitForNearer: omitted=org.slf4j:slf4j-api:jar:1.7.12:test kept=org.slf4j:slf4j-api:jar:1.7.7:compile
[DEBUG]     testArtifact: artifact=com.google.protobuf:protobuf-java:jar:3.2.0:test
[DEBUG]     omitForNearer: omitted=com.google.protobuf:protobuf-java:jar:3.2.0:test kept=com.google.protobuf:protobuf-java:jar:3.2.0:test
[DEBUG]   endProcessChildren: artifact=edu.stanford.nlp:stanford-corenlp:jar:models:3.8.0:test
[DEBUG]   testArtifact: artifact=edu.stanford.nlp:stanford-corenlp:jar:models-chinese:3.8.0:test
[DEBUG]   includeArtifact: artifact=edu.stanford.nlp:stanford-corenlp:jar:models-chinese:3.8.0:test
[DEBUG]   startProcessChildren: artifact=edu.stanford.nlp:stanford-corenlp:jar:models-chinese:3.8.0:test
[DEBUG]     testArtifact: artifact=com.apple:AppleJavaExtensions:jar:1.4:test
[DEBUG]     omitForNearer: omitted=com.apple:AppleJavaExtensions:jar:1.4:test kept=com.apple:AppleJavaExtensions:jar:1.4:test
[DEBUG]     testArtifact: artifact=de.jollyday:jollyday:jar:0.4.9:test
[DEBUG]     omitForNearer: omitted=de.jollyday:jollyday:jar:0.4.9:test kept=de.jollyday:jollyday:jar:0.4.9:test
[DEBUG]     testArtifact: artifact=org.apache.commons:commons-lang3:jar:3.3.1:test
[DEBUG]     updateScope: artifact=org.apache.commons:commons-lang3:jar:3.3.1:test, scope=compile
[DEBUG]     omitForNearer: omitted=org.apache.commons:commons-lang3:jar:3.3.1:compile kept=org.apache.commons:commons-lang3:jar:3.3.1:compile
[DEBUG]     testArtifact: artifact=org.apache.lucene:lucene-queryparser:jar:4.10.3:test
[DEBUG]     omitForNearer: omitted=org.apache.lucene:lucene-queryparser:jar:4.10.3:test kept=org.apache.lucene:lucene-queryparser:jar:4.10.3:test
[DEBUG]     testArtifact: artifact=org.apache.lucene:lucene-analyzers-common:jar:4.10.3:test
[DEBUG]     omitForNearer: omitted=org.apache.lucene:lucene-analyzers-common:jar:4.10.3:test kept=org.apache.lucene:lucene-analyzers-common:jar:4.10.3:test
[DEBUG]     testArtifact: artifact=org.apache.lucene:lucene-queries:jar:4.10.3:test
[DEBUG]     omitForNearer: omitted=org.apache.lucene:lucene-queries:jar:4.10.3:test kept=org.apache.lucene:lucene-queries:jar:4.10.3:test
[DEBUG]     testArtifact: artifact=org.apache.lucene:lucene-core:jar:4.10.3:test
[DEBUG]     omitForNearer: omitted=org.apache.lucene:lucene-core:jar:4.10.3:test kept=org.apache.lucene:lucene-core:jar:4.10.3:test
[DEBUG]     testArtifact: artifact=javax.servlet:javax.servlet-api:jar:3.0.1:test
[DEBUG]     omitForNearer: omitted=javax.servlet:javax.servlet-api:jar:3.0.1:test kept=javax.servlet:javax.servlet-api:jar:3.1.0:provided
[DEBUG]     testArtifact: artifact=com.io7m.xom:xom:jar:1.2.10:test
[DEBUG]     omitForNearer: omitted=com.io7m.xom:xom:jar:1.2.10:test kept=com.io7m.xom:xom:jar:1.2.10:test
[DEBUG]     testArtifact: artifact=joda-time:joda-time:jar:2.9.4:test
[DEBUG]     omitForNearer: omitted=joda-time:joda-time:jar:2.9.4:test kept=joda-time:joda-time:jar:2.8.1:compile
[DEBUG]     testArtifact: artifact=com.googlecode.efficient-java-matrix-library:ejml:jar:0.23:test
[DEBUG]     updateScope: artifact=com.googlecode.efficient-java-matrix-library:ejml:jar:0.23:test, scope=compile
[DEBUG]     omitForNearer: omitted=com.googlecode.efficient-java-matrix-library:ejml:jar:0.23:compile kept=com.googlecode.efficient-java-matrix-library:ejml:jar:0.23:compile
[DEBUG]     testArtifact: artifact=org.glassfish:javax.json:jar:1.0.4:test
[DEBUG]     omitForNearer: omitted=org.glassfish:javax.json:jar:1.0.4:test kept=org.glassfish:javax.json:jar:1.0.4:test
[DEBUG]     testArtifact: artifact=org.slf4j:slf4j-api:jar:1.7.12:test
[DEBUG]     omitForNearer: omitted=org.slf4j:slf4j-api:jar:1.7.12:test kept=org.slf4j:slf4j-api:jar:1.7.7:compile
[DEBUG]     testArtifact: artifact=com.google.protobuf:protobuf-java:jar:3.2.0:test
[DEBUG]     omitForNearer: omitted=com.google.protobuf:protobuf-java:jar:3.2.0:test kept=com.google.protobuf:protobuf-java:jar:3.2.0:test
[DEBUG]   endProcessChildren: artifact=edu.stanford.nlp:stanford-corenlp:jar:models-chinese:3.8.0:test
[DEBUG]   testArtifact: artifact=edu.stanford.nlp:stanford-corenlp:jar:models-english:3.8.0:test
[DEBUG]   includeArtifact: artifact=edu.stanford.nlp:stanford-corenlp:jar:models-english:3.8.0:test
[DEBUG]   startProcessChildren: artifact=edu.stanford.nlp:stanford-corenlp:jar:models-english:3.8.0:test
[DEBUG]     testArtifact: artifact=com.apple:AppleJavaExtensions:jar:1.4:test
[DEBUG]     omitForNearer: omitted=com.apple:AppleJavaExtensions:jar:1.4:test kept=com.apple:AppleJavaExtensions:jar:1.4:test
[DEBUG]     testArtifact: artifact=de.jollyday:jollyday:jar:0.4.9:test
[DEBUG]     omitForNearer: omitted=de.jollyday:jollyday:jar:0.4.9:test kept=de.jollyday:jollyday:jar:0.4.9:test
[DEBUG]     testArtifact: artifact=org.apache.commons:commons-lang3:jar:3.3.1:test
[DEBUG]     updateScope: artifact=org.apache.commons:commons-lang3:jar:3.3.1:test, scope=compile
[DEBUG]     omitForNearer: omitted=org.apache.commons:commons-lang3:jar:3.3.1:compile kept=org.apache.commons:commons-lang3:jar:3.3.1:compile
[DEBUG]     testArtifact: artifact=org.apache.lucene:lucene-queryparser:jar:4.10.3:test
[DEBUG]     omitForNearer: omitted=org.apache.lucene:lucene-queryparser:jar:4.10.3:test kept=org.apache.lucene:lucene-queryparser:jar:4.10.3:test
[DEBUG]     testArtifact: artifact=org.apache.lucene:lucene-analyzers-common:jar:4.10.3:test
[DEBUG]     omitForNearer: omitted=org.apache.lucene:lucene-analyzers-common:jar:4.10.3:test kept=org.apache.lucene:lucene-analyzers-common:jar:4.10.3:test
[DEBUG]     testArtifact: artifact=org.apache.lucene:lucene-queries:jar:4.10.3:test
[DEBUG]     omitForNearer: omitted=org.apache.lucene:lucene-queries:jar:4.10.3:test kept=org.apache.lucene:lucene-queries:jar:4.10.3:test
[DEBUG]     testArtifact: artifact=org.apache.lucene:lucene-core:jar:4.10.3:test
[DEBUG]     omitForNearer: omitted=org.apache.lucene:lucene-core:jar:4.10.3:test kept=org.apache.lucene:lucene-core:jar:4.10.3:test
[DEBUG]     testArtifact: artifact=javax.servlet:javax.servlet-api:jar:3.0.1:test
[DEBUG]     omitForNearer: omitted=javax.servlet:javax.servlet-api:jar:3.0.1:test kept=javax.servlet:javax.servlet-api:jar:3.1.0:provided
[DEBUG]     testArtifact: artifact=com.io7m.xom:xom:jar:1.2.10:test
[DEBUG]     omitForNearer: omitted=com.io7m.xom:xom:jar:1.2.10:test kept=com.io7m.xom:xom:jar:1.2.10:test
[DEBUG]     testArtifact: artifact=joda-time:joda-time:jar:2.9.4:test
[DEBUG]     omitForNearer: omitted=joda-time:joda-time:jar:2.9.4:test kept=joda-time:joda-time:jar:2.8.1:compile
[DEBUG]     testArtifact: artifact=com.googlecode.efficient-java-matrix-library:ejml:jar:0.23:test
[DEBUG]     updateScope: artifact=com.googlecode.efficient-java-matrix-library:ejml:jar:0.23:test, scope=compile
[DEBUG]     omitForNearer: omitted=com.googlecode.efficient-java-matrix-library:ejml:jar:0.23:compile kept=com.googlecode.efficient-java-matrix-library:ejml:jar:0.23:compile
[DEBUG]     testArtifact: artifact=org.glassfish:javax.json:jar:1.0.4:test
[DEBUG]     omitForNearer: omitted=org.glassfish:javax.json:jar:1.0.4:test kept=org.glassfish:javax.json:jar:1.0.4:test
[DEBUG]     testArtifact: artifact=org.slf4j:slf4j-api:jar:1.7.12:test
[DEBUG]     omitForNearer: omitted=org.slf4j:slf4j-api:jar:1.7.12:test kept=org.slf4j:slf4j-api:jar:1.7.7:compile
[DEBUG]     testArtifact: artifact=com.google.protobuf:protobuf-java:jar:3.2.0:test
[DEBUG]     omitForNearer: omitted=com.google.protobuf:protobuf-java:jar:3.2.0:test kept=com.google.protobuf:protobuf-java:jar:3.2.0:test
[DEBUG]   endProcessChildren: artifact=edu.stanford.nlp:stanford-corenlp:jar:models-english:3.8.0:test
[DEBUG]   testArtifact: artifact=edu.stanford.nlp:stanford-parser:jar:3.8.0:test
[DEBUG]   updateScopeCurrentPom: artifact=edu.stanford.nlp:stanford-parser:jar:3.8.0:test, scopeIgnored=compile
[DEBUG]   omitForNearer: omitted=edu.stanford.nlp:stanford-parser:jar:3.8.0:compile kept=edu.stanford.nlp:stanford-parser:jar:3.8.0:test
[DEBUG]   includeArtifact: artifact=edu.stanford.nlp:stanford-parser:jar:3.8.0:test
[DEBUG]   startProcessChildren: artifact=edu.stanford.nlp:stanford-parser:jar:3.8.0:test
[DEBUG]     testArtifact: artifact=com.googlecode.efficient-java-matrix-library:ejml:jar:0.23:test
[DEBUG]     includeArtifact: artifact=com.googlecode.efficient-java-matrix-library:ejml:jar:0.23:test
[DEBUG]     startProcessChildren: artifact=com.googlecode.efficient-java-matrix-library:ejml:jar:0.23:test
[DEBUG]     endProcessChildren: artifact=com.googlecode.efficient-java-matrix-library:ejml:jar:0.23:test
[DEBUG]     testArtifact: artifact=org.slf4j:slf4j-api:jar:1.7.12:test
[DEBUG]     omitForNearer: omitted=org.slf4j:slf4j-api:jar:1.7.12:test kept=org.slf4j:slf4j-api:jar:1.7.7:compile
[DEBUG]   endProcessChildren: artifact=edu.stanford.nlp:stanford-parser:jar:3.8.0:test
[DEBUG]   testArtifact: artifact=org.apache.commons:commons-math3:jar:3.6.1:compile
[DEBUG]   omitForNearer: omitted=org.apache.commons:commons-math3:jar:3.4.1:provided kept=org.apache.commons:commons-math3:jar:3.6.1:compile
[DEBUG]   includeArtifact: artifact=org.apache.commons:commons-math3:jar:3.6.1:compile
[DEBUG]   startProcessChildren: artifact=org.apache.commons:commons-math3:jar:3.6.1:compile
[DEBUG]   endProcessChildren: artifact=org.apache.commons:commons-math3:jar:3.6.1:compile
[DEBUG]   testArtifact: artifact=com.github.pathikrit:better-files_2.11:jar:3.4.0:compile
[DEBUG]   includeArtifact: artifact=com.github.pathikrit:better-files_2.11:jar:3.4.0:compile
[DEBUG]   startProcessChildren: artifact=com.github.pathikrit:better-files_2.11:jar:3.4.0:compile
[DEBUG]     testArtifact: artifact=org.scala-lang:scala-library:jar:2.11.12:compile
[DEBUG]     omitForNearer: omitted=org.scala-lang:scala-library:jar:2.11.12:compile kept=org.scala-lang:scala-library:jar:2.11.11:compile
[DEBUG]   endProcessChildren: artifact=com.github.pathikrit:better-files_2.11:jar:3.4.0:compile
[DEBUG] endProcessChildren: artifact=ikoda:ikodaSparse:jar:1.0.0
[DEBUG] checking [ikoda:ikodaSparse:jar:1.0.0] for scala version
[DEBUG] checking [org.scala-lang:scala-library:jar:2.11.11:compile] for scala version
[DEBUG] checking [org.scalatest:scalatest_2.11:jar:3.2.0-SNAP10:test] for scala version
[DEBUG] checking [org.scala-lang:scala-library:jar:2.11.12:test] for scala version
[WARNING]  Expected all dependencies to require Scala version: 2.11.11
[WARNING]  ikoda:ikodaSparse:1.0.0 requires scala version: 2.11.11
[WARNING]  org.scalatest:scalatest_2.11:3.2.0-SNAP10 requires scala version: 2.11.12
[WARNING] Multiple versions of scala libraries detected!
[DEBUG] C:\Users\jake\__workspace\scalaProjects\ikodaSparse\src\main\scala
[INFO] includes = [**/*.java,**/*.scala,]
[INFO] excludes = []
[INFO] C:\Users\jake\__workspace\scalaProjects\ikodaSparse\src\main\scala:-1: info: compiling
[INFO] Compiling 22 source files to C:\Users\jake\__workspace\scalaProjects\ikodaSparse\target\classes at 1529195166349
[DEBUG] use java command with args in file forced : false
[DEBUG] plugin jar to add :C:\Users\jake\.m2\repository\org\scala-tools\maven-scala-plugin\2.15.2\maven-scala-plugin-2.15.2.jar
[DEBUG] cmd:  C:\Program Files\Java\jdk1.8.0_161\jre\bin\java -classpath C:\Users\jake\.m2\repository\org\scala-lang\scala-library\2.11.11\scala-library-2.11.11.jar;C:\Users\jake\.m2\repository\org\scala-lang\scala-library\2.11.6\scala-library-2.11.6.jar;C:\Users\jake\.m2\repository\org\scala-lang\scala-compiler\2.11.11\scala-compiler-2.11.11.jar;C:\Users\jake\.m2\repository\org\scala-lang\scala-reflect\2.11.11\scala-reflect-2.11.11.jar;C:\Users\jake\.m2\repository\org\scala-lang\modules\scala-xml_2.11\1.0.5\scala-xml_2.11-1.0.5.jar;C:\Users\jake\.m2\repository\org\scala-lang\scala-library\2.11.7\scala-library-2.11.7.jar;C:\Users\jake\.m2\repository\org\scala-lang\modules\scala-parser-combinators_2.11\1.0.4\scala-parser-combinators_2.11-1.0.4.jar;C:\Users\jake\.m2\repository\org\scala-tools\maven-scala-plugin\2.15.2\maven-scala-plugin-2.15.2.jar -Xbootclasspath/a:C:\Users\jake\.m2\repository\org\scala-lang\scala-library\2.11.11\scala-library-2.11.11.jar org_scala_tools_maven_executions.MainWithArgsInFile scala.tools.nsc.Main C:\Users\jake\AppData\Local\Temp\scala-maven-5370989818766197580.args
[INFO] exception when typing scala.collection.mutable.HashMap.apply(immutable.this.Nil).toMap()/class scala.reflect.internal.Trees$Apply
[INFO] not enough arguments for method toMap: (ev: <:<)scala.collection.immutable.Map.
[INFO] Unspecified value parameter ev. in file C:\Users\jake\__workspace\scalaProjects\ikodaSparse\src\main\scala\ikoda\sparse\RDDLabeledPointTransformations.scala
[ERROR] not enough arguments for method toMap: (ev: <:<)scala.collection.immutable.Map.scala.reflect.internal.Types$TypeError: not enough arguments for method toMap: (ev: <:<)scala.collection.immutable.Map.
[INFO] Unspecified value parameter ev.
[ERROR] 	at scala.tools.nsc.typechecker.Contexts$ThrowingReporter.handleError(Contexts.scala:1402)
[INFO] 	at scala.tools.nsc.typechecker.Contexts$ContextReporter.issue(Contexts.scala:1254)
[INFO] 	at scala.tools.nsc.typechecker.Contexts$Context.issue(Contexts.scala:573)
[ERROR] 	at scala.tools.nsc.typechecker.Typers$Typer.scala$tools$nsc$typechecker$Typers$Typer$$duplErrorTree$1(Typers.scala:3213)
[INFO] 	at scala.tools.nsc.typechecker.Typers$Typer$$anonfun$tryNamesDefaults$1$4.apply(Typers.scala:3441)
[INFO] 	at scala.tools.nsc.typechecker.Typers$Typer$$anonfun$tryNamesDefaults$1$4.apply(Typers.scala:3441)
[INFO] 	at scala.reflect.internal.Trees$TreeContextApiImpl.orElse(Trees.scala:104)
[INFO] 	at scala.tools.nsc.typechecker.Typers$Typer.tryNamesDefaults$1(Typers.scala:3441)
[INFO] 	at scala.tools.nsc.typechecker.Typers$Typer.doTypedApply(Typers.scala:3452)
[INFO] 	at scala.tools.nsc.typechecker.Typers$Typer.normalTypedApply$1(Typers.scala:4580)
[INFO] 	at scala.tools.nsc.typechecker.Typers$Typer.typedApply$1(Typers.scala:4608)
[INFO] 	at scala.tools.nsc.typechecker.Typers$Typer.typedInAnyMode$1(Typers.scala:5370)
[INFO] 	at scala.tools.nsc.typechecker.Typers$Typer.typed1(Typers.scala:5387)
[INFO] 	at scala.tools.nsc.transform.Erasure$Eraser.typed1(Erasure.scala:712)
[INFO] 	at scala.tools.nsc.typechecker.Typers$Typer.runTyper$1(Typers.scala:5423)
[INFO] 	at scala.tools.nsc.typechecker.Typers$Typer.scala$tools$nsc$typechecker$Typers$Typer$$typedInternal(Typers.scala:5450)
[INFO] 	at scala.tools.nsc.typechecker.Typers$Typer.body$2(Typers.scala:5397)
[INFO] 	at scala.tools.nsc.typechecker.Typers$Typer.typed(Typers.scala:5401)
[INFO] 	at scala.tools.nsc.typechecker.Typers$Typer.transformedOrTyped(Typers.scala:5634)
[INFO] 	at scala.tools.nsc.typechecker.Typers$Typer.typedDefDef(Typers.scala:2203)
[INFO] 	at scala.tools.nsc.typechecker.Typers$Typer.typedMemberDef$1(Typers.scala:5335)
[INFO] 	at scala.tools.nsc.typechecker.Typers$Typer.typed1(Typers.scala:5386)
[INFO] 	at scala.tools.nsc.transform.Erasure$Eraser.typed1(Erasure.scala:712)
[INFO] 	at scala.tools.nsc.typechecker.Typers$Typer.runTyper$1(Typers.scala:5423)
[INFO] 	at scala.tools.nsc.typechecker.Typers$Typer.scala$tools$nsc$typechecker$Typers$Typer$$typedInternal(Typers.scala:5450)
[INFO] 	at scala.tools.nsc.typechecker.Typers$Typer.body$2(Typers.scala:5397)
[INFO] 	at scala.tools.nsc.typechecker.Typers$Typer.typed(Typers.scala:5401)
[INFO] 	at scala.tools.nsc.typechecker.Typers$Typer.typedByValueExpr(Typers.scala:5481)
[INFO] 	at scala.tools.nsc.typechecker.Typers$Typer.scala$tools$nsc$typechecker$Typers$Typer$$typedStat$1(Typers.scala:3042)
[INFO] 	at scala.tools.nsc.typechecker.Typers$Typer$$anonfun$65.apply(Typers.scala:3150)
[INFO] 	at scala.tools.nsc.typechecker.Typers$Typer$$anonfun$65.apply(Typers.scala:3150)
[INFO] 	at scala.collection.immutable.List.loop$1(List.scala:176)
[INFO] 	at scala.collection.immutable.List.mapConserve(List.scala:200)
[INFO] 	at scala.tools.nsc.typechecker.Typers$Typer.typedStats(Typers.scala:3150)
[INFO] 	at scala.tools.nsc.typechecker.Typers$Typer.typedTemplate(Typers.scala:1916)
[INFO] 	at scala.tools.nsc.typechecker.Typers$Typer.typedClassDef(Typers.scala:1757)
[INFO] 	at scala.tools.nsc.typechecker.Typers$Typer.typedMemberDef$1(Typers.scala:5336)
[INFO] 	at scala.tools.nsc.typechecker.Typers$Typer.typed1(Typers.scala:5386)
[INFO] 	at scala.tools.nsc.transform.Erasure$Eraser.typed1(Erasure.scala:712)
[INFO] 	at scala.tools.nsc.typechecker.Typers$Typer.runTyper$1(Typers.scala:5423)
[INFO] 	at scala.tools.nsc.typechecker.Typers$Typer.scala$tools$nsc$typechecker$Typers$Typer$$typedInternal(Typers.scala:5450)
[INFO] 	at scala.tools.nsc.typechecker.Typers$Typer.body$2(Typers.scala:5397)
[INFO] 	at scala.tools.nsc.typechecker.Typers$Typer.typed(Typers.scala:5401)
[INFO] 	at scala.tools.nsc.typechecker.Typers$Typer.typedByValueExpr(Typers.scala:5481)
[INFO] 	at scala.tools.nsc.typechecker.Typers$Typer.scala$tools$nsc$typechecker$Typers$Typer$$typedStat$1(Typers.scala:3042)
[INFO] 	at scala.tools.nsc.typechecker.Typers$Typer$$anonfun$65.apply(Typers.scala:3150)
[INFO] 	at scala.tools.nsc.typechecker.Typers$Typer$$anonfun$65.apply(Typers.scala:3150)
[INFO] 	at scala.collection.immutable.List.loop$1(List.scala:176)
[INFO] 	at scala.collection.immutable.List.mapConserve(List.scala:200)
[INFO] 	at scala.tools.nsc.typechecker.Typers$Typer.typedStats(Typers.scala:3150)
[INFO] 	at scala.tools.nsc.typechecker.Typers$Typer.typedPackageDef$1(Typers.scala:5042)
[INFO] 	at scala.tools.nsc.typechecker.Typers$Typer.typedMemberDef$1(Typers.scala:5339)
[INFO] 	at scala.tools.nsc.typechecker.Typers$Typer.typed1(Typers.scala:5386)
[INFO] 	at scala.tools.nsc.transform.Erasure$Eraser.typed1(Erasure.scala:712)
[INFO] 	at scala.tools.nsc.typechecker.Typers$Typer.runTyper$1(Typers.scala:5423)
[INFO] 	at scala.tools.nsc.typechecker.Typers$Typer.scala$tools$nsc$typechecker$Typers$Typer$$typedInternal(Typers.scala:5450)
[INFO] 	at scala.tools.nsc.typechecker.Typers$Typer.body$2(Typers.scala:5397)
[INFO] 	at scala.tools.nsc.typechecker.Typers$Typer.typed(Typers.scala:5401)
[INFO] 	at scala.tools.nsc.typechecker.Typers$Typer.typed(Typers.scala:5477)
[INFO] 	at scala.tools.nsc.transform.Erasure$ErasureTransformer$$anonfun$transform$2.apply(Erasure.scala:1182)
[INFO] 	at scala.tools.nsc.transform.Erasure$ErasureTransformer$$anonfun$transform$2.apply(Erasure.scala:1178)
[INFO] 	at scala.reflect.internal.SymbolTable.enteringPhase(SymbolTable.scala:235)
[INFO] 	at scala.reflect.internal.SymbolTable.exitingPhase(SymbolTable.scala:256)
[INFO] 	at scala.tools.nsc.transform.Erasure$ErasureTransformer.transform(Erasure.scala:1178)
[INFO] 	at scala.tools.nsc.transform.Erasure$ErasureTransformer.transform(Erasure.scala:759)
[INFO] 	at scala.tools.nsc.ast.Trees$Transformer.transformUnit(Trees.scala:147)
[INFO] 	at scala.tools.nsc.transform.Transform$Phase.apply(Transform.scala:30)
[INFO] 	at scala.tools.nsc.Global$GlobalPhase$$anonfun$applyPhase$1.apply$mcV$sp(Global.scala:467)
[INFO] 	at scala.tools.nsc.Global$GlobalPhase.withCurrentUnit(Global.scala:458)
[INFO] 	at scala.tools.nsc.Global$GlobalPhase.applyPhase(Global.scala:467)
[INFO] 	at scala.tools.nsc.Global$GlobalPhase$$anonfun$run$1.apply(Global.scala:425)
[INFO] 	at scala.tools.nsc.Global$GlobalPhase$$anonfun$run$1.apply(Global.scala:425)
[INFO] 	at scala.collection.Iterator$class.foreach(Iterator.scala:891)
[INFO] 	at scala.collection.AbstractIterator.foreach(Iterator.scala:1334)
[INFO] 	at scala.tools.nsc.Global$GlobalPhase.run(Global.scala:425)
[INFO] 	at scala.tools.nsc.Global$Run.compileUnitsInternal(Global.scala:1528)
[INFO] 	at scala.tools.nsc.Global$Run.compileUnits(Global.scala:1513)
[INFO] 	at scala.tools.nsc.Global$Run.compileSources(Global.scala:1508)
[INFO] 	at scala.tools.nsc.Global$Run.compile(Global.scala:1609)
[INFO] 	at scala.tools.nsc.Driver.doCompile(Driver.scala:32)
[INFO] 	at scala.tools.nsc.MainClass.doCompile(Main.scala:23)
[INFO] 	at scala.tools.nsc.Driver.process(Driver.scala:51)
[INFO] 	at scala.tools.nsc.Driver.main(Driver.scala:64)
[INFO] 	at scala.tools.nsc.Main.main(Main.scala)
[INFO] 	at sun.reflect.NativeMethodAccessorImpl.invoke0(Native Method)
[INFO] 	at sun.reflect.NativeMethodAccessorImpl.invoke(NativeMethodAccessorImpl.java:62)
[INFO] 	at sun.reflect.DelegatingMethodAccessorImpl.invoke(DelegatingMethodAccessorImpl.java:43)
[INFO] 	at java.lang.reflect.Method.invoke(Method.java:498)
[INFO] 	at org_scala_tools_maven_executions.MainHelper.runMain(MainHelper.java:161)
[INFO] 	at org_scala_tools_maven_executions.MainWithArgsInFile.main(MainWithArgsInFile.java:26)
[ERROR] error:
[ERROR]   unrecoverable error
[INFO]      while compiling: C:\Users\jake\__workspace\scalaProjects\ikodaSparse\src\main\scala\ikoda\sparse\RDDLabeledPointTransformations.scala
[INFO]         during phase: globalPhase=erasure, enteringPhase=posterasure
[INFO]      library version: version 2.11.11
[INFO]     compiler version: version 2.11.11
[INFO]   reconstructed args: -target:jvm-1.8 -classpath C:\Users\jake\__workspace\scalaProjects\ikodaSparse\target\classes;C:\Users\jake\.m2\repository\org\scala-lang\scala-library\2.11.11\scala-library-2.11.11.jar;C:\Users\jake\.m2\repository\org\scala-lang\modules\scala-xml_2.11\1.0.6\scala-xml_2.11-1.0.6.jar;C:\Users\jake\.m2\repository\org\clapper\grizzled-slf4j_2.11\1.3.1\grizzled-slf4j_2.11-1.3.1.jar;C:\Users\jake\.m2\repository\org\slf4j\slf4j-api\1.7.7\slf4j-api-1.7.7.jar;C:\Users\jake\.m2\repository\org\apache\spark\spark-sql_2.11\2.2.0\spark-sql_2.11-2.2.0.jar;C:\Users\jake\.m2\repository\com\univocity\univocity-parsers\2.2.1\univocity-parsers-2.2.1.jar;C:\Users\jake\.m2\repository\org\apache\spark\spark-sketch_2.11\2.2.0\spark-sketch_2.11-2.2.0.jar;C:\Users\jake\.m2\repository\org\apache\spark\spark-catalyst_2.11\2.2.0\spark-catalyst_2.11-2.2.0.jar;C:\Users\jake\.m2\repository\org\codehaus\janino\janino\3.0.0\janino-3.0.0.jar;C:\Users\jake\.m2\repository\org\codehaus\janino\commons-compiler\3.0.0\commons-compiler-3.0.0.jar;C:\Users\jake\.m2\repository\org\antlr\antlr4-runtime\4.5.3\antlr4-runtime-4.5.3.jar;C:\Users\jake\.m2\repository\commons-codec\commons-codec\1.10\commons-codec-1.10.jar;C:\Users\jake\.m2\repository\org\apache\spark\spark-tags_2.11\2.2.0\spark-tags_2.11-2.2.0.jar;C:\Users\jake\.m2\repository\org\apache\parquet\parquet-column\1.8.2\parquet-column-1.8.2.jar;C:\Users\jake\.m2\repository\org\apache\parquet\parquet-common\1.8.2\parquet-common-1.8.2.jar;C:\Users\jake\.m2\repository\org\apache\parquet\parquet-encoding\1.8.2\parquet-encoding-1.8.2.jar;C:\Users\jake\.m2\repository\org\apache\parquet\parquet-hadoop\1.8.2\parquet-hadoop-1.8.2.jar;C:\Users\jake\.m2\repository\org\apache\parquet\parquet-format\2.3.1\parquet-format-2.3.1.jar;C:\Users\jake\.m2\repository\org\apache\parquet\parquet-jackson\1.8.2\parquet-jackson-1.8.2.jar;C:\Users\jake\.m2\repository\org\codehaus\jackson\jackson-mapper-asl\1.9.11\jackson-mapper-asl-1.9.11.jar;C:\Users\jake\.m2\repository\org\codehaus\jackson\jackson-core-asl\1.9.11\jackson-core-asl-1.9.11.jar;C:\Users\jake\.m2\repository\com\fasterxml\jackson\core\jackson-databind\2.6.5\jackson-databind-2.6.5.jar;C:\Users\jake\.m2\repository\com\fasterxml\jackson\core\jackson-annotations\2.6.0\jackson-annotations-2.6.0.jar;C:\Users\jake\.m2\repository\com\fasterxml\jackson\core\jackson-core\2.6.5\jackson-core-2.6.5.jar;C:\Users\jake\.m2\repository\org\apache\xbean\xbean-asm5-shaded\4.4\xbean-asm5-shaded-4.4.jar;C:\Users\jake\.m2\repository\org\spark-project\spark\unused\1.0.0\unused-1.0.0.jar;C:\Users\jake\.m2\repository\org\apache\spark\spark-core_2.11\2.2.0\spark-core_2.11-2.2.0.jar;C:\Users\jake\.m2\repository\org\apache\avro\avro\1.7.7\avro-1.7.7.jar;C:\Users\jake\.m2\repository\org\apache\commons\commons-compress\1.4.1\commons-compress-1.4.1.jar;C:\Users\jake\.m2\repository\org\tukaani\xz\1.0\xz-1.0.jar;C:\Users\jake\.m2\repository\org\apache\avro\avro-mapred\1.7.7\avro-mapred-1.7.7-hadoop2.jar;C:\Users\jake\.m2\repository\org\apache\avro\avro-ipc\1.7.7\avro-ipc-1.7.7.jar;C:\Users\jake\.m2\repository\org\apache\avro\avro-ipc\1.7.7\avro-ipc-1.7.7-tests.jar;C:\Users\jake\.m2\repository\com\twitter\chill_2.11\0.8.0\chill_2.11-0.8.0.jar;C:\Users\jake\.m2\repository\com\esotericsoftware\kryo-shaded\3.0.3\kryo-shaded-3.0.3.jar;C:\Users\jake\.m2\repository\com\esotericsoftware\minlog\1.3.0\minlog-1.3.0.jar;C:\Users\jake\.m2\repository\org\objenesis\objenesis\2.1\objenesis-2.1.jar;C:\Users\jake\.m2\repository\com\twitter\chill-java\0.8.0\chill-java-0.8.0.jar;C:\Users\jake\.m2\repository\org\apache\hadoop\hadoop-client\2.6.5\hadoop-client-2.6.5.jar;C:\Users\jake\.m2\repository\org\apache\hadoop\hadoop-common\2.6.5\hadoop-common-2.6.5.jar;C:\Users\jake\.m2\repository\commons-cli\commons-cli\1.2\commons-cli-1.2.jar;C:\Users\jake\.m2\repository\xmlenc\xmlenc\0.52\xmlenc-0.52.jar;C:\Users\jake\.m2\repository\commons-httpclient\commons-httpclient\3.1\commons-httpclient-3.1.jar;C:\Users\jake\.m2\repository\commons-lang\commons-lang\2.6\commons-lang-2.6.jar;C:\Users\jake\.m2\repository\commons-configuration\commons-configuration\1.6\commons-configuration-1.6.jar;C:\Users\jake\.m2\repository\commons-digester\commons-digester\1.8\commons-digester-1.8.jar;C:\Users\jake\.m2\repository\commons-beanutils\commons-beanutils-core\1.8.0\commons-beanutils-core-1.8.0.jar;C:\Users\jake\.m2\repository\com\google\code\gson\gson\2.2.4\gson-2.2.4.jar;C:\Users\jake\.m2\repository\org\apache\hadoop\hadoop-auth\2.6.5\hadoop-auth-2.6.5.jar;C:\Users\jake\.m2\repository\org\apache\directory\server\apacheds-kerberos-codec\2.0.0-M15\apacheds-kerberos-codec-2.0.0-M15.jar;C:\Users\jake\.m2\repository\org\apache\directory\server\apacheds-i18n\2.0.0-M15\apacheds-i18n-2.0.0-M15.jar;C:\Users\jake\.m2\repository\org\apache\directory\api\api-asn1-api\1.0.0-M20\api-asn1-api-1.0.0-M20.jar;C:\Users\jake\.m2\repository\org\apache\directory\api\api-util\1.0.0-M20\api-util-1.0.0-M20.jar;C:\Users\jake\.m2\repository\org\apache\curator\curator-client\2.6.0\curator-client-2.6.0.jar;C:\Users\jake\.m2\repository\org\htrace\htrace-core\3.0.4\htrace-core-3.0.4.jar;C:\Users\jake\.m2\repository\org\apache\hadoop\hadoop-hdfs\2.6.5\hadoop-hdfs-2.6.5.jar;C:\Users\jake\.m2\repository\org\mortbay\jetty\jetty-util\6.1.26\jetty-util-6.1.26.jar;C:\Users\jake\.m2\repository\org\apache\hadoop\hadoop-mapreduce-client-app\2.6.5\hadoop-mapreduce-client-app-2.6.5.jar;C:\Users\jake\.m2\repository\org\apache\hadoop\hadoop-mapreduce-client-common\2.6.5\hadoop-mapreduce-client-common-2.6.5.jar;C:\Users\jake\.m2\repository\org\apache\hadoop\hadoop-yarn-client\2.6.5\hadoop-yarn-client-2.6.5.jar;C:\Users\jake\.m2\repository\org\apache\hadoop\hadoop-yarn-server-common\2.6.5\hadoop-yarn-server-common-2.6.5.jar;C:\Users\jake\.m2\repository\org\apache\hadoop\hadoop-mapreduce-client-shuffle\2.6.5\hadoop-mapreduce-client-shuffle-2.6.5.jar;C:\Users\jake\.m2\repository\org\apache\hadoop\hadoop-yarn-api\2.6.5\hadoop-yarn-api-2.6.5.jar;C:\Users\jake\.m2\repository\org\apache\hadoop\hadoop-mapreduce-client-core\2.6.5\hadoop-mapreduce-client-core-2.6.5.jar;C:\Users\jake\.m2\repository\org\apache\hadoop\hadoop-yarn-common\2.6.5\hadoop-yarn-common-2.6.5.jar;C:\Users\jake\.m2\repository\org\codehaus\jackson\jackson-jaxrs\1.9.13\jackson-jaxrs-1.9.13.jar;C:\Users\jake\.m2\repository\org\codehaus\jackson\jackson-xc\1.9.13\jackson-xc-1.9.13.jar;C:\Users\jake\.m2\repository\org\apache\hadoop\hadoop-mapreduce-client-jobclient\2.6.5\hadoop-mapreduce-client-jobclient-2.6.5.jar;C:\Users\jake\.m2\repository\org\apache\hadoop\hadoop-annotations\2.6.5\hadoop-annotations-2.6.5.jar;C:\Users\jake\.m2\repository\org\apache\spark\spark-launcher_2.11\2.2.0\spark-launcher_2.11-2.2.0.jar;C:\Users\jake\.m2\repository\org\apache\spark\spark-network-common_2.11\2.2.0\spark-network-common_2.11-2.2.0.jar;C:\Users\jake\.m2\repository\org\fusesource\leveldbjni\leveldbjni-all\1.8\leveldbjni-all-1.8.jar;C:\Users\jake\.m2\repository\org\apache\spark\spark-network-shuffle_2.11\2.2.0\spark-network-shuffle_2.11-2.2.0.jar;C:\Users\jake\.m2\repository\org\apache\spark\spark-unsafe_2.11\2.2.0\spark-unsafe_2.11-2.2.0.jar;C:\Users\jake\.m2\repository\net\java\dev\jets3t\jets3t\0.9.3\jets3t-0.9.3.jar;C:\Users\jake\.m2\repository\org\apache\httpcomponents\httpcore\4.3.3\httpcore-4.3.3.jar;C:\Users\jake\.m2\repository\javax\activation\activation\1.1.1\activation-1.1.1.jar;C:\Users\jake\.m2\repository\mx4j\mx4j\3.0.2\mx4j-3.0.2.jar;C:\Users\jake\.m2\repository\javax\mail\mail\1.4.7\mail-1.4.7.jar;C:\Users\jake\.m2\repository\org\bouncycastle\bcprov-jdk15on\1.51\bcprov-jdk15on-1.51.jar;C:\Users\jake\.m2\repository\com\jamesmurty\utils\java-xmlbuilder\1.0\java-xmlbuilder-1.0.jar;C:\Users\jake\.m2\repository\net\iharder\base64\2.3.8\base64-2.3.8.jar;C:\Users\jake\.m2\repository\org\apache\curator\curator-recipes\2.6.0\curator-recipes-2.6.0.jar;C:\Users\jake\.m2\repository\org\apache\curator\curator-framework\2.6.0\curator-framework-2.6.0.jar;C:\Users\jake\.m2\repository\org\apache\zookeeper\zookeeper\3.4.6\zookeeper-3.4.6.jar;C:\Users\jake\.m2\repository\javax\servlet\javax.servlet-api\3.1.0\javax.servlet-api-3.1.0.jar;C:\Users\jake\.m2\repository\org\apache\commons\commons-lang3\3.5\commons-lang3-3.5.jar;C:\Users\jake\.m2\repository\com\google\code\findbugs\jsr305\1.3.9\jsr305-1.3.9.jar;C:\Users\jake\.m2\repository\org\slf4j\jul-to-slf4j\1.7.16\jul-to-slf4j-1.7.16.jar;C:\Users\jake\.m2\repository\org\slf4j\jcl-over-slf4j\1.7.16\jcl-over-slf4j-1.7.16.jar;C:\Users\jake\.m2\repository\log4j\log4j\1.2.17\log4j-1.2.17.jar;C:\Users\jake\.m2\repository\org\slf4j\slf4j-log4j12\1.7.16\slf4j-log4j12-1.7.16.jar;C:\Users\jake\.m2\repository\com\ning\compress-lzf\1.0.3\compress-lzf-1.0.3.jar;C:\Users\jake\.m2\repository\org\xerial\snappy\snappy-java\1.1.2.6\snappy-java-1.1.2.6.jar;C:\Users\jake\.m2\repository\net\jpountz\lz4\lz4\1.3.0\lz4-1.3.0.jar;C:\Users\jake\.m2\repository\org\roaringbitmap\RoaringBitmap\0.5.11\RoaringBitmap-0.5.11.jar;C:\Users\jake\.m2\repository\commons-net\commons-net\2.2\commons-net-2.2.jar;C:\Users\jake\.m2\repository\org\json4s\json4s-jackson_2.11\3.2.11\json4s-jackson_2.11-3.2.11.jar;C:\Users\jake\.m2\repository\org\json4s\json4s-core_2.11\3.2.11\json4s-core_2.11-3.2.11.jar;C:\Users\jake\.m2\repository\org\json4s\json4s-ast_2.11\3.2.11\json4s-ast_2.11-3.2.11.jar;C:\Users\jake\.m2\repository\org\scala-lang\scalap\2.11.0\scalap-2.11.0.jar;C:\Users\jake\.m2\repository\org\scala-lang\scala-compiler\2.11.0\scala-compiler-2.11.0.jar;C:\Users\jake\.m2\repository\org\scala-lang\modules\scala-parser-combinators_2.11\1.0.1\scala-parser-combinators_2.11-1.0.1.jar;C:\Users\jake\.m2\repository\org\glassfish\jersey\core\jersey-client\2.22.2\jersey-client-2.22.2.jar;C:\Users\jake\.m2\repository\javax\ws\rs\javax.ws.rs-api\2.0.1\javax.ws.rs-api-2.0.1.jar;C:\Users\jake\.m2\repository\org\glassfish\hk2\hk2-api\2.4.0-b34\hk2-api-2.4.0-b34.jar;C:\Users\jake\.m2\repository\org\glassfish\hk2\hk2-utils\2.4.0-b34\hk2-utils-2.4.0-b34.jar;C:\Users\jake\.m2\repository\org\glassfish\hk2\external\aopalliance-repackaged\2.4.0-b34\aopalliance-repackaged-2.4.0-b34.jar;C:\Users\jake\.m2\repository\org\glassfish\hk2\external\javax.inject\2.4.0-b34\javax.inject-2.4.0-b34.jar;C:\Users\jake\.m2\repository\org\glassfish\hk2\hk2-locator\2.4.0-b34\hk2-locator-2.4.0-b34.jar;C:\Users\jake\.m2\repository\org\javassist\javassist\3.18.1-GA\javassist-3.18.1-GA.jar;C:\Users\jake\.m2\repository\org\glassfish\jersey\core\jersey-common\2.22.2\jersey-common-2.22.2.jar;C:\Users\jake\.m2\repository\javax\annotation\javax.annotation-api\1.2\javax.annotation-api-1.2.jar;C:\Users\jake\.m2\repository\org\glassfish\jersey\bundles\repackaged\jersey-guava\2.22.2\jersey-guava-2.22.2.jar;C:\Users\jake\.m2\repository\org\glassfish\hk2\osgi-resource-locator\1.0.1\osgi-resource-locator-1.0.1.jar;C:\Users\jake\.m2\repository\org\glassfish\jersey\core\jersey-server\2.22.2\jersey-server-2.22.2.jar;C:\Users\jake\.m2\repository\org\glassfish\jersey\media\jersey-media-jaxb\2.22.2\jersey-media-jaxb-2.22.2.jar;C:\Users\jake\.m2\repository\javax\validation\validation-api\1.1.0.Final\validation-api-1.1.0.Final.jar;C:\Users\jake\.m2\repository\org\glassfish\jersey\containers\jersey-container-servlet\2.22.2\jersey-container-servlet-2.22.2.jar;C:\Users\jake\.m2\repository\org\glassfish\jersey\containers\jersey-container-servlet-core\2.22.2\jersey-container-servlet-core-2.22.2.jar;C:\Users\jake\.m2\repository\io\netty\netty-all\4.0.43.Final\netty-all-4.0.43.Final.jar;C:\Users\jake\.m2\repository\io\netty\netty\3.9.9.Final\netty-3.9.9.Final.jar;C:\Users\jake\.m2\repository\com\clearspring\analytics\stream\2.7.0\stream-2.7.0.jar;C:\Users\jake\.m2\repository\io\dropwizard\metrics\metrics-core\3.1.2\metrics-core-3.1.2.jar;C:\Users\jake\.m2\repository\io\dropwizard\metrics\metrics-jvm\3.1.2\metrics-jvm-3.1.2.jar;C:\Users\jake\.m2\repository\io\dropwizard\metrics\metrics-json\3.1.2\metrics-json-3.1.2.jar;C:\Users\jake\.m2\repository\io\dropwizard\metrics\metrics-graphite\3.1.2\metrics-graphite-3.1.2.jar;C:\Users\jake\.m2\repository\com\fasterxml\jackson\module\jackson-module-scala_2.11\2.6.5\jackson-module-scala_2.11-2.6.5.jar;C:\Users\jake\.m2\repository\com\fasterxml\jackson\module\jackson-module-paranamer\2.6.5\jackson-module-paranamer-2.6.5.jar;C:\Users\jake\.m2\repository\org\apache\ivy\ivy\2.4.0\ivy-2.4.0.jar;C:\Users\jake\.m2\repository\oro\oro\2.0.8\oro-2.0.8.jar;C:\Users\jake\.m2\repository\net\razorvine\pyrolite\4.13\pyrolite-4.13.jar;C:\Users\jake\.m2\repository\net\sf\py4j\py4j\0.10.4\py4j-0.10.4.jar;C:\Users\jake\.m2\repository\org\apache\commons\commons-crypto\1.0.0\commons-crypto-1.0.0.jar;C:\Users\jake\.m2\repository\org\scala-lang\scala-reflect\2.11.12\scala-reflect-2.11.12.jar;C:\Users\jake\.m2\repository\com\google\guava\guava\15.0\guava-15.0.jar;C:\Users\jake\.m2\repository\org\apache\spark\spark-streaming_2.11\2.2.0\spark-streaming_2.11-2.2.0.jar;C:\Users\jake\.m2\repository\org\apache\spark\spark-mllib_2.11\2.2.0\spark-mllib_2.11-2.2.0.jar;C:\Users\jake\.m2\repository\org\apache\spark\spark-mllib-local_2.11\2.2.0\spark-mllib-local_2.11-2.2.0.jar;C:\Users\jake\.m2\repository\org\scalanlp\breeze_2.11\0.13.1\breeze_2.11-0.13.1.jar;C:\Users\jake\.m2\repository\org\scalanlp\breeze-macros_2.11\0.13.1\breeze-macros_2.11-0.13.1.jar;C:\Users\jake\.m2\repository\net\sf\opencsv\opencsv\2.3\opencsv-2.3.jar;C:\Users\jake\.m2\repository\com\github\rwl\jtransforms\2.4.0\jtransforms-2.4.0.jar;C:\Users\jake\.m2\repository\org\spire-math\spire_2.11\0.13.0\spire_2.11-0.13.0.jar;C:\Users\jake\.m2\repository\org\spire-math\spire-macros_2.11\0.13.0\spire-macros_2.11-0.13.0.jar;C:\Users\jake\.m2\repository\org\typelevel\machinist_2.11\0.6.1\machinist_2.11-0.6.1.jar;C:\Users\jake\.m2\repository\com\chuusai\shapeless_2.11\2.3.2\shapeless_2.11-2.3.2.jar;C:\Users\jake\.m2\repository\org\typelevel\macro-compat_2.11\1.1.1\macro-compat_2.11-1.1.1.jar;C:\Users\jake\.m2\repository\org\jpmml\pmml-model\1.2.15\pmml-model-1.2.15.jar;C:\Users\jake\.m2\repository\org\jpmml\pmml-schema\1.2.15\pmml-schema-1.2.15.jar;C:\Users\jake\.m2\repository\org\apache\spark\spark-graphx_2.11\2.2.0\spark-graphx_2.11-2.2.0.jar;C:\Users\jake\.m2\repository\com\github\fommil\netlib\core\1.1.2\core-1.1.2.jar;C:\Users\jake\.m2\repository\net\sourceforge\f2j\arpack_combined_all\0.1\arpack_combined_all-0.1.jar;C:\Users\jake\.m2\repository\com\typesafe\config\1.3.2\config-1.3.2.jar;C:\Users\jake\.m2\repository\org\json4s\json4s-core_2.12\3.6.0-M4\json4s-core_2.12-3.6.0-M4.jar;C:\Users\jake\.m2\repository\org\json4s\json4s-ast_2.12\3.6.0-M4\json4s-ast_2.12-3.6.0-M4.jar;C:\Users\jake\.m2\repository\org\json4s\json4s-scalap_2.12\3.6.0-M4\json4s-scalap_2.12-3.6.0-M4.jar;C:\Users\jake\.m2\repository\com\thoughtworks\paranamer\paranamer\2.8\paranamer-2.8.jar;C:\Users\jake\.m2\repository\com\github\scopt\scopt_2.10\3.2.0\scopt_2.10-3.2.0.jar;C:\Users\jake\.m2\repository\ikoda\ikoda-utils\0.0.1-SNAPSHOT\ikoda-utils-0.0.1-SNAPSHOT.jar;C:\Users\jake\.m2\repository\org\apache\logging\log4j\log4j-core\2.8.2\log4j-core-2.8.2.jar;C:\Users\jake\.m2\repository\org\apache\logging\log4j\log4j-api\2.8.2\log4j-api-2.8.2.jar;C:\Users\jake\.m2\repository\org\springframework\spring-beans\4.2.4.RELEASE\spring-beans-4.2.4.RELEASE.jar;C:\Users\jake\.m2\repository\net\sourceforge\htmlunit\htmlunit\2.22\htmlunit-2.22.jar;C:\Users\jake\.m2\repository\xalan\xalan\2.7.2\xalan-2.7.2.jar;C:\Users\jake\.m2\repository\xalan\serializer\2.7.2\serializer-2.7.2.jar;C:\Users\jake\.m2\repository\org\apache\httpcomponents\httpmime\4.5.2\httpmime-4.5.2.jar;C:\Users\jake\.m2\repository\net\sourceforge\htmlunit\htmlunit-core-js\2.22\htmlunit-core-js-2.22.jar;C:\Users\jake\.m2\repository\net\sourceforge\htmlunit\neko-htmlunit\2.21\neko-htmlunit-2.21.jar;C:\Users\jake\.m2\repository\net\sourceforge\cssparser\cssparser\0.9.19\cssparser-0.9.19.jar;C:\Users\jake\.m2\repository\org\w3c\css\sac\1.3\sac-1.3.jar;C:\Users\jake\.m2\repository\commons-io\commons-io\2.5\commons-io-2.5.jar;C:\Users\jake\.m2\repository\commons-logging\commons-logging\1.2\commons-logging-1.2.jar;C:\Users\jake\.m2\repository\org\eclipse\jetty\websocket\websocket-client\9.2.17.v20160517\websocket-client-9.2.17.v20160517.jar;C:\Users\jake\.m2\repository\org\eclipse\jetty\jetty-util\9.2.17.v20160517\jetty-util-9.2.17.v20160517.jar;C:\Users\jake\.m2\repository\org\eclipse\jetty\jetty-io\9.2.17.v20160517\jetty-io-9.2.17.v20160517.jar;C:\Users\jake\.m2\repository\org\eclipse\jetty\websocket\websocket-common\9.2.17.v20160517\websocket-common-9.2.17.v20160517.jar;C:\Users\jake\.m2\repository\org\eclipse\jetty\websocket\websocket-api\9.2.17.v20160517\websocket-api-9.2.17.v20160517.jar;C:\Users\jake\.m2\repository\org\springframework\spring-web\4.2.4.RELEASE\spring-web-4.2.4.RELEASE.jar;C:\Users\jake\.m2\repository\org\springframework\spring-aop\4.2.4.RELEASE\spring-aop-4.2.4.RELEASE.jar;C:\Users\jake\.m2\repository\aopalliance\aopalliance\1.0\aopalliance-1.0.jar;C:\Users\jake\.m2\repository\org\springframework\spring-context\4.2.4.RELEASE\spring-context-4.2.4.RELEASE.jar;C:\Users\jake\.m2\repository\org\springframework\spring-expression\4.2.4.RELEASE\spring-expression-4.2.4.RELEASE.jar;C:\Users\jake\.m2\repository\org\springframework\integration\spring-integration-mail\4.2.5.RELEASE\spring-integration-mail-4.2.5.RELEASE.jar;C:\Users\jake\.m2\repository\org\springframework\integration\spring-integration-core\4.2.5.RELEASE\spring-integration-core-4.2.5.RELEASE.jar;C:\Users\jake\.m2\repository\org\springframework\retry\spring-retry\1.1.2.RELEASE\spring-retry-1.1.2.RELEASE.jar;C:\Users\jake\.m2\repository\org\springframework\spring-messaging\4.2.4.RELEASE\spring-messaging-4.2.4.RELEASE.jar;C:\Users\jake\.m2\repository\org\springframework\spring-context-support\4.2.4.RELEASE\spring-context-support-4.2.4.RELEASE.jar;C:\Users\jake\.m2\repository\javax\mail\javax.mail-api\1.5.5\javax.mail-api-1.5.5.jar;C:\Users\jake\.m2\repository\com\sun\mail\javax.mail\1.5.5\javax.mail-1.5.5.jar;C:\Users\jake\.m2\repository\org\apache\commons\commons-csv\1.5\commons-csv-1.5.jar;C:\Users\jake\.m2\repository\org\apache\httpcomponents\httpclient\4.5.5\httpclient-4.5.5.jar;C:\Users\jake\.m2\repository\ikoda\ikodatext-textAnalysis\0.0.1-SNAPSHOT\ikodatext-textAnalysis-0.0.1-SNAPSHOT.jar;C:\Users\jake\.m2\repository\org\springframework\spring-core\4.2.4.RELEASE\spring-core-4.2.4.RELEASE.jar;C:\Users\jake\.m2\repository\com\googlecode\json-simple\json-simple\1.1.1\json-simple-1.1.1.jar;C:\Users\jake\.m2\repository\joda-time\joda-time\2.8.1\joda-time-2.8.1.jar;C:\Users\jake\.m2\repository\ikoda\ikodatext-netio\0.0.1-SNAPSHOT\ikodatext-netio-0.0.1-SNAPSHOT.jar;C:\Users\jake\.m2\repository\org\jsoup\jsoup\1.9.2\jsoup-1.9.2.jar;C:\Users\jake\.m2\repository\ikoda\ikodatext-fileio\0.0.1-SNAPSHOT\ikodatext-fileio-0.0.1-SNAPSHOT.jar;C:\Users\jake\.m2\repository\com\itextpdf\itextpdf\5.5.11\itextpdf-5.5.11.jar;C:\Users\jake\.m2\repository\com\itextpdf\itext-pdfa\5.5.11\itext-pdfa-5.5.11.jar;C:\Users\jake\.m2\repository\com\itextpdf\itext-xtra\5.5.11\itext-xtra-5.5.11.jar;C:\Users\jake\.m2\repository\org\apache\commons\commons-imaging\1.0-SNAPSHOT\commons-imaging-1.0-SNAPSHOT.jar;C:\Users\jake\.m2\repository\com\itextpdf\tool\xmlworker\5.5.11\xmlworker-5.5.11.jar;C:\Users\jake\.m2\repository\org\bouncycastle\bcpkix-jdk15on\1.49\bcpkix-jdk15on-1.49.jar;C:\Users\jake\.m2\repository\ikoda\ikodatext-persistence\0.0.1-SNAPSHOT\ikodatext-persistence-0.0.1-SNAPSHOT.jar;C:\Users\jake\.m2\repository\org\springframework\spring-tx\4.2.4.RELEASE\spring-tx-4.2.4.RELEASE.jar;C:\Users\jake\.m2\repository\org\springframework\spring-orm\4.2.4.RELEASE\spring-orm-4.2.4.RELEASE.jar;C:\Users\jake\.m2\repository\org\springframework\spring-jdbc\4.2.4.RELEASE\spring-jdbc-4.2.4.RELEASE.jar;C:\Users\jake\.m2\repository\org\postgresql\postgresql\42.2.2\postgresql-42.2.2.jar;C:\Users\jake\.m2\repository\org\hibernate\hibernate-c3p0\5.2.12.Final\hibernate-c3p0-5.2.12.Final.jar;C:\Users\jake\.m2\repository\com\mchange\c3p0\0.9.5.2\c3p0-0.9.5.2.jar;C:\Users\jake\.m2\repository\com\mchange\mchange-commons-java\0.2.11\mchange-commons-java-0.2.11.jar;C:\Users\jake\.m2\repository\ikoda\rbridge\1.0-SNAPSHOT\rbridge-1.0-SNAPSHOT.jar;C:\Users\jake\.m2\repository\org\ddahl\rscala_2.12\2.3.1\rscala_2.12-2.3.1.jar;C:\Users\jake\.m2\repository\com\datastax\spark\spark-cassandra-connector_2.11\2.0.7\spark-cassandra-connector_2.11-2.0.7.jar;C:\Users\jake\.m2\repository\com\twitter\jsr166e\1.1.0\jsr166e-1.1.0.jar;C:\Users\jake\.m2\repository\commons-beanutils\commons-beanutils\1.9.3\commons-beanutils-1.9.3.jar;C:\Users\jake\.m2\repository\commons-collections\commons-collections\3.2.2\commons-collections-3.2.2.jar;C:\Users\jake\.m2\repository\org\joda\joda-convert\1.2\joda-convert-1.2.jar;C:\Users\jake\.m2\repository\javax\xml\bind\jaxb-api\2.2.7\jaxb-api-2.2.7.jar;C:\Users\jake\.m2\repository\xml-apis\xml-apis\1.3.03\xml-apis-1.3.03.jar;C:\Users\jake\.m2\repository\xerces\xercesImpl\2.8.0\xercesImpl-2.8.0.jar;C:\Users\jake\.m2\repository\com\google\protobuf\protobuf-java\3.2.0\protobuf-java-3.2.0.jar;C:\Users\jake\.m2\repository\org\apache\commons\commons-math3\3.6.1\commons-math3-3.6.1.jar;C:\Users\jake\.m2\repository\com\github\pathikrit\better-files_2.11\3.4.0\better-files_2.11-3.4.0.jar -d C:\Users\jake\__workspace\scalaProjects\ikodaSparse\target\classes
[INFO]   reconstructed args: -target:jvm-1.8 -classpath C:\Users\jake\__workspace\scalaProjects\ikodaSparse\target\classes;C:\Users\jake\.m2\repository\org\scala-lang\scala-library\2.11.11\scala-library-2.11.11.jar;C:\Users\jake\.m2\repository\org\scala-lang\modules\scala-xml_2.11\1.0.6\scala-xml_2.11-1.0.6.jar;C:\Users\jake\.m2\repository\org\clapper\grizzled-slf4j_2.11\1.3.1\grizzled-slf4j_2.11-1.3.1.jar;C:\Users\jake\.m2\repository\org\slf4j\slf4j-api\1.7.7\slf4j-api-1.7.7.jar;C:\Users\jake\.m2\repository\org\apache\spark\spark-sql_2.11\2.2.0\spark-sql_2.11-2.2.0.jar;C:\Users\jake\.m2\repository\com\univocity\univocity-parsers\2.2.1\univocity-parsers-2.2.1.jar;C:\Users\jake\.m2\repository\org\apache\spark\spark-sketch_2.11\2.2.0\spark-sketch_2.11-2.2.0.jar;C:\Users\jake\.m2\repository\org\apache\spark\spark-catalyst_2.11\2.2.0\spark-catalyst_2.11-2.2.0.jar;C:\Users\jake\.m2\repository\org\codehaus\janino\janino\3.0.0\janino-3.0.0.jar;C:\Users\jake\.m2\repository\org\codehaus\janino\commons-compiler\3.0.0\commons-compiler-3.0.0.jar;C:\Users\jake\.m2\repository\org\antlr\antlr4-runtime\4.5.3\antlr4-runtime-4.5.3.jar;C:\Users\jake\.m2\repository\commons-codec\commons-codec\1.10\commons-codec-1.10.jar;C:\Users\jake\.m2\repository\org\apache\spark\spark-tags_2.11\2.2.0\spark-tags_2.11-2.2.0.jar;C:\Users\jake\.m2\repository\org\apache\parquet\parquet-column\1.8.2\parquet-column-1.8.2.jar;C:\Users\jake\.m2\repository\org\apache\parquet\parquet-common\1.8.2\parquet-common-1.8.2.jar;C:\Users\jake\.m2\repository\org\apache\parquet\parquet-encoding\1.8.2\parquet-encoding-1.8.2.jar;C:\Users\jake\.m2\repository\org\apache\parquet\parquet-hadoop\1.8.2\parquet-hadoop-1.8.2.jar;C:\Users\jake\.m2\repository\org\apache\parquet\parquet-format\2.3.1\parquet-format-2.3.1.jar;C:\Users\jake\.m2\repository\org\apache\parquet\parquet-jackson\1.8.2\parquet-jackson-1.8.2.jar;C:\Users\jake\.m2\repository\org\codehaus\jackson\jackson-mapper-asl\1.9.11\jackson-mapper-asl-1.9.11.jar;C:\Users\jake\.m2\repository\org\codehaus\jackson\jackson-core-asl\1.9.11\jackson-core-asl-1.9.11.jar;C:\Users\jake\.m2\repository\com\fasterxml\jackson\core\jackson-databind\2.6.5\jackson-databind-2.6.5.jar;C:\Users\jake\.m2\repository\com\fasterxml\jackson\core\jackson-annotations\2.6.0\jackson-annotations-2.6.0.jar;C:\Users\jake\.m2\repository\com\fasterxml\jackson\core\jackson-core\2.6.5\jackson-core-2.6.5.jar;C:\Users\jake\.m2\repository\org\apache\xbean\xbean-asm5-shaded\4.4\xbean-asm5-shaded-4.4.jar;C:\Users\jake\.m2\repository\org\spark-project\spark\unused\1.0.0\unused-1.0.0.jar;C:\Users\jake\.m2\repository\org\apache\spark\spark-core_2.11\2.2.0\spark-core_2.11-2.2.0.jar;C:\Users\jake\.m2\repository\org\apache\avro\avro\1.7.7\avro-1.7.7.jar;C:\Users\jake\.m2\repository\org\apache\commons\commons-compress\1.4.1\commons-compress-1.4.1.jar;C:\Users\jake\.m2\repository\org\tukaani\xz\1.0\xz-1.0.jar;C:\Users\jake\.m2\repository\org\apache\avro\avro-mapred\1.7.7\avro-mapred-1.7.7-hadoop2.jar;C:\Users\jake\.m2\repository\org\apache\avro\avro-ipc\1.7.7\avro-ipc-1.7.7.jar;C:\Users\jake\.m2\repository\org\apache\avro\avro-ipc\1.7.7\avro-ipc-1.7.7-tests.jar;C:\Users\jake\.m2\repository\com\twitter\chill_2.11\0.8.0\chill_2.11-0.8.0.jar;C:\Users\jake\.m2\repository\com\esotericsoftware\kryo-shaded\3.0.3\kryo-shaded-3.0.3.jar;C:\Users\jake\.m2\repository\com\esotericsoftware\minlog\1.3.0\minlog-1.3.0.jar;C:\Users\jake\.m2\repository\org\objenesis\objenesis\2.1\objenesis-2.1.jar;C:\Users\jake\.m2\repository\com\twitter\chill-java\0.8.0\chill-java-0.8.0.jar;C:\Users\jake\.m2\repository\org\apache\hadoop\hadoop-client\2.6.5\hadoop-client-2.6.5.jar;C:\Users\jake\.m2\repository\org\apache\hadoop\hadoop-common\2.6.5\hadoop-common-2.6.5.jar;C:\Users\jake\.m2\repository\commons-cli\commons-cli\1.2\commons-cli-1.2.jar;C:\Users\jake\.m2\repository\xmlenc\xmlenc\0.52\xmlenc-0.52.jar;C:\Users\jake\.m2\repository\commons-httpclient\commons-httpclient\3.1\commons-httpclient-3.1.jar;C:\Users\jake\.m2\repository\commons-lang\commons-lang\2.6\commons-lang-2.6.jar;C:\Users\jake\.m2\repository\commons-configuration\commons-configuration\1.6\commons-configuration-1.6.jar;C:\Users\jake\.m2\repository\commons-digester\commons-digester\1.8\commons-digester-1.8.jar;C:\Users\jake\.m2\repository\commons-beanutils\commons-beanutils-core\1.8.0\commons-beanutils-core-1.8.0.jar;C:\Users\jake\.m2\repository\com\google\code\gson\gson\2.2.4\gson-2.2.4.jar;C:\Users\jake\.m2\repository\org\apache\hadoop\hadoop-auth\2.6.5\hadoop-auth-2.6.5.jar;C:\Users\jake\.m2\repository\org\apache\directory\server\apacheds-kerberos-codec\2.0.0-M15\apacheds-kerberos-codec-2.0.0-M15.jar;C:\Users\jake\.m2\repository\org\apache\directory\server\apacheds-i18n\2.0.0-M15\apacheds-i18n-2.0.0-M15.jar;C:\Users\jake\.m2\repository\org\apache\directory\api\api-asn1-api\1.0.0-M20\api-asn1-api-1.0.0-M20.jar;C:\Users\jake\.m2\repository\org\apache\directory\api\api-util\1.0.0-M20\api-util-1.0.0-M20.jar;C:\Users\jake\.m2\repository\org\apache\curator\curator-client\2.6.0\curator-client-2.6.0.jar;C:\Users\jake\.m2\repository\org\htrace\htrace-core\3.0.4\htrace-core-3.0.4.jar;C:\Users\jake\.m2\repository\org\apache\hadoop\hadoop-hdfs\2.6.5\hadoop-hdfs-2.6.5.jar;C:\Users\jake\.m2\repository\org\mortbay\jetty\jetty-util\6.1.26\jetty-util-6.1.26.jar;C:\Users\jake\.m2\repository\org\apache\hadoop\hadoop-mapreduce-client-app\2.6.5\hadoop-mapreduce-client-app-2.6.5.jar;C:\Users\jake\.m2\repository\org\apache\hadoop\hadoop-mapreduce-client-common\2.6.5\hadoop-mapreduce-client-common-2.6.5.jar;C:\Users\jake\.m2\repository\org\apache\hadoop\hadoop-yarn-client\2.6.5\hadoop-yarn-client-2.6.5.jar;C:\Users\jake\.m2\repository\org\apache\hadoop\hadoop-yarn-server-common\2.6.5\hadoop-yarn-server-common-2.6.5.jar;C:\Users\jake\.m2\repository\org\apache\hadoop\hadoop-mapreduce-client-shuffle\2.6.5\hadoop-mapreduce-client-shuffle-2.6.5.jar;C:\Users\jake\.m2\repository\org\apache\hadoop\hadoop-yarn-api\2.6.5\hadoop-yarn-api-2.6.5.jar;C:\Users\jake\.m2\repository\org\apache\hadoop\hadoop-mapreduce-client-core\2.6.5\hadoop-mapreduce-client-core-2.6.5.jar;C:\Users\jake\.m2\repository\org\apache\hadoop\hadoop-yarn-common\2.6.5\hadoop-yarn-common-2.6.5.jar;C:\Users\jake\.m2\repository\org\codehaus\jackson\jackson-jaxrs\1.9.13\jackson-jaxrs-1.9.13.jar;C:\Users\jake\.m2\repository\org\codehaus\jackson\jackson-xc\1.9.13\jackson-xc-1.9.13.jar;C:\Users\jake\.m2\repository\org\apache\hadoop\hadoop-mapreduce-client-jobclient\2.6.5\hadoop-mapreduce-client-jobclient-2.6.5.jar;C:\Users\jake\.m2\repository\org\apache\hadoop\hadoop-annotations\2.6.5\hadoop-annotations-2.6.5.jar;C:\Users\jake\.m2\repository\org\apache\spark\spark-launcher_2.11\2.2.0\spark-launcher_2.11-2.2.0.jar;C:\Users\jake\.m2\repository\org\apache\spark\spark-network-common_2.11\2.2.0\spark-network-common_2.11-2.2.0.jar;C:\Users\jake\.m2\repository\org\fusesource\leveldbjni\leveldbjni-all\1.8\leveldbjni-all-1.8.jar;C:\Users\jake\.m2\repository\org\apache\spark\spark-network-shuffle_2.11\2.2.0\spark-network-shuffle_2.11-2.2.0.jar;C:\Users\jake\.m2\repository\org\apache\spark\spark-unsafe_2.11\2.2.0\spark-unsafe_2.11-2.2.0.jar;C:\Users\jake\.m2\repository\net\java\dev\jets3t\jets3t\0.9.3\jets3t-0.9.3.jar;C:\Users\jake\.m2\repository\org\apache\httpcomponents\httpcore\4.3.3\httpcore-4.3.3.jar;C:\Users\jake\.m2\repository\javax\activation\activation\1.1.1\activation-1.1.1.jar;C:\Users\jake\.m2\repository\mx4j\mx4j\3.0.2\mx4j-3.0.2.jar;C:\Users\jake\.m2\repository\javax\mail\mail\1.4.7\mail-1.4.7.jar;C:\Users\jake\.m2\repository\org\bouncycastle\bcprov-jdk15on\1.51\bcprov-jdk15on-1.51.jar;C:\Users\jake\.m2\repository\com\jamesmurty\utils\java-xmlbuilder\1.0\java-xmlbuilder-1.0.jar;C:\Users\jake\.m2\repository\net\iharder\base64\2.3.8\base64-2.3.8.jar;C:\Users\jake\.m2\repository\org\apache\curator\curator-recipes\2.6.0\curator-recipes-2.6.0.jar;C:\Users\jake\.m2\repository\org\apache\curator\curator-framework\2.6.0\curator-framework-2.6.0.jar;C:\Users\jake\.m2\repository\org\apache\zookeeper\zookeeper\3.4.6\zookeeper-3.4.6.jar;C:\Users\jake\.m2\repository\javax\servlet\javax.servlet-api\3.1.0\javax.servlet-api-3.1.0.jar;C:\Users\jake\.m2\repository\org\apache\commons\commons-lang3\3.5\commons-lang3-3.5.jar;C:\Users\jake\.m2\repository\com\google\code\findbugs\jsr305\1.3.9\jsr305-1.3.9.jar;C:\Users\jake\.m2\repository\org\slf4j\jul-to-slf4j\1.7.16\jul-to-slf4j-1.7.16.jar;C:\Users\jake\.m2\repository\org\slf4j\jcl-over-slf4j\1.7.16\jcl-over-slf4j-1.7.16.jar;C:\Users\jake\.m2\repository\log4j\log4j\1.2.17\log4j-1.2.17.jar;C:\Users\jake\.m2\repository\org\slf4j\slf4j-log4j12\1.7.16\slf4j-log4j12-1.7.16.jar;C:\Users\jake\.m2\repository\com\ning\compress-lzf\1.0.3\compress-lzf-1.0.3.jar;C:\Users\jake\.m2\repository\org\xerial\snappy\snappy-java\1.1.2.6\snappy-java-1.1.2.6.jar;C:\Users\jake\.m2\repository\net\jpountz\lz4\lz4\1.3.0\lz4-1.3.0.jar;C:\Users\jake\.m2\repository\org\roaringbitmap\RoaringBitmap\0.5.11\RoaringBitmap-0.5.11.jar;C:\Users\jake\.m2\repository\commons-net\commons-net\2.2\commons-net-2.2.jar;C:\Users\jake\.m2\repository\org\json4s\json4s-jackson_2.11\3.2.11\json4s-jackson_2.11-3.2.11.jar;C:\Users\jake\.m2\repository\org\json4s\json4s-core_2.11\3.2.11\json4s-core_2.11-3.2.11.jar;C:\Users\jake\.m2\repository\org\json4s\json4s-ast_2.11\3.2.11\json4s-ast_2.11-3.2.11.jar;C:\Users\jake\.m2\repository\org\scala-lang\scalap\2.11.0\scalap-2.11.0.jar;C:\Users\jake\.m2\repository\org\scala-lang\scala-compiler\2.11.0\scala-compiler-2.11.0.jar;C:\Users\jake\.m2\repository\org\scala-lang\modules\scala-parser-combinators_2.11\1.0.1\scala-parser-combinators_2.11-1.0.1.jar;C:\Users\jake\.m2\repository\org\glassfish\jersey\core\jersey-client\2.22.2\jersey-client-2.22.2.jar;C:\Users\jake\.m2\repository\javax\ws\rs\javax.ws.rs-api\2.0.1\javax.ws.rs-api-2.0.1.jar;C:\Users\jake\.m2\repository\org\glassfish\hk2\hk2-api\2.4.0-b34\hk2-api-2.4.0-b34.jar;C:\Users\jake\.m2\repository\org\glassfish\hk2\hk2-utils\2.4.0-b34\hk2-utils-2.4.0-b34.jar;C:\Users\jake\.m2\repository\org\glassfish\hk2\external\aopalliance-repackaged\2.4.0-b34\aopalliance-repackaged-2.4.0-b34.jar;C:\Users\jake\.m2\repository\org\glassfish\hk2\external\javax.inject\2.4.0-b34\javax.inject-2.4.0-b34.jar;C:\Users\jake\.m2\repository\org\glassfish\hk2\hk2-locator\2.4.0-b34\hk2-locator-2.4.0-b34.jar;C:\Users\jake\.m2\repository\org\javassist\javassist\3.18.1-GA\javassist-3.18.1-GA.jar;C:\Users\jake\.m2\repository\org\glassfish\jersey\core\jersey-common\2.22.2\jersey-common-2.22.2.jar;C:\Users\jake\.m2\repository\javax\annotation\javax.annotation-api\1.2\javax.annotation-api-1.2.jar;C:\Users\jake\.m2\repository\org\glassfish\jersey\bundles\repackaged\jersey-guava\2.22.2\jersey-guava-2.22.2.jar;C:\Users\jake\.m2\repository\org\glassfish\hk2\osgi-resource-locator\1.0.1\osgi-resource-locator-1.0.1.jar;C:\Users\jake\.m2\repository\org\glassfish\jersey\core\jersey-server\2.22.2\jersey-server-2.22.2.jar;C:\Users\jake\.m2\repository\org\glassfish\jersey\media\jersey-media-jaxb\2.22.2\jersey-media-jaxb-2.22.2.jar;C:\Users\jake\.m2\repository\javax\validation\validation-api\1.1.0.Final\validation-api-1.1.0.Final.jar;C:\Users\jake\.m2\repository\org\glassfish\jersey\containers\jersey-container-servlet\2.22.2\jersey-container-servlet-2.22.2.jar;C:\Users\jake\.m2\repository\org\glassfish\jersey\containers\jersey-container-servlet-core\2.22.2\jersey-container-servlet-core-2.22.2.jar;C:\Users\jake\.m2\repository\io\netty\netty-all\4.0.43.Final\netty-all-4.0.43.Final.jar;C:\Users\jake\.m2\repository\io\netty\netty\3.9.9.Final\netty-3.9.9.Final.jar;C:\Users\jake\.m2\repository\com\clearspring\analytics\stream\2.7.0\stream-2.7.0.jar;C:\Users\jake\.m2\repository\io\dropwizard\metrics\metrics-core\3.1.2\metrics-core-3.1.2.jar;C:\Users\jake\.m2\repository\io\dropwizard\metrics\metrics-jvm\3.1.2\metrics-jvm-3.1.2.jar;C:\Users\jake\.m2\repository\io\dropwizard\metrics\metrics-json\3.1.2\metrics-json-3.1.2.jar;C:\Users\jake\.m2\repository\io\dropwizard\metrics\metrics-graphite\3.1.2\metrics-graphite-3.1.2.jar;C:\Users\jake\.m2\repository\com\fasterxml\jackson\module\jackson-module-scala_2.11\2.6.5\jackson-module-scala_2.11-2.6.5.jar;C:\Users\jake\.m2\repository\com\fasterxml\jackson\module\jackson-module-paranamer\2.6.5\jackson-module-paranamer-2.6.5.jar;C:\Users\jake\.m2\repository\org\apache\ivy\ivy\2.4.0\ivy-2.4.0.jar;C:\Users\jake\.m2\repository\oro\oro\2.0.8\oro-2.0.8.jar;C:\Users\jake\.m2\repository\net\razorvine\pyrolite\4.13\pyrolite-4.13.jar;C:\Users\jake\.m2\repository\net\sf\py4j\py4j\0.10.4\py4j-0.10.4.jar;C:\Users\jake\.m2\repository\org\apache\commons\commons-crypto\1.0.0\commons-crypto-1.0.0.jar;C:\Users\jake\.m2\repository\org\scala-lang\scala-reflect\2.11.12\scala-reflect-2.11.12.jar;C:\Users\jake\.m2\repository\com\google\guava\guava\15.0\guava-15.0.jar;C:\Users\jake\.m2\repository\org\apache\spark\spark-streaming_2.11\2.2.0\spark-streaming_2.11-2.2.0.jar;C:\Users\jake\.m2\repository\org\apache\spark\spark-mllib_2.11\2.2.0\spark-mllib_2.11-2.2.0.jar;C:\Users\jake\.m2\repository\org\apache\spark\spark-mllib-local_2.11\2.2.0\spark-mllib-local_2.11-2.2.0.jar;C:\Users\jake\.m2\repository\org\scalanlp\breeze_2.11\0.13.1\breeze_2.11-0.13.1.jar;C:\Users\jake\.m2\repository\org\scalanlp\breeze-macros_2.11\0.13.1\breeze-macros_2.11-0.13.1.jar;C:\Users\jake\.m2\repository\net\sf\opencsv\opencsv\2.3\opencsv-2.3.jar;C:\Users\jake\.m2\repository\com\github\rwl\jtransforms\2.4.0\jtransforms-2.4.0.jar;C:\Users\jake\.m2\repository\org\spire-math\spire_2.11\0.13.0\spire_2.11-0.13.0.jar;C:\Users\jake\.m2\repository\org\spire-math\spire-macros_2.11\0.13.0\spire-macros_2.11-0.13.0.jar;C:\Users\jake\.m2\repository\org\typelevel\machinist_2.11\0.6.1\machinist_2.11-0.6.1.jar;C:\Users\jake\.m2\repository\com\chuusai\shapeless_2.11\2.3.2\shapeless_2.11-2.3.2.jar;C:\Users\jake\.m2\repository\org\typelevel\macro-compat_2.11\1.1.1\macro-compat_2.11-1.1.1.jar;C:\Users\jake\.m2\repository\org\jpmml\pmml-model\1.2.15\pmml-model-1.2.15.jar;C:\Users\jake\.m2\repository\org\jpmml\pmml-schema\1.2.15\pmml-schema-1.2.15.jar;C:\Users\jake\.m2\repository\org\apache\spark\spark-graphx_2.11\2.2.0\spark-graphx_2.11-2.2.0.jar;C:\Users\jake\.m2\repository\com\github\fommil\netlib\core\1.1.2\core-1.1.2.jar;C:\Users\jake\.m2\repository\net\sourceforge\f2j\arpack_combined_all\0.1\arpack_combined_all-0.1.jar;C:\Users\jake\.m2\repository\com\typesafe\config\1.3.2\config-1.3.2.jar;C:\Users\jake\.m2\repository\org\json4s\json4s-core_2.12\3.6.0-M4\json4s-core_2.12-3.6.0-M4.jar;C:\Users\jake\.m2\repository\org\json4s\json4s-ast_2.12\3.6.0-M4\json4s-ast_2.12-3.6.0-M4.jar;C:\Users\jake\.m2\repository\org\json4s\json4s-scalap_2.12\3.6.0-M4\json4s-scalap_2.12-3.6.0-M4.jar;C:\Users\jake\.m2\repository\com\thoughtworks\paranamer\paranamer\2.8\paranamer-2.8.jar;C:\Users\jake\.m2\repository\com\github\scopt\scopt_2.10\3.2.0\scopt_2.10-3.2.0.jar;C:\Users\jake\.m2\repository\ikoda\ikoda-utils\0.0.1-SNAPSHOT\ikoda-utils-0.0.1-SNAPSHOT.jar;C:\Users\jake\.m2\repository\org\apache\logging\log4j\log4j-core\2.8.2\log4j-core-2.8.2.jar;C:\Users\jake\.m2\repository\org\apache\logging\log4j\log4j-api\2.8.2\log4j-api-2.8.2.jar;C:\Users\jake\.m2\repository\org\springframework\spring-beans\4.2.4.RELEASE\spring-beans-4.2.4.RELEASE.jar;C:\Users\jake\.m2\repository\net\sourceforge\htmlunit\htmlunit\2.22\htmlunit-2.22.jar;C:\Users\jake\.m2\repository\xalan\xalan\2.7.2\xalan-2.7.2.jar;C:\Users\jake\.m2\repository\xalan\serializer\2.7.2\serializer-2.7.2.jar;C:\Users\jake\.m2\repository\org\apache\httpcomponents\httpmime\4.5.2\httpmime-4.5.2.jar;C:\Users\jake\.m2\repository\net\sourceforge\htmlunit\htmlunit-core-js\2.22\htmlunit-core-js-2.22.jar;C:\Users\jake\.m2\repository\net\sourceforge\htmlunit\neko-htmlunit\2.21\neko-htmlunit-2.21.jar;C:\Users\jake\.m2\repository\net\sourceforge\cssparser\cssparser\0.9.19\cssparser-0.9.19.jar;C:\Users\jake\.m2\repository\org\w3c\css\sac\1.3\sac-1.3.jar;C:\Users\jake\.m2\repository\commons-io\commons-io\2.5\commons-io-2.5.jar;C:\Users\jake\.m2\repository\commons-logging\commons-logging\1.2\commons-logging-1.2.jar;C:\Users\jake\.m2\repository\org\eclipse\jetty\websocket\websocket-client\9.2.17.v20160517\websocket-client-9.2.17.v20160517.jar;C:\Users\jake\.m2\repository\org\eclipse\jetty\jetty-util\9.2.17.v20160517\jetty-util-9.2.17.v20160517.jar;C:\Users\jake\.m2\repository\org\eclipse\jetty\jetty-io\9.2.17.v20160517\jetty-io-9.2.17.v20160517.jar;C:\Users\jake\.m2\repository\org\eclipse\jetty\websocket\websocket-common\9.2.17.v20160517\websocket-common-9.2.17.v20160517.jar;C:\Users\jake\.m2\repository\org\eclipse\jetty\websocket\websocket-api\9.2.17.v20160517\websocket-api-9.2.17.v20160517.jar;C:\Users\jake\.m2\repository\org\springframework\spring-web\4.2.4.RELEASE\spring-web-4.2.4.RELEASE.jar;C:\Users\jake\.m2\repository\org\springframework\spring-aop\4.2.4.RELEASE\spring-aop-4.2.4.RELEASE.jar;C:\Users\jake\.m2\repository\aopalliance\aopalliance\1.0\aopalliance-1.0.jar;C:\Users\jake\.m2\repository\org\springframework\spring-context\4.2.4.RELEASE\spring-context-4.2.4.RELEASE.jar;C:\Users\jake\.m2\repository\org\springframework\spring-expression\4.2.4.RELEASE\spring-expression-4.2.4.RELEASE.jar;C:\Users\jake\.m2\repository\org\springframework\integration\spring-integration-mail\4.2.5.RELEASE\spring-integration-mail-4.2.5.RELEASE.jar;C:\Users\jake\.m2\repository\org\springframework\integration\spring-integration-core\4.2.5.RELEASE\spring-integration-core-4.2.5.RELEASE.jar;C:\Users\jake\.m2\repository\org\springframework\retry\spring-retry\1.1.2.RELEASE\spring-retry-1.1.2.RELEASE.jar;C:\Users\jake\.m2\repository\org\springframework\spring-messaging\4.2.4.RELEASE\spring-messaging-4.2.4.RELEASE.jar;C:\Users\jake\.m2\repository\org\springframework\spring-context-support\4.2.4.RELEASE\spring-context-support-4.2.4.RELEASE.jar;C:\Users\jake\.m2\repository\javax\mail\javax.mail-api\1.5.5\javax.mail-api-1.5.5.jar;C:\Users\jake\.m2\repository\com\sun\mail\javax.mail\1.5.5\javax.mail-1.5.5.jar;C:\Users\jake\.m2\repository\org\apache\commons\commons-csv\1.5\commons-csv-1.5.jar;C:\Users\jake\.m2\repository\org\apache\httpcomponents\httpclient\4.5.5\httpclient-4.5.5.jar;C:\Users\jake\.m2\repository\ikoda\ikodatext-textAnalysis\0.0.1-SNAPSHOT\ikodatext-textAnalysis-0.0.1-SNAPSHOT.jar;C:\Users\jake\.m2\repository\org\springframework\spring-core\4.2.4.RELEASE\spring-core-4.2.4.RELEASE.jar;C:\Users\jake\.m2\repository\com\googlecode\json-simple\json-simple\1.1.1\json-simple-1.1.1.jar;C:\Users\jake\.m2\repository\joda-time\joda-time\2.8.1\joda-time-2.8.1.jar;C:\Users\jake\.m2\repository\ikoda\ikodatext-netio\0.0.1-SNAPSHOT\ikodatext-netio-0.0.1-SNAPSHOT.jar;C:\Users\jake\.m2\repository\org\jsoup\jsoup\1.9.2\jsoup-1.9.2.jar;C:\Users\jake\.m2\repository\ikoda\ikodatext-fileio\0.0.1-SNAPSHOT\ikodatext-fileio-0.0.1-SNAPSHOT.jar;C:\Users\jake\.m2\repository\com\itextpdf\itextpdf\5.5.11\itextpdf-5.5.11.jar;C:\Users\jake\.m2\repository\com\itextpdf\itext-pdfa\5.5.11\itext-pdfa-5.5.11.jar;C:\Users\jake\.m2\repository\com\itextpdf\itext-xtra\5.5.11\itext-xtra-5.5.11.jar;C:\Users\jake\.m2\repository\org\apache\commons\commons-imaging\1.0-SNAPSHOT\commons-imaging-1.0-SNAPSHOT.jar;C:\Users\jake\.m2\repository\com\itextpdf\tool\xmlworker\5.5.11\xmlworker-5.5.11.jar;C:\Users\jake\.m2\repository\org\bouncycastle\bcpkix-jdk15on\1.49\bcpkix-jdk15on-1.49.jar;C:\Users\jake\.m2\repository\ikoda\ikodatext-persistence\0.0.1-SNAPSHOT\ikodatext-persistence-0.0.1-SNAPSHOT.jar;C:\Users\jake\.m2\repository\org\springframework\spring-tx\4.2.4.RELEASE\spring-tx-4.2.4.RELEASE.jar;C:\Users\jake\.m2\repository\org\springframework\spring-orm\4.2.4.RELEASE\spring-orm-4.2.4.RELEASE.jar;C:\Users\jake\.m2\repository\org\springframework\spring-jdbc\4.2.4.RELEASE\spring-jdbc-4.2.4.RELEASE.jar;C:\Users\jake\.m2\repository\org\postgresql\postgresql\42.2.2\postgresql-42.2.2.jar;C:\Users\jake\.m2\repository\org\hibernate\hibernate-c3p0\5.2.12.Final\hibernate-c3p0-5.2.12.Final.jar;C:\Users\jake\.m2\repository\com\mchange\c3p0\0.9.5.2\c3p0-0.9.5.2.jar;C:\Users\jake\.m2\repository\com\mchange\mchange-commons-java\0.2.11\mchange-commons-java-0.2.11.jar;C:\Users\jake\.m2\repository\ikoda\rbridge\1.0-SNAPSHOT\rbridge-1.0-SNAPSHOT.jar;C:\Users\jake\.m2\repository\org\ddahl\rscala_2.12\2.3.1\rscala_2.12-2.3.1.jar;C:\Users\jake\.m2\repository\com\datastax\spark\spark-cassandra-connector_2.11\2.0.7\spark-cassandra-connector_2.11-2.0.7.jar;C:\Users\jake\.m2\repository\com\twitter\jsr166e\1.1.0\jsr166e-1.1.0.jar;C:\Users\jake\.m2\repository\commons-beanutils\commons-beanutils\1.9.3\commons-beanutils-1.9.3.jar;C:\Users\jake\.m2\repository\commons-collections\commons-collections\3.2.2\commons-collections-3.2.2.jar;C:\Users\jake\.m2\repository\org\joda\joda-convert\1.2\joda-convert-1.2.jar;C:\Users\jake\.m2\repository\javax\xml\bind\jaxb-api\2.2.7\jaxb-api-2.2.7.jar;C:\Users\jake\.m2\repository\xml-apis\xml-apis\1.3.03\xml-apis-1.3.03.jar;C:\Users\jake\.m2\repository\xerces\xercesImpl\2.8.0\xercesImpl-2.8.0.jar;C:\Users\jake\.m2\repository\com\google\protobuf\protobuf-java\3.2.0\protobuf-java-3.2.0.jar;C:\Users\jake\.m2\repository\org\apache\commons\commons-math3\3.6.1\commons-math3-3.6.1.jar;C:\Users\jake\.m2\repository\com\github\pathikrit\better-files_2.11\3.4.0\better-files_2.11-3.4.0.jar -d C:\Users\jake\__workspace\scalaProjects\ikodaSparse\target\classesexception when typing <synthetic> def transformColumnsMapToLabeledPointRDD$default$3(): scala.collection.immutable.Map = scala.collection.mutable.HashMap.apply(immutable.this.Nil).toMap()
[INFO] 
[INFO]   last tree to typer: TypeTree(trait TraversableOnce)
[INFO] exception when typing class RDDLabeledPointTransformations extends ikoda.sparse.RDDLabeledPointParent {
[INFO]        tree position: line 25 of C:\Users\jake\__workspace\scalaProjects\ikodaSparse\src\main\scala\ikoda\sparse\RDDLabeledPointTransformations.scala
[INFO]   def <init>(): ikoda.sparse.RDDLabeledPointTransformations = {
[INFO]             tree tpe: collection.TraversableOnce
[INFO]     RDDLabeledPointTransformations.super.<init>();
[INFO]               symbol: abstract trait TraversableOnce in package collection
[INFO]     ()
[INFO]    symbol definition: abstract trait TraversableOnce extends GenTraversableOnce (a ClassSymbol)
[INFO]   };
[INFO]       symbol package: scala.collection
[INFO]   @throws[ikoda.IKodaMLException](classOf[ikoda.IKodaMLException]) def transformColumnsMapToLabeledPointRDD(spark: org.apache.spark.sql.SparkSession, columnsMap: scala.collection.immutable.Map, oldNewColumnIndexMap: scala.collection.immutable.Map, allowRowCountChange: Boolean): Unit = try {
[INFO]        symbol owners: trait TraversableOnce
[INFO]     val newRowsMap: scala.collection.mutable.HashMap = RDDLabeledPointTransformations.this.transformColumnMapToRowMap(columnsMap, oldNewColumnIndexMap, allowRowCountChange);
[INFO]            call site: method transformColumnsMapToLabeledPointRDD$default$3 in class RDDLabeledPointTransformations in package sparse
[INFO]     RDDLabeledPointTransformations.this.logger().trace({
[INFO] 
[INFO]       @SerialVersionUID(value = 0) final <synthetic> class $anonfun extends scala.runtime.AbstractFunction0 with Serializable {
[INFO] == Source file context for tree position ==
[INFO]         def <init>($outer: ikoda.sparse.RDDLabeledPointTransformations): <$anon: Function0> = {
[INFO] 
[INFO]           $anonfun.super.<init>();
[INFO]     22                                           spark: SparkSession,
[INFO]           ()
[INFO]     23                                           columnsMap: Map[Int, Seq[CellTuple]],
[INFO]         };
[INFO]     24                                           oldNewColumnIndexMap: Map[Int, Int] = HashMap[Int, Int]().toMap,
[INFO]         final def apply(): String = " newRowsMap ".+(newRowsMap.mkString("\n"));
[INFO]     25                                           allowRowCountChange: Boolean
[INFO]         <synthetic> <paramaccessor> <artifact> private[this] val $outer: ikoda.sparse.RDDLabeledPointTransformations = _;
[INFO]     26                                         ): Unit =
[INFO]         <synthetic> <stable> <artifact> def $outer(): ikoda.sparse.RDDLabeledPointTransformations = $anonfun.this.$outer;
[INFO]     27   {
[INFO]         final <bridge> <artifact> def apply(): Object = $anonfun.this.apply()
[INFO]     28
[INFO]       };
[INFO]       (new <$anon: Function0>(RDDLabeledPointTransformations.this): Function0)
[INFO]     });
[INFO]     val columnHeadCount: Int = RDDLabeledPointTransformations.this.columnHeadMap().size();
[INFO]     val columnsCheck: scala.collection.mutable.HashMap = new scala.collection.mutable.HashMap();
[INFO]     val dataArray: Array[Tuple3] = newRowsMap.map({
[INFO]   @SerialVersionUID(value = 0) final <synthetic> class $anonfun extends scala.runtime.AbstractFunction1 with Serializable {
[INFO]     def <init>($outer: ikoda.sparse.RDDLabeledPointTransformations): <$anon: Function1> = {
[INFO]       $anonfun.super.<init>();
[INFO]       ()
[INFO]     };
[INFO]     final def apply(row: Tuple2): Tuple3 = {
[INFO]       var rowPos: Int = 0;
[INFO]       val indices: scala.collection.mutable.ListBuffer = scala.collection.mutable.ListBuffer.apply(immutable.this.Nil);
[INFO]       val label: Double = row._2().toList().head()._2().label();
[INFO]       val uuid: java.util.UUID = row._2().toList().head()._2().rowId();
[INFO]       val values: scala.collection.mutable.ListBuffer = scala.collection.mutable.ListBuffer.apply(immutable.this.Nil);
[INFO]       val rowValues: scala.collection.mutable.HashMap = row._2();
[INFO]       val sortedMap: scala.collection.immutable.TreeMap = scala.collection.immutable.TreeMap.apply(rowValues.toSeq(), math.this.Ordering.Int);
[INFO]       scala.this.Predef.refArrayOps(sortedMap.toArray((ClassTag.apply(classOf[scala.Tuple2]): scala.reflect.ClassTag))).foreach({
[INFO]         @SerialVersionUID(value = 0) final <synthetic> class $anonfun extends scala.runtime.AbstractFunction1 with Serializable {
[INFO]           def <init>($outer: <$anon: Function1>): <$anon: Function1> = {
[INFO]             $anonfun.super.<init>();
[INFO]             ()
[INFO]           };
[INFO]           final def apply(cellTuple: Tuple2): Unit = {
[INFO]             indices.+=(cellTuple._2().colIndex());
[INFO]             columnsCheck.put(cellTuple._2().colIndex(), cellTuple._2().colIndex());
[INFO]             values.+=(cellTuple._2().value());
[INFO]             if (cellTuple._2().colIndex().!=(cellTuple._1$mcI$sp()))
[INFO]               throw new ikoda.IKodaMLException(new StringContext(scala.this.Predef.wrapRefArray(Array[String]{"colIndex of celltuple ", " does not match index of row hashmap ", ""})).s(scala.this.Predef.genericWrapArray(Array[Object]{cellTuple._2().colIndex(), cellTuple._1$mcI$sp()})), ikoda.IKodaMLException.apply$default$2())
[INFO]             else
[INFO]               ();
[INFO]             if (cellTuple._2().label().!=(label))
[INFO]               throw new ikoda.IKodaMLException(new StringContext(scala.this.Predef.wrapRefArray(Array[String]{"label of celltuple ", " does not match label of exemplar ", ""})).s(scala.this.Predef.genericWrapArray(Array[Object]{cellTuple._2().label(), label})), ikoda.IKodaMLException.apply$default$2())
[INFO]             else
[INFO]               ()
[INFO]           };
[INFO]           <synthetic> <paramaccessor> <artifact> private[this] val $outer: <$anon: Function1> = _;
[INFO]           <synthetic> <stable> <artifact> def $outer(): <$anon: Function1> = $anonfun.this.$outer;
[INFO]           final <bridge> <artifact> def apply(v1: Object): Object = $anonfun.this.apply(v1)
[INFO]         };
[INFO]         (new <$anon: Function1>($anonfun.this): Function1)
[INFO]       });
[INFO]       val lp: org.apache.spark.mllib.regression.LabeledPoint = new org.apache.spark.mllib.regression.LabeledPoint(label, org.apache.spark.mllib.linalg.Vectors.sparse($anonfun.this.$outer.columnHeadMap().size(), indices.toArray((ClassTag.Int(): scala.reflect.ClassTag)), values.toArray((ClassTag.Double(): scala.reflect.ClassTag))));
[INFO]       new Tuple3(lp, lp.hashCode(), uuid.toString())
[INFO]     };
[INFO]     <synthetic> <paramaccessor> <artifact> private[this] val $outer: ikoda.sparse.RDDLabeledPointTransformations = _;
[INFO]     <synthetic> <stable> <artifact> def $outer(): ikoda.sparse.RDDLabeledPointTransformations = $anonfun.this.$outer;
[INFO]     final <bridge> <artifact> def apply(v1: Object): Object = $anonfun.this.apply(v1)
[INFO]   };
[INFO]   (new <$anon: Function1>(RDDLabeledPointTransformations.this): Function1)
[INFO] }, mutable.this.Iterable.canBuildFrom()).toArray((ClassTag.apply(classOf[scala.Tuple3]): scala.reflect.ClassTag));
[INFO]     if (columnsCheck.size().!=(columnHeadCount))
[INFO]       throw new ikoda.IKodaMLException(new StringContext(scala.this.Predef.wrapRefArray(Array[String]{"Column count mismatch: Created ", " columns, but expected ", " columns."})).s(scala.this.Predef.genericWrapArray(Array[Object]{columnsCheck.size(), RDDLabeledPointTransformations.this.columnHeadMap().size()})), ikoda.IKodaMLException.apply$default$2())
[INFO]     else
[INFO]       ();
[INFO]     RDDLabeledPointTransformations.this.dataRDD_=(spark.sparkContext().parallelize(scala.this.Predef.wrapRefArray(dataArray), spark.sparkContext().parallelize$default$2(), (ClassTag.apply(classOf[scala.Tuple3]): scala.reflect.ClassTag)))
[INFO]   } catch {
[INFO]     case (e @ (_: Exception)) => {
[ERROR]       RDDLabeledPointTransformations.this.logger().error({
[INFO]         @SerialVersionUID(value = 0) final <synthetic> class $anonfun extends scala.runtime.AbstractFunction0 with Serializable {
[INFO]           def <init>($outer: ikoda.sparse.RDDLabeledPointTransformations): <$anon: Function0> = {
[INFO]             $anonfun.super.<init>();
[INFO]             ()
[INFO]           };
[INFO]           final def apply(): String = new StringContext(scala.this.Predef.wrapRefArray(Array[String]{"", ""})).s(scala.this.Predef.genericWrapArray(Array[Object]{$anonfun.this.$outer.name()}));
[INFO]           <synthetic> <paramaccessor> <artifact> private[this] val $outer: ikoda.sparse.RDDLabeledPointTransformations = _;
[INFO]           <synthetic> <stable> <artifact> def $outer(): ikoda.sparse.RDDLabeledPointTransformations = $anonfun.this.$outer;
[INFO]           final <bridge> <artifact> def apply(): Object = $anonfun.this.apply()
[INFO]         };
[INFO]         (new <$anon: Function0>(RDDLabeledPointTransformations.this): Function0)
[INFO]       });
[INFO]       throw e
[INFO]     }
[INFO]   };
[INFO]   <synthetic> def transformColumnsMapToLabeledPointRDD$default$3(): scala.collection.immutable.Map = scala.collection.mutable.HashMap.apply(immutable.this.Nil).toMap();
[INFO]   @throws[ikoda.IKodaMLException](classOf[ikoda.IKodaMLException]) def transformColumnMapToRowMap(columnsMap: scala.collection.immutable.Map, oldNewColumnIndexMap: scala.collection.immutable.Map, allowRowCountChange: Boolean): scala.collection.mutable.HashMap = try {
[INFO]     val newRowsMap: scala.collection.mutable.HashMap = scala.collection.mutable.HashMap.apply(immutable.this.Nil);
[INFO]     val originalRDDsize: Long = RDDLabeledPointTransformations.this.dataRDD().count();
[INFO]     columnsMap.keys().foreach({
[INFO]       @SerialVersionUID(value = 0) final <synthetic> class $anonfun extends scala.runtime.AbstractFunction1$mcVI$sp with Serializable {
[INFO]         def <init>($outer: ikoda.sparse.RDDLabeledPointTransformations): <$anon: Function1> = {
[INFO]           $anonfun.super.<init>();
[INFO]           ()
[INFO]         };
[INFO]         final def apply(key: Int): Unit = $anonfun.this.apply$mcVI$sp(key);
[INFO]         <specialized> def apply$mcVI$sp(key: Int): Unit = {
[INFO]           val cellTupleByColumnSeq: Seq = columnsMap.getOrElse(key, {
[INFO]             @SerialVersionUID(value = 0) final <synthetic> class $anonfun extends scala.runtime.AbstractFunction0 with Serializable {
[INFO]               def <init>($outer: <$anon: Function1>): <$anon: Function0> = {
[INFO]                 $anonfun.super.<init>();
[INFO]                 ()
[INFO]               };
[INFO]               final def apply(): scala.collection.mutable.ArrayBuffer = scala.collection.mutable.ArrayBuffer.apply(immutable.this.Nil);
[INFO]               <synthetic> <paramaccessor> <artifact> private[this] val $outer: <$anon: Function1> = _;
[INFO]               <synthetic> <stable> <artifact> def $outer(): <$anon: Function1> = $anonfun.this.$outer;
[INFO]               final <bridge> <artifact> def apply(): Object = $anonfun.this.apply()
[INFO]             };
[INFO]             (new <$anon: Function0>($anonfun.this): Function0)
[INFO]           });
[INFO]           if (cellTupleByColumnSeq.isEmpty())
[INFO]             throw new ikoda.IKodaMLException(new StringContext(scala.this.Predef.wrapRefArray(Array[String]{"No column found with index ", ""})).s(scala.this.Predef.genericWrapArray(Array[Object]{key})), ikoda.IKodaMLException.apply$default$2())
[INFO]           else
[INFO]             ();
[INFO]           val sortedCellTupleByColumnSeq: Seq = cellTupleByColumnSeq.sorted(math.this.Ordering.ordered(scala.this.Predef.$conforms()));
[INFO]           sortedCellTupleByColumnSeq.foreach({
[INFO]             @SerialVersionUID(value = 0) final <synthetic> class $anonfun extends scala.runtime.AbstractFunction1 with Serializable {
[INFO]               def <init>($outer: <$anon: Function1>): <$anon: Function1> = {
[INFO]                 $anonfun.super.<init>();
[INFO]                 ()
[INFO]               };
[INFO]               final def apply(cell: ikoda.sparse.CellTuple): Option = {
[INFO]                 var columnIndex: Int = cell.colIndex();
[INFO]                 scala.this.Predef.require(key.==(cell.colIndex()));
[INFO]                 if (oldNewColumnIndexMap.nonEmpty())
[INFO]                   {
[INFO]                     columnIndex = $anonfun.this.$outer.$outer().getOptionValueOrThrowException(oldNewColumnIndexMap.get(columnIndex));
[INFO]                     val ct: ikoda.sparse.CellTuple = new ikoda.sparse.CellTuple(columnIndex, cell.label(), cell.value(), cell.rowId(), cell.rowPos());
[INFO]                     newRowsMap.getOrElseUpdate(cell.rowId(), {
[INFO]   @SerialVersionUID(value = 0) final <synthetic> class $anonfun extends scala.runtime.AbstractFunction0 with Serializable {
[INFO]     def <init>($outer: <$anon: Function1>): <$anon: Function0> = {
[INFO]       $anonfun.super.<init>();
[INFO]       ()
[INFO]     };
[INFO]     final def apply(): scala.collection.mutable.HashMap = new scala.collection.mutable.HashMap();
[INFO]     <synthetic> <paramaccessor> <artifact> private[this] val $outer: <$anon: Function1> = _;
[INFO]     <synthetic> <stable> <artifact> def $outer(): <$anon: Function1> = $anonfun.this.$outer;
[INFO]     final <bridge> <artifact> def apply(): Object = $anonfun.this.apply()
[INFO]   };
[INFO]   (new <$anon: Function0>($anonfun.this): Function0)
[INFO] }).put(columnIndex, ct)
[INFO]                   }
[INFO]                 else
[INFO]                   newRowsMap.getOrElseUpdate(cell.rowId(), {
[INFO]   @SerialVersionUID(value = 0) final <synthetic> class $anonfun extends scala.runtime.AbstractFunction0 with Serializable {
[INFO]     def <init>($outer: <$anon: Function1>): <$anon: Function0> = {
[INFO]       $anonfun.super.<init>();
[INFO]       ()
[INFO]     };
[INFO]     final def apply(): scala.collection.mutable.HashMap = new scala.collection.mutable.HashMap();
[INFO]     <synthetic> <paramaccessor> <artifact> private[this] val $outer: <$anon: Function1> = _;
[INFO]     <synthetic> <stable> <artifact> def $outer(): <$anon: Function1> = $anonfun.this.$outer;
[INFO]     final <bridge> <artifact> def apply(): Object = $anonfun.this.apply()
[INFO]   };
[INFO]   (new <$anon: Function0>($anonfun.this): Function0)
[INFO] }).put(columnIndex, cell)
[INFO]               };
[INFO]               <synthetic> <paramaccessor> <artifact> private[this] val $outer: <$anon: Function1> = _;
[INFO]               <synthetic> <stable> <artifact> def $outer(): <$anon: Function1> = $anonfun.this.$outer;
[INFO]               final <bridge> <artifact> def apply(v1: Object): Object = $anonfun.this.apply(v1)
[INFO]             };
[INFO]             (new <$anon: Function1>($anonfun.this): Function1)
[INFO]           })
[INFO]         };
[INFO]         <synthetic> <paramaccessor> <artifact> private[this] val $outer: ikoda.sparse.RDDLabeledPointTransformations = _;
[INFO]         <synthetic> <stable> <artifact> def $outer(): ikoda.sparse.RDDLabeledPointTransformations = $anonfun.this.$outer;
[INFO]         final <bridge> <artifact> def apply(v1: Object): Object = $anonfun.this.apply(v1)
[INFO]       };
[INFO]       (new <$anon: Function1>(RDDLabeledPointTransformations.this): Function1)
[INFO]     });
[INFO]     if (newRowsMap.size().!=(originalRDDsize))
[INFO]       if (allowRowCountChange)
[WARNING]         RDDLabeledPointTransformations.this.logger().warn({
[INFO]           @SerialVersionUID(value = 0) final <synthetic> class $anonfun extends scala.runtime.AbstractFunction0 with Serializable {
[INFO]             def <init>($outer: ikoda.sparse.RDDLabeledPointTransformations): <$anon: Function0> = {
[INFO]               $anonfun.super.<init>();
[INFO]               ()
[INFO]             };
[INFO]             final def apply(): String = new StringContext(scala.this.Predef.wrapRefArray(Array[String]{"Row size change. Was ", ", but now ", ""})).s(scala.this.Predef.genericWrapArray(Array[Object]{originalRDDsize, newRowsMap.size()}));
[INFO]             <synthetic> <paramaccessor> <artifact> private[this] val $outer: ikoda.sparse.RDDLabeledPointTransformations = _;
[INFO]             <synthetic> <stable> <artifact> def $outer(): ikoda.sparse.RDDLabeledPointTransformations = $anonfun.this.$outer;
[INFO]             final <bridge> <artifact> def apply(): Object = $anonfun.this.apply()
[INFO]           };
[INFO]           (new <$anon: Function0>(RDDLabeledPointTransformations.this): Function0)
[INFO]         })
[INFO]       else
[INFO]         throw new ikoda.IKodaMLException(new StringContext(scala.this.Predef.wrapRefArray(Array[String]{"Row size mismatch. Was ", ", but now ", ""})).s(scala.this.Predef.genericWrapArray(Array[Object]{originalRDDsize, newRowsMap.size()})), ikoda.IKodaMLException.apply$default$2())
[INFO]     else
[INFO]       ();
[INFO]     newRowsMap
[INFO]   } catch {
[INFO]     case (e @ (_: Exception)) => {
[ERROR]       RDDLabeledPointTransformations.this.logger().error({
[INFO]         @SerialVersionUID(value = 0) final <synthetic> class $anonfun extends scala.runtime.AbstractFunction0 with Serializable {
[INFO]           def <init>($outer: ikoda.sparse.RDDLabeledPointTransformations): <$anon: Function0> = {
[INFO]             $anonfun.super.<init>();
[INFO]             ()
[INFO]           };
[INFO]           final def apply(): String = new StringContext(scala.this.Predef.wrapRefArray(Array[String]{"", ""})).s(scala.this.Predef.genericWrapArray(Array[Object]{$anonfun.this.$outer.name()}));
[INFO]           <synthetic> <paramaccessor> <artifact> private[this] val $outer: ikoda.sparse.RDDLabeledPointTransformations = _;
[INFO]           <synthetic> <stable> <artifact> def $outer(): ikoda.sparse.RDDLabeledPointTransformations = $anonfun.this.$outer;
[INFO]           final <bridge> <artifact> def apply(): Object = $anonfun.this.apply()
[INFO]         };
[INFO]         (new <$anon: Function0>(RDDLabeledPointTransformations.this): Function0)
[INFO]       });
[INFO]       throw new ikoda.IKodaMLException(new StringContext(scala.this.Predef.wrapRefArray(Array[String]{"", " : ", ""})).s(scala.this.Predef.genericWrapArray(Array[Object]{RDDLabeledPointTransformations.this.name(), e.getMessage()})), e)
[INFO]     }
[INFO]   };
[INFO]   <synthetic> def transformColumnMapToRowMap$default$2(): scala.collection.immutable.Map = scala.collection.mutable.HashMap.apply(immutable.this.Nil).toMap();
[INFO]   <synthetic> def transformColumnMapToRowMap$default$3(): Boolean = false;
[INFO]   @throws[ikoda.IKodaMLException](classOf[ikoda.IKodaMLException]) def transformColumnsRddToLabeledPointRDD(spark: org.apache.spark.sql.SparkSession, columnsRDD: org.apache.spark.rdd.RDD, oldNewColumnIndexMap: scala.collection.immutable.Map, allowRowCountChange: Boolean): Unit = try {
[INFO]     val rdd1: org.apache.spark.rdd.RDD = columnsRDD.flatMap({
[INFO]       @SerialVersionUID(value = 0) final <synthetic> class $anonfun extends scala.runtime.AbstractFunction1 with Serializable {
[INFO]         def <init>($outer: ikoda.sparse.RDDLabeledPointTransformations): <$anon: Function1> = {
[INFO]           $anonfun.super.<init>();
[INFO]           ()
[INFO]         };
[INFO]         final def apply(x0$1: Tuple2): scala.collection.TraversableOnce = {
[INFO]           case <synthetic> val x1: Tuple2 = x0$1;
[INFO]           case4(){
[INFO]             if (x1.ne(null))
[INFO]               {
[INFO]                 val colId: Int = x1._1$mcI$sp();
[INFO]                 val seqCellTuple: Seq = x1._2();
[INFO]                 matchEnd3(if (oldNewColumnIndexMap.nonEmpty())
[INFO]                   {
[INFO]                     val columnIndex: Int = $anonfun.this.$outer.getOptionValueOrThrowException(oldNewColumnIndexMap.get(colId));
[INFO]                     seqCellTuple.map({
[INFO]                       @SerialVersionUID(value = 0) final <synthetic> class $anonfun extends scala.runtime.AbstractFunction1 with Serializable {
[INFO]                         def <init>($outer: <$anon: Function1>): <$anon: Function1> = {
[INFO]                           $anonfun.super.<init>();
[INFO]                           ()
[INFO]                         };
[INFO]                         final def apply(ct: ikoda.sparse.CellTuple): Tuple2 = new Tuple2(ct.rowId(), new ikoda.sparse.CellTuple(columnIndex, ct.label(), ct.value(), ct.rowId(), -1));
[INFO]                         <synthetic> <paramaccessor> <artifact> private[this] val $outer: <$anon: Function1> = _;
[INFO]                         <synthetic> <stable> <artifact> def $outer(): <$anon: Function1> = $anonfun.this.$outer;
[INFO]                         final <bridge> <artifact> def apply(v1: Object): Object = $anonfun.this.apply(v1)
[INFO]                       };
[INFO]                       (new <$anon: Function1>($anonfun.this): Function1)
[INFO]                     }, collection.this.Seq.canBuildFrom())
[INFO]                   }
[INFO]                 else
[INFO]                   seqCellTuple.map({
[INFO]                     @SerialVersionUID(value = 0) final <synthetic> class $anonfun extends scala.runtime.AbstractFunction1 with Serializable {
[INFO]                       def <init>($outer: <$anon: Function1>): <$anon: Function1> = {
[INFO]                         $anonfun.super.<init>();
[INFO]                         ()
[INFO]                       };
[INFO]                       final def apply(ct: ikoda.sparse.CellTuple): Tuple2 = new Tuple2(ct.rowId(), ct);
[INFO]                       <synthetic> <paramaccessor> <artifact> private[this] val $outer: <$anon: Function1> = _;
[INFO]                       <synthetic> <stable> <artifact> def $outer(): <$anon: Function1> = $anonfun.this.$outer;
[INFO]                       final <bridge> <artifact> def apply(v1: Object): Object = $anonfun.this.apply(v1)
[INFO]                     };
[INFO]                     (new <$anon: Function1>($anonfun.this): Function1)
[INFO]                   }, collection.this.Seq.canBuildFrom()))
[INFO]               }
[INFO]             else
[INFO]               case5()
[INFO]           };
[INFO]           case5(){
[ERROR]             matchEnd3(throw new MatchError(x1))
[INFO]           };
[INFO]           matchEnd3(x){
[INFO]             x
[INFO]           }
[INFO]         };
[INFO]         <synthetic> <paramaccessor> <artifact> private[this] val $outer: ikoda.sparse.RDDLabeledPointTransformations = _;
[INFO]         <synthetic> <stable> <artifact> def $outer(): ikoda.sparse.RDDLabeledPointTransformations = $anonfun.this.$outer;
[INFO]         final <bridge> <artifact> def apply(v1: Object): Object = $anonfun.this.apply(v1)
[INFO]       };
[INFO]       (new <$anon: Function1>(RDDLabeledPointTransformations.this): Function1)
[INFO]     }, (ClassTag.apply(classOf[scala.Tuple2]): scala.reflect.ClassTag));
[INFO]     val rdd2: org.apache.spark.rdd.RDD = rdd1.groupBy({
[INFO]   @SerialVersionUID(value = 0) final <synthetic> class $anonfun extends scala.runtime.AbstractFunction1 with Serializable {
[INFO]     def <init>($outer: ikoda.sparse.RDDLabeledPointTransformations): <$anon: Function1> = {
[INFO]       $anonfun.super.<init>();
[INFO]       ()
[INFO]     };
[INFO]     final def apply(e: Tuple2): java.util.UUID = e._1();
[INFO]     <synthetic> <paramaccessor> <artifact> private[this] val $outer: ikoda.sparse.RDDLabeledPointTransformations = _;
[INFO]     <synthetic> <stable> <artifact> def $outer(): ikoda.sparse.RDDLabeledPointTransformations = $anonfun.this.$outer;
[INFO]     final <bridge> <artifact> def apply(v1: Object): Object = $anonfun.this.apply(v1)
[INFO]   };
[INFO]   (new <$anon: Function1>(RDDLabeledPointTransformations.this): Function1)
[INFO] }, (ClassTag.apply(classOf[java.util.UUID]): scala.reflect.ClassTag)).map({
[INFO]       @SerialVersionUID(value = 0) final <synthetic> class $anonfun extends scala.runtime.AbstractFunction1 with Serializable {
[INFO]         def <init>($outer: ikoda.sparse.RDDLabeledPointTransformations): <$anon: Function1> = {
[INFO]           $anonfun.super.<init>();
[INFO]           ()
[INFO]         };
[INFO]         final def apply(e: Tuple2): Tuple2 = new Tuple2(e._1(), e._2().map({
[INFO]   @SerialVersionUID(value = 0) final <synthetic> class $anonfun extends scala.runtime.AbstractFunction1 with Serializable {
[INFO]     def <init>($outer: <$anon: Function1>): <$anon: Function1> = {
[INFO]       $anonfun.super.<init>();
[INFO]       ()
[INFO]     };
[INFO]     final def apply(f: Tuple2): ikoda.sparse.CellTuple = f._2();
[INFO]     <synthetic> <paramaccessor> <artifact> private[this] val $outer: <$anon: Function1> = _;
[INFO]     <synthetic> <stable> <artifact> def $outer(): <$anon: Function1> = $anonfun.this.$outer;
[INFO]     final <bridge> <artifact> def apply(v1: Object): Object = $anonfun.this.apply(v1)
[INFO]   };
[INFO]   (new <$anon: Function1>($anonfun.this): Function1)
[INFO] }, collection.this.Iterable.canBuildFrom()).toSeq());
[INFO]         <synthetic> <paramaccessor> <artifact> private[this] val $outer: ikoda.sparse.RDDLabeledPointTransformations = _;
[INFO]         <synthetic> <stable> <artifact> def $outer(): ikoda.sparse.RDDLabeledPointTransformations = $anonfun.this.$outer;
[INFO]         final <bridge> <artifact> def apply(v1: Object): Object = $anonfun.this.apply(v1)
[INFO]       };
[INFO]       (new <$anon: Function1>(RDDLabeledPointTransformations.this): Function1)
[INFO]     }, (ClassTag.apply(classOf[scala.Tuple2]): scala.reflect.ClassTag));
[INFO]     RDDLabeledPointTransformations.this.dataRDD_=(rdd2.map({
[INFO]       @SerialVersionUID(value = 0) final <synthetic> class $anonfun extends scala.runtime.AbstractFunction1 with Serializable {
[INFO]         def <init>($outer: ikoda.sparse.RDDLabeledPointTransformations): <$anon: Function1> = {
[INFO]           $anonfun.super.<init>();
[INFO]           ()
[INFO]         };
[INFO]         final def apply(x0$2: Tuple2): Tuple3 = {
[INFO]           case <synthetic> val x1: Tuple2 = x0$2;
[INFO]           case4(){
[INFO]             matchEnd3({
[INFO]               val map: scala.collection.immutable.TreeMap = scala.collection.immutable.TreeMap.apply(x1._2().map({
[INFO]                 @SerialVersionUID(value = 0) final <synthetic> class $anonfun extends scala.runtime.AbstractFunction1 with Serializable {
[INFO]                   def <init>($outer: <$anon: Function1>): <$anon: Function1> = {
[INFO]                     $anonfun.super.<init>();
[INFO]                     ()
[INFO]                   };
[INFO]                   final def apply(ct: ikoda.sparse.CellTuple): Tuple2 = new Tuple2$mcID$sp(ct.colIndex(), ct.value());
[INFO]                   <synthetic> <paramaccessor> <artifact> private[this] val $outer: <$anon: Function1> = _;
[INFO]                   <synthetic> <stable> <artifact> def $outer(): <$anon: Function1> = $anonfun.this.$outer;
[INFO]                   final <bridge> <artifact> def apply(v1: Object): Object = $anonfun.this.apply(v1)
[INFO]                 };
[INFO]                 (new <$anon: Function1>($anonfun.this): Function1)
[INFO]               }, collection.this.Seq.canBuildFrom()), math.this.Ordering.Int);
[INFO]               val idxArray: Array[Int] = map.keySet().toSeq().toArray((ClassTag.Int(): scala.reflect.ClassTag));
[INFO]               val valArray: Array[Double] = map.values().toSeq().toArray((ClassTag.Double(): scala.reflect.ClassTag));
[INFO]               val lp: org.apache.spark.mllib.regression.LabeledPoint = new org.apache.spark.mllib.regression.LabeledPoint(x1._2().apply(0).label(), org.apache.spark.mllib.linalg.Vectors.sparse($anonfun.this.$outer.columnHeadMap().size(), idxArray, valArray));
[INFO]               new Tuple3(lp, lp.hashCode(), x1._1().toString())
[INFO]             })
[INFO]           };
[INFO]           matchEnd3(x){
[INFO]             x
[INFO]           }
[INFO]         };
[INFO]         <synthetic> <paramaccessor> <artifact> private[this] val $outer: ikoda.sparse.RDDLabeledPointTransformations = _;
[INFO]         <synthetic> <stable> <artifact> def $outer(): ikoda.sparse.RDDLabeledPointTransformations = $anonfun.this.$outer;
[INFO]         final <bridge> <artifact> def apply(v1: Object): Object = $anonfun.this.apply(v1)
[INFO]       };
[INFO]       (new <$anon: Function1>(RDDLabeledPointTransformations.this): Function1)
[INFO]     }, (ClassTag.apply(classOf[scala.Tuple3]): scala.reflect.ClassTag)))
[INFO]   } catch {
[INFO]     case (e @ (_: Exception)) => {
[ERROR]       RDDLabeledPointTransformations.this.logger().error({
[INFO]         @SerialVersionUID(value = 0) final <synthetic> class $anonfun extends scala.runtime.AbstractFunction0 with Serializable {
[INFO]           def <init>($outer: ikoda.sparse.RDDLabeledPointTransformations): <$anon: Function0> = {
[INFO]             $anonfun.super.<init>();
[INFO]             ()
[INFO]           };
[INFO]           final def apply(): String = new StringContext(scala.this.Predef.wrapRefArray(Array[String]{"", ""})).s(scala.this.Predef.genericWrapArray(Array[Object]{$anonfun.this.$outer.name()}));
[INFO]           <synthetic> <paramaccessor> <artifact> private[this] val $outer: ikoda.sparse.RDDLabeledPointTransformations = _;
[INFO]           <synthetic> <stable> <artifact> def $outer(): ikoda.sparse.RDDLabeledPointTransformations = $anonfun.this.$outer;
[INFO]           final <bridge> <artifact> def apply(): Object = $anonfun.this.apply()
[INFO]         };
[INFO]         (new <$anon: Function0>(RDDLabeledPointTransformations.this): Function0)
[INFO]       });
[INFO]       throw e
[INFO]     }
[INFO]   };
[INFO]   <synthetic> def transformColumnsRddToLabeledPointRDD$default$3(): scala.collection.immutable.Map = scala.collection.mutable.HashMap.apply(immutable.this.Nil).toMap();
[INFO]   <synthetic> def transformColumnsRddToLabeledPointRDD$default$4(): Boolean = false;
[INFO]   @throws[ikoda.IKodaMLException](classOf[ikoda.IKodaMLException]) def transformColumnToThisSchema(colNameToConvert: String, newColumnHeadMap: scala.collection.mutable.ListMap): Int = try {
[INFO]     val newColIdx: Int = this.getColumnIndex(colNameToConvert, true);
[INFO]     {
[INFO]       case <synthetic> val x1: Boolean = newColIdx.>=(0);
[INFO]       case6(){
[INFO]         if (true.==(x1))
[INFO]           matchEnd5({
[INFO]             newColumnHeadMap.put(newColIdx, new ikoda.sparse.ColumnHeadTuple(newColIdx, colNameToConvert));
[INFO]             newColIdx
[INFO]           })
[INFO]         else
[INFO]           case7()
[INFO]       };
[INFO]       case7(){
[INFO]         if (false.==(x1))
[INFO]           matchEnd5({
[INFO]             val newMaxColIdx: Int = RDDLabeledPointTransformations.this.columnHeadMap().keySet().max(math.this.Ordering.Int).+(1);
[INFO]             newColumnHeadMap.put(newMaxColIdx, new ikoda.sparse.ColumnHeadTuple(newMaxColIdx, colNameToConvert));
[INFO]             newMaxColIdx
[INFO]           })
[INFO]         else
[INFO]           case8()
[INFO]       };
[INFO]       case8(){
[ERROR]         matchEnd5(throw new MatchError(x1))
[INFO]       };
[INFO]       matchEnd5(x){
[INFO]         x
[INFO]       }
[INFO]     }
[INFO]   } catch {
[INFO]     case (e @ (_: Exception)) => throw new ikoda.IKodaMLException(e.getLocalizedMessage(), e)
[INFO]   };
[INFO]   @throws[ikoda.IKodaMLException](classOf[ikoda.IKodaMLException]) def transformLabelToThisSchema(labelNameToConvert: String, newTargetMap: scala.collection.mutable.HashMap): Double = try {
[INFO]     val newLabelIdxo: Option = this.getTargetId(labelNameToConvert);
[INFO]     {
[INFO]       case <synthetic> val x1: Boolean = newLabelIdxo.isDefined();
[INFO]       case6(){
[INFO]         if (true.==(x1))
[INFO]           matchEnd5({
[INFO]             val l: Double = newLabelIdxo.get();
[INFO]             newTargetMap.put(labelNameToConvert, l);
[INFO]             l
[INFO]           })
[INFO]         else
[INFO]           case7()
[INFO]       };
[INFO]       case7(){
[INFO]         if (false.==(x1))
[INFO]           matchEnd5({
[INFO]             val newLabelIdx: Double = this.getTargets().values().toSeq().max(math.this.Ordering.Double).+(1);
[INFO]             newTargetMap.put(labelNameToConvert, newLabelIdx);
[INFO]             newLabelIdx
[INFO]           })
[INFO]         else
[INFO]           case8()
[INFO]       };
[INFO]       case8(){
[ERROR]         matchEnd5(throw new MatchError(x1))
[INFO]       };
[INFO]       matchEnd5(x){
[INFO]         x
[INFO]       }
[INFO]     }
[INFO]   } catch {
[INFO]     case (e @ (_: Exception)) => throw new ikoda.IKodaMLException(e.getMessage(), e)
[INFO]   };
[INFO]   @throws[ikoda.IKodaMLException](classOf[ikoda.IKodaMLException]) def transformLibSvmProcessorToRDDLabeledPoint(spark: org.apache.spark.sql.SparkSession, libsvmProcessor: ikoda.utils.LibSvmProcessor): Unit = try {
[INFO]     val arr: Array[String] = scala.Array.apply(immutable.this.Nil, (ClassTag.apply(classOf[java.lang.String]): scala.reflect.ClassTag));
[INFO]     val lvtList: scala.collection.mutable.Buffer = scala.collection.JavaConverters.asScalaBufferConverter(libsvmProcessor.generateLibSvmRows(arr)).asScala();
[INFO]     val lvtQueue: scala.collection.mutable.Queue = scala.collection.mutable.Queue.apply(lvtList);
[INFO]     libsvmProcessor.clearData();
[INFO]     RDDLabeledPointTransformations.this.columnHeadMap().clear();
[INFO]     val javaColMap: scala.collection.mutable.Map = scala.collection.JavaConverters.mapAsScalaMapConverter(libsvmProcessor.generateLibSvmColumnMap(arr)).asScala();
[INFO]     val invertedColMap: scala.collection.mutable.Map = javaColMap.map({
[INFO]       @SerialVersionUID(value = 0) final <synthetic> class $anonfun extends scala.runtime.AbstractFunction1 with Serializable {
[INFO]         def <init>($outer: ikoda.sparse.RDDLabeledPointTransformations): <$anon: Function1> = {
[INFO]           $anonfun.super.<init>();
[INFO]           ()
[INFO]         };
[INFO]         final def apply(x$1: Tuple2): Tuple2 = x$1.swap();
[INFO]         <synthetic> <paramaccessor> <artifact> private[this] val $outer: ikoda.sparse.RDDLabeledPointTransformations = _;
[INFO]         <synthetic> <stable> <artifact> def $outer(): ikoda.sparse.RDDLabeledPointTransformations = $anonfun.this.$outer;
[INFO]         final <bridge> <artifact> def apply(v1: Object): Object = $anonfun.this.apply(v1)
[INFO]       };
[INFO]       (new <$anon: Function1>(RDDLabeledPointTransformations.this): Function1)
[INFO]     }, mutable.this.Map.canBuildFrom());
[INFO]     val lpb: scala.collection.mutable.ArrayBuffer = new scala.collection.mutable.ArrayBuffer();
[INFO]     while$1(){
[INFO]       if (lvtQueue.nonEmpty())
[INFO]         {
[INFO]           {
[INFO]             var positionsArray: scala.collection.mutable.ArrayBuffer = scala.collection.mutable.ArrayBuffer.apply(immutable.this.Nil);
[INFO]             var valuesArray: scala.collection.mutable.ArrayBuffer = scala.collection.mutable.ArrayBuffer.apply(immutable.this.Nil);
[INFO]             val rowlvt: ikoda.utils.LabelValuesTuple = lvtQueue.dequeue();
[INFO]             val label: Double = scala.this.Predef.Double2double(rowlvt.getTarget());
[INFO]             scala.collection.JavaConverters.mapAsScalaMapConverter(rowlvt.getSparseMap()).asScala().foreach({
[INFO]               @SerialVersionUID(value = 0) final <synthetic> class $anonfun extends scala.runtime.AbstractFunction1 with Serializable {
[INFO]                 def <init>($outer: ikoda.sparse.RDDLabeledPointTransformations): <$anon: Function1> = {
[INFO]                   $anonfun.super.<init>();
[INFO]                   ()
[INFO]                 };
[INFO]                 final def apply(x0$3: Tuple2): Option = {
[INFO]                   case <synthetic> val x1: Tuple2 = x0$3;
[INFO]                   case4(){
[INFO]                     if (x1.ne(null))
[INFO]                       {
[INFO]                         val i: Integer = x1._1();
[INFO]                         val v: Double = x1._2();
[INFO]                         matchEnd3({
[INFO]                           positionsArray.+=(scala.this.Predef.Integer2int(i));
[INFO]                           valuesArray.+=(scala.this.Predef.Double2double(v));
[INFO]                           $anonfun.this.$outer.columnHeadMap().put(scala.this.Predef.Integer2int(i), new ikoda.sparse.ColumnHeadTuple(scala.this.Predef.Integer2int(i), invertedColMap.apply(i)))
[INFO]                         })
[INFO]                       }
[INFO]                     else
[INFO]                       case5()
[INFO]                   };
[INFO]                   case5(){
[ERROR]                     matchEnd3(throw new MatchError(x1))
[INFO]                   };
[INFO]                   matchEnd3(x){
[INFO]                     x
[INFO]                   }
[INFO]                 };
[INFO]                 <synthetic> <paramaccessor> <artifact> private[this] val $outer: ikoda.sparse.RDDLabeledPointTransformations = _;
[INFO]                 <synthetic> <stable> <artifact> def $outer(): ikoda.sparse.RDDLabeledPointTransformations = $anonfun.this.$outer;
[INFO]                 final <bridge> <artifact> def apply(v1: Object): Object = $anonfun.this.apply(v1)
[INFO]               };
[INFO]               (new <$anon: Function1>(RDDLabeledPointTransformations.this): Function1)
[INFO]             });
[INFO]             val lp: org.apache.spark.mllib.regression.LabeledPoint = new org.apache.spark.mllib.regression.LabeledPoint(label, org.apache.spark.mllib.linalg.Vectors.sparse(positionsArray.size(), positionsArray.toArray((ClassTag.Int(): scala.reflect.ClassTag)), valuesArray.toArray((ClassTag.Double(): scala.reflect.ClassTag))));
[INFO]             lpb.+=(new Tuple3(lp, lp.hashCode(), RDDLabeledPointTransformations.this.getUUID().toString()))
[INFO]           };
[INFO]           while$1()
[INFO]         }
[INFO]       else
[INFO]         ()
[INFO]     };
[INFO]     RDDLabeledPointTransformations.this.logger().info({
[INFO]       @SerialVersionUID(value = 0) final <synthetic> class $anonfun extends scala.runtime.AbstractFunction0 with Serializable {
[INFO]         def <init>($outer: ikoda.sparse.RDDLabeledPointTransformations): <$anon: Function0> = {
[INFO]           $anonfun.super.<init>();
[INFO]           ()
[INFO]         };
[INFO]         final def apply(): String = $anonfun.this.$outer.columnHeadMap().mkString(" || ");
[INFO]         <synthetic> <paramaccessor> <artifact> private[this] val $outer: ikoda.sparse.RDDLabeledPointTransformations = _;
[INFO]         <synthetic> <stable> <artifact> def $outer(): ikoda.sparse.RDDLabeledPointTransformations = $anonfun.this.$outer;
[INFO]         final <bridge> <artifact> def apply(): Object = $anonfun.this.apply()
[INFO]       };
[INFO]       (new <$anon: Function0>(RDDLabeledPointTransformations.this): Function0)
[INFO]     });
[INFO]     RDDLabeledPointTransformations.this.showMemoryUsage("after llp");
[INFO]     RDDLabeledPointTransformations.this.dataRDD_=(spark.sparkContext().parallelize(lpb.toSeq(), spark.sparkContext().parallelize$default$2(), (ClassTag.apply(classOf[scala.Tuple3]): scala.reflect.ClassTag)));
[INFO]     {
[INFO]       RDDLabeledPointTransformations.this.internalCreataDataDict(libsvmProcessor);
[INFO]       ()
[INFO]     }
[INFO]   } catch {
[INFO]     case (e @ (_: Exception)) => {
[ERROR]       RDDLabeledPointTransformations.this.logger().error({
[INFO]         @SerialVersionUID(value = 0) final <synthetic> class $anonfun extends scala.runtime.AbstractFunction0 with Serializable {
[INFO]           def <init>($outer: ikoda.sparse.RDDLabeledPointTransformations): <$anon: Function0> = {
[INFO]             $anonfun.super.<init>();
[INFO]             ()
[INFO]           };
[INFO]           final def apply(): String = new StringContext(scala.this.Predef.wrapRefArray(Array[String]{"", ""})).s(scala.this.Predef.genericWrapArray(Array[Object]{$anonfun.this.$outer.name()}));
[INFO]           <synthetic> <paramaccessor> <artifact> private[this] val $outer: ikoda.sparse.RDDLabeledPointTransformations = _;
[INFO]           <synthetic> <stable> <artifact> def $outer(): ikoda.sparse.RDDLabeledPointTransformations = $anonfun.this.$outer;
[INFO]           final <bridge> <artifact> def apply(): Object = $anonfun.this.apply()
[INFO]         };
[INFO]         (new <$anon: Function0>(RDDLabeledPointTransformations.this): Function0)
[INFO]       }, {
[INFO]         @SerialVersionUID(value = 0) final <synthetic> class $anonfun extends scala.runtime.AbstractFunction0 with Serializable {
[INFO]           def <init>($outer: ikoda.sparse.RDDLabeledPointTransformations): <$anon: Function0> = {
[INFO]             $anonfun.super.<init>();
[INFO]             ()
[INFO]           };
[INFO]           final def apply(): Exception = e;
[INFO]           <synthetic> <paramaccessor> <artifact> private[this] val $outer: ikoda.sparse.RDDLabeledPointTransformations = _;
[INFO]           <synthetic> <stable> <artifact> def $outer(): ikoda.sparse.RDDLabeledPointTransformations = $anonfun.this.$outer;
[INFO]           final <bridge> <artifact> def apply(): Object = $anonfun.this.apply()
[INFO]         };
[INFO]         (new <$anon: Function0>(RDDLabeledPointTransformations.this): Function0)
[INFO]       });
[INFO]       throw new ikoda.IKodaMLException(new StringContext(scala.this.Predef.wrapRefArray(Array[String]{"", " : ", ""})).s(scala.this.Predef.genericWrapArray(Array[Object]{RDDLabeledPointTransformations.this.name(), e.getMessage()})), e)
[INFO]     }
[INFO]   };
[INFO]   @throws[ikoda.IKodaMLException](classOf[ikoda.IKodaMLException]) def transformRowToLabeledPoint(rowIn: org.apache.spark.sql.Row, fieldNameSeq: Seq, targetColumnName: String): Option = try {
[INFO]     val values: scala.collection.immutable.Map = rowIn.getValuesMap(fieldNameSeq);
[INFO]     val sortedValuesMap: scala.collection.immutable.ListMap = scala.collection.immutable.ListMap.apply(values.toSeq().sortBy({
[INFO]       @SerialVersionUID(value = 0) final <synthetic> class $anonfun extends scala.runtime.AbstractFunction1 with Serializable {
[INFO]         def <init>($outer: ikoda.sparse.RDDLabeledPointTransformations): <$anon: Function1> = {
[INFO]           $anonfun.super.<init>();
[INFO]           ()
[INFO]         };
[INFO]         final def apply(x$2: Tuple2): String = x$2._1();
[INFO]         <synthetic> <paramaccessor> <artifact> private[this] val $outer: ikoda.sparse.RDDLabeledPointTransformations = _;
[INFO]         <synthetic> <stable> <artifact> def $outer(): ikoda.sparse.RDDLabeledPointTransformations = $anonfun.this.$outer;
[INFO]         final <bridge> <artifact> def apply(v1: Object): Object = $anonfun.this.apply(v1)
[INFO]       };
[INFO]       (new <$anon: Function1>(RDDLabeledPointTransformations.this): Function1)
[INFO]     }, math.this.Ordering.String));
[INFO]     var positionsArray: scala.collection.mutable.ArrayBuffer = scala.collection.mutable.ArrayBuffer.apply(immutable.this.Nil);
[INFO]     var valuesArray: scala.collection.mutable.ArrayBuffer = scala.collection.mutable.ArrayBuffer.apply(immutable.this.Nil);
[INFO]     var currentPosition: Int = 0;
[INFO]     val label: Int = rowIn.getAs(targetColumnName.+("_Target"));
[INFO]     def extractDouble(x: Object): Option = {
[INFO]       case <synthetic> val x1: Object = x;
[INFO]       case5(){
[INFO]         if (x1.isInstanceOf[Number]())
[INFO]           {
[INFO]             <synthetic> val x2: Number = (x1.asInstanceOf[Number](): Number);
[INFO]             matchEnd4(new Some(x2.doubleValue()))
[INFO]           }
[INFO]         else
[INFO]           case6()
[INFO]       };
[INFO]       case6(){
[INFO]         matchEnd4(scala.None)
[INFO]       };
[INFO]       matchEnd4(x){
[INFO]         x
[INFO]       }
[INFO]     };
[INFO]     java.this.lang.System.out.print(".");
[INFO]     sortedValuesMap.foreach({
[INFO]       @SerialVersionUID(value = 0) final <synthetic> class $anonfun extends scala.runtime.AbstractFunction1 with Serializable {
[INFO]         def <init>($outer: ikoda.sparse.RDDLabeledPointTransformations): <$anon: Function1> = {
[INFO]           $anonfun.super.<init>();
[INFO]           ()
[INFO]         };
[INFO]         final def apply(kv: Tuple2): Unit = {
[INFO]           val value: Double = extractDouble(kv._2()).getOrElse({
[INFO]             @SerialVersionUID(value = 0) final <synthetic> class $anonfun extends scala.runtime.AbstractFunction0$mcD$sp with Serializable {
[INFO]               def <init>($outer: <$anon: Function1>): <$anon: Function0> = {
[INFO]                 $anonfun.super.<init>();
[INFO]                 ()
[INFO]               };
[INFO]               final def apply(): Double = $anonfun.this.apply$mcD$sp();
[INFO]               <specialized> def apply$mcD$sp(): Double = 0.0;
[INFO]               <synthetic> <paramaccessor> <artifact> private[this] val $outer: <$anon: Function1> = _;
[INFO]               <synthetic> <stable> <artifact> def $outer(): <$anon: Function1> = $anonfun.this.$outer;
[INFO]               final <bridge> <artifact> def apply(): Object = $anonfun.this.apply()
[INFO]             };
[INFO]             (new <$anon: Function0>($anonfun.this): Function0)
[INFO]           });
[INFO]           if (value.>(0))
[INFO]             {
[INFO]               valuesArray.+=(value);
[INFO]               positionsArray.+=(currentPosition)
[INFO]             }
[INFO]           else
[INFO]             ();
[INFO]           currentPosition = currentPosition.+(1)
[INFO]         };
[INFO]         <synthetic> <paramaccessor> <artifact> private[this] val $outer: ikoda.sparse.RDDLabeledPointTransformations = _;
[INFO]         <synthetic> <stable> <artifact> def $outer(): ikoda.sparse.RDDLabeledPointTransformations = $anonfun.this.$outer;
[INFO]         final <bridge> <artifact> def apply(v1: Object): Object = $anonfun.this.apply(v1)
[INFO]       };
[INFO]       (new <$anon: Function1>(RDDLabeledPointTransformations.this): Function1)
[INFO]     });
[INFO]     java.this.lang.System.out.print(".");
[INFO]     if (positionsArray.size().==(0))
[INFO]       {
[WARNING]         RDDLabeledPointTransformations.this.logger().warn({
[INFO]           @SerialVersionUID(value = 0) final <synthetic> class $anonfun extends scala.runtime.AbstractFunction0 with Serializable {
[INFO]             def <init>($outer: ikoda.sparse.RDDLabeledPointTransformations): <$anon: Function0> = {
[INFO]               $anonfun.super.<init>();
[INFO]               ()
[INFO]             };
[INFO]             final def apply(): String = new StringContext(scala.this.Predef.wrapRefArray(Array[String]{"Empty row..."})).s(immutable.this.Nil);
[INFO]             <synthetic> <paramaccessor> <artifact> private[this] val $outer: ikoda.sparse.RDDLabeledPointTransformations = _;
[INFO]             <synthetic> <stable> <artifact> def $outer(): ikoda.sparse.RDDLabeledPointTransformations = $anonfun.this.$outer;
[INFO]             final <bridge> <artifact> def apply(): Object = $anonfun.this.apply()
[INFO]           };
[INFO]           (new <$anon: Function0>(RDDLabeledPointTransformations.this): Function0)
[INFO]         });
[INFO]         scala.None
[INFO]       }
[INFO]     else
[INFO]       new Some(new org.apache.spark.mllib.regression.LabeledPoint(label.toDouble(), org.apache.spark.mllib.linalg.Vectors.sparse(positionsArray.size(), positionsArray.toArray((ClassTag.Int(): scala.reflect.ClassTag)), valuesArray.toArray((ClassTag.Double(): scala.reflect.ClassTag)))))
[INFO]   } catch {
[INFO]     case (ex @ (_: Exception)) => {
[ERROR]       RDDLabeledPointTransformations.this.logger().error({
[INFO]         @SerialVersionUID(value = 0) final <synthetic> class $anonfun extends scala.runtime.AbstractFunction0 with Serializable {
[INFO]           def <init>($outer: ikoda.sparse.RDDLabeledPointTransformations): <$anon: Function0> = {
[INFO]             $anonfun.super.<init>();
[INFO]             ()
[INFO]           };
[INFO]           final def apply(): String = new StringContext(scala.this.Predef.wrapRefArray(Array[String]{"", ""})).s(scala.this.Predef.genericWrapArray(Array[Object]{$anonfun.this.$outer.name()}));
[INFO]           <synthetic> <paramaccessor> <artifact> private[this] val $outer: ikoda.sparse.RDDLabeledPointTransformations = _;
[INFO]           <synthetic> <stable> <artifact> def $outer(): ikoda.sparse.RDDLabeledPointTransformations = $anonfun.this.$outer;
[INFO]           final <bridge> <artifact> def apply(): Object = $anonfun.this.apply()
[INFO]         };
[INFO]         (new <$anon: Function0>(RDDLabeledPointTransformations.this): Function0)
[INFO]       });
[INFO]       throw new ikoda.IKodaMLException(new StringContext(scala.this.Predef.wrapRefArray(Array[String]{"", " : ", ""})).s(scala.this.Predef.genericWrapArray(Array[Object]{RDDLabeledPointTransformations.this.name(), ex.getMessage()})), ex)
[INFO]     }
[INFO]   };
[INFO]   def transformStringFieldToNumericField(spark: org.apache.spark.sql.SparkSession, mDF: org.apache.spark.sql.Dataset, targetColumnName: String): org.apache.spark.sql.Dataset = {
[INFO]     RDDLabeledPointTransformations.this.logger().trace({
[INFO]       @SerialVersionUID(value = 0) final <synthetic> class $anonfun extends scala.runtime.AbstractFunction0 with Serializable {
[INFO]         def <init>($outer: ikoda.sparse.RDDLabeledPointTransformations): <$anon: Function0> = {
[INFO]           $anonfun.super.<init>();
[INFO]           ()
[INFO]         };
[INFO]         final def apply(): String = new StringContext(scala.this.Predef.wrapRefArray(Array[String]{"transformStringFieldToNumericField ", ""})).s(scala.this.Predef.genericWrapArray(Array[Object]{targetColumnName}));
[INFO]         <synthetic> <paramaccessor> <artifact> private[this] val $outer: ikoda.sparse.RDDLabeledPointTransformations = _;
[INFO]         <synthetic> <stable> <artifact> def $outer(): ikoda.sparse.RDDLabeledPointTransformations = $anonfun.this.$outer;
[INFO]         final <bridge> <artifact> def apply(): Object = $anonfun.this.apply()
[INFO]       };
[INFO]       (new <$anon: Function0>(RDDLabeledPointTransformations.this): Function0)
[INFO]     });
[INFO]     val valuesMap: scala.collection.mutable.Map = RDDLabeledPointTransformations.this.internalCreataDataDict(spark, mDF, targetColumnName);
[INFO]     val setNumericLabel: Function1 = {
[INFO]       @SerialVersionUID(value = 0) final <synthetic> class $anonfun extends scala.runtime.AbstractFunction1 with Serializable {
[INFO]         def <init>($outer: ikoda.sparse.RDDLabeledPointTransformations): <$anon: Function1> = {
[INFO]           $anonfun.super.<init>();
[INFO]           ()
[INFO]         };
[INFO]         final def apply(arg: String): Double = {
[INFO]           val rtn: Double = valuesMap.get(arg).getOrElse({
[INFO]             @SerialVersionUID(value = 0) final <synthetic> class $anonfun extends scala.runtime.AbstractFunction0$mcD$sp with Serializable {
[INFO]               def <init>($outer: <$anon: Function1>): <$anon: Function0> = {
[INFO]                 $anonfun.super.<init>();
[INFO]                 ()
[INFO]               };
[INFO]               final def apply(): Double = $anonfun.this.apply$mcD$sp();
[INFO]               <specialized> def apply$mcD$sp(): Double = -1.0;
[INFO]               <synthetic> <paramaccessor> <artifact> private[this] val $outer: <$anon: Function1> = _;
[INFO]               <synthetic> <stable> <artifact> def $outer(): <$anon: Function1> = $anonfun.this.$outer;
[INFO]               final <bridge> <artifact> def apply(): Object = $anonfun.this.apply()
[INFO]             };
[INFO]             (new <$anon: Function0>($anonfun.this): Function0)
[INFO]           });
[INFO]           rtn
[INFO]         };
[INFO]         <synthetic> <paramaccessor> <artifact> private[this] val $outer: ikoda.sparse.RDDLabeledPointTransformations = _;
[INFO]         <synthetic> <stable> <artifact> def $outer(): ikoda.sparse.RDDLabeledPointTransformations = $anonfun.this.$outer;
[INFO]         final <bridge> <artifact> def apply(v1: Object): Object = $anonfun.this.apply(v1)
[INFO]       };
[INFO]       (new <$anon: Function1>(RDDLabeledPointTransformations.this): Function1)
[INFO]     };
[INFO]     val sqlfunc: org.apache.spark.sql.expressions.UserDefinedFunction = org.apache.spark.sql.functions.udf(setNumericLabel, (scala.reflect.runtime.`package`.universe().TypeTag().Double(): scala.reflect.api.TypeTags#TypeTag), ({
[INFO]       val $u: scala.reflect.api.JavaUniverse = scala.reflect.runtime.`package`.universe();
[INFO]       val $m: scala.reflect.api.JavaUniverse#JavaMirror = scala.reflect.runtime.`package`.universe().runtimeMirror(classOf[ikoda.sparse.RDDLabeledPointTransformations].getClassLoader());
[INFO]       $u.TypeTag().apply($m, {
[INFO]         final class $typecreator1 extends scala.reflect.api.TypeCreator {
[INFO]           def <init>($outer: ikoda.sparse.RDDLabeledPointTransformations): $typecreator1 = {
[INFO]             $typecreator1.super.<init>();
[INFO]             ()
[INFO]           };
[INFO]           def apply($m$untyped: scala.reflect.api.Mirror): scala.reflect.api.Types#TypeApi = {
[INFO]             val $u: scala.reflect.api.Universe = $m$untyped.universe();
[INFO]             val $m: scala.reflect.api.Mirror = $m$untyped.asInstanceOf[scala.reflect.api.Mirror]();
[INFO]             $u.internal().reificationSupport().TypeRef($u.internal().reificationSupport().SingleType($u.internal().reificationSupport().ThisType($m.staticPackage("scala").asModule().moduleClass()), $m.staticModule("scala.Predef")), $u.internal().reificationSupport().selectType($m.staticModule("scala.Predef").asModule().moduleClass(), "String"), immutable.this.Nil)
[INFO]           };
[INFO]           <synthetic> <paramaccessor> <artifact> private[this] val $outer: ikoda.sparse.RDDLabeledPointTransformations = _;
[INFO]           <synthetic> <stable> <artifact> def $outer(): ikoda.sparse.RDDLabeledPointTransformations = $typecreator1.this.$outer
[INFO]         };
[INFO]         new $typecreator1(RDDLabeledPointTransformations.this)
[INFO]       })
[INFO]     }: scala.reflect.api.TypeTags#TypeTag));
[INFO]     val o: Option = scala.this.Predef.refArrayOps(mDF.schema().fields()).find({
[INFO]       @SerialVersionUID(value = 0) final <synthetic> class $anonfun extends scala.runtime.AbstractFunction1 with Serializable {
[INFO]         def <init>($outer: ikoda.sparse.RDDLabeledPointTransformations): <$anon: Function1> = {
[INFO]           $anonfun.super.<init>();
[INFO]           ()
[INFO]         };
[INFO]         final def apply(sf: org.apache.spark.sql.types.StructField): Boolean = sf.name().==(targetColumnName);
[INFO]         <synthetic> <paramaccessor> <artifact> private[this] val $outer: ikoda.sparse.RDDLabeledPointTransformations = _;
[INFO]         <synthetic> <stable> <artifact> def $outer(): ikoda.sparse.RDDLabeledPointTransformations = $anonfun.this.$outer;
[INFO]         final <bridge> <artifact> def apply(v1: Object): Object = $anonfun.this.apply(v1)
[INFO]       };
[INFO]       (new <$anon: Function1>(RDDLabeledPointTransformations.this): Function1)
[INFO]     });
[INFO]     val newColumnName: String = targetColumnName.+("_Target");
[INFO]     if (o.isDefined())
[INFO]       {
[INFO]         val targetColStructureField: org.apache.spark.sql.types.StructField = o.get();
[INFO]         RDDLabeledPointTransformations.this.logger().trace({
[INFO]           @SerialVersionUID(value = 0) final <synthetic> class $anonfun extends scala.runtime.AbstractFunction0 with Serializable {
[INFO]             def <init>($outer: ikoda.sparse.RDDLabeledPointTransformations): <$anon: Function0> = {
[INFO]               $anonfun.super.<init>();
[INFO]               ()
[INFO]             };
[INFO]             final def apply(): String = new StringContext(scala.this.Predef.wrapRefArray(Array[String]{"targetColStructureField = ", ""})).s(scala.this.Predef.genericWrapArray(Array[Object]{targetColStructureField.dataType()}));
[INFO]             <synthetic> <paramaccessor> <artifact> private[this] val $outer: ikoda.sparse.RDDLabeledPointTransformations = _;
[INFO]             <synthetic> <stable> <artifact> def $outer(): ikoda.sparse.RDDLabeledPointTransformations = $anonfun.this.$outer;
[INFO]             final <bridge> <artifact> def apply(): Object = $anonfun.this.apply()
[INFO]           };
[INFO]           (new <$anon: Function0>(RDDLabeledPointTransformations.this): Function0)
[INFO]         });
[INFO]         if (targetColStructureField.dataType().==(org.apache.spark.sql.types.StringType))
[INFO]           {
[INFO]             val dfreturn: org.apache.spark.sql.Dataset = mDF.withColumn(newColumnName, sqlfunc.apply(scala.this.Predef.wrapRefArray(Array[org.apache.spark.sql.Column]{org.apache.spark.sql.functions.col(targetColumnName)})));
[INFO]             RDDLabeledPointTransformations.this.logger().trace({
[INFO]               @SerialVersionUID(value = 0) final <synthetic> class $anonfun extends scala.runtime.AbstractFunction0 with Serializable {
[INFO]                 def <init>($outer: ikoda.sparse.RDDLabeledPointTransformations): <$anon: Function0> = {
[INFO]                   $anonfun.super.<init>();
[INFO]                   ()
[INFO]                 };
[INFO]                 final def apply(): String = new StringContext(scala.this.Predef.wrapRefArray(Array[String]{"transformStringFieldToNumericField returning ", ""})).s(scala.this.Predef.genericWrapArray(Array[Object]{dfreturn.count()}));
[INFO]                 <synthetic> <paramaccessor> <artifact> private[this] val $outer: ikoda.sparse.RDDLabeledPointTransformations = _;
[INFO]                 <synthetic> <stable> <artifact> def $outer(): ikoda.sparse.RDDLabeledPointTransformations = $anonfun.this.$outer;
[INFO]                 final <bridge> <artifact> def apply(): Object = $anonfun.this.apply()
[INFO]               };
[INFO]               (new <$anon: Function0>(RDDLabeledPointTransformations.this): Function0)
[INFO]             });
[INFO]             dfreturn
[INFO]           }
[INFO]         else
[INFO]           {
[INFO]             val dfreturn: org.apache.spark.sql.Dataset = mDF.withColumn(newColumnName, org.apache.spark.sql.functions.col(targetColumnName));
[INFO]             RDDLabeledPointTransformations.this.logger().trace({
[INFO]               @SerialVersionUID(value = 0) final <synthetic> class $anonfun extends scala.runtime.AbstractFunction0 with Serializable {
[INFO]                 def <init>($outer: ikoda.sparse.RDDLabeledPointTransformations): <$anon: Function0> = {
[INFO]                   $anonfun.super.<init>();
[INFO]                   ()
[INFO]                 };
[INFO]                 final def apply(): String = new StringContext(scala.this.Predef.wrapRefArray(Array[String]{"transformStringFieldToNumericField returning ", ""})).s(scala.this.Predef.genericWrapArray(Array[Object]{dfreturn.count()}));
[INFO]                 <synthetic> <paramaccessor> <artifact> private[this] val $outer: ikoda.sparse.RDDLabeledPointTransformations = _;
[INFO]                 <synthetic> <stable> <artifact> def $outer(): ikoda.sparse.RDDLabeledPointTransformations = $anonfun.this.$outer;
[INFO]                 final <bridge> <artifact> def apply(): Object = $anonfun.this.apply()
[INFO]               };
[INFO]               (new <$anon: Function0>(RDDLabeledPointTransformations.this): Function0)
[INFO]             });
[INFO]             dfreturn
[INFO]           }
[INFO]       }
[INFO]     else
[INFO]       {
[WARNING]         RDDLabeledPointTransformations.this.logger().warn({
[INFO]           @SerialVersionUID(value = 0) final <synthetic> class $anonfun extends scala.runtime.AbstractFunction0 with Serializable {
[INFO]             def <init>($outer: ikoda.sparse.RDDLabeledPointTransformations): <$anon: Function0> = {
[INFO]               $anonfun.super.<init>();
[INFO]               ()
[INFO]             };
[INFO]             final def apply(): String = new StringContext(scala.this.Predef.wrapRefArray(Array[String]{"Could not find target column: Returning original DF with row count of ", ""})).s(scala.this.Predef.genericWrapArray(Array[Object]{mDF.count()}));
[INFO]             <synthetic> <paramaccessor> <artifact> private[this] val $outer: ikoda.sparse.RDDLabeledPointTransformations = _;
[INFO]             <synthetic> <stable> <artifact> def $outer(): ikoda.sparse.RDDLabeledPointTransformations = $anonfun.this.$outer;
[INFO]             final <bridge> <artifact> def apply(): Object = $anonfun.this.apply()
[INFO]           };
[INFO]           (new <$anon: Function0>(RDDLabeledPointTransformations.this): Function0)
[INFO]         });
[INFO]         mDF
[INFO]       }
[INFO]   };
[INFO]   @throws[ikoda.IKodaMLException](classOf[ikoda.IKodaMLException]) def transformToRDDLabeledPointWithMatchingSchema(spark: org.apache.spark.sql.SparkSession, libsvmProcessor: ikoda.utils.LibSvmProcessor): ikoda.sparse.RDDLabeledPoint = try {
[INFO]     val arr: Array[String] = scala.Array.apply(immutable.this.Nil, (ClassTag.apply(classOf[java.lang.String]): scala.reflect.ClassTag));
[INFO]     val lvtList: scala.collection.mutable.Buffer = scala.collection.JavaConverters.asScalaBufferConverter(libsvmProcessor.generateLibSvmRows(arr)).asScala();
[INFO]     var positionsArray: scala.collection.mutable.ArrayBuffer = scala.collection.mutable.ArrayBuffer.apply(immutable.this.Nil);
[INFO]     var valuesArray: scala.collection.mutable.ArrayBuffer = scala.collection.mutable.ArrayBuffer.apply(immutable.this.Nil);
[INFO]     var newColumnHeadMap: scala.collection.mutable.ListMap = scala.collection.mutable.ListMap.apply(immutable.this.Nil);
[INFO]     val javaColMap: scala.collection.mutable.Map = scala.collection.JavaConverters.mapAsScalaMapConverter(libsvmProcessor.generateLibSvmColumnMap(arr)).asScala();
[INFO]     val invertedColMap: scala.collection.mutable.Map = javaColMap.map({
[INFO]       @SerialVersionUID(value = 0) final <synthetic> class $anonfun extends scala.runtime.AbstractFunction1 with Serializable {
[INFO]         def <init>($outer: ikoda.sparse.RDDLabeledPointTransformations): <$anon: Function1> = {
[INFO]           $anonfun.super.<init>();
[INFO]           ()
[INFO]         };
[INFO]         final def apply(x$3: Tuple2): Tuple2 = x$3.swap();
[INFO]         <synthetic> <paramaccessor> <artifact> private[this] val $outer: ikoda.sparse.RDDLabeledPointTransformations = _;
[INFO]         <synthetic> <stable> <artifact> def $outer(): ikoda.sparse.RDDLabeledPointTransformations = $anonfun.this.$outer;
[INFO]         final <bridge> <artifact> def apply(v1: Object): Object = $anonfun.this.apply(v1)
[INFO]       };
[INFO]       (new <$anon: Function1>(RDDLabeledPointTransformations.this): Function1)
[INFO]     }, mutable.this.Map.canBuildFrom());
[INFO]     val llp: List = lvtList.map({
[INFO]   @SerialVersionUID(value = 0) final <synthetic> class $anonfun extends scala.runtime.AbstractFunction1 with Serializable {
[INFO]     def <init>($outer: ikoda.sparse.RDDLabeledPointTransformations): <$anon: Function1> = {
[INFO]       $anonfun.super.<init>();
[INFO]       ()
[INFO]     };
[INFO]     final def apply(rowlvt: ikoda.utils.LabelValuesTuple): Tuple3 = {
[INFO]       val label: Double = scala.this.Predef.Double2double(rowlvt.getTarget());
[INFO]       scala.collection.JavaConverters.mapAsScalaMapConverter(rowlvt.getSparseMap()).asScala().foreach({
[INFO]         @SerialVersionUID(value = 0) final <synthetic> class $anonfun extends scala.runtime.AbstractFunction1 with Serializable {
[INFO]           def <init>($outer: <$anon: Function1>): <$anon: Function1> = {
[INFO]             $anonfun.super.<init>();
[INFO]             ()
[INFO]           };
[INFO]           final def apply(x0$4: Tuple2): Object = {
[INFO]             case <synthetic> val x1: Tuple2 = x0$4;
[INFO]             case4(){
[INFO]               if (x1.ne(null))
[INFO]                 {
[INFO]                   val cellidx: Integer = x1._1();
[INFO]                   val cellvalue: Double = x1._2();
[INFO]                   matchEnd3({
[INFO]                     val colName: String = invertedColMap.apply(cellidx);
[INFO]                     val newColIdx: Int = $anonfun.this.$outer.$outer().getColumnIndex(colName, $anonfun.this.$outer.$outer().getColumnIndex$default$2());
[INFO]                     if (newColIdx.>=(0))
[INFO]                       {
[INFO]                         positionsArray.+=(newColIdx);
[INFO]                         valuesArray.+=(scala.this.Predef.Double2double(cellvalue))
[INFO]                       }
[INFO]                     else
[INFO]                       ()
[INFO]                   })
[INFO]                 }
[INFO]               else
[INFO]                 case5()
[INFO]             };
[INFO]             case5(){
[ERROR]               matchEnd3(throw new MatchError(x1))
[INFO]             };
[INFO]             matchEnd3(x){
[INFO]               x
[INFO]             }
[INFO]           };
[INFO]           <synthetic> <paramaccessor> <artifact> private[this] val $outer: <$anon: Function1> = _;
[INFO]           <synthetic> <stable> <artifact> def $outer(): <$anon: Function1> = $anonfun.this.$outer;
[INFO]           final <bridge> <artifact> def apply(v1: Object): Object = $anonfun.this.apply(v1)
[INFO]         };
[INFO]         (new <$anon: Function1>($anonfun.this): Function1)
[INFO]       });
[INFO]       val lp: org.apache.spark.mllib.regression.LabeledPoint = new org.apache.spark.mllib.regression.LabeledPoint(label, org.apache.spark.mllib.linalg.Vectors.sparse($anonfun.this.$outer.columnHeadMap().size(), positionsArray.toArray((ClassTag.Int(): scala.reflect.ClassTag)), valuesArray.toArray((ClassTag.Double(): scala.reflect.ClassTag))));
[INFO]       new Tuple3(lp, lp.hashCode(), $anonfun.this.$outer.getUUID().toString())
[INFO]     };
[INFO]     <synthetic> <paramaccessor> <artifact> private[this] val $outer: ikoda.sparse.RDDLabeledPointTransformations = _;
[INFO]     <synthetic> <stable> <artifact> def $outer(): ikoda.sparse.RDDLabeledPointTransformations = $anonfun.this.$outer;
[INFO]     final <bridge> <artifact> def apply(v1: Object): Object = $anonfun.this.apply(v1)
[INFO]   };
[INFO]   (new <$anon: Function1>(RDDLabeledPointTransformations.this): Function1)
[INFO] }, mutable.this.Buffer.canBuildFrom()).toList();
[INFO]     val newRDDLabeledPoint: org.apache.spark.rdd.RDD = spark.sparkContext().parallelize(llp, spark.sparkContext().parallelize$default$2(), (ClassTag.apply(classOf[scala.Tuple3]): scala.reflect.ClassTag));
[INFO]     val sparseOut: ikoda.sparse.RDDLabeledPoint = new ikoda.sparse.RDDLabeledPoint();
[INFO]     sparseOut.dataRDD_=(newRDDLabeledPoint);
[INFO]     sparseOut.columnHeadMap_=(RDDLabeledPointTransformations.this.columnHeadMap().map({
[INFO]       @SerialVersionUID(value = 0) final <synthetic> class $anonfun extends scala.runtime.AbstractFunction1 with Serializable {
[INFO]         def <init>($outer: ikoda.sparse.RDDLabeledPointTransformations): <$anon: Function1> = {
[INFO]           $anonfun.super.<init>();
[INFO]           ()
[INFO]         };
[INFO]         final def apply(x0$5: Tuple2): Tuple2 = {
[INFO]           case <synthetic> val x1: Tuple2 = x0$5;
[INFO]           case4(){
[INFO]             if (x1.ne(null))
[INFO]               {
[INFO]                 val idx: Int = x1._1$mcI$sp();
[INFO]                 val cht: ikoda.sparse.ColumnHeadTuple = x1._2();
[INFO]                 matchEnd3(new Tuple2(idx, cht))
[INFO]               }
[INFO]             else
[INFO]               case5()
[INFO]           };
[INFO]           case5(){
[ERROR]             matchEnd3(throw new MatchError(x1))
[INFO]           };
[INFO]           matchEnd3(x){
[INFO]             x
[INFO]           }
[INFO]         };
[INFO]         <synthetic> <paramaccessor> <artifact> private[this] val $outer: ikoda.sparse.RDDLabeledPointTransformations = _;
[INFO]         <synthetic> <stable> <artifact> def $outer(): ikoda.sparse.RDDLabeledPointTransformations = $anonfun.this.$outer;
[INFO]         final <bridge> <artifact> def apply(v1: Object): Object = $anonfun.this.apply(v1)
[INFO]       };
[INFO]       (new <$anon: Function1>(RDDLabeledPointTransformations.this): Function1)
[INFO]     }, mutable.this.ListMap.canBuildFrom()));
[INFO]     sparseOut.datadict_=(RDDLabeledPointTransformations.this.datadict().map({
[INFO]       @SerialVersionUID(value = 0) final <synthetic> class $anonfun extends scala.runtime.AbstractFunction1 with Serializable {
[INFO]         def <init>($outer: ikoda.sparse.RDDLabeledPointTransformations): <$anon: Function1> = {
[INFO]           $anonfun.super.<init>();
[INFO]           ()
[INFO]         };
[INFO]         final def apply(x0$6: Tuple2): Tuple2 = {
[INFO]           case <synthetic> val x1: Tuple2 = x0$6;
[INFO]           case4(){
[INFO]             if (x1.ne(null))
[INFO]               {
[INFO]                 val name: String = x1._1();
[INFO]                 val idx: Double = x1._2$mcD$sp();
[INFO]                 matchEnd3(new Tuple2(name, idx))
[INFO]               }
[INFO]             else
[INFO]               case5()
[INFO]           };
[INFO]           case5(){
[ERROR]             matchEnd3(throw new MatchError(x1))
[INFO]           };
[INFO]           matchEnd3(x){
[INFO]             x
[INFO]           }
[INFO]         };
[INFO]         <synthetic> <paramaccessor> <artifact> private[this] val $outer: ikoda.sparse.RDDLabeledPointTransformations = _;
[INFO]         <synthetic> <stable> <artifact> def $outer(): ikoda.sparse.RDDLabeledPointTransformations = $anonfun.this.$outer;
[INFO]         final <bridge> <artifact> def apply(v1: Object): Object = $anonfun.this.apply(v1)
[INFO]       };
[INFO]       (new <$anon: Function1>(RDDLabeledPointTransformations.this): Function1)
[INFO]     }, immutable.this.Map.canBuildFrom()));
[INFO]     sparseOut.validateColumnCount();
[INFO]     sparseOut
[INFO]   } catch {
[INFO]     case (e @ (_: Exception)) => {
[ERROR]       RDDLabeledPointTransformations.this.logger().error({
[INFO]         @SerialVersionUID(value = 0) final <synthetic> class $anonfun extends scala.runtime.AbstractFunction0 with Serializable {
[INFO]           def <init>($outer: ikoda.sparse.RDDLabeledPointTransformations): <$anon: Function0> = {
[INFO]             $anonfun.super.<init>();
[INFO]             ()
[INFO]           };
[INFO]           final def apply(): String = new StringContext(scala.this.Predef.wrapRefArray(Array[String]{"", ""})).s(scala.this.Predef.genericWrapArray(Array[Object]{$anonfun.this.$outer.name()}));
[INFO]           <synthetic> <paramaccessor> <artifact> private[this] val $outer: ikoda.sparse.RDDLabeledPointTransformations = _;
[INFO]           <synthetic> <stable> <artifact> def $outer(): ikoda.sparse.RDDLabeledPointTransformations = $anonfun.this.$outer;
[INFO]           final <bridge> <artifact> def apply(): Object = $anonfun.this.apply()
[INFO]         };
[INFO]         (new <$anon: Function0>(RDDLabeledPointTransformations.this): Function0)
[INFO]       }, {
[INFO]         @SerialVersionUID(value = 0) final <synthetic> class $anonfun extends scala.runtime.AbstractFunction0 with Serializable {
[INFO]           def <init>($outer: ikoda.sparse.RDDLabeledPointTransformations): <$anon: Function0> = {
[INFO]             $anonfun.super.<init>();
[INFO]             ()
[INFO]           };
[INFO]           final def apply(): Exception = e;
[INFO]           <synthetic> <paramaccessor> <artifact> private[this] val $outer: ikoda.sparse.RDDLabeledPointTransformations = _;
[INFO]           <synthetic> <stable> <artifact> def $outer(): ikoda.sparse.RDDLabeledPointTransformations = $anonfun.this.$outer;
[INFO]           final <bridge> <artifact> def apply(): Object = $anonfun.this.apply()
[INFO]         };
[INFO]         (new <$anon: Function0>(RDDLabeledPointTransformations.this): Function0)
[INFO]       });
[INFO]       throw new ikoda.IKodaMLException(new StringContext(scala.this.Predef.wrapRefArray(Array[String]{"", " : ", ""})).s(scala.this.Predef.genericWrapArray(Array[Object]{RDDLabeledPointTransformations.this.name(), e.getMessage()})), e)
[INFO]     }
[INFO]   };
[INFO]   @throws[ikoda.IKodaMLException](classOf[ikoda.IKodaMLException]) def transformToLibSvm(spark: org.apache.spark.sql.SparkSession, mDFin: org.apache.spark.sql.Dataset, targetColumnName: String, ignoreColumns: List): Unit = try {
[WARNING]     RDDLabeledPointTransformations.this.logger().warn({
[INFO]       @SerialVersionUID(value = 0) final <synthetic> class $anonfun extends scala.runtime.AbstractFunction0 with Serializable {
[INFO]         def <init>($outer: ikoda.sparse.RDDLabeledPointTransformations): <$anon: Function0> = {
[INFO]           $anonfun.super.<init>();
[INFO]           ()
[INFO]         };
[INFO]         final def apply(): String = "\n\n\n-------------------------\nLEGACY METHOD. UUID will be auto-generated for each row\n-------------------------\n\n\n";
[INFO]         <synthetic> <paramaccessor> <artifact> private[this] val $outer: ikoda.sparse.RDDLabeledPointTransformations = _;
[INFO]         <synthetic> <stable> <artifact> def $outer(): ikoda.sparse.RDDLabeledPointTransformations = $anonfun.this.$outer;
[INFO]         final <bridge> <artifact> def apply(): Object = $anonfun.this.apply()
[INFO]       };
[INFO]       (new <$anon: Function0>(RDDLabeledPointTransformations.this): Function0)
[INFO]     });
[INFO]     RDDLabeledPointTransformations.this.columnHeadMap().clear();
[INFO]     val tt: ikoda.utils.TicToc = new ikoda.utils.TicToc();
[INFO]     RDDLabeledPointTransformations.this.logger().info({
[INFO]       @SerialVersionUID(value = 0) final <synthetic> class $anonfun extends scala.runtime.AbstractFunction0 with Serializable {
[INFO]         def <init>($outer: ikoda.sparse.RDDLabeledPointTransformations): <$anon: Function0> = {
[INFO]           $anonfun.super.<init>();
[INFO]           ()
[INFO]         };
[INFO]         final def apply(): String = new StringContext(scala.this.Predef.wrapRefArray(Array[String]{"partitions ", ""})).s(scala.this.Predef.genericWrapArray(Array[Object]{mDFin.rdd().getNumPartitions()}));
[INFO]         <synthetic> <paramaccessor> <artifact> private[this] val $outer: ikoda.sparse.RDDLabeledPointTransformations = _;
[INFO]         <synthetic> <stable> <artifact> def $outer(): ikoda.sparse.RDDLabeledPointTransformations = $anonfun.this.$outer;
[INFO]         final <bridge> <artifact> def apply(): Object = $anonfun.this.apply()
[INFO]       };
[INFO]       (new <$anon: Function0>(RDDLabeledPointTransformations.this): Function0)
[INFO]     });
[INFO]     RDDLabeledPointTransformations.this.logger().trace({
[INFO]       @SerialVersionUID(value = 0) final <synthetic> class $anonfun extends scala.runtime.AbstractFunction0 with Serializable {
[INFO]         def <init>($outer: ikoda.sparse.RDDLabeledPointTransformations): <$anon: Function0> = {
[INFO]           $anonfun.super.<init>();
[INFO]           ()
[INFO]         };
[INFO]         final def apply(): String = scala.this.Predef.refArrayOps(mDFin.schema().fieldNames()).mkString("\'");
[INFO]         <synthetic> <paramaccessor> <artifact> private[this] val $outer: ikoda.sparse.RDDLabeledPointTransformations = _;
[INFO]         <synthetic> <stable> <artifact> def $outer(): ikoda.sparse.RDDLabeledPointTransformations = $anonfun.this.$outer;
[INFO]         final <bridge> <artifact> def apply(): Object = $anonfun.this.apply()
[INFO]       };
[INFO]       (new <$anon: Function0>(RDDLabeledPointTransformations.this): Function0)
[INFO]     });
[INFO]     RDDLabeledPointTransformations.this.logger().info({
[INFO]       @SerialVersionUID(value = 0) final <synthetic> class $anonfun extends scala.runtime.AbstractFunction0 with Serializable {
[INFO]         def <init>($outer: ikoda.sparse.RDDLabeledPointTransformations): <$anon: Function0> = {
[INFO]           $anonfun.super.<init>();
[INFO]           ()
[INFO]         };
[INFO]         final def apply(): String = tt.tic("transformToLibSvm");
[INFO]         <synthetic> <paramaccessor> <artifact> private[this] val $outer: ikoda.sparse.RDDLabeledPointTransformations = _;
[INFO]         <synthetic> <stable> <artifact> def $outer(): ikoda.sparse.RDDLabeledPointTransformations = $anonfun.this.$outer;
[INFO]         final <bridge> <artifact> def apply(): Object = $anonfun.this.apply()
[INFO]       };
[INFO]       (new <$anon: Function0>(RDDLabeledPointTransformations.this): Function0)
[INFO]     });
[INFO]     val mDFd: org.apache.spark.sql.Dataset = mDFin.drop(ignoreColumns).na().fill(0L).repartition(RDDLabeledPointTransformations.this.defaultPartitionSize());
[INFO]     RDDLabeledPointTransformations.this.logger().trace({
[INFO]       @SerialVersionUID(value = 0) final <synthetic> class $anonfun extends scala.runtime.AbstractFunction0 with Serializable {
[INFO]         def <init>($outer: ikoda.sparse.RDDLabeledPointTransformations): <$anon: Function0> = {
[INFO]           $anonfun.super.<init>();
[INFO]           ()
[INFO]         };
[INFO]         final def apply(): String = new StringContext(scala.this.Predef.wrapRefArray(Array[String]{" transformToLibSvm Incoming schema ", ""})).s(scala.this.Predef.genericWrapArray(Array[Object]{scala.this.Predef.refArrayOps(mDFd.schema().fields()).mkString("\n")}));
[INFO]         <synthetic> <paramaccessor> <artifact> private[this] val $outer: ikoda.sparse.RDDLabeledPointTransformations = _;
[INFO]         <synthetic> <stable> <artifact> def $outer(): ikoda.sparse.RDDLabeledPointTransformations = $anonfun.this.$outer;
[INFO]         final <bridge> <artifact> def apply(): Object = $anonfun.this.apply()
[INFO]       };
[INFO]       (new <$anon: Function0>(RDDLabeledPointTransformations.this): Function0)
[INFO]     });
[INFO]     val fieldSeq: Seq = scala.this.Predef.wrapRefArray(scala.this.Predef.refArrayOps(mDFd.schema().fields()).filter({
[INFO]       @SerialVersionUID(value = 0) final <synthetic> class $anonfun extends scala.runtime.AbstractFunction1 with Serializable {
[INFO]         def <init>($outer: ikoda.sparse.RDDLabeledPointTransformations): <$anon: Function1> = {
[INFO]           $anonfun.super.<init>();
[INFO]           ()
[INFO]         };
[INFO]         final def apply(f: org.apache.spark.sql.types.StructField): Boolean = f.dataType().==(org.apache.spark.sql.types.IntegerType).||(f.dataType().==(org.apache.spark.sql.types.LongType)).||(f.dataType().==(org.apache.spark.sql.types.DoubleType));
[INFO]         <synthetic> <paramaccessor> <artifact> private[this] val $outer: ikoda.sparse.RDDLabeledPointTransformations = _;
[INFO]         <synthetic> <stable> <artifact> def $outer(): ikoda.sparse.RDDLabeledPointTransformations = $anonfun.this.$outer;
[INFO]         final <bridge> <artifact> def apply(v1: Object): Object = $anonfun.this.apply(v1)
[INFO]       };
[INFO]       (new <$anon: Function1>(RDDLabeledPointTransformations.this): Function1)
[INFO]     }));
[INFO]     val fieldNameSeq: Seq = fieldSeq.filter({
[INFO]   @SerialVersionUID(value = 0) final <synthetic> class $anonfun extends scala.runtime.AbstractFunction1 with Serializable {
[INFO]     def <init>($outer: ikoda.sparse.RDDLabeledPointTransformations): <$anon: Function1> = {
[INFO]       $anonfun.super.<init>();
[INFO]       ()
[INFO]     };
[INFO]     final def apply(f: org.apache.spark.sql.types.StructField): Boolean = f.name().!=(targetColumnName);
[INFO]     <synthetic> <paramaccessor> <artifact> private[this] val $outer: ikoda.sparse.RDDLabeledPointTransformations = _;
[INFO]     <synthetic> <stable> <artifact> def $outer(): ikoda.sparse.RDDLabeledPointTransformations = $anonfun.this.$outer;
[INFO]     final <bridge> <artifact> def apply(v1: Object): Object = $anonfun.this.apply(v1)
[INFO]   };
[INFO]   (new <$anon: Function1>(RDDLabeledPointTransformations.this): Function1)
[INFO] }).map({
[INFO]       @SerialVersionUID(value = 0) final <synthetic> class $anonfun extends scala.runtime.AbstractFunction1 with Serializable {
[INFO]         def <init>($outer: ikoda.sparse.RDDLabeledPointTransformations): <$anon: Function1> = {
[INFO]           $anonfun.super.<init>();
[INFO]           ()
[INFO]         };
[INFO]         final def apply(f: org.apache.spark.sql.types.StructField): String = f.name();
[INFO]         <synthetic> <paramaccessor> <artifact> private[this] val $outer: ikoda.sparse.RDDLabeledPointTransformations = _;
[INFO]         <synthetic> <stable> <artifact> def $outer(): ikoda.sparse.RDDLabeledPointTransformations = $anonfun.this.$outer;
[INFO]         final <bridge> <artifact> def apply(v1: Object): Object = $anonfun.this.apply(v1)
[INFO]       };
[INFO]       (new <$anon: Function1>(RDDLabeledPointTransformations.this): Function1)
[INFO]     }, collection.this.Seq.canBuildFrom());
[INFO]     RDDLabeledPointTransformations.this.logger().info({
[INFO]       @SerialVersionUID(value = 0) final <synthetic> class $anonfun extends scala.runtime.AbstractFunction0 with Serializable {
[INFO]         def <init>($outer: ikoda.sparse.RDDLabeledPointTransformations): <$anon: Function0> = {
[INFO]           $anonfun.super.<init>();
[INFO]           ()
[INFO]         };
[INFO]         final def apply(): String = tt.tic("transformToLibSvm transformStringFieldToNumericField");
[INFO]         <synthetic> <paramaccessor> <artifact> private[this] val $outer: ikoda.sparse.RDDLabeledPointTransformations = _;
[INFO]         <synthetic> <stable> <artifact> def $outer(): ikoda.sparse.RDDLabeledPointTransformations = $anonfun.this.$outer;
[INFO]         final <bridge> <artifact> def apply(): Object = $anonfun.this.apply()
[INFO]       };
[INFO]       (new <$anon: Function0>(RDDLabeledPointTransformations.this): Function0)
[INFO]     });
[INFO]     val mDFTypedIndexed: org.apache.spark.sql.Dataset = RDDLabeledPointTransformations.this.transformStringFieldToNumericField(spark, mDFd, targetColumnName).repartition(RDDLabeledPointTransformations.this.defaultPartitionSize());
[INFO]     RDDLabeledPointTransformations.this.logger().info({
[INFO]       @SerialVersionUID(value = 0) final <synthetic> class $anonfun extends scala.runtime.AbstractFunction0 with Serializable {
[INFO]         def <init>($outer: ikoda.sparse.RDDLabeledPointTransformations): <$anon: Function0> = {
[INFO]           $anonfun.super.<init>();
[INFO]           ()
[INFO]         };
[INFO]         final def apply(): String = tt.toc("transformToLibSvm transformStringFieldToNumericField");
[INFO]         <synthetic> <paramaccessor> <artifact> private[this] val $outer: ikoda.sparse.RDDLabeledPointTransformations = _;
[INFO]         <synthetic> <stable> <artifact> def $outer(): ikoda.sparse.RDDLabeledPointTransformations = $anonfun.this.$outer;
[INFO]         final <bridge> <artifact> def apply(): Object = $anonfun.this.apply()
[INFO]       };
[INFO]       (new <$anon: Function0>(RDDLabeledPointTransformations.this): Function0)
[INFO]     });
[INFO]     RDDLabeledPointTransformations.this.logger().info({
[INFO]       @SerialVersionUID(value = 0) final <synthetic> class $anonfun extends scala.runtime.AbstractFunction0 with Serializable {
[INFO]         def <init>($outer: ikoda.sparse.RDDLabeledPointTransformations): <$anon: Function0> = {
[INFO]           $anonfun.super.<init>();
[INFO]           ()
[INFO]         };
[INFO]         final def apply(): String = tt.tic("transformToLibSvm castColumnTo");
[INFO]         <synthetic> <paramaccessor> <artifact> private[this] val $outer: ikoda.sparse.RDDLabeledPointTransformations = _;
[INFO]         <synthetic> <stable> <artifact> def $outer(): ikoda.sparse.RDDLabeledPointTransformations = $anonfun.this.$outer;
[INFO]         final <bridge> <artifact> def apply(): Object = $anonfun.this.apply()
[INFO]       };
[INFO]       (new <$anon: Function0>(RDDLabeledPointTransformations.this): Function0)
[INFO]     });
[INFO]     val mDFFinal: org.apache.spark.sql.Dataset = ikoda.utilobjects.DataFrameUtils.castColumnTo(mDFTypedIndexed, targetColumnName.+("_Target"), org.apache.spark.sql.types.IntegerType).repartition(RDDLabeledPointTransformations.this.defaultPartitionSize().*(2));
[INFO]     RDDLabeledPointTransformations.this.logger().info({
[INFO]       @SerialVersionUID(value = 0) final <synthetic> class $anonfun extends scala.runtime.AbstractFunction0 with Serializable {
[INFO]         def <init>($outer: ikoda.sparse.RDDLabeledPointTransformations): <$anon: Function0> = {
[INFO]           $anonfun.super.<init>();
[INFO]           ()
[INFO]         };
[INFO]         final def apply(): String = new StringContext(scala.this.Predef.wrapRefArray(Array[String]{"partitions ", ""})).s(scala.this.Predef.genericWrapArray(Array[Object]{mDFFinal.rdd().getNumPartitions()}));
[INFO]         <synthetic> <paramaccessor> <artifact> private[this] val $outer: ikoda.sparse.RDDLabeledPointTransformations = _;
[INFO]         <synthetic> <stable> <artifact> def $outer(): ikoda.sparse.RDDLabeledPointTransformations = $anonfun.this.$outer;
[INFO]         final <bridge> <artifact> def apply(): Object = $anonfun.this.apply()
[INFO]       };
[INFO]       (new <$anon: Function0>(RDDLabeledPointTransformations.this): Function0)
[INFO]     });
[INFO]     RDDLabeledPointTransformations.this.logger().info({
[INFO]       @SerialVersionUID(value = 0) final <synthetic> class $anonfun extends scala.runtime.AbstractFunction0 with Serializable {
[INFO]         def <init>($outer: ikoda.sparse.RDDLabeledPointTransformations): <$anon: Function0> = {
[INFO]           $anonfun.super.<init>();
[INFO]           ()
[INFO]         };
[INFO]         final def apply(): String = tt.toc("transformToLibSvm castColumnTo");
[INFO]         <synthetic> <paramaccessor> <artifact> private[this] val $outer: ikoda.sparse.RDDLabeledPointTransformations = _;
[INFO]         <synthetic> <stable> <artifact> def $outer(): ikoda.sparse.RDDLabeledPointTransformations = $anonfun.this.$outer;
[INFO]         final <bridge> <artifact> def apply(): Object = $anonfun.this.apply()
[INFO]       };
[INFO]       (new <$anon: Function0>(RDDLabeledPointTransformations.this): Function0)
[INFO]     });
[INFO]     val headRow: org.apache.spark.sql.Row = mDFFinal.head();
[INFO]     RDDLabeledPointTransformations.this.internalGenerateColumnMap(headRow, fieldNameSeq);
[INFO]     RDDLabeledPointTransformations.this.logger().info({
[INFO]       @SerialVersionUID(value = 0) final <synthetic> class $anonfun extends scala.runtime.AbstractFunction0 with Serializable {
[INFO]         def <init>($outer: ikoda.sparse.RDDLabeledPointTransformations): <$anon: Function0> = {
[INFO]           $anonfun.super.<init>();
[INFO]           ()
[INFO]         };
[INFO]         final def apply(): String = new StringContext(scala.this.Predef.wrapRefArray(Array[String]{"columnHeadMap ", ""})).s(scala.this.Predef.genericWrapArray(Array[Object]{$anonfun.this.$outer.columnHeadMap().size()}));
[INFO]         <synthetic> <paramaccessor> <artifact> private[this] val $outer: ikoda.sparse.RDDLabeledPointTransformations = _;
[INFO]         <synthetic> <stable> <artifact> def $outer(): ikoda.sparse.RDDLabeledPointTransformations = $anonfun.this.$outer;
[INFO]         final <bridge> <artifact> def apply(): Object = $anonfun.this.apply()
[INFO]       };
[INFO]       (new <$anon: Function0>(RDDLabeledPointTransformations.this): Function0)
[INFO]     });
[INFO]     RDDLabeledPointTransformations.this.logger().info({
[INFO]       @SerialVersionUID(value = 0) final <synthetic> class $anonfun extends scala.runtime.AbstractFunction0 with Serializable {
[INFO]         def <init>($outer: ikoda.sparse.RDDLabeledPointTransformations): <$anon: Function0> = {
[INFO]           $anonfun.super.<init>();
[INFO]           ()
[INFO]         };
[INFO]         final def apply(): String = tt.tic("Making RDD[LabeledPoint]");
[INFO]         <synthetic> <paramaccessor> <artifact> private[this] val $outer: ikoda.sparse.RDDLabeledPointTransformations = _;
[INFO]         <synthetic> <stable> <artifact> def $outer(): ikoda.sparse.RDDLabeledPointTransformations = $anonfun.this.$outer;
[INFO]         final <bridge> <artifact> def apply(): Object = $anonfun.this.apply()
[INFO]       };
[INFO]       (new <$anon: Function0>(RDDLabeledPointTransformations.this): Function0)
[INFO]     });
[INFO]     RDDLabeledPointTransformations.this.logger().info({
[INFO]       @SerialVersionUID(value = 0) final <synthetic> class $anonfun extends scala.runtime.AbstractFunction0 with Serializable {
[INFO]         def <init>($outer: ikoda.sparse.RDDLabeledPointTransformations): <$anon: Function0> = {
[INFO]           $anonfun.super.<init>();
[INFO]           ()
[INFO]         };
[INFO]         final def apply(): String = new StringContext(scala.this.Predef.wrapRefArray(Array[String]{" partitions in df ", ""})).s(scala.this.Predef.genericWrapArray(Array[Object]{mDFFinal.rdd().getNumPartitions()}));
[INFO]         <synthetic> <paramaccessor> <artifact> private[this] val $outer: ikoda.sparse.RDDLabeledPointTransformations = _;
[INFO]         <synthetic> <stable> <artifact> def $outer(): ikoda.sparse.RDDLabeledPointTransformations = $anonfun.this.$outer;
[INFO]         final <bridge> <artifact> def apply(): Object = $anonfun.this.apply()
[INFO]       };
[INFO]       (new <$anon: Function0>(RDDLabeledPointTransformations.this): Function0)
[INFO]     });
[INFO]     val olp: Array[Option] = scala.this.Predef.refArrayOps(mDFFinal.rdd().collect()).map({
[INFO]       var count: Int = 0;
[INFO]       {
[INFO]         @SerialVersionUID(value = 0) final <synthetic> class $anonfun extends scala.runtime.AbstractFunction1 with Serializable {
[INFO]           def <init>($outer: ikoda.sparse.RDDLabeledPointTransformations): <$anon: Function1> = {
[INFO]             $anonfun.super.<init>();
[INFO]             ()
[INFO]           };
[INFO]           final def apply(row: org.apache.spark.sql.Row): Option = {
[INFO]             java.this.lang.System.out.println(count);
[INFO]             count = count.+(1);
[INFO]             $anonfun.this.$outer.transformRowToLabeledPoint(row, fieldNameSeq, targetColumnName)
[INFO]           };
[INFO]           <synthetic> <paramaccessor> <artifact> private[this] val $outer: ikoda.sparse.RDDLabeledPointTransformations = _;
[INFO]           <synthetic> <stable> <artifact> def $outer(): ikoda.sparse.RDDLabeledPointTransformations = $anonfun.this.$outer;
[INFO]           final <bridge> <artifact> def apply(v1: Object): Object = $anonfun.this.apply(v1)
[INFO]         };
[INFO]         (new <$anon: Function1>(RDDLabeledPointTransformations.this): Function1)
[INFO]       }
[INFO]     }, scala.this.Array.canBuildFrom((ClassTag.apply(classOf[scala.Option]): scala.reflect.ClassTag)));
[INFO]     RDDLabeledPointTransformations.this.logger().info({
[INFO]       @SerialVersionUID(value = 0) final <synthetic> class $anonfun extends scala.runtime.AbstractFunction0 with Serializable {
[INFO]         def <init>($outer: ikoda.sparse.RDDLabeledPointTransformations): <$anon: Function0> = {
[INFO]           $anonfun.super.<init>();
[INFO]           ()
[INFO]         };
[INFO]         final def apply(): String = "Converted to lp list";
[INFO]         <synthetic> <paramaccessor> <artifact> private[this] val $outer: ikoda.sparse.RDDLabeledPointTransformations = _;
[INFO]         <synthetic> <stable> <artifact> def $outer(): ikoda.sparse.RDDLabeledPointTransformations = $anonfun.this.$outer;
[INFO]         final <bridge> <artifact> def apply(): Object = $anonfun.this.apply()
[INFO]       };
[INFO]       (new <$anon: Function0>(RDDLabeledPointTransformations.this): Function0)
[INFO]     });
[INFO]     val lpList: List = scala.this.Predef.refArrayOps(scala.this.Predef.refArrayOps(scala.this.Predef.refArrayOps(olp).filter({
[INFO]   @SerialVersionUID(value = 0) final <synthetic> class $anonfun extends scala.runtime.AbstractFunction1 with Serializable {
[INFO]     def <init>($outer: ikoda.sparse.RDDLabeledPointTransformations): <$anon: Function1> = {
[INFO]       $anonfun.super.<init>();
[INFO]       ()
[INFO]     };
[INFO]     final def apply(lp1: Option): Boolean = lp1.isDefined();
[INFO]     <synthetic> <paramaccessor> <artifact> private[this] val $outer: ikoda.sparse.RDDLabeledPointTransformations = _;
[INFO]     <synthetic> <stable> <artifact> def $outer(): ikoda.sparse.RDDLabeledPointTransformations = $anonfun.this.$outer;
[INFO]     final <bridge> <artifact> def apply(v1: Object): Object = $anonfun.this.apply(v1)
[INFO]   };
[INFO]   (new <$anon: Function1>(RDDLabeledPointTransformations.this): Function1)
[INFO] })).map({
[INFO]   @SerialVersionUID(value = 0) final <synthetic> class $anonfun extends scala.runtime.AbstractFunction1 with Serializable {
[INFO]     def <init>($outer: ikoda.sparse.RDDLabeledPointTransformations): <$anon: Function1> = {
[INFO]       $anonfun.super.<init>();
[INFO]       ()
[INFO]     };
[INFO]     final def apply(lp1: Option): org.apache.spark.mllib.regression.LabeledPoint = lp1.get();
[INFO]     <synthetic> <paramaccessor> <artifact> private[this] val $outer: ikoda.sparse.RDDLabeledPointTransformations = _;
[INFO]     <synthetic> <stable> <artifact> def $outer(): ikoda.sparse.RDDLabeledPointTransformations = $anonfun.this.$outer;
[INFO]     final <bridge> <artifact> def apply(v1: Object): Object = $anonfun.this.apply(v1)
[INFO]   };
[INFO]   (new <$anon: Function1>(RDDLabeledPointTransformations.this): Function1)
[INFO] }, scala.this.Array.canBuildFrom((ClassTag.apply(classOf[org.apache.spark.mllib.regression.LabeledPoint]): scala.reflect.ClassTag)))).toList();
[INFO]     RDDLabeledPointTransformations.this.logger().info({
[INFO]       @SerialVersionUID(value = 0) final <synthetic> class $anonfun extends scala.runtime.AbstractFunction0 with Serializable {
[INFO]         def <init>($outer: ikoda.sparse.RDDLabeledPointTransformations): <$anon: Function0> = {
[INFO]           $anonfun.super.<init>();
[INFO]           ()
[INFO]         };
[INFO]         final def apply(): String = new StringContext(scala.this.Predef.wrapRefArray(Array[String]{"lpList count ", ""})).s(scala.this.Predef.genericWrapArray(Array[Object]{lpList.size()}));
[INFO]         <synthetic> <paramaccessor> <artifact> private[this] val $outer: ikoda.sparse.RDDLabeledPointTransformations = _;
[INFO]         <synthetic> <stable> <artifact> def $outer(): ikoda.sparse.RDDLabeledPointTransformations = $anonfun.this.$outer;
[INFO]         final <bridge> <artifact> def apply(): Object = $anonfun.this.apply()
[INFO]       };
[INFO]       (new <$anon: Function0>(RDDLabeledPointTransformations.this): Function0)
[INFO]     });
[INFO]     val lpListExtended: List = lpList.map({
[INFO]       @SerialVersionUID(value = 0) final <synthetic> class $anonfun extends scala.runtime.AbstractFunction1 with Serializable {
[INFO]         def <init>($outer: ikoda.sparse.RDDLabeledPointTransformations): <$anon: Function1> = {
[INFO]           $anonfun.super.<init>();
[INFO]           ()
[INFO]         };
[INFO]         final def apply(lp: org.apache.spark.mllib.regression.LabeledPoint): Tuple3 = new Tuple3(lp, lp.hashCode(), $anonfun.this.$outer.getUUID().toString());
[INFO]         <synthetic> <paramaccessor> <artifact> private[this] val $outer: ikoda.sparse.RDDLabeledPointTransformations = _;
[INFO]         <synthetic> <stable> <artifact> def $outer(): ikoda.sparse.RDDLabeledPointTransformations = $anonfun.this.$outer;
[INFO]         final <bridge> <artifact> def apply(v1: Object): Object = $anonfun.this.apply(v1)
[INFO]       };
[INFO]       (new <$anon: Function1>(RDDLabeledPointTransformations.this): Function1)
[INFO]     }, immutable.this.List.canBuildFrom());
[INFO]     RDDLabeledPointTransformations.this.dataRDD_=(spark.sparkContext().parallelize(lpListExtended, spark.sparkContext().parallelize$default$2(), (ClassTag.apply(classOf[scala.Tuple3]): scala.reflect.ClassTag)));
[INFO]     RDDLabeledPointTransformations.this.logger().info({
[INFO]       @SerialVersionUID(value = 0) final <synthetic> class $anonfun extends scala.runtime.AbstractFunction0 with Serializable {
[INFO]         def <init>($outer: ikoda.sparse.RDDLabeledPointTransformations): <$anon: Function0> = {
[INFO]           $anonfun.super.<init>();
[INFO]           ()
[INFO]         };
[INFO]         final def apply(): String = tt.toc("Making RDD[LabeledPoint]");
[INFO]         <synthetic> <paramaccessor> <artifact> private[this] val $outer: ikoda.sparse.RDDLabeledPointTransformations = _;
[INFO]         <synthetic> <stable> <artifact> def $outer(): ikoda.sparse.RDDLabeledPointTransformations = $anonfun.this.$outer;
[INFO]         final <bridge> <artifact> def apply(): Object = $anonfun.this.apply()
[INFO]       };
[INFO]       (new <$anon: Function0>(RDDLabeledPointTransformations.this): Function0)
[INFO]     });
[INFO]     RDDLabeledPointTransformations.this.logger().info({
[INFO]       @SerialVersionUID(value = 0) final <synthetic> class $anonfun extends scala.runtime.AbstractFunction0 with Serializable {
[INFO]         def <init>($outer: ikoda.sparse.RDDLabeledPointTransformations): <$anon: Function0> = {
[INFO]           $anonfun.super.<init>();
[INFO]           ()
[INFO]         };
[INFO]         final def apply(): String = tt.toc("transformToLibSvm");
[INFO]         <synthetic> <paramaccessor> <artifact> private[this] val $outer: ikoda.sparse.RDDLabeledPointTransformations = _;
[INFO]         <synthetic> <stable> <artifact> def $outer(): ikoda.sparse.RDDLabeledPointTransformations = $anonfun.this.$outer;
[INFO]         final <bridge> <artifact> def apply(): Object = $anonfun.this.apply()
[INFO]       };
[INFO]       (new <$anon: Function0>(RDDLabeledPointTransformations.this): Function0)
[INFO]     })
[INFO]   } catch {
[INFO]     case (ex @ (_: Exception)) => {
[ERROR]       RDDLabeledPointTransformations.this.logger().error({
[INFO]         @SerialVersionUID(value = 0) final <synthetic> class $anonfun extends scala.runtime.AbstractFunction0 with Serializable {
[INFO]           def <init>($outer: ikoda.sparse.RDDLabeledPointTransformations): <$anon: Function0> = {
[INFO]             $anonfun.super.<init>();
[INFO]             ()
[INFO]           };
[INFO]           final def apply(): String = new StringContext(scala.this.Predef.wrapRefArray(Array[String]{"", ""})).s(scala.this.Predef.genericWrapArray(Array[Object]{$anonfun.this.$outer.name()}));
[INFO]           <synthetic> <paramaccessor> <artifact> private[this] val $outer: ikoda.sparse.RDDLabeledPointTransformations = _;
[INFO]           <synthetic> <stable> <artifact> def $outer(): ikoda.sparse.RDDLabeledPointTransformations = $anonfun.this.$outer;
[INFO]           final <bridge> <artifact> def apply(): Object = $anonfun.this.apply()
[INFO]         };
[INFO]         (new <$anon: Function0>(RDDLabeledPointTransformations.this): Function0)
[INFO]       });
[INFO]       throw new ikoda.IKodaMLException(new StringContext(scala.this.Predef.wrapRefArray(Array[String]{"", " : ", ""})).s(scala.this.Predef.genericWrapArray(Array[Object]{RDDLabeledPointTransformations.this.name(), ex.getMessage()})), ex)
[INFO]     }
[INFO]   };
[INFO]   <synthetic> def transformToLibSvm$default$4(): List = immutable.this.Nil;
[INFO]   @throws[ikoda.IKodaMLException](classOf[ikoda.IKodaMLException]) def transformToRDDLabeledPointWithMatchingSchema(spark: org.apache.spark.sql.SparkSession, sparseToConvert: ikoda.sparse.RDDLabeledPoint): Option = try {
[INFO]     RDDLabeledPointTransformations.this.logger().debug({
[INFO]       @SerialVersionUID(value = 0) final <synthetic> class $anonfun extends scala.runtime.AbstractFunction0 with Serializable {
[INFO]         def <init>($outer: ikoda.sparse.RDDLabeledPointTransformations): <$anon: Function0> = {
[INFO]           $anonfun.super.<init>();
[INFO]           ()
[INFO]         };
[INFO]         final def apply(): String = "\n\nconvertToRDDLabeledPointWithMatchingSchema\n\n";
[INFO]         <synthetic> <paramaccessor> <artifact> private[this] val $outer: ikoda.sparse.RDDLabeledPointTransformations = _;
[INFO]         <synthetic> <stable> <artifact> def $outer(): ikoda.sparse.RDDLabeledPointTransformations = $anonfun.this.$outer;
[INFO]         final <bridge> <artifact> def apply(): Object = $anonfun.this.apply()
[INFO]       };
[INFO]       (new <$anon: Function0>(RDDLabeledPointTransformations.this): Function0)
[INFO]     });
[INFO]     RDDLabeledPointTransformations.this.logger().debug({
[INFO]       @SerialVersionUID(value = 0) final <synthetic> class $anonfun extends scala.runtime.AbstractFunction0 with Serializable {
[INFO]         def <init>($outer: ikoda.sparse.RDDLabeledPointTransformations): <$anon: Function0> = {
[INFO]           $anonfun.super.<init>();
[INFO]           ()
[INFO]         };
[INFO]         final def apply(): String = new StringContext(scala.this.Predef.wrapRefArray(Array[String]{"Incoming data rows: ", " targets: ", " columns: ", ""})).s(scala.this.Predef.genericWrapArray(Array[Object]{sparseToConvert.getRowCountCollected(), sparseToConvert.getTargets().size(), sparseToConvert.getColumnCount()}));
[INFO]         <synthetic> <paramaccessor> <artifact> private[this] val $outer: ikoda.sparse.RDDLabeledPointTransformations = _;
[INFO]         <synthetic> <stable> <artifact> def $outer(): ikoda.sparse.RDDLabeledPointTransformations = $anonfun.this.$outer;
[INFO]         final <bridge> <artifact> def apply(): Object = $anonfun.this.apply()
[INFO]       };
[INFO]       (new <$anon: Function0>(RDDLabeledPointTransformations.this): Function0)
[INFO]     });
[INFO]     val newTargetMap: scala.collection.mutable.HashMap = scala.collection.mutable.HashMap.apply(immutable.this.Nil);
[INFO]     val newColumnHeadMap: scala.collection.mutable.ListMap = scala.collection.mutable.ListMap.apply(immutable.this.Nil);
[INFO]     val lpArray: Array[Tuple3] = scala.this.Predef.refArrayOps(sparseToConvert.sparseData().collect()).map({
[INFO]       @SerialVersionUID(value = 0) final <synthetic> class $anonfun extends scala.runtime.AbstractFunction1 with Serializable {
[INFO]         def <init>($outer: ikoda.sparse.RDDLabeledPointTransformations): <$anon: Function1> = {
[INFO]           $anonfun.super.<init>();
[INFO]           ()
[INFO]         };
[INFO]         final def apply(r: Tuple3): Tuple3 = {
[INFO]           val colIdxBuffer: scala.collection.mutable.ArrayBuffer = new scala.collection.mutable.ArrayBuffer();
[INFO]           val valBuffer: scala.collection.mutable.ArrayBuffer = new scala.collection.mutable.ArrayBuffer();
[INFO]           val labelName: String = sparseToConvert.getTargetName(r._1().label());
[INFO]           val newLabelIdx: Double = $anonfun.this.$outer.transformLabelToThisSchema(labelName, newTargetMap);
[INFO]           scala.this.Predef.refArrayOps(scala.this.Predef.intArrayOps(r._1().features().toSparse().indices()).zipWithIndex(scala.this.Array.canBuildFrom((ClassTag.apply(classOf[scala.Tuple2]): scala.reflect.ClassTag)))).foreach({
[INFO]             @SerialVersionUID(value = 0) final <synthetic> class $anonfun extends scala.runtime.AbstractFunction1 with Serializable {
[INFO]               def <init>($outer: <$anon: Function1>): <$anon: Function1> = {
[INFO]                 $anonfun.super.<init>();
[INFO]                 ()
[INFO]               };
[INFO]               final def apply(x0$7: Tuple2): scala.collection.mutable.ArrayBuffer = {
[INFO]                 case <synthetic> val x1: Tuple2 = x0$7;
[INFO]                 case4(){
[INFO]                   if (x1.ne(null))
[INFO]                     {
[INFO]                       val colIdx: Int = x1._1$mcI$sp();
[INFO]                       val arrayIdx: Int = x1._2$mcI$sp();
[INFO]                       matchEnd3({
[INFO]                         val colName: String = sparseToConvert.getColumnName(colIdx);
[INFO]                         val value: Double = r._1().features().toSparse().values().<arr>apply(arrayIdx);
[INFO]                         val newColIdx: Int = $anonfun.this.$outer.$outer().transformColumnToThisSchema(colName, newColumnHeadMap);
[INFO]                         colIdxBuffer.+=(newColIdx);
[INFO]                         valBuffer.+=(value)
[INFO]                       })
[INFO]                     }
[INFO]                   else
[INFO]                     case5()
[INFO]                 };
[INFO]                 case5(){
[ERROR]                   matchEnd3(throw new MatchError(x1))
[INFO]                 };
[INFO]                 matchEnd3(x){
[INFO]                   x
[INFO]                 }
[INFO]               };
[INFO]               <synthetic> <paramaccessor> <artifact> private[this] val $outer: <$anon: Function1> = _;
[INFO]               <synthetic> <stable> <artifact> def $outer(): <$anon: Function1> = $anonfun.this.$outer;
[INFO]               final <bridge> <artifact> def apply(v1: Object): Object = $anonfun.this.apply(v1)
[INFO]             };
[INFO]             (new <$anon: Function1>($anonfun.this): Function1)
[INFO]           });
[INFO]           val sortedTuple: Tuple2 = $anonfun.this.$outer.internalSortColumns(colIdxBuffer, valBuffer);
[INFO]           val lp: org.apache.spark.mllib.regression.LabeledPoint = new org.apache.spark.mllib.regression.LabeledPoint(newLabelIdx, org.apache.spark.mllib.linalg.Vectors.sparse(sortedTuple._1().size(), sortedTuple._1().toArray((ClassTag.Int(): scala.reflect.ClassTag)), sortedTuple._2().toArray((ClassTag.Double(): scala.reflect.ClassTag))));
[INFO]           new Tuple3(lp, lp.hashCode(), r._3())
[INFO]         };
[INFO]         <synthetic> <paramaccessor> <artifact> private[this] val $outer: ikoda.sparse.RDDLabeledPointTransformations = _;
[INFO]         <synthetic> <stable> <artifact> def $outer(): ikoda.sparse.RDDLabeledPointTransformations = $anonfun.this.$outer;
[INFO]         final <bridge> <artifact> def apply(v1: Object): Object = $anonfun.this.apply(v1)
[INFO]       };
[INFO]       (new <$anon: Function1>(RDDLabeledPointTransformations.this): Function1)
[INFO]     }, scala.this.Array.canBuildFrom((ClassTag.apply(classOf[scala.Tuple3]): scala.reflect.ClassTag)));
[INFO]     val newRDD: org.apache.spark.rdd.RDD = spark.sparkContext().parallelize(scala.this.Predef.wrapRefArray(lpArray), spark.sparkContext().parallelize$default$2(), (ClassTag.apply(classOf[scala.Tuple3]): scala.reflect.ClassTag));
[INFO]     val newRDDLP: ikoda.sparse.RDDLabeledPoint = new ikoda.sparse.RDDLabeledPoint();
[INFO]     newRDDLP.datadict_=(newTargetMap.map({
[INFO]   @SerialVersionUID(value = 0) final <synthetic> class $anonfun extends scala.runtime.AbstractFunction1 with Serializable {
[INFO]     def <init>($outer: ikoda.sparse.RDDLabeledPointTransformations): <$anon: Function1> = {
[INFO]       $anonfun.super.<init>();
[INFO]       ()
[INFO]     };
[INFO]     final def apply(x0$8: Tuple2): Tuple2 = {
[INFO]       case <synthetic> val x1: Tuple2 = x0$8;
[INFO]       case4(){
[INFO]         if (x1.ne(null))
[INFO]           {
[INFO]             val k: String = x1._1();
[INFO]             val v: Double = x1._2$mcD$sp();
[INFO]             matchEnd3(new Tuple2(k, v))
[INFO]           }
[INFO]         else
[INFO]           case5()
[INFO]       };
[INFO]       case5(){
[ERROR]         matchEnd3(throw new MatchError(x1))
[INFO]       };
[INFO]       matchEnd3(x){
[INFO]         x
[INFO]       }
[INFO]     };
[INFO]     <synthetic> <paramaccessor> <artifact> private[this] val $outer: ikoda.sparse.RDDLabeledPointTransformations = _;
[INFO]     <synthetic> <stable> <artifact> def $outer(): ikoda.sparse.RDDLabeledPointTransformations = $anonfun.this.$outer;
[INFO]     final <bridge> <artifact> def apply(v1: Object): Object = $anonfun.this.apply(v1)
[INFO]   };
[INFO]   (new <$anon: Function1>(RDDLabeledPointTransformations.this): Function1)
[INFO] }, mutable.this.HashMap.canBuildFrom()).toMap(scala.this.Predef.$conforms()));
[INFO]     newRDDLP.columnHeadMap_=(newColumnHeadMap);
[INFO]     RDDLabeledPointTransformations.this.logger().info({
[INFO]       @SerialVersionUID(value = 0) final <synthetic> class $anonfun extends scala.runtime.AbstractFunction0 with Serializable {
[INFO]         def <init>($outer: ikoda.sparse.RDDLabeledPointTransformations): <$anon: Function0> = {
[INFO]           $anonfun.super.<init>();
[INFO]           ()
[INFO]         };
[INFO]         final def apply(): String = new StringContext(scala.this.Predef.wrapRefArray(Array[String]{"New Schema Target Map: \\n ", ""})).s(scala.this.Predef.genericWrapArray(Array[Object]{newRDDLP.datadict().mkString("\n")}));
[INFO]         <synthetic> <paramaccessor> <artifact> private[this] val $outer: ikoda.sparse.RDDLabeledPointTransformations = _;
[INFO]         <synthetic> <stable> <artifact> def $outer(): ikoda.sparse.RDDLabeledPointTransformations = $anonfun.this.$outer;
[INFO]         final <bridge> <artifact> def apply(): Object = $anonfun.this.apply()
[INFO]       };
[INFO]       (new <$anon: Function0>(RDDLabeledPointTransformations.this): Function0)
[INFO]     });
[INFO]     RDDLabeledPointTransformations.this.logger().info({
[INFO]       @SerialVersionUID(value = 0) final <synthetic> class $anonfun extends scala.runtime.AbstractFunction0 with Serializable {
[INFO]         def <init>($outer: ikoda.sparse.RDDLabeledPointTransformations): <$anon: Function0> = {
[INFO]           $anonfun.super.<init>();
[INFO]           ()
[INFO]         };
[INFO]         final def apply(): String = new StringContext(scala.this.Predef.wrapRefArray(Array[String]{"New Schema Column Map: \\n ", ""})).s(scala.this.Predef.genericWrapArray(Array[Object]{newRDDLP.columnHeadMap().mkString("\n")}));
[INFO]         <synthetic> <paramaccessor> <artifact> private[this] val $outer: ikoda.sparse.RDDLabeledPointTransformations = _;
[INFO]         <synthetic> <stable> <artifact> def $outer(): ikoda.sparse.RDDLabeledPointTransformations = $anonfun.this.$outer;
[INFO]         final <bridge> <artifact> def apply(): Object = $anonfun.this.apply()
[INFO]       };
[INFO]       (new <$anon: Function0>(RDDLabeledPointTransformations.this): Function0)
[INFO]     });
[INFO]     newRDDLP.dataRDD_=(newRDD);
[INFO]     newRDDLP.validateColumnCount();
[INFO]     scala.Option.apply(newRDDLP)
[INFO]   } catch {
[INFO]     case (e @ (_: Exception)) => {
[ERROR]       RDDLabeledPointTransformations.this.logger().error({
[INFO]         @SerialVersionUID(value = 0) final <synthetic> class $anonfun extends scala.runtime.AbstractFunction0 with Serializable {
[INFO]           def <init>($outer: ikoda.sparse.RDDLabeledPointTransformations): <$anon: Function0> = {
[INFO]             $anonfun.super.<init>();
[INFO]             ()
[INFO]           };
[INFO]           final def apply(): String = new StringContext(scala.this.Predef.wrapRefArray(Array[String]{"", ""})).s(scala.this.Predef.genericWrapArray(Array[Object]{$anonfun.this.$outer.name()}));
[INFO]           <synthetic> <paramaccessor> <artifact> private[this] val $outer: ikoda.sparse.RDDLabeledPointTransformations = _;
[INFO]           <synthetic> <stable> <artifact> def $outer(): ikoda.sparse.RDDLabeledPointTransformations = $anonfun.this.$outer;
[INFO]           final <bridge> <artifact> def apply(): Object = $anonfun.this.apply()
[INFO]         };
[INFO]         (new <$anon: Function0>(RDDLabeledPointTransformations.this): Function0)
[INFO]       }, {
[INFO]         @SerialVersionUID(value = 0) final <synthetic> class $anonfun extends scala.runtime.AbstractFunction0 with Serializable {
[INFO]           def <init>($outer: ikoda.sparse.RDDLabeledPointTransformations): <$anon: Function0> = {
[INFO]             $anonfun.super.<init>();
[INFO]             ()
[INFO]           };
[INFO]           final def apply(): Exception = e;
[INFO]           <synthetic> <paramaccessor> <artifact> private[this] val $outer: ikoda.sparse.RDDLabeledPointTransformations = _;
[INFO]           <synthetic> <stable> <artifact> def $outer(): ikoda.sparse.RDDLabeledPointTransformations = $anonfun.this.$outer;
[INFO]           final <bridge> <artifact> def apply(): Object = $anonfun.this.apply()
[INFO]         };
[INFO]         (new <$anon: Function0>(RDDLabeledPointTransformations.this): Function0)
[INFO]       });
[INFO]       throw new ikoda.IKodaMLException(new StringContext(scala.this.Predef.wrapRefArray(Array[String]{"", " : ", ""})).s(scala.this.Predef.genericWrapArray(Array[Object]{RDDLabeledPointTransformations.this.name(), e.getMessage()})), e)
[INFO]     }
[INFO]   };
[INFO]   @throws[ikoda.IKodaMLException](classOf[ikoda.IKodaMLException]) private[sparse] def internalGenerateColumnMap(rowIn: org.apache.spark.sql.Row, fieldNameSeq: Seq): Unit = try {
[INFO]     val values: scala.collection.immutable.Map = rowIn.getValuesMap(fieldNameSeq);
[INFO]     val sortedValuesMap: scala.collection.immutable.ListMap = scala.collection.immutable.ListMap.apply(values.toSeq().sortBy({
[INFO]       @SerialVersionUID(value = 0) final <synthetic> class $anonfun extends scala.runtime.AbstractFunction1 with Serializable {
[INFO]         def <init>($outer: ikoda.sparse.RDDLabeledPointTransformations): <$anon: Function1> = {
[INFO]           $anonfun.super.<init>();
[INFO]           ()
[INFO]         };
[INFO]         final def apply(x$4: Tuple2): String = x$4._1();
[INFO]         <synthetic> <paramaccessor> <artifact> private[this] val $outer: ikoda.sparse.RDDLabeledPointTransformations = _;
[INFO]         <synthetic> <stable> <artifact> def $outer(): ikoda.sparse.RDDLabeledPointTransformations = $anonfun.this.$outer;
[INFO]         final <bridge> <artifact> def apply(v1: Object): Object = $anonfun.this.apply(v1)
[INFO]       };
[INFO]       (new <$anon: Function1>(RDDLabeledPointTransformations.this): Function1)
[INFO]     }, math.this.Ordering.String));
[INFO]     var currentPosition: Int = 0;
[INFO]     sortedValuesMap.foreach({
[INFO]       @SerialVersionUID(value = 0) final <synthetic> class $anonfun extends scala.runtime.AbstractFunction1 with Serializable {
[INFO]         def <init>($outer: ikoda.sparse.RDDLabeledPointTransformations): <$anon: Function1> = {
[INFO]           $anonfun.super.<init>();
[INFO]           ()
[INFO]         };
[INFO]         final def apply(kv: Tuple2): Unit = {
[INFO]           $anonfun.this.$outer.columnHeadMap().put(currentPosition, new ikoda.sparse.ColumnHeadTuple(currentPosition, kv._1()));
[INFO]           currentPosition = currentPosition.+(1)
[INFO]         };
[INFO]         <synthetic> <paramaccessor> <artifact> private[this] val $outer: ikoda.sparse.RDDLabeledPointTransformations = _;
[INFO]         <synthetic> <stable> <artifact> def $outer(): ikoda.sparse.RDDLabeledPointTransformations = $anonfun.this.$outer;
[INFO]         final <bridge> <artifact> def apply(v1: Object): Object = $anonfun.this.apply(v1)
[INFO]       };
[INFO]       (new <$anon: Function1>(RDDLabeledPointTransformations.this): Function1)
[INFO]     })
[INFO]   } catch {
[INFO]     case (ex @ (_: Exception)) => {
[ERROR]       RDDLabeledPointTransformations.this.logger().error({
[INFO]         @SerialVersionUID(value = 0) final <synthetic> class $anonfun extends scala.runtime.AbstractFunction0 with Serializable {
[INFO]           def <init>($outer: ikoda.sparse.RDDLabeledPointTransformations): <$anon: Function0> = {
[INFO]             $anonfun.super.<init>();
[INFO]             ()
[INFO]           };
[INFO]           final def apply(): String = new StringContext(scala.this.Predef.wrapRefArray(Array[String]{"", ""})).s(scala.this.Predef.genericWrapArray(Array[Object]{$anonfun.this.$outer.name()}));
[INFO]           <synthetic> <paramaccessor> <artifact> private[this] val $outer: ikoda.sparse.RDDLabeledPointTransformations = _;
[INFO]           <synthetic> <stable> <artifact> def $outer(): ikoda.sparse.RDDLabeledPointTransformations = $anonfun.this.$outer;
[INFO]           final <bridge> <artifact> def apply(): Object = $anonfun.this.apply()
[INFO]         };
[INFO]         (new <$anon: Function0>(RDDLabeledPointTransformations.this): Function0)
[INFO]       });
[INFO]       throw new ikoda.IKodaMLException(new StringContext(scala.this.Predef.wrapRefArray(Array[String]{"", " : ", ""})).s(scala.this.Predef.genericWrapArray(Array[Object]{RDDLabeledPointTransformations.this.name(), ex.getMessage()})), ex)
[INFO]     }
[INFO]   };
[INFO]   private[sparse] def internalCreataDataDict(libsvmProcessor: ikoda.utils.LibSvmProcessor): scala.collection.immutable.Map = {
[INFO]     RDDLabeledPointTransformations.this.datadict_=(scala.collection.JavaConverters.mapAsScalaMapConverter(libsvmProcessor.getTargetMap()).asScala().map({
[INFO]   @SerialVersionUID(value = 0) final <synthetic> class $anonfun extends scala.runtime.AbstractFunction1 with Serializable {
[INFO]     def <init>($outer: ikoda.sparse.RDDLabeledPointTransformations): <$anon: Function1> = {
[INFO]       $anonfun.super.<init>();
[INFO]       ()
[INFO]     };
[INFO]     final def apply(t: Tuple2): Tuple2 = new Tuple2(t._1(), scala.this.Predef.Integer2int(t._2()).toDouble());
[INFO]     <synthetic> <paramaccessor> <artifact> private[this] val $outer: ikoda.sparse.RDDLabeledPointTransformations = _;
[INFO]     <synthetic> <stable> <artifact> def $outer(): ikoda.sparse.RDDLabeledPointTransformations = $anonfun.this.$outer;
[INFO]     final <bridge> <artifact> def apply(v1: Object): Object = $anonfun.this.apply(v1)
[INFO]   };
[INFO]   (new <$anon: Function1>(RDDLabeledPointTransformations.this): Function1)
[INFO] }, mutable.this.Map.canBuildFrom()).toMap(scala.this.Predef.$conforms()));
[INFO]     RDDLabeledPointTransformations.this.datadict()
[INFO]   };
[INFO]   private[sparse] def internalCreataDataDict(spark: org.apache.spark.sql.SparkSession, mDF: org.apache.spark.sql.Dataset, targetColumnName: String): scala.collection.mutable.Map = {
[INFO]     val stringCategories: List = scala.this.Predef.refArrayOps(mDF.select(scala.this.Predef.wrapRefArray(Array[org.apache.spark.sql.Column]{mDF.apply(targetColumnName)})).distinct().rdd().map({
[INFO]   @SerialVersionUID(value = 0) final <synthetic> class $anonfun extends scala.runtime.AbstractFunction1 with Serializable {
[INFO]     def <init>($outer: ikoda.sparse.RDDLabeledPointTransformations): <$anon: Function1> = {
[INFO]       $anonfun.super.<init>();
[INFO]       ()
[INFO]     };
[INFO]     final def apply(r: org.apache.spark.sql.Row): String = r.get(0).toString();
[INFO]     <synthetic> <paramaccessor> <artifact> private[this] val $outer: ikoda.sparse.RDDLabeledPointTransformations = _;
[INFO]     <synthetic> <stable> <artifact> def $outer(): ikoda.sparse.RDDLabeledPointTransformations = $anonfun.this.$outer;
[INFO]     final <bridge> <artifact> def apply(v1: Object): Object = $anonfun.this.apply(v1)
[INFO]   };
[INFO]   (new <$anon: Function1>(RDDLabeledPointTransformations.this): Function1)
[INFO] }, (ClassTag.apply(classOf[java.lang.String]): scala.reflect.ClassTag)).collect()).toList();
[INFO]     val valuesMap: scala.collection.mutable.Map = scala.collection.mutable.HashMap.apply(immutable.this.Nil);
[INFO]     stringCategories.zipWithIndex(immutable.this.List.canBuildFrom()).foreach({
[INFO]       @SerialVersionUID(value = 0) final <synthetic> class $anonfun extends scala.runtime.AbstractFunction1 with Serializable {
[INFO]         def <init>($outer: ikoda.sparse.RDDLabeledPointTransformations): <$anon: Function1> = {
[INFO]           $anonfun.super.<init>();
[INFO]           ()
[INFO]         };
[INFO]         final def apply(x0$9: Tuple2): Option = {
[INFO]           case <synthetic> val x1: Tuple2 = x0$9;
[INFO]           case4(){
[INFO]             if (x1.ne(null))
[INFO]               {
[INFO]                 val s: String = x1._1();
[INFO]                 val i: Int = x1._2$mcI$sp();
[INFO]                 matchEnd3(valuesMap.put(s.toString(), i.toDouble()))
[INFO]               }
[INFO]             else
[INFO]               case5()
[INFO]           };
[INFO]           case5(){
[ERROR]             matchEnd3(throw new MatchError(x1))
[INFO]           };
[INFO]           matchEnd3(x){
[INFO]             x
[INFO]           }
[INFO]         };
[INFO]         <synthetic> <paramaccessor> <artifact> private[this] val $outer: ikoda.sparse.RDDLabeledPointTransformations = _;
[INFO]         <synthetic> <stable> <artifact> def $outer(): ikoda.sparse.RDDLabeledPointTransformations = $anonfun.this.$outer;
[INFO]         final <bridge> <artifact> def apply(v1: Object): Object = $anonfun.this.apply(v1)
[INFO]       };
[INFO]       (new <$anon: Function1>(RDDLabeledPointTransformations.this): Function1)
[INFO]     });
[INFO]     RDDLabeledPointTransformations.this.datadict_=(valuesMap.toMap(scala.this.Predef.$conforms()));
[INFO]     valuesMap
[INFO]   };
[INFO]   @throws[ikoda.IKodaMLException](classOf[ikoda.IKodaMLException]) private[sparse] def internalSortColumns(colIndices: Seq, colValues: Seq): Tuple2 = try {
[INFO]     val asMap: scala.collection.immutable.Map = colIndices.zipWithIndex(collection.this.Seq.canBuildFrom()).map({
[INFO]   @SerialVersionUID(value = 0) final <synthetic> class $anonfun extends scala.runtime.AbstractFunction1 with Serializable {
[INFO]     def <init>($outer: ikoda.sparse.RDDLabeledPointTransformations): <$anon: Function1> = {
[INFO]       $anonfun.super.<init>();
[INFO]       ()
[INFO]     };
[INFO]     final def apply(x0$10: Tuple2): Tuple2 = {
[INFO]       case <synthetic> val x1: Tuple2 = x0$10;
[INFO]       case4(){
[INFO]         if (x1.ne(null))
[INFO]           {
[INFO]             val colIdx: Int = x1._1$mcI$sp();
[INFO]             val posIdx: Int = x1._2$mcI$sp();
[INFO]             matchEnd3(new Tuple2$mcID$sp(colIdx, colValues.apply(posIdx)))
[INFO]           }
[INFO]         else
[INFO]           case5()
[INFO]       };
[INFO]       case5(){
[ERROR]         matchEnd3(throw new MatchError(x1))
[INFO]       };
[INFO]       matchEnd3(x){
[INFO]         x
[INFO]       }
[INFO]     };
[INFO]     <synthetic> <paramaccessor> <artifact> private[this] val $outer: ikoda.sparse.RDDLabeledPointTransformations = _;
[INFO]     <synthetic> <stable> <artifact> def $outer(): ikoda.sparse.RDDLabeledPointTransformations = $anonfun.this.$outer;
[INFO]     final <bridge> <artifact> def apply(v1: Object): Object = $anonfun.this.apply(v1)
[INFO]   };
[INFO]   (new <$anon: Function1>(RDDLabeledPointTransformations.this): Function1)
[INFO] }, collection.this.Seq.canBuildFrom()).toMap(scala.this.Predef.$conforms());
[INFO]     val alignedSorted: scala.collection.immutable.TreeMap = scala.collection.immutable.TreeMap.apply(scala.this.Predef.wrapRefArray(asMap.toArray((ClassTag.apply(classOf[scala.Tuple2]): scala.reflect.ClassTag))), math.this.Ordering.Int);
[INFO]     new Tuple2(alignedSorted.keySet().toSeq(), alignedSorted.values().toSeq())
[INFO]   } catch {
[INFO]     case (e @ (_: Exception)) => throw new ikoda.IKodaMLException(e.getMessage(), e)
[INFO]   };
[INFO]   def transformColAsRowRddToTreeMap(colAsRowRdd: org.apache.spark.rdd.RDD): scala.collection.immutable.SortedMap = {
[INFO]     val tt: ikoda.utils.TicToc = new ikoda.utils.TicToc();
[INFO]     RDDLabeledPointTransformations.this.logger().trace({
[INFO]       @SerialVersionUID(value = 0) final <synthetic> class $anonfun extends scala.runtime.AbstractFunction0 with Serializable {
[INFO]         def <init>($outer: ikoda.sparse.RDDLabeledPointTransformations): <$anon: Function0> = {
[INFO]           $anonfun.super.<init>();
[INFO]           ()
[INFO]         };
[INFO]         final def apply(): String = tt.tic("transformColAsRowRddToTreeMap");
[INFO]         <synthetic> <paramaccessor> <artifact> private[this] val $outer: ikoda.sparse.RDDLabeledPointTransformations = _;
[INFO]         <synthetic> <stable> <artifact> def $outer(): ikoda.sparse.RDDLabeledPointTransformations = $anonfun.this.$outer;
[INFO]         final <bridge> <artifact> def apply(): Object = $anonfun.this.apply()
[INFO]       };
[INFO]       (new <$anon: Function0>(RDDLabeledPointTransformations.this): Function0)
[INFO]     });
[INFO]     val tmap: scala.collection.immutable.SortedMap = scala.collection.immutable.SortedMap.apply(rdd.this.RDD.rddToPairRDDFunctions(colAsRowRdd, (ClassTag.Int(): scala.reflect.ClassTag), (ClassTag.apply(classOf[scala.collection.Seq]): scala.reflect.ClassTag), math.this.Ordering.Int).collectAsMap().toSeq(), math.this.Ordering.Int);
[INFO]     RDDLabeledPointTransformations.this.logger().trace({
[INFO]       @SerialVersionUID(value = 0) final <synthetic> class $anonfun extends scala.runtime.AbstractFunction0 with Serializable {
[INFO]         def <init>($outer: ikoda.sparse.RDDLabeledPointTransformations): <$anon: Function0> = {
[INFO]           $anonfun.super.<init>();
[INFO]           ()
[INFO]         };
[INFO]         final def apply(): String = "transformColAsRowRddToTreeMap colMap size: ".+(tmap.size());
[INFO]         <synthetic> <paramaccessor> <artifact> private[this] val $outer: ikoda.sparse.RDDLabeledPointTransformations = _;
[INFO]         <synthetic> <stable> <artifact> def $outer(): ikoda.sparse.RDDLabeledPointTransformations = $anonfun.this.$outer;
[INFO]         final <bridge> <artifact> def apply(): Object = $anonfun.this.apply()
[INFO]       };
[INFO]       (new <$anon: Function0>(RDDLabeledPointTransformations.this): Function0)
[INFO]     });
[INFO]     RDDLabeledPointTransformations.this.logger().trace({
[INFO]       @SerialVersionUID(value = 0) final <synthetic> class $anonfun extends scala.runtime.AbstractFunction0 with Serializable {
[INFO]         def <init>($outer: ikoda.sparse.RDDLabeledPointTransformations): <$anon: Function0> = {
[INFO]           $anonfun.super.<init>();
[INFO]           ()
[INFO]         };
[INFO]         final def apply(): String = tt.toc("transformColAsRowRddToTreeMap");
[INFO]         <synthetic> <paramaccessor> <artifact> private[this] val $outer: ikoda.sparse.RDDLabeledPointTransformations = _;
[INFO]         <synthetic> <stable> <artifact> def $outer(): ikoda.sparse.RDDLabeledPointTransformations = $anonfun.this.$outer;
[INFO]         final <bridge> <artifact> def apply(): Object = $anonfun.this.apply()
[INFO]       };
[INFO]       (new <$anon: Function0>(RDDLabeledPointTransformations.this): Function0)
[INFO]     });
[INFO]     tmap
[INFO]   };
[INFO]   def transformLabeledPointRDDToColumnsMapCollected(): scala.collection.immutable.TreeMap = {
[INFO]     RDDLabeledPointTransformations.this.logger().trace({
[INFO]       @SerialVersionUID(value = 0) final <synthetic> class $anonfun extends scala.runtime.AbstractFunction0 with Serializable {
[INFO]         def <init>($outer: ikoda.sparse.RDDLabeledPointTransformations): <$anon: Function0> = {
[INFO]           $anonfun.super.<init>();
[INFO]           ()
[INFO]         };
[INFO]         final def apply(): String = "\n\n--transformLabeledPointRDDToColumnsRdd--\n\n";
[INFO]         <synthetic> <paramaccessor> <artifact> private[this] val $outer: ikoda.sparse.RDDLabeledPointTransformations = _;
[INFO]         <synthetic> <stable> <artifact> def $outer(): ikoda.sparse.RDDLabeledPointTransformations = $anonfun.this.$outer;
[INFO]         final <bridge> <artifact> def apply(): Object = $anonfun.this.apply()
[INFO]       };
[INFO]       (new <$anon: Function0>(RDDLabeledPointTransformations.this): Function0)
[INFO]     });
[INFO]     val mapOfColumns: scala.collection.mutable.HashMap = scala.collection.mutable.HashMap.apply(immutable.this.Nil);
[INFO]     val tt: ikoda.utils.TicToc = new ikoda.utils.TicToc();
[INFO]     var lc: Int = 0;
[INFO]     scala.this.Predef.refArrayOps(RDDLabeledPointTransformations.this.dataRDD().collect()).foreach({
[INFO]       @SerialVersionUID(value = 0) final <synthetic> class $anonfun extends scala.runtime.AbstractFunction1 with Serializable {
[INFO]         def <init>($outer: ikoda.sparse.RDDLabeledPointTransformations): <$anon: Function1> = {
[INFO]           $anonfun.super.<init>();
[INFO]           ()
[INFO]         };
[INFO]         final def apply(x0$11: Tuple3): Unit = {
[INFO]           case <synthetic> val x1: Tuple3 = x0$11;
[INFO]           case4(){
[INFO]             matchEnd3({
[INFO]               val uuid: java.util.UUID = $anonfun.this.$outer.getUUID(x1._3());
[INFO]               scala.this.Predef.refArrayOps(scala.this.Predef.intArrayOps(x1._1().features().toSparse().indices()).zipWithIndex(scala.this.Array.canBuildFrom((ClassTag.apply(classOf[scala.Tuple2]): scala.reflect.ClassTag)))).foreach({
[INFO]                 @SerialVersionUID(value = 0) final <synthetic> class $anonfun extends scala.runtime.AbstractFunction1 with Serializable {
[INFO]                   def <init>($outer: <$anon: Function1>): <$anon: Function1> = {
[INFO]                     $anonfun.super.<init>();
[INFO]                     ()
[INFO]                   };
[INFO]                   final def apply(x0$12: Tuple2): scala.collection.mutable.ArrayBuffer = {
[INFO]                     case <synthetic> val x1: Tuple2 = x0$12;
[INFO]                     case4(){
[INFO]                       if (x1.ne(null))
[INFO]                         {
[INFO]                           val colIdx: Int = x1._1$mcI$sp();
[INFO]                           val zidx: Int = x1._2$mcI$sp();
[INFO]                           matchEnd3({
[INFO]                             val label: Int = x1._1().label().toInt();
[INFO]                             val value: Double = x1._1().features().toSparse().values().<arr>apply(zidx);
[INFO]                             val colTuple: ikoda.sparse.CellTuple = new ikoda.sparse.CellTuple(colIdx, label.toDouble(), value, uuid, zidx);
[INFO]                             mapOfColumns.getOrElseUpdate(colIdx, {
[INFO]   @SerialVersionUID(value = 0) final <synthetic> class $anonfun extends scala.runtime.AbstractFunction0 with Serializable {
[INFO]     def <init>($outer: <$anon: Function1>): <$anon: Function0> = {
[INFO]       $anonfun.super.<init>();
[INFO]       ()
[INFO]     };
[INFO]     final def apply(): scala.collection.mutable.ArrayBuffer = new scala.collection.mutable.ArrayBuffer();
[INFO]     <synthetic> <paramaccessor> <artifact> private[this] val $outer: <$anon: Function1> = _;
[INFO]     <synthetic> <stable> <artifact> def $outer(): <$anon: Function1> = $anonfun.this.$outer;
[INFO]     final <bridge> <artifact> def apply(): Object = $anonfun.this.apply()
[INFO]   };
[INFO]   (new <$anon: Function0>($anonfun.this): Function0)
[INFO] }).+=(colTuple)
[INFO]                           })
[INFO]                         }
[INFO]                       else
[INFO]                         case5()
[INFO]                     };
[INFO]                     case5(){
[ERROR]                       matchEnd3(throw new MatchError(x1))
[INFO]                     };
[INFO]                     matchEnd3(x){
[INFO]                       x
[INFO]                     }
[INFO]                   };
[INFO]                   <synthetic> <paramaccessor> <artifact> private[this] val $outer: <$anon: Function1> = _;
[INFO]                   <synthetic> <stable> <artifact> def $outer(): <$anon: Function1> = $anonfun.this.$outer;
[INFO]                   final <bridge> <artifact> def apply(v1: Object): Object = $anonfun.this.apply(v1)
[INFO]                 };
[INFO]                 (new <$anon: Function1>($anonfun.this): Function1)
[INFO]               })
[INFO]             })
[INFO]           };
[INFO]           matchEnd3(x){
[INFO]             x
[INFO]           }
[INFO]         };
[INFO]         <synthetic> <paramaccessor> <artifact> private[this] val $outer: ikoda.sparse.RDDLabeledPointTransformations = _;
[INFO]         <synthetic> <stable> <artifact> def $outer(): ikoda.sparse.RDDLabeledPointTransformations = $anonfun.this.$outer;
[INFO]         final <bridge> <artifact> def apply(v1: Object): Object = $anonfun.this.apply(v1)
[INFO]       };
[INFO]       (new <$anon: Function1>(RDDLabeledPointTransformations.this): Function1)
[INFO]     });
[INFO]     RDDLabeledPointTransformations.this.logger().info({
[INFO]       @SerialVersionUID(value = 0) final <synthetic> class $anonfun extends scala.runtime.AbstractFunction0 with Serializable {
[INFO]         def <init>($outer: ikoda.sparse.RDDLabeledPointTransformations): <$anon: Function0> = {
[INFO]           $anonfun.super.<init>();
[INFO]           ()
[INFO]         };
[INFO]         final def apply(): String = new StringContext(scala.this.Predef.wrapRefArray(Array[String]{"transformLabeledPointRDDToColumnsRdd Created ", " columns"})).s(scala.this.Predef.genericWrapArray(Array[Object]{mapOfColumns.size()}));
[INFO]         <synthetic> <paramaccessor> <artifact> private[this] val $outer: ikoda.sparse.RDDLabeledPointTransformations = _;
[INFO]         <synthetic> <stable> <artifact> def $outer(): ikoda.sparse.RDDLabeledPointTransformations = $anonfun.this.$outer;
[INFO]         final <bridge> <artifact> def apply(): Object = $anonfun.this.apply()
[INFO]       };
[INFO]       (new <$anon: Function0>(RDDLabeledPointTransformations.this): Function0)
[INFO]     });
[INFO]     RDDLabeledPointTransformations.this.logger().info({
[INFO]       @SerialVersionUID(value = 0) final <synthetic> class $anonfun extends scala.runtime.AbstractFunction0 with Serializable {
[INFO]         def <init>($outer: ikoda.sparse.RDDLabeledPointTransformations): <$anon: Function0> = {
[INFO]           $anonfun.super.<init>();
[INFO]           ()
[INFO]         };
[INFO]         final def apply(): String = tt.toc();
[INFO]         <synthetic> <paramaccessor> <artifact> private[this] val $outer: ikoda.sparse.RDDLabeledPointTransformations = _;
[INFO]         <synthetic> <stable> <artifact> def $outer(): ikoda.sparse.RDDLabeledPointTransformations = $anonfun.this.$outer;
[INFO]         final <bridge> <artifact> def apply(): Object = $anonfun.this.apply()
[INFO]       };
[INFO]       (new <$anon: Function0>(RDDLabeledPointTransformations.this): Function0)
[INFO]     });
[INFO]     val result: scala.collection.immutable.TreeMap = scala.collection.immutable.TreeMap.apply(scala.this.Predef.wrapRefArray(mapOfColumns.toArray((ClassTag.apply(classOf[scala.Tuple2]): scala.reflect.ClassTag))), math.this.Ordering.Int);
[INFO]     result
[INFO]   };
[INFO]   @throws[ikoda.IKodaMLException](classOf[ikoda.IKodaMLException]) def transformLabeledPointRDDToColumnsRdd(): org.apache.spark.rdd.RDD = try {
[INFO]     val tt: ikoda.utils.TicToc = new ikoda.utils.TicToc();
[INFO]     RDDLabeledPointTransformations.this.logger().debug({
[INFO]       @SerialVersionUID(value = 0) final <synthetic> class $anonfun extends scala.runtime.AbstractFunction0 with Serializable {
[INFO]         def <init>($outer: ikoda.sparse.RDDLabeledPointTransformations): <$anon: Function0> = {
[INFO]           $anonfun.super.<init>();
[INFO]           ()
[INFO]         };
[INFO]         final def apply(): String = tt.tic("transformLabeledPointRDDToColumnsRdd");
[INFO]         <synthetic> <paramaccessor> <artifact> private[this] val $outer: ikoda.sparse.RDDLabeledPointTransformations = _;
[INFO]         <synthetic> <stable> <artifact> def $outer(): ikoda.sparse.RDDLabeledPointTransformations = $anonfun.this.$outer;
[INFO]         final <bridge> <artifact> def apply(): Object = $anonfun.this.apply()
[INFO]       };
[INFO]       (new <$anon: Function0>(RDDLabeledPointTransformations.this): Function0)
[INFO]     });
[INFO]     val rdd1: org.apache.spark.rdd.RDD = RDDLabeledPointTransformations.this.dataRDD().flatMap({
[INFO]       @SerialVersionUID(value = 0) final <synthetic> class $anonfun extends scala.runtime.AbstractFunction1 with Serializable {
[INFO]         def <init>($outer: ikoda.sparse.RDDLabeledPointTransformations): <$anon: Function1> = {
[INFO]           $anonfun.super.<init>();
[INFO]           ()
[INFO]         };
[INFO]         final def apply(x0$13: Tuple3): scala.collection.TraversableOnce = {
[INFO]           case <synthetic> val x1: Tuple3 = x0$13;
[INFO]           case4(){
[INFO]             matchEnd3({
[INFO]               val uuid: java.util.UUID = $anonfun.this.$outer.getUUID(x1._3());
[INFO]               scala.this.Predef.refArrayOps(scala.this.Predef.intArrayOps(x1._1().features().toSparse().indices()).zipWithIndex(scala.this.Array.canBuildFrom((ClassTag.apply(classOf[scala.Tuple2]): scala.reflect.ClassTag)))).map({
[INFO]                 @SerialVersionUID(value = 0) final <synthetic> class $anonfun extends scala.runtime.AbstractFunction1 with Serializable {
[INFO]                   def <init>($outer: <$anon: Function1>): <$anon: Function1> = {
[INFO]                     $anonfun.super.<init>();
[INFO]                     ()
[INFO]                   };
[INFO]                   final def apply(x0$14: Tuple2): Tuple2 = {
[INFO]                     case <synthetic> val x1: Tuple2 = x0$14;
[INFO]                     case4(){
[INFO]                       if (x1.ne(null))
[INFO]                         {
[INFO]                           val colIdx: Int = x1._1$mcI$sp();
[INFO]                           val zidx: Int = x1._2$mcI$sp();
[INFO]                           matchEnd3({
[INFO]                             val label: Int = x1._1().label().toInt();
[INFO]                             val value: Double = x1._1().features().toSparse().values().<arr>apply(zidx);
[INFO]                             new Tuple2(colIdx, new ikoda.sparse.CellTuple(colIdx, label.toDouble(), value, uuid, zidx))
[INFO]                           })
[INFO]                         }
[INFO]                       else
[INFO]                         case5()
[INFO]                     };
[INFO]                     case5(){
[ERROR]                       matchEnd3(throw new MatchError(x1))
[INFO]                     };
[INFO]                     matchEnd3(x){
[INFO]                       x
[INFO]                     }
[INFO]                   };
[INFO]                   <synthetic> <paramaccessor> <artifact> private[this] val $outer: <$anon: Function1> = _;
[INFO]                   <synthetic> <stable> <artifact> def $outer(): <$anon: Function1> = $anonfun.this.$outer;
[INFO]                   final <bridge> <artifact> def apply(v1: Object): Object = $anonfun.this.apply(v1)
[INFO]                 };
[INFO]                 (new <$anon: Function1>($anonfun.this): Function1)
[INFO]               }, scala.this.Array.fallbackCanBuildFrom(Predef.this.DummyImplicit.dummyImplicit()))
[INFO]             })
[INFO]           };
[INFO]           matchEnd3(x){
[INFO]             x
[INFO]           }
[INFO]         };
[INFO]         <synthetic> <paramaccessor> <artifact> private[this] val $outer: ikoda.sparse.RDDLabeledPointTransformations = _;
[INFO]         <synthetic> <stable> <artifact> def $outer(): ikoda.sparse.RDDLabeledPointTransformations = $anonfun.this.$outer;
[INFO]         final <bridge> <artifact> def apply(v1: Object): Object = $anonfun.this.apply(v1)
[INFO]       };
[INFO]       (new <$anon: Function1>(RDDLabeledPointTransformations.this): Function1)
[INFO]     }, (ClassTag.apply(classOf[scala.Tuple2]): scala.reflect.ClassTag));
[INFO]     RDDLabeledPointTransformations.this.logger().debug({
[INFO]       @SerialVersionUID(value = 0) final <synthetic> class $anonfun extends scala.runtime.AbstractFunction0 with Serializable {
[INFO]         def <init>($outer: ikoda.sparse.RDDLabeledPointTransformations): <$anon: Function0> = {
[INFO]           $anonfun.super.<init>();
[INFO]           ()
[INFO]         };
[INFO]         final def apply(): String = "rdd1\n".+(scala.this.Predef.refArrayOps(rdd1.collect()).mkString("\n"));
[INFO]         <synthetic> <paramaccessor> <artifact> private[this] val $outer: ikoda.sparse.RDDLabeledPointTransformations = _;
[INFO]         <synthetic> <stable> <artifact> def $outer(): ikoda.sparse.RDDLabeledPointTransformations = $anonfun.this.$outer;
[INFO]         final <bridge> <artifact> def apply(): Object = $anonfun.this.apply()
[INFO]       };
[INFO]       (new <$anon: Function0>(RDDLabeledPointTransformations.this): Function0)
[INFO]     });
[INFO]     val rdd2: org.apache.spark.rdd.RDD = rdd1.groupBy({
[INFO]       @SerialVersionUID(value = 0) final <synthetic> class $anonfun extends scala.runtime.AbstractFunction1 with Serializable {
[INFO]         def <init>($outer: ikoda.sparse.RDDLabeledPointTransformations): <$anon: Function1> = {
[INFO]           $anonfun.super.<init>();
[INFO]           ()
[INFO]         };
[INFO]         final def apply(e: Tuple2): Int = e._1$mcI$sp();
[INFO]         <synthetic> <paramaccessor> <artifact> private[this] val $outer: ikoda.sparse.RDDLabeledPointTransformations = _;
[INFO]         <synthetic> <stable> <artifact> def $outer(): ikoda.sparse.RDDLabeledPointTransformations = $anonfun.this.$outer;
[INFO]         final <bridge> <artifact> def apply(v1: Object): Object = $anonfun.this.apply(v1)
[INFO]       };
[INFO]       (new <$anon: Function1>(RDDLabeledPointTransformations.this): Function1)
[INFO]     }, (ClassTag.Int(): scala.reflect.ClassTag));
[INFO]     RDDLabeledPointTransformations.this.logger().debug({
[INFO]       @SerialVersionUID(value = 0) final <synthetic> class $anonfun extends scala.runtime.AbstractFunction0 with Serializable {
[INFO]         def <init>($outer: ikoda.sparse.RDDLabeledPointTransformations): <$anon: Function0> = {
[INFO]           $anonfun.super.<init>();
[INFO]           ()
[INFO]         };
[INFO]         final def apply(): String = "rdd2\n".+(scala.this.Predef.refArrayOps(rdd2.collect()).mkString("\n"));
[INFO]         <synthetic> <paramaccessor> <artifact> private[this] val $outer: ikoda.sparse.RDDLabeledPointTransformations = _;
[INFO]         <synthetic> <stable> <artifact> def $outer(): ikoda.sparse.RDDLabeledPointTransformations = $anonfun.this.$outer;
[INFO]         final <bridge> <artifact> def apply(): Object = $anonfun.this.apply()
[INFO]       };
[INFO]       (new <$anon: Function0>(RDDLabeledPointTransformations.this): Function0)
[INFO]     });
[INFO]     val rdd3: org.apache.spark.rdd.RDD = rdd2.map({
[INFO]       @SerialVersionUID(value = 0) final <synthetic> class $anonfun extends scala.runtime.AbstractFunction1 with Serializable {
[INFO]         def <init>($outer: ikoda.sparse.RDDLabeledPointTransformations): <$anon: Function1> = {
[INFO]           $anonfun.super.<init>();
[INFO]           ()
[INFO]         };
[INFO]         final def apply(e: Tuple2): Tuple2 = {
[INFO]           e._2().foreach({
[INFO]             @SerialVersionUID(value = 0) final <synthetic> class $anonfun extends scala.runtime.AbstractFunction1 with Serializable {
[INFO]               def <init>($outer: <$anon: Function1>): <$anon: Function1> = {
[INFO]                 $anonfun.super.<init>();
[INFO]                 ()
[INFO]               };
[INFO]               final def apply(tuple: Tuple2): Unit = scala.this.Predef.require(tuple._1$mcI$sp().==(e._1$mcI$sp()));
[INFO]               <synthetic> <paramaccessor> <artifact> private[this] val $outer: <$anon: Function1> = _;
[INFO]               <synthetic> <stable> <artifact> def $outer(): <$anon: Function1> = $anonfun.this.$outer;
[INFO]               final <bridge> <artifact> def apply(v1: Object): Object = $anonfun.this.apply(v1)
[INFO]             };
[INFO]             (new <$anon: Function1>($anonfun.this): Function1)
[INFO]           });
[INFO]           new Tuple2(e._1$mcI$sp(), e._2().map({
[INFO]   @SerialVersionUID(value = 0) final <synthetic> class $anonfun extends scala.runtime.AbstractFunction1 with Serializable {
[INFO]     def <init>($outer: <$anon: Function1>): <$anon: Function1> = {
[INFO]       $anonfun.super.<init>();
[INFO]       ()
[INFO]     };
[INFO]     final def apply(tuple: Tuple2): ikoda.sparse.CellTuple = tuple._2();
[INFO]     <synthetic> <paramaccessor> <artifact> private[this] val $outer: <$anon: Function1> = _;
[INFO]     <synthetic> <stable> <artifact> def $outer(): <$anon: Function1> = $anonfun.this.$outer;
[INFO]     final <bridge> <artifact> def apply(v1: Object): Object = $anonfun.this.apply(v1)
[INFO]   };
[INFO]   (new <$anon: Function1>($anonfun.this): Function1)
[INFO] }, collection.this.Iterable.canBuildFrom()).toSeq())
[INFO]         };
[INFO]         <synthetic> <paramaccessor> <artifact> private[this] val $outer: ikoda.sparse.RDDLabeledPointTransformations = _;
[INFO]         <synthetic> <stable> <artifact> def $outer(): ikoda.sparse.RDDLabeledPointTransformations = $anonfun.this.$outer;
[INFO]         final <bridge> <artifact> def apply(v1: Object): Object = $anonfun.this.apply(v1)
[INFO]       };
[INFO]       (new <$anon: Function1>(RDDLabeledPointTransformations.this): Function1)
[INFO]     }, (ClassTag.apply(classOf[scala.Tuple2]): scala.reflect.ClassTag));
[INFO]     RDDLabeledPointTransformations.this.logger().debug({
[INFO]       @SerialVersionUID(value = 0) final <synthetic> class $anonfun extends scala.runtime.AbstractFunction0 with Serializable {
[INFO]         def <init>($outer: ikoda.sparse.RDDLabeledPointTransformations): <$anon: Function0> = {
[INFO]           $anonfun.super.<init>();
[INFO]           ()
[INFO]         };
[INFO]         final def apply(): String = "rdd3\n".+(scala.this.Predef.refArrayOps(rdd3.collect()).mkString("\n"));
[INFO]         <synthetic> <paramaccessor> <artifact> private[this] val $outer: ikoda.sparse.RDDLabeledPointTransformations = _;
[INFO]         <synthetic> <stable> <artifact> def $outer(): ikoda.sparse.RDDLabeledPointTransformations = $anonfun.this.$outer;
[INFO]         final <bridge> <artifact> def apply(): Object = $anonfun.this.apply()
[INFO]       };
[INFO]       (new <$anon: Function0>(RDDLabeledPointTransformations.this): Function0)
[INFO]     });
[INFO]     {
[INFO]       <artifact> val x$7: Int = RDDLabeledPointTransformations.this.defaultPartitionSize();
[INFO]       <artifact> val x$8: scala.math.Ordering = rdd3.repartition$default$2(x$7);
[INFO]       rdd3.repartition(x$7, x$8)
[INFO]     }
[INFO]   } catch {
[INFO]     case (e @ (_: Exception)) => throw new ikoda.IKodaMLException(e.getMessage(), e)
[INFO]   }
[INFO] }
[INFO] exception when typing package ikoda.sparse {
[INFO]   class RDDLabeledPointTransformations extends ikoda.sparse.RDDLabeledPointParent {
[INFO]     def <init>(): ikoda.sparse.RDDLabeledPointTransformations = {
[INFO]       RDDLabeledPointTransformations.super.<init>();
[INFO]       ()
[INFO]     };
[INFO]     @throws[ikoda.IKodaMLException](classOf[ikoda.IKodaMLException]) def transformColumnsMapToLabeledPointRDD(spark: org.apache.spark.sql.SparkSession, columnsMap: scala.collection.immutable.Map, oldNewColumnIndexMap: scala.collection.immutable.Map, allowRowCountChange: Boolean): Unit = try {
[INFO]       val newRowsMap: scala.collection.mutable.HashMap = RDDLabeledPointTransformations.this.transformColumnMapToRowMap(columnsMap, oldNewColumnIndexMap, allowRowCountChange);
[INFO]       RDDLabeledPointTransformations.this.logger().trace({
[INFO]         @SerialVersionUID(value = 0) final <synthetic> class $anonfun extends scala.runtime.AbstractFunction0 with Serializable {
[INFO]           def <init>($outer: ikoda.sparse.RDDLabeledPointTransformations): <$anon: Function0> = {
[INFO]             $anonfun.super.<init>();
[INFO]             ()
[INFO]           };
[INFO]           final def apply(): String = " newRowsMap ".+(newRowsMap.mkString("\n"));
[INFO]           <synthetic> <paramaccessor> <artifact> private[this] val $outer: ikoda.sparse.RDDLabeledPointTransformations = _;
[INFO]           <synthetic> <stable> <artifact> def $outer(): ikoda.sparse.RDDLabeledPointTransformations = $anonfun.this.$outer;
[INFO]           final <bridge> <artifact> def apply(): Object = $anonfun.this.apply()
[INFO]         };
[INFO]         (new <$anon: Function0>(RDDLabeledPointTransformations.this): Function0)
[INFO]       });
[INFO]       val columnHeadCount: Int = RDDLabeledPointTransformations.this.columnHeadMap().size();
[INFO]       val columnsCheck: scala.collection.mutable.HashMap = new scala.collection.mutable.HashMap();
[INFO]       val dataArray: Array[Tuple3] = newRowsMap.map({
[INFO]   @SerialVersionUID(value = 0) final <synthetic> class $anonfun extends scala.runtime.AbstractFunction1 with Serializable {
[INFO]     def <init>($outer: ikoda.sparse.RDDLabeledPointTransformations): <$anon: Function1> = {
[INFO]       $anonfun.super.<init>();
[INFO]       ()
[INFO]     };
[INFO]     final def apply(row: Tuple2): Tuple3 = {
[INFO]       var rowPos: Int = 0;
[INFO]       val indices: scala.collection.mutable.ListBuffer = scala.collection.mutable.ListBuffer.apply(immutable.this.Nil);
[INFO]       val label: Double = row._2().toList().head()._2().label();
[INFO]       val uuid: java.util.UUID = row._2().toList().head()._2().rowId();
[INFO]       val values: scala.collection.mutable.ListBuffer = scala.collection.mutable.ListBuffer.apply(immutable.this.Nil);
[INFO]       val rowValues: scala.collection.mutable.HashMap = row._2();
[INFO]       val sortedMap: scala.collection.immutable.TreeMap = scala.collection.immutable.TreeMap.apply(rowValues.toSeq(), math.this.Ordering.Int);
[INFO]       scala.this.Predef.refArrayOps(sortedMap.toArray((ClassTag.apply(classOf[scala.Tuple2]): scala.reflect.ClassTag))).foreach({
[INFO]         @SerialVersionUID(value = 0) final <synthetic> class $anonfun extends scala.runtime.AbstractFunction1 with Serializable {
[INFO]           def <init>($outer: <$anon: Function1>): <$anon: Function1> = {
[INFO]             $anonfun.super.<init>();
[INFO]             ()
[INFO]           };
[INFO]           final def apply(cellTuple: Tuple2): Unit = {
[INFO]             indices.+=(cellTuple._2().colIndex());
[INFO]             columnsCheck.put(cellTuple._2().colIndex(), cellTuple._2().colIndex());
[INFO]             values.+=(cellTuple._2().value());
[INFO]             if (cellTuple._2().colIndex().!=(cellTuple._1$mcI$sp()))
[INFO]               throw new ikoda.IKodaMLException(new StringContext(scala.this.Predef.wrapRefArray(Array[String]{"colIndex of celltuple ", " does not match index of row hashmap ", ""})).s(scala.this.Predef.genericWrapArray(Array[Object]{cellTuple._2().colIndex(), cellTuple._1$mcI$sp()})), ikoda.IKodaMLException.apply$default$2())
[INFO]             else
[INFO]               ();
[INFO]             if (cellTuple._2().label().!=(label))
[INFO]               throw new ikoda.IKodaMLException(new StringContext(scala.this.Predef.wrapRefArray(Array[String]{"label of celltuple ", " does not match label of exemplar ", ""})).s(scala.this.Predef.genericWrapArray(Array[Object]{cellTuple._2().label(), label})), ikoda.IKodaMLException.apply$default$2())
[INFO]             else
[INFO]               ()
[INFO]           };
[INFO]           <synthetic> <paramaccessor> <artifact> private[this] val $outer: <$anon: Function1> = _;
[INFO]           <synthetic> <stable> <artifact> def $outer(): <$anon: Function1> = $anonfun.this.$outer;
[INFO]           final <bridge> <artifact> def apply(v1: Object): Object = $anonfun.this.apply(v1)
[INFO]         };
[INFO]         (new <$anon: Function1>($anonfun.this): Function1)
[INFO]       });
[INFO]       val lp: org.apache.spark.mllib.regression.LabeledPoint = new org.apache.spark.mllib.regression.LabeledPoint(label, org.apache.spark.mllib.linalg.Vectors.sparse($anonfun.this.$outer.columnHeadMap().size(), indices.toArray((ClassTag.Int(): scala.reflect.ClassTag)), values.toArray((ClassTag.Double(): scala.reflect.ClassTag))));
[INFO]       new Tuple3(lp, lp.hashCode(), uuid.toString())
[INFO]     };
[INFO]     <synthetic> <paramaccessor> <artifact> private[this] val $outer: ikoda.sparse.RDDLabeledPointTransformations = _;
[INFO]     <synthetic> <stable> <artifact> def $outer(): ikoda.sparse.RDDLabeledPointTransformations = $anonfun.this.$outer;
[INFO]     final <bridge> <artifact> def apply(v1: Object): Object = $anonfun.this.apply(v1)
[INFO]   };
[INFO]   (new <$anon: Function1>(RDDLabeledPointTransformations.this): Function1)
[INFO] }, mutable.this.Iterable.canBuildFrom()).toArray((ClassTag.apply(classOf[scala.Tuple3]): scala.reflect.ClassTag));
[INFO]       if (columnsCheck.size().!=(columnHeadCount))
[INFO]         throw new ikoda.IKodaMLException(new StringContext(scala.this.Predef.wrapRefArray(Array[String]{"Column count mismatch: Created ", " columns, but expected ", " columns."})).s(scala.this.Predef.genericWrapArray(Array[Object]{columnsCheck.size(), RDDLabeledPointTransformations.this.columnHeadMap().size()})), ikoda.IKodaMLException.apply$default$2())
[INFO]       else
[INFO]         ();
[INFO]       RDDLabeledPointTransformations.this.dataRDD_=(spark.sparkContext().parallelize(scala.this.Predef.wrapRefArray(dataArray), spark.sparkContext().parallelize$default$2(), (ClassTag.apply(classOf[scala.Tuple3]): scala.reflect.ClassTag)))
[INFO]     } catch {
[INFO]       case (e @ (_: Exception)) => {
[ERROR]         RDDLabeledPointTransformations.this.logger().error({
[INFO]           @SerialVersionUID(value = 0) final <synthetic> class $anonfun extends scala.runtime.AbstractFunction0 with Serializable {
[INFO]             def <init>($outer: ikoda.sparse.RDDLabeledPointTransformations): <$anon: Function0> = {
[INFO]               $anonfun.super.<init>();
[INFO]               ()
[INFO]             };
[INFO]             final def apply(): String = new StringContext(scala.this.Predef.wrapRefArray(Array[String]{"", ""})).s(scala.this.Predef.genericWrapArray(Array[Object]{$anonfun.this.$outer.name()}));
[INFO]             <synthetic> <paramaccessor> <artifact> private[this] val $outer: ikoda.sparse.RDDLabeledPointTransformations = _;
[INFO]             <synthetic> <stable> <artifact> def $outer(): ikoda.sparse.RDDLabeledPointTransformations = $anonfun.this.$outer;
[INFO]             final <bridge> <artifact> def apply(): Object = $anonfun.this.apply()
[INFO]           };
[INFO]           (new <$anon: Function0>(RDDLabeledPointTransformations.this): Function0)
[INFO]         });
[INFO]         throw e
[INFO]       }
[INFO]     };
[INFO]     <synthetic> def transformColumnsMapToLabeledPointRDD$default$3(): scala.collection.immutable.Map = scala.collection.mutable.HashMap.apply(immutable.this.Nil).toMap();
[INFO]     @throws[ikoda.IKodaMLException](classOf[ikoda.IKodaMLException]) def transformColumnMapToRowMap(columnsMap: scala.collection.immutable.Map, oldNewColumnIndexMap: scala.collection.immutable.Map, allowRowCountChange: Boolean): scala.collection.mutable.HashMap = try {
[INFO]       val newRowsMap: scala.collection.mutable.HashMap = scala.collection.mutable.HashMap.apply(immutable.this.Nil);
[INFO]       val originalRDDsize: Long = RDDLabeledPointTransformations.this.dataRDD().count();
[INFO]       columnsMap.keys().foreach({
[INFO]         @SerialVersionUID(value = 0) final <synthetic> class $anonfun extends scala.runtime.AbstractFunction1$mcVI$sp with Serializable {
[INFO]           def <init>($outer: ikoda.sparse.RDDLabeledPointTransformations): <$anon: Function1> = {
[INFO]             $anonfun.super.<init>();
[INFO]             ()
[INFO]           };
[INFO]           final def apply(key: Int): Unit = $anonfun.this.apply$mcVI$sp(key);
[INFO]           <specialized> def apply$mcVI$sp(key: Int): Unit = {
[INFO]             val cellTupleByColumnSeq: Seq = columnsMap.getOrElse(key, {
[INFO]               @SerialVersionUID(value = 0) final <synthetic> class $anonfun extends scala.runtime.AbstractFunction0 with Serializable {
[INFO]                 def <init>($outer: <$anon: Function1>): <$anon: Function0> = {
[INFO]                   $anonfun.super.<init>();
[INFO]                   ()
[INFO]                 };
[INFO]                 final def apply(): scala.collection.mutable.ArrayBuffer = scala.collection.mutable.ArrayBuffer.apply(immutable.this.Nil);
[INFO]                 <synthetic> <paramaccessor> <artifact> private[this] val $outer: <$anon: Function1> = _;
[INFO]                 <synthetic> <stable> <artifact> def $outer(): <$anon: Function1> = $anonfun.this.$outer;
[INFO]                 final <bridge> <artifact> def apply(): Object = $anonfun.this.apply()
[INFO]               };
[INFO]               (new <$anon: Function0>($anonfun.this): Function0)
[INFO]             });
[INFO]             if (cellTupleByColumnSeq.isEmpty())
[INFO]               throw new ikoda.IKodaMLException(new StringContext(scala.this.Predef.wrapRefArray(Array[String]{"No column found with index ", ""})).s(scala.this.Predef.genericWrapArray(Array[Object]{key})), ikoda.IKodaMLException.apply$default$2())
[INFO]             else
[INFO]               ();
[INFO]             val sortedCellTupleByColumnSeq: Seq = cellTupleByColumnSeq.sorted(math.this.Ordering.ordered(scala.this.Predef.$conforms()));
[INFO]             sortedCellTupleByColumnSeq.foreach({
[INFO]               @SerialVersionUID(value = 0) final <synthetic> class $anonfun extends scala.runtime.AbstractFunction1 with Serializable {
[INFO]                 def <init>($outer: <$anon: Function1>): <$anon: Function1> = {
[INFO]                   $anonfun.super.<init>();
[INFO]                   ()
[INFO]                 };
[INFO]                 final def apply(cell: ikoda.sparse.CellTuple): Option = {
[INFO]                   var columnIndex: Int = cell.colIndex();
[INFO]                   scala.this.Predef.require(key.==(cell.colIndex()));
[INFO]                   if (oldNewColumnIndexMap.nonEmpty())
[INFO]                     {
[INFO]                       columnIndex = $anonfun.this.$outer.$outer().getOptionValueOrThrowException(oldNewColumnIndexMap.get(columnIndex));
[INFO]                       val ct: ikoda.sparse.CellTuple = new ikoda.sparse.CellTuple(columnIndex, cell.label(), cell.value(), cell.rowId(), cell.rowPos());
[INFO]                       newRowsMap.getOrElseUpdate(cell.rowId(), {
[INFO]   @SerialVersionUID(value = 0) final <synthetic> class $anonfun extends scala.runtime.AbstractFunction0 with Serializable {
[INFO]     def <init>($outer: <$anon: Function1>): <$anon: Function0> = {
[INFO]       $anonfun.super.<init>();
[INFO]       ()
[INFO]     };
[INFO]     final def apply(): scala.collection.mutable.HashMap = new scala.collection.mutable.HashMap();
[INFO]     <synthetic> <paramaccessor> <artifact> private[this] val $outer: <$anon: Function1> = _;
[INFO]     <synthetic> <stable> <artifact> def $outer(): <$anon: Function1> = $anonfun.this.$outer;
[INFO]     final <bridge> <artifact> def apply(): Object = $anonfun.this.apply()
[INFO]   };
[INFO]   (new <$anon: Function0>($anonfun.this): Function0)
[INFO] }).put(columnIndex, ct)
[INFO]                     }
[INFO]                   else
[INFO]                     newRowsMap.getOrElseUpdate(cell.rowId(), {
[INFO]   @SerialVersionUID(value = 0) final <synthetic> class $anonfun extends scala.runtime.AbstractFunction0 with Serializable {
[INFO]     def <init>($outer: <$anon: Function1>): <$anon: Function0> = {
[INFO]       $anonfun.super.<init>();
[INFO]       ()
[INFO]     };
[INFO]     final def apply(): scala.collection.mutable.HashMap = new scala.collection.mutable.HashMap();
[INFO]     <synthetic> <paramaccessor> <artifact> private[this] val $outer: <$anon: Function1> = _;
[INFO]     <synthetic> <stable> <artifact> def $outer(): <$anon: Function1> = $anonfun.this.$outer;
[INFO]     final <bridge> <artifact> def apply(): Object = $anonfun.this.apply()
[INFO]   };
[INFO]   (new <$anon: Function0>($anonfun.this): Function0)
[INFO] }).put(columnIndex, cell)
[INFO]                 };
[INFO]                 <synthetic> <paramaccessor> <artifact> private[this] val $outer: <$anon: Function1> = _;
[INFO]                 <synthetic> <stable> <artifact> def $outer(): <$anon: Function1> = $anonfun.this.$outer;
[INFO]                 final <bridge> <artifact> def apply(v1: Object): Object = $anonfun.this.apply(v1)
[INFO]               };
[INFO]               (new <$anon: Function1>($anonfun.this): Function1)
[INFO]             })
[INFO]           };
[INFO]           <synthetic> <paramaccessor> <artifact> private[this] val $outer: ikoda.sparse.RDDLabeledPointTransformations = _;
[INFO]           <synthetic> <stable> <artifact> def $outer(): ikoda.sparse.RDDLabeledPointTransformations = $anonfun.this.$outer;
[INFO]           final <bridge> <artifact> def apply(v1: Object): Object = $anonfun.this.apply(v1)
[INFO]         };
[INFO]         (new <$anon: Function1>(RDDLabeledPointTransformations.this): Function1)
[INFO]       });
[INFO]       if (newRowsMap.size().!=(originalRDDsize))
[INFO]         if (allowRowCountChange)
[WARNING]           RDDLabeledPointTransformations.this.logger().warn({
[INFO]             @SerialVersionUID(value = 0) final <synthetic> class $anonfun extends scala.runtime.AbstractFunction0 with Serializable {
[INFO]               def <init>($outer: ikoda.sparse.RDDLabeledPointTransformations): <$anon: Function0> = {
[INFO]                 $anonfun.super.<init>();
[INFO]                 ()
[INFO]               };
[INFO]               final def apply(): String = new StringContext(scala.this.Predef.wrapRefArray(Array[String]{"Row size change. Was ", ", but now ", ""})).s(scala.this.Predef.genericWrapArray(Array[Object]{originalRDDsize, newRowsMap.size()}));
[INFO]               <synthetic> <paramaccessor> <artifact> private[this] val $outer: ikoda.sparse.RDDLabeledPointTransformations = _;
[INFO]               <synthetic> <stable> <artifact> def $outer(): ikoda.sparse.RDDLabeledPointTransformations = $anonfun.this.$outer;
[INFO]               final <bridge> <artifact> def apply(): Object = $anonfun.this.apply()
[INFO]             };
[INFO]             (new <$anon: Function0>(RDDLabeledPointTransformations.this): Function0)
[INFO]           })
[INFO]         else
[INFO]           throw new ikoda.IKodaMLException(new StringContext(scala.this.Predef.wrapRefArray(Array[String]{"Row size mismatch. Was ", ", but now ", ""})).s(scala.this.Predef.genericWrapArray(Array[Object]{originalRDDsize, newRowsMap.size()})), ikoda.IKodaMLException.apply$default$2())
[INFO]       else
[INFO]         ();
[INFO]       newRowsMap
[INFO]     } catch {
[INFO]       case (e @ (_: Exception)) => {
[ERROR]         RDDLabeledPointTransformations.this.logger().error({
[INFO]           @SerialVersionUID(value = 0) final <synthetic> class $anonfun extends scala.runtime.AbstractFunction0 with Serializable {
[INFO]             def <init>($outer: ikoda.sparse.RDDLabeledPointTransformations): <$anon: Function0> = {
[INFO]               $anonfun.super.<init>();
[INFO]               ()
[INFO]             };
[INFO]             final def apply(): String = new StringContext(scala.this.Predef.wrapRefArray(Array[String]{"", ""})).s(scala.this.Predef.genericWrapArray(Array[Object]{$anonfun.this.$outer.name()}));
[INFO]             <synthetic> <paramaccessor> <artifact> private[this] val $outer: ikoda.sparse.RDDLabeledPointTransformations = _;
[INFO]             <synthetic> <stable> <artifact> def $outer(): ikoda.sparse.RDDLabeledPointTransformations = $anonfun.this.$outer;
[INFO]             final <bridge> <artifact> def apply(): Object = $anonfun.this.apply()
[INFO]           };
[INFO]           (new <$anon: Function0>(RDDLabeledPointTransformations.this): Function0)
[INFO]         });
[INFO]         throw new ikoda.IKodaMLException(new StringContext(scala.this.Predef.wrapRefArray(Array[String]{"", " : ", ""})).s(scala.this.Predef.genericWrapArray(Array[Object]{RDDLabeledPointTransformations.this.name(), e.getMessage()})), e)
[INFO]       }
[INFO]     };
[INFO]     <synthetic> def transformColumnMapToRowMap$default$2(): scala.collection.immutable.Map = scala.collection.mutable.HashMap.apply(immutable.this.Nil).toMap();
[INFO]     <synthetic> def transformColumnMapToRowMap$default$3(): Boolean = false;
[INFO]     @throws[ikoda.IKodaMLException](classOf[ikoda.IKodaMLException]) def transformColumnsRddToLabeledPointRDD(spark: org.apache.spark.sql.SparkSession, columnsRDD: org.apache.spark.rdd.RDD, oldNewColumnIndexMap: scala.collection.immutable.Map, allowRowCountChange: Boolean): Unit = try {
[INFO]       val rdd1: org.apache.spark.rdd.RDD = columnsRDD.flatMap({
[INFO]         @SerialVersionUID(value = 0) final <synthetic> class $anonfun extends scala.runtime.AbstractFunction1 with Serializable {
[INFO]           def <init>($outer: ikoda.sparse.RDDLabeledPointTransformations): <$anon: Function1> = {
[INFO]             $anonfun.super.<init>();
[INFO]             ()
[INFO]           };
[INFO]           final def apply(x0$1: Tuple2): scala.collection.TraversableOnce = {
[INFO]             case <synthetic> val x1: Tuple2 = x0$1;
[INFO]             case4(){
[INFO]               if (x1.ne(null))
[INFO]                 {
[INFO]                   val colId: Int = x1._1$mcI$sp();
[INFO]                   val seqCellTuple: Seq = x1._2();
[INFO]                   matchEnd3(if (oldNewColumnIndexMap.nonEmpty())
[INFO]                     {
[INFO]                       val columnIndex: Int = $anonfun.this.$outer.getOptionValueOrThrowException(oldNewColumnIndexMap.get(colId));
[INFO]                       seqCellTuple.map({
[INFO]                         @SerialVersionUID(value = 0) final <synthetic> class $anonfun extends scala.runtime.AbstractFunction1 with Serializable {
[INFO]                           def <init>($outer: <$anon: Function1>): <$anon: Function1> = {
[INFO]                             $anonfun.super.<init>();
[INFO]                             ()
[INFO]                           };
[INFO]                           final def apply(ct: ikoda.sparse.CellTuple): Tuple2 = new Tuple2(ct.rowId(), new ikoda.sparse.CellTuple(columnIndex, ct.label(), ct.value(), ct.rowId(), -1));
[INFO]                           <synthetic> <paramaccessor> <artifact> private[this] val $outer: <$anon: Function1> = _;
[INFO]                           <synthetic> <stable> <artifact> def $outer(): <$anon: Function1> = $anonfun.this.$outer;
[INFO]                           final <bridge> <artifact> def apply(v1: Object): Object = $anonfun.this.apply(v1)
[INFO]                         };
[INFO]                         (new <$anon: Function1>($anonfun.this): Function1)
[INFO]                       }, collection.this.Seq.canBuildFrom())
[INFO]                     }
[INFO]                   else
[INFO]                     seqCellTuple.map({
[INFO]                       @SerialVersionUID(value = 0) final <synthetic> class $anonfun extends scala.runtime.AbstractFunction1 with Serializable {
[INFO]                         def <init>($outer: <$anon: Function1>): <$anon: Function1> = {
[INFO]                           $anonfun.super.<init>();
[INFO]                           ()
[INFO]                         };
[INFO]                         final def apply(ct: ikoda.sparse.CellTuple): Tuple2 = new Tuple2(ct.rowId(), ct);
[INFO]                         <synthetic> <paramaccessor> <artifact> private[this] val $outer: <$anon: Function1> = _;
[INFO]                         <synthetic> <stable> <artifact> def $outer(): <$anon: Function1> = $anonfun.this.$outer;
[INFO]                         final <bridge> <artifact> def apply(v1: Object): Object = $anonfun.this.apply(v1)
[INFO]                       };
[INFO]                       (new <$anon: Function1>($anonfun.this): Function1)
[INFO]                     }, collection.this.Seq.canBuildFrom()))
[INFO]                 }
[INFO]               else
[INFO]                 case5()
[INFO]             };
[INFO]             case5(){
[ERROR]               matchEnd3(throw new MatchError(x1))
[INFO]             };
[INFO]             matchEnd3(x){
[INFO]               x
[INFO]             }
[INFO]           };
[INFO]           <synthetic> <paramaccessor> <artifact> private[this] val $outer: ikoda.sparse.RDDLabeledPointTransformations = _;
[INFO]           <synthetic> <stable> <artifact> def $outer(): ikoda.sparse.RDDLabeledPointTransformations = $anonfun.this.$outer;
[INFO]           final <bridge> <artifact> def apply(v1: Object): Object = $anonfun.this.apply(v1)
[INFO]         };
[INFO]         (new <$anon: Function1>(RDDLabeledPointTransformations.this): Function1)
[INFO]       }, (ClassTag.apply(classOf[scala.Tuple2]): scala.reflect.ClassTag));
[INFO]       val rdd2: org.apache.spark.rdd.RDD = rdd1.groupBy({
[INFO]   @SerialVersionUID(value = 0) final <synthetic> class $anonfun extends scala.runtime.AbstractFunction1 with Serializable {
[INFO]     def <init>($outer: ikoda.sparse.RDDLabeledPointTransformations): <$anon: Function1> = {
[INFO]       $anonfun.super.<init>();
[INFO]       ()
[INFO]     };
[INFO]     final def apply(e: Tuple2): java.util.UUID = e._1();
[INFO]     <synthetic> <paramaccessor> <artifact> private[this] val $outer: ikoda.sparse.RDDLabeledPointTransformations = _;
[INFO]     <synthetic> <stable> <artifact> def $outer(): ikoda.sparse.RDDLabeledPointTransformations = $anonfun.this.$outer;
[INFO]     final <bridge> <artifact> def apply(v1: Object): Object = $anonfun.this.apply(v1)
[INFO]   };
[INFO]   (new <$anon: Function1>(RDDLabeledPointTransformations.this): Function1)
[INFO] }, (ClassTag.apply(classOf[java.util.UUID]): scala.reflect.ClassTag)).map({
[INFO]         @SerialVersionUID(value = 0) final <synthetic> class $anonfun extends scala.runtime.AbstractFunction1 with Serializable {
[INFO]           def <init>($outer: ikoda.sparse.RDDLabeledPointTransformations): <$anon: Function1> = {
[INFO]             $anonfun.super.<init>();
[INFO]             ()
[INFO]           };
[INFO]           final def apply(e: Tuple2): Tuple2 = new Tuple2(e._1(), e._2().map({
[INFO]   @SerialVersionUID(value = 0) final <synthetic> class $anonfun extends scala.runtime.AbstractFunction1 with Serializable {
[INFO]     def <init>($outer: <$anon: Function1>): <$anon: Function1> = {
[INFO]       $anonfun.super.<init>();
[INFO]       ()
[INFO]     };
[INFO]     final def apply(f: Tuple2): ikoda.sparse.CellTuple = f._2();
[INFO]     <synthetic> <paramaccessor> <artifact> private[this] val $outer: <$anon: Function1> = _;
[INFO]     <synthetic> <stable> <artifact> def $outer(): <$anon: Function1> = $anonfun.this.$outer;
[INFO]     final <bridge> <artifact> def apply(v1: Object): Object = $anonfun.this.apply(v1)
[INFO]   };
[INFO]   (new <$anon: Function1>($anonfun.this): Function1)
[INFO] }, collection.this.Iterable.canBuildFrom()).toSeq());
[INFO]           <synthetic> <paramaccessor> <artifact> private[this] val $outer: ikoda.sparse.RDDLabeledPointTransformations = _;
[INFO]           <synthetic> <stable> <artifact> def $outer(): ikoda.sparse.RDDLabeledPointTransformations = $anonfun.this.$outer;
[INFO]           final <bridge> <artifact> def apply(v1: Object): Object = $anonfun.this.apply(v1)
[INFO]         };
[INFO]         (new <$anon: Function1>(RDDLabeledPointTransformations.this): Function1)
[INFO]       }, (ClassTag.apply(classOf[scala.Tuple2]): scala.reflect.ClassTag));
[INFO]       RDDLabeledPointTransformations.this.dataRDD_=(rdd2.map({
[INFO]         @SerialVersionUID(value = 0) final <synthetic> class $anonfun extends scala.runtime.AbstractFunction1 with Serializable {
[INFO]           def <init>($outer: ikoda.sparse.RDDLabeledPointTransformations): <$anon: Function1> = {
[INFO]             $anonfun.super.<init>();
[INFO]             ()
[INFO]           };
[INFO]           final def apply(x0$2: Tuple2): Tuple3 = {
[INFO]             case <synthetic> val x1: Tuple2 = x0$2;
[INFO]             case4(){
[INFO]               matchEnd3({
[INFO]                 val map: scala.collection.immutable.TreeMap = scala.collection.immutable.TreeMap.apply(x1._2().map({
[INFO]                   @SerialVersionUID(value = 0) final <synthetic> class $anonfun extends scala.runtime.AbstractFunction1 with Serializable {
[INFO]                     def <init>($outer: <$anon: Function1>): <$anon: Function1> = {
[INFO]                       $anonfun.super.<init>();
[INFO]                       ()
[INFO]                     };
[INFO]                     final def apply(ct: ikoda.sparse.CellTuple): Tuple2 = new Tuple2$mcID$sp(ct.colIndex(), ct.value());
[INFO]                     <synthetic> <paramaccessor> <artifact> private[this] val $outer: <$anon: Function1> = _;
[INFO]                     <synthetic> <stable> <artifact> def $outer(): <$anon: Function1> = $anonfun.this.$outer;
[INFO]                     final <bridge> <artifact> def apply(v1: Object): Object = $anonfun.this.apply(v1)
[INFO]                   };
[INFO]                   (new <$anon: Function1>($anonfun.this): Function1)
[INFO]                 }, collection.this.Seq.canBuildFrom()), math.this.Ordering.Int);
[INFO]                 val idxArray: Array[Int] = map.keySet().toSeq().toArray((ClassTag.Int(): scala.reflect.ClassTag));
[INFO]                 val valArray: Array[Double] = map.values().toSeq().toArray((ClassTag.Double(): scala.reflect.ClassTag));
[INFO]                 val lp: org.apache.spark.mllib.regression.LabeledPoint = new org.apache.spark.mllib.regression.LabeledPoint(x1._2().apply(0).label(), org.apache.spark.mllib.linalg.Vectors.sparse($anonfun.this.$outer.columnHeadMap().size(), idxArray, valArray));
[INFO]                 new Tuple3(lp, lp.hashCode(), x1._1().toString())
[INFO]               })
[INFO]             };
[INFO]             matchEnd3(x){
[INFO]               x
[INFO]             }
[INFO]           };
[INFO]           <synthetic> <paramaccessor> <artifact> private[this] val $outer: ikoda.sparse.RDDLabeledPointTransformations = _;
[INFO]           <synthetic> <stable> <artifact> def $outer(): ikoda.sparse.RDDLabeledPointTransformations = $anonfun.this.$outer;
[INFO]           final <bridge> <artifact> def apply(v1: Object): Object = $anonfun.this.apply(v1)
[INFO]         };
[INFO]         (new <$anon: Function1>(RDDLabeledPointTransformations.this): Function1)
[INFO]       }, (ClassTag.apply(classOf[scala.Tuple3]): scala.reflect.ClassTag)))
[INFO]     } catch {
[INFO]       case (e @ (_: Exception)) => {
[ERROR]         RDDLabeledPointTransformations.this.logger().error({
[INFO]           @SerialVersionUID(value = 0) final <synthetic> class $anonfun extends scala.runtime.AbstractFunction0 with Serializable {
[INFO]             def <init>($outer: ikoda.sparse.RDDLabeledPointTransformations): <$anon: Function0> = {
[INFO]               $anonfun.super.<init>();
[INFO]               ()
[INFO]             };
[INFO]             final def apply(): String = new StringContext(scala.this.Predef.wrapRefArray(Array[String]{"", ""})).s(scala.this.Predef.genericWrapArray(Array[Object]{$anonfun.this.$outer.name()}));
[INFO]             <synthetic> <paramaccessor> <artifact> private[this] val $outer: ikoda.sparse.RDDLabeledPointTransformations = _;
[INFO]             <synthetic> <stable> <artifact> def $outer(): ikoda.sparse.RDDLabeledPointTransformations = $anonfun.this.$outer;
[INFO]             final <bridge> <artifact> def apply(): Object = $anonfun.this.apply()
[INFO]           };
[INFO]           (new <$anon: Function0>(RDDLabeledPointTransformations.this): Function0)
[INFO]         });
[INFO]         throw e
[INFO]       }
[INFO]     };
[INFO]     <synthetic> def transformColumnsRddToLabeledPointRDD$default$3(): scala.collection.immutable.Map = scala.collection.mutable.HashMap.apply(immutable.this.Nil).toMap();
[INFO]     <synthetic> def transformColumnsRddToLabeledPointRDD$default$4(): Boolean = false;
[INFO]     @throws[ikoda.IKodaMLException](classOf[ikoda.IKodaMLException]) def transformColumnToThisSchema(colNameToConvert: String, newColumnHeadMap: scala.collection.mutable.ListMap): Int = try {
[INFO]       val newColIdx: Int = this.getColumnIndex(colNameToConvert, true);
[INFO]       {
[INFO]         case <synthetic> val x1: Boolean = newColIdx.>=(0);
[INFO]         case6(){
[INFO]           if (true.==(x1))
[INFO]             matchEnd5({
[INFO]               newColumnHeadMap.put(newColIdx, new ikoda.sparse.ColumnHeadTuple(newColIdx, colNameToConvert));
[INFO]               newColIdx
[INFO]             })
[INFO]           else
[INFO]             case7()
[INFO]         };
[INFO]         case7(){
[INFO]           if (false.==(x1))
[INFO]             matchEnd5({
[INFO]               val newMaxColIdx: Int = RDDLabeledPointTransformations.this.columnHeadMap().keySet().max(math.this.Ordering.Int).+(1);
[INFO]               newColumnHeadMap.put(newMaxColIdx, new ikoda.sparse.ColumnHeadTuple(newMaxColIdx, colNameToConvert));
[INFO]               newMaxColIdx
[INFO]             })
[INFO]           else
[INFO]             case8()
[INFO]         };
[INFO]         case8(){
[ERROR]           matchEnd5(throw new MatchError(x1))
[INFO]         };
[INFO]         matchEnd5(x){
[INFO]           x
[INFO]         }
[INFO]       }
[INFO]     } catch {
[INFO]       case (e @ (_: Exception)) => throw new ikoda.IKodaMLException(e.getLocalizedMessage(), e)
[INFO]     };
[INFO]     @throws[ikoda.IKodaMLException](classOf[ikoda.IKodaMLException]) def transformLabelToThisSchema(labelNameToConvert: String, newTargetMap: scala.collection.mutable.HashMap): Double = try {
[INFO]       val newLabelIdxo: Option = this.getTargetId(labelNameToConvert);
[INFO]       {
[INFO]         case <synthetic> val x1: Boolean = newLabelIdxo.isDefined();
[INFO]         case6(){
[INFO]           if (true.==(x1))
[INFO]             matchEnd5({
[INFO]               val l: Double = newLabelIdxo.get();
[INFO]               newTargetMap.put(labelNameToConvert, l);
[INFO]               l
[INFO]             })
[INFO]           else
[INFO]             case7()
[INFO]         };
[INFO]         case7(){
[INFO]           if (false.==(x1))
[INFO]             matchEnd5({
[INFO]               val newLabelIdx: Double = this.getTargets().values().toSeq().max(math.this.Ordering.Double).+(1);
[INFO]               newTargetMap.put(labelNameToConvert, newLabelIdx);
[INFO]               newLabelIdx
[INFO]             })
[INFO]           else
[INFO]             case8()
[INFO]         };
[INFO]         case8(){
[ERROR]           matchEnd5(throw new MatchError(x1))
[INFO]         };
[INFO]         matchEnd5(x){
[INFO]           x
[INFO]         }
[INFO]       }
[INFO]     } catch {
[INFO]       case (e @ (_: Exception)) => throw new ikoda.IKodaMLException(e.getMessage(), e)
[INFO]     };
[INFO]     @throws[ikoda.IKodaMLException](classOf[ikoda.IKodaMLException]) def transformLibSvmProcessorToRDDLabeledPoint(spark: org.apache.spark.sql.SparkSession, libsvmProcessor: ikoda.utils.LibSvmProcessor): Unit = try {
[INFO]       val arr: Array[String] = scala.Array.apply(immutable.this.Nil, (ClassTag.apply(classOf[java.lang.String]): scala.reflect.ClassTag));
[INFO]       val lvtList: scala.collection.mutable.Buffer = scala.collection.JavaConverters.asScalaBufferConverter(libsvmProcessor.generateLibSvmRows(arr)).asScala();
[INFO]       val lvtQueue: scala.collection.mutable.Queue = scala.collection.mutable.Queue.apply(lvtList);
[INFO]       libsvmProcessor.clearData();
[INFO]       RDDLabeledPointTransformations.this.columnHeadMap().clear();
[INFO]       val javaColMap: scala.collection.mutable.Map = scala.collection.JavaConverters.mapAsScalaMapConverter(libsvmProcessor.generateLibSvmColumnMap(arr)).asScala();
[INFO]       val invertedColMap: scala.collection.mutable.Map = javaColMap.map({
[INFO]         @SerialVersionUID(value = 0) final <synthetic> class $anonfun extends scala.runtime.AbstractFunction1 with Serializable {
[INFO]           def <init>($outer: ikoda.sparse.RDDLabeledPointTransformations): <$anon: Function1> = {
[INFO]             $anonfun.super.<init>();
[INFO]             ()
[INFO]           };
[INFO]           final def apply(x$1: Tuple2): Tuple2 = x$1.swap();
[INFO]           <synthetic> <paramaccessor> <artifact> private[this] val $outer: ikoda.sparse.RDDLabeledPointTransformations = _;
[INFO]           <synthetic> <stable> <artifact> def $outer(): ikoda.sparse.RDDLabeledPointTransformations = $anonfun.this.$outer;
[INFO]           final <bridge> <artifact> def apply(v1: Object): Object = $anonfun.this.apply(v1)
[INFO]         };
[INFO]         (new <$anon: Function1>(RDDLabeledPointTransformations.this): Function1)
[INFO]       }, mutable.this.Map.canBuildFrom());
[INFO]       val lpb: scala.collection.mutable.ArrayBuffer = new scala.collection.mutable.ArrayBuffer();
[INFO]       while$1(){
[INFO]         if (lvtQueue.nonEmpty())
[INFO]           {
[INFO]             {
[INFO]               var positionsArray: scala.collection.mutable.ArrayBuffer = scala.collection.mutable.ArrayBuffer.apply(immutable.this.Nil);
[INFO]               var valuesArray: scala.collection.mutable.ArrayBuffer = scala.collection.mutable.ArrayBuffer.apply(immutable.this.Nil);
[INFO]               val rowlvt: ikoda.utils.LabelValuesTuple = lvtQueue.dequeue();
[INFO]               val label: Double = scala.this.Predef.Double2double(rowlvt.getTarget());
[INFO]               scala.collection.JavaConverters.mapAsScalaMapConverter(rowlvt.getSparseMap()).asScala().foreach({
[INFO]                 @SerialVersionUID(value = 0) final <synthetic> class $anonfun extends scala.runtime.AbstractFunction1 with Serializable {
[INFO]                   def <init>($outer: ikoda.sparse.RDDLabeledPointTransformations): <$anon: Function1> = {
[INFO]                     $anonfun.super.<init>();
[INFO]                     ()
[INFO]                   };
[INFO]                   final def apply(x0$3: Tuple2): Option = {
[INFO]                     case <synthetic> val x1: Tuple2 = x0$3;
[INFO]                     case4(){
[INFO]                       if (x1.ne(null))
[INFO]                         {
[INFO]                           val i: Integer = x1._1();
[INFO]                           val v: Double = x1._2();
[INFO]                           matchEnd3({
[INFO]                             positionsArray.+=(scala.this.Predef.Integer2int(i));
[INFO]                             valuesArray.+=(scala.this.Predef.Double2double(v));
[INFO]                             $anonfun.this.$outer.columnHeadMap().put(scala.this.Predef.Integer2int(i), new ikoda.sparse.ColumnHeadTuple(scala.this.Predef.Integer2int(i), invertedColMap.apply(i)))
[INFO]                           })
[INFO]                         }
[INFO]                       else
[INFO]                         case5()
[INFO]                     };
[INFO]                     case5(){
[ERROR]                       matchEnd3(throw new MatchError(x1))
[INFO]                     };
[INFO]                     matchEnd3(x){
[INFO]                       x
[INFO]                     }
[INFO]                   };
[INFO]                   <synthetic> <paramaccessor> <artifact> private[this] val $outer: ikoda.sparse.RDDLabeledPointTransformations = _;
[INFO]                   <synthetic> <stable> <artifact> def $outer(): ikoda.sparse.RDDLabeledPointTransformations = $anonfun.this.$outer;
[INFO]                   final <bridge> <artifact> def apply(v1: Object): Object = $anonfun.this.apply(v1)
[INFO]                 };
[INFO]                 (new <$anon: Function1>(RDDLabeledPointTransformations.this): Function1)
[INFO]               });
[INFO]               val lp: org.apache.spark.mllib.regression.LabeledPoint = new org.apache.spark.mllib.regression.LabeledPoint(label, org.apache.spark.mllib.linalg.Vectors.sparse(positionsArray.size(), positionsArray.toArray((ClassTag.Int(): scala.reflect.ClassTag)), valuesArray.toArray((ClassTag.Double(): scala.reflect.ClassTag))));
[INFO]               lpb.+=(new Tuple3(lp, lp.hashCode(), RDDLabeledPointTransformations.this.getUUID().toString()))
[INFO]             };
[INFO]             while$1()
[INFO]           }
[INFO]         else
[INFO]           ()
[INFO]       };
[INFO]       RDDLabeledPointTransformations.this.logger().info({
[INFO]         @SerialVersionUID(value = 0) final <synthetic> class $anonfun extends scala.runtime.AbstractFunction0 with Serializable {
[INFO]           def <init>($outer: ikoda.sparse.RDDLabeledPointTransformations): <$anon: Function0> = {
[INFO]             $anonfun.super.<init>();
[INFO]             ()
[INFO]           };
[INFO]           final def apply(): String = $anonfun.this.$outer.columnHeadMap().mkString(" || ");
[INFO]           <synthetic> <paramaccessor> <artifact> private[this] val $outer: ikoda.sparse.RDDLabeledPointTransformations = _;
[INFO]           <synthetic> <stable> <artifact> def $outer(): ikoda.sparse.RDDLabeledPointTransformations = $anonfun.this.$outer;
[INFO]           final <bridge> <artifact> def apply(): Object = $anonfun.this.apply()
[INFO]         };
[INFO]         (new <$anon: Function0>(RDDLabeledPointTransformations.this): Function0)
[INFO]       });
[INFO]       RDDLabeledPointTransformations.this.showMemoryUsage("after llp");
[INFO]       RDDLabeledPointTransformations.this.dataRDD_=(spark.sparkContext().parallelize(lpb.toSeq(), spark.sparkContext().parallelize$default$2(), (ClassTag.apply(classOf[scala.Tuple3]): scala.reflect.ClassTag)));
[INFO]       {
[INFO]         RDDLabeledPointTransformations.this.internalCreataDataDict(libsvmProcessor);
[INFO]         ()
[INFO]       }
[INFO]     } catch {
[INFO]       case (e @ (_: Exception)) => {
[ERROR]         RDDLabeledPointTransformations.this.logger().error({
[INFO]           @SerialVersionUID(value = 0) final <synthetic> class $anonfun extends scala.runtime.AbstractFunction0 with Serializable {
[INFO]             def <init>($outer: ikoda.sparse.RDDLabeledPointTransformations): <$anon: Function0> = {
[INFO]               $anonfun.super.<init>();
[INFO]               ()
[INFO]             };
[INFO]             final def apply(): String = new StringContext(scala.this.Predef.wrapRefArray(Array[String]{"", ""})).s(scala.this.Predef.genericWrapArray(Array[Object]{$anonfun.this.$outer.name()}));
[INFO]             <synthetic> <paramaccessor> <artifact> private[this] val $outer: ikoda.sparse.RDDLabeledPointTransformations = _;
[INFO]             <synthetic> <stable> <artifact> def $outer(): ikoda.sparse.RDDLabeledPointTransformations = $anonfun.this.$outer;
[INFO]             final <bridge> <artifact> def apply(): Object = $anonfun.this.apply()
[INFO]           };
[INFO]           (new <$anon: Function0>(RDDLabeledPointTransformations.this): Function0)
[INFO]         }, {
[INFO]           @SerialVersionUID(value = 0) final <synthetic> class $anonfun extends scala.runtime.AbstractFunction0 with Serializable {
[INFO]             def <init>($outer: ikoda.sparse.RDDLabeledPointTransformations): <$anon: Function0> = {
[INFO]               $anonfun.super.<init>();
[INFO]               ()
[INFO]             };
[INFO]             final def apply(): Exception = e;
[INFO]             <synthetic> <paramaccessor> <artifact> private[this] val $outer: ikoda.sparse.RDDLabeledPointTransformations = _;
[INFO]             <synthetic> <stable> <artifact> def $outer(): ikoda.sparse.RDDLabeledPointTransformations = $anonfun.this.$outer;
[INFO]             final <bridge> <artifact> def apply(): Object = $anonfun.this.apply()
[INFO]           };
[INFO]           (new <$anon: Function0>(RDDLabeledPointTransformations.this): Function0)
[INFO]         });
[INFO]         throw new ikoda.IKodaMLException(new StringContext(scala.this.Predef.wrapRefArray(Array[String]{"", " : ", ""})).s(scala.this.Predef.genericWrapArray(Array[Object]{RDDLabeledPointTransformations.this.name(), e.getMessage()})), e)
[INFO]       }
[INFO]     };
[INFO]     @throws[ikoda.IKodaMLException](classOf[ikoda.IKodaMLException]) def transformRowToLabeledPoint(rowIn: org.apache.spark.sql.Row, fieldNameSeq: Seq, targetColumnName: String): Option = try {
[INFO]       val values: scala.collection.immutable.Map = rowIn.getValuesMap(fieldNameSeq);
[INFO]       val sortedValuesMap: scala.collection.immutable.ListMap = scala.collection.immutable.ListMap.apply(values.toSeq().sortBy({
[INFO]         @SerialVersionUID(value = 0) final <synthetic> class $anonfun extends scala.runtime.AbstractFunction1 with Serializable {
[INFO]           def <init>($outer: ikoda.sparse.RDDLabeledPointTransformations): <$anon: Function1> = {
[INFO]             $anonfun.super.<init>();
[INFO]             ()
[INFO]           };
[INFO]           final def apply(x$2: Tuple2): String = x$2._1();
[INFO]           <synthetic> <paramaccessor> <artifact> private[this] val $outer: ikoda.sparse.RDDLabeledPointTransformations = _;
[INFO]           <synthetic> <stable> <artifact> def $outer(): ikoda.sparse.RDDLabeledPointTransformations = $anonfun.this.$outer;
[INFO]           final <bridge> <artifact> def apply(v1: Object): Object = $anonfun.this.apply(v1)
[INFO]         };
[INFO]         (new <$anon: Function1>(RDDLabeledPointTransformations.this): Function1)
[INFO]       }, math.this.Ordering.String));
[INFO]       var positionsArray: scala.collection.mutable.ArrayBuffer = scala.collection.mutable.ArrayBuffer.apply(immutable.this.Nil);
[INFO]       var valuesArray: scala.collection.mutable.ArrayBuffer = scala.collection.mutable.ArrayBuffer.apply(immutable.this.Nil);
[INFO]       var currentPosition: Int = 0;
[INFO]       val label: Int = rowIn.getAs(targetColumnName.+("_Target"));
[INFO]       def extractDouble(x: Object): Option = {
[INFO]         case <synthetic> val x1: Object = x;
[INFO]         case5(){
[INFO]           if (x1.isInstanceOf[Number]())
[INFO]             {
[INFO]               <synthetic> val x2: Number = (x1.asInstanceOf[Number](): Number);
[INFO]               matchEnd4(new Some(x2.doubleValue()))
[INFO]             }
[INFO]           else
[INFO]             case6()
[INFO]         };
[INFO]         case6(){
[INFO]           matchEnd4(scala.None)
[INFO]         };
[INFO]         matchEnd4(x){
[INFO]           x
[INFO]         }
[INFO]       };
[INFO]       java.this.lang.System.out.print(".");
[INFO]       sortedValuesMap.foreach({
[INFO]         @SerialVersionUID(value = 0) final <synthetic> class $anonfun extends scala.runtime.AbstractFunction1 with Serializable {
[INFO]           def <init>($outer: ikoda.sparse.RDDLabeledPointTransformations): <$anon: Function1> = {
[INFO]             $anonfun.super.<init>();
[INFO]             ()
[INFO]           };
[INFO]           final def apply(kv: Tuple2): Unit = {
[INFO]             val value: Double = extractDouble(kv._2()).getOrElse({
[INFO]               @SerialVersionUID(value = 0) final <synthetic> class $anonfun extends scala.runtime.AbstractFunction0$mcD$sp with Serializable {
[INFO]                 def <init>($outer: <$anon: Function1>): <$anon: Function0> = {
[INFO]                   $anonfun.super.<init>();
[INFO]                   ()
[INFO]                 };
[INFO]                 final def apply(): Double = $anonfun.this.apply$mcD$sp();
[INFO]                 <specialized> def apply$mcD$sp(): Double = 0.0;
[INFO]                 <synthetic> <paramaccessor> <artifact> private[this] val $outer: <$anon: Function1> = _;
[INFO]                 <synthetic> <stable> <artifact> def $outer(): <$anon: Function1> = $anonfun.this.$outer;
[INFO]                 final <bridge> <artifact> def apply(): Object = $anonfun.this.apply()
[INFO]               };
[INFO]               (new <$anon: Function0>($anonfun.this): Function0)
[INFO]             });
[INFO]             if (value.>(0))
[INFO]               {
[INFO]                 valuesArray.+=(value);
[INFO]                 positionsArray.+=(currentPosition)
[INFO]               }
[INFO]             else
[INFO]               ();
[INFO]             currentPosition = currentPosition.+(1)
[INFO]           };
[INFO]           <synthetic> <paramaccessor> <artifact> private[this] val $outer: ikoda.sparse.RDDLabeledPointTransformations = _;
[INFO]           <synthetic> <stable> <artifact> def $outer(): ikoda.sparse.RDDLabeledPointTransformations = $anonfun.this.$outer;
[INFO]           final <bridge> <artifact> def apply(v1: Object): Object = $anonfun.this.apply(v1)
[INFO]         };
[INFO]         (new <$anon: Function1>(RDDLabeledPointTransformations.this): Function1)
[INFO]       });
[INFO]       java.this.lang.System.out.print(".");
[INFO]       if (positionsArray.size().==(0))
[INFO]         {
[WARNING]           RDDLabeledPointTransformations.this.logger().warn({
[INFO]             @SerialVersionUID(value = 0) final <synthetic> class $anonfun extends scala.runtime.AbstractFunction0 with Serializable {
[INFO]               def <init>($outer: ikoda.sparse.RDDLabeledPointTransformations): <$anon: Function0> = {
[INFO]                 $anonfun.super.<init>();
[INFO]                 ()
[INFO]               };
[INFO]               final def apply(): String = new StringContext(scala.this.Predef.wrapRefArray(Array[String]{"Empty row..."})).s(immutable.this.Nil);
[INFO]               <synthetic> <paramaccessor> <artifact> private[this] val $outer: ikoda.sparse.RDDLabeledPointTransformations = _;
[INFO]               <synthetic> <stable> <artifact> def $outer(): ikoda.sparse.RDDLabeledPointTransformations = $anonfun.this.$outer;
[INFO]               final <bridge> <artifact> def apply(): Object = $anonfun.this.apply()
[INFO]             };
[INFO]             (new <$anon: Function0>(RDDLabeledPointTransformations.this): Function0)
[INFO]           });
[INFO]           scala.None
[INFO]         }
[INFO]       else
[INFO]         new Some(new org.apache.spark.mllib.regression.LabeledPoint(label.toDouble(), org.apache.spark.mllib.linalg.Vectors.sparse(positionsArray.size(), positionsArray.toArray((ClassTag.Int(): scala.reflect.ClassTag)), valuesArray.toArray((ClassTag.Double(): scala.reflect.ClassTag)))))
[INFO]     } catch {
[INFO]       case (ex @ (_: Exception)) => {
[ERROR]         RDDLabeledPointTransformations.this.logger().error({
[INFO]           @SerialVersionUID(value = 0) final <synthetic> class $anonfun extends scala.runtime.AbstractFunction0 with Serializable {
[INFO]             def <init>($outer: ikoda.sparse.RDDLabeledPointTransformations): <$anon: Function0> = {
[INFO]               $anonfun.super.<init>();
[INFO]               ()
[INFO]             };
[INFO]             final def apply(): String = new StringContext(scala.this.Predef.wrapRefArray(Array[String]{"", ""})).s(scala.this.Predef.genericWrapArray(Array[Object]{$anonfun.this.$outer.name()}));
[INFO]             <synthetic> <paramaccessor> <artifact> private[this] val $outer: ikoda.sparse.RDDLabeledPointTransformations = _;
[INFO]             <synthetic> <stable> <artifact> def $outer(): ikoda.sparse.RDDLabeledPointTransformations = $anonfun.this.$outer;
[INFO]             final <bridge> <artifact> def apply(): Object = $anonfun.this.apply()
[INFO]           };
[INFO]           (new <$anon: Function0>(RDDLabeledPointTransformations.this): Function0)
[INFO]         });
[INFO]         throw new ikoda.IKodaMLException(new StringContext(scala.this.Predef.wrapRefArray(Array[String]{"", " : ", ""})).s(scala.this.Predef.genericWrapArray(Array[Object]{RDDLabeledPointTransformations.this.name(), ex.getMessage()})), ex)
[INFO]       }
[INFO]     };
[INFO]     def transformStringFieldToNumericField(spark: org.apache.spark.sql.SparkSession, mDF: org.apache.spark.sql.Dataset, targetColumnName: String): org.apache.spark.sql.Dataset = {
[INFO]       RDDLabeledPointTransformations.this.logger().trace({
[INFO]         @SerialVersionUID(value = 0) final <synthetic> class $anonfun extends scala.runtime.AbstractFunction0 with Serializable {
[INFO]           def <init>($outer: ikoda.sparse.RDDLabeledPointTransformations): <$anon: Function0> = {
[INFO]             $anonfun.super.<init>();
[INFO]             ()
[INFO]           };
[INFO]           final def apply(): String = new StringContext(scala.this.Predef.wrapRefArray(Array[String]{"transformStringFieldToNumericField ", ""})).s(scala.this.Predef.genericWrapArray(Array[Object]{targetColumnName}));
[INFO]           <synthetic> <paramaccessor> <artifact> private[this] val $outer: ikoda.sparse.RDDLabeledPointTransformations = _;
[INFO]           <synthetic> <stable> <artifact> def $outer(): ikoda.sparse.RDDLabeledPointTransformations = $anonfun.this.$outer;
[INFO]           final <bridge> <artifact> def apply(): Object = $anonfun.this.apply()
[INFO]         };
[INFO]         (new <$anon: Function0>(RDDLabeledPointTransformations.this): Function0)
[INFO]       });
[INFO]       val valuesMap: scala.collection.mutable.Map = RDDLabeledPointTransformations.this.internalCreataDataDict(spark, mDF, targetColumnName);
[INFO]       val setNumericLabel: Function1 = {
[INFO]         @SerialVersionUID(value = 0) final <synthetic> class $anonfun extends scala.runtime.AbstractFunction1 with Serializable {
[INFO]           def <init>($outer: ikoda.sparse.RDDLabeledPointTransformations): <$anon: Function1> = {
[INFO]             $anonfun.super.<init>();
[INFO]             ()
[INFO]           };
[INFO]           final def apply(arg: String): Double = {
[INFO]             val rtn: Double = valuesMap.get(arg).getOrElse({
[INFO]               @SerialVersionUID(value = 0) final <synthetic> class $anonfun extends scala.runtime.AbstractFunction0$mcD$sp with Serializable {
[INFO]                 def <init>($outer: <$anon: Function1>): <$anon: Function0> = {
[INFO]                   $anonfun.super.<init>();
[INFO]                   ()
[INFO]                 };
[INFO]                 final def apply(): Double = $anonfun.this.apply$mcD$sp();
[INFO]                 <specialized> def apply$mcD$sp(): Double = -1.0;
[INFO]                 <synthetic> <paramaccessor> <artifact> private[this] val $outer: <$anon: Function1> = _;
[INFO]                 <synthetic> <stable> <artifact> def $outer(): <$anon: Function1> = $anonfun.this.$outer;
[INFO]                 final <bridge> <artifact> def apply(): Object = $anonfun.this.apply()
[INFO]               };
[INFO]               (new <$anon: Function0>($anonfun.this): Function0)
[INFO]             });
[INFO]             rtn
[INFO]           };
[INFO]           <synthetic> <paramaccessor> <artifact> private[this] val $outer: ikoda.sparse.RDDLabeledPointTransformations = _;
[INFO]           <synthetic> <stable> <artifact> def $outer(): ikoda.sparse.RDDLabeledPointTransformations = $anonfun.this.$outer;
[INFO]           final <bridge> <artifact> def apply(v1: Object): Object = $anonfun.this.apply(v1)
[INFO]         };
[INFO]         (new <$anon: Function1>(RDDLabeledPointTransformations.this): Function1)
[INFO]       };
[INFO]       val sqlfunc: org.apache.spark.sql.expressions.UserDefinedFunction = org.apache.spark.sql.functions.udf(setNumericLabel, (scala.reflect.runtime.`package`.universe().TypeTag().Double(): scala.reflect.api.TypeTags#TypeTag), ({
[INFO]         val $u: scala.reflect.api.JavaUniverse = scala.reflect.runtime.`package`.universe();
[INFO]         val $m: scala.reflect.api.JavaUniverse#JavaMirror = scala.reflect.runtime.`package`.universe().runtimeMirror(classOf[ikoda.sparse.RDDLabeledPointTransformations].getClassLoader());
[INFO]         $u.TypeTag().apply($m, {
[INFO]           final class $typecreator1 extends scala.reflect.api.TypeCreator {
[INFO]             def <init>($outer: ikoda.sparse.RDDLabeledPointTransformations): $typecreator1 = {
[INFO]               $typecreator1.super.<init>();
[INFO]               ()
[INFO]             };
[INFO]             def apply($m$untyped: scala.reflect.api.Mirror): scala.reflect.api.Types#TypeApi = {
[INFO]               val $u: scala.reflect.api.Universe = $m$untyped.universe();
[INFO]               val $m: scala.reflect.api.Mirror = $m$untyped.asInstanceOf[scala.reflect.api.Mirror]();
[INFO]               $u.internal().reificationSupport().TypeRef($u.internal().reificationSupport().SingleType($u.internal().reificationSupport().ThisType($m.staticPackage("scala").asModule().moduleClass()), $m.staticModule("scala.Predef")), $u.internal().reificationSupport().selectType($m.staticModule("scala.Predef").asModule().moduleClass(), "String"), immutable.this.Nil)
[INFO]             };
[INFO]             <synthetic> <paramaccessor> <artifact> private[this] val $outer: ikoda.sparse.RDDLabeledPointTransformations = _;
[INFO]             <synthetic> <stable> <artifact> def $outer(): ikoda.sparse.RDDLabeledPointTransformations = $typecreator1.this.$outer
[INFO]           };
[INFO]           new $typecreator1(RDDLabeledPointTransformations.this)
[INFO]         })
[INFO]       }: scala.reflect.api.TypeTags#TypeTag));
[INFO]       val o: Option = scala.this.Predef.refArrayOps(mDF.schema().fields()).find({
[INFO]         @SerialVersionUID(value = 0) final <synthetic> class $anonfun extends scala.runtime.AbstractFunction1 with Serializable {
[INFO]           def <init>($outer: ikoda.sparse.RDDLabeledPointTransformations): <$anon: Function1> = {
[INFO]             $anonfun.super.<init>();
[INFO]             ()
[INFO]           };
[INFO]           final def apply(sf: org.apache.spark.sql.types.StructField): Boolean = sf.name().==(targetColumnName);
[INFO]           <synthetic> <paramaccessor> <artifact> private[this] val $outer: ikoda.sparse.RDDLabeledPointTransformations = _;
[INFO]           <synthetic> <stable> <artifact> def $outer(): ikoda.sparse.RDDLabeledPointTransformations = $anonfun.this.$outer;
[INFO]           final <bridge> <artifact> def apply(v1: Object): Object = $anonfun.this.apply(v1)
[INFO]         };
[INFO]         (new <$anon: Function1>(RDDLabeledPointTransformations.this): Function1)
[INFO]       });
[INFO]       val newColumnName: String = targetColumnName.+("_Target");
[INFO]       if (o.isDefined())
[INFO]         {
[INFO]           val targetColStructureField: org.apache.spark.sql.types.StructField = o.get();
[INFO]           RDDLabeledPointTransformations.this.logger().trace({
[INFO]             @SerialVersionUID(value = 0) final <synthetic> class $anonfun extends scala.runtime.AbstractFunction0 with Serializable {
[INFO]               def <init>($outer: ikoda.sparse.RDDLabeledPointTransformations): <$anon: Function0> = {
[INFO]                 $anonfun.super.<init>();
[INFO]                 ()
[INFO]               };
[INFO]               final def apply(): String = new StringContext(scala.this.Predef.wrapRefArray(Array[String]{"targetColStructureField = ", ""})).s(scala.this.Predef.genericWrapArray(Array[Object]{targetColStructureField.dataType()}));
[INFO]               <synthetic> <paramaccessor> <artifact> private[this] val $outer: ikoda.sparse.RDDLabeledPointTransformations = _;
[INFO]               <synthetic> <stable> <artifact> def $outer(): ikoda.sparse.RDDLabeledPointTransformations = $anonfun.this.$outer;
[INFO]               final <bridge> <artifact> def apply(): Object = $anonfun.this.apply()
[INFO]             };
[INFO]             (new <$anon: Function0>(RDDLabeledPointTransformations.this): Function0)
[INFO]           });
[INFO]           if (targetColStructureField.dataType().==(org.apache.spark.sql.types.StringType))
[INFO]             {
[INFO]               val dfreturn: org.apache.spark.sql.Dataset = mDF.withColumn(newColumnName, sqlfunc.apply(scala.this.Predef.wrapRefArray(Array[org.apache.spark.sql.Column]{org.apache.spark.sql.functions.col(targetColumnName)})));
[INFO]               RDDLabeledPointTransformations.this.logger().trace({
[INFO]                 @SerialVersionUID(value = 0) final <synthetic> class $anonfun extends scala.runtime.AbstractFunction0 with Serializable {
[INFO]                   def <init>($outer: ikoda.sparse.RDDLabeledPointTransformations): <$anon: Function0> = {
[INFO]                     $anonfun.super.<init>();
[INFO]                     ()
[INFO]                   };
[INFO]                   final def apply(): String = new StringContext(scala.this.Predef.wrapRefArray(Array[String]{"transformStringFieldToNumericField returning ", ""})).s(scala.this.Predef.genericWrapArray(Array[Object]{dfreturn.count()}));
[INFO]                   <synthetic> <paramaccessor> <artifact> private[this] val $outer: ikoda.sparse.RDDLabeledPointTransformations = _;
[INFO]                   <synthetic> <stable> <artifact> def $outer(): ikoda.sparse.RDDLabeledPointTransformations = $anonfun.this.$outer;
[INFO]                   final <bridge> <artifact> def apply(): Object = $anonfun.this.apply()
[INFO]                 };
[INFO]                 (new <$anon: Function0>(RDDLabeledPointTransformations.this): Function0)
[INFO]               });
[INFO]               dfreturn
[INFO]             }
[INFO]           else
[INFO]             {
[INFO]               val dfreturn: org.apache.spark.sql.Dataset = mDF.withColumn(newColumnName, org.apache.spark.sql.functions.col(targetColumnName));
[INFO]               RDDLabeledPointTransformations.this.logger().trace({
[INFO]                 @SerialVersionUID(value = 0) final <synthetic> class $anonfun extends scala.runtime.AbstractFunction0 with Serializable {
[INFO]                   def <init>($outer: ikoda.sparse.RDDLabeledPointTransformations): <$anon: Function0> = {
[INFO]                     $anonfun.super.<init>();
[INFO]                     ()
[INFO]                   };
[INFO]                   final def apply(): String = new StringContext(scala.this.Predef.wrapRefArray(Array[String]{"transformStringFieldToNumericField returning ", ""})).s(scala.this.Predef.genericWrapArray(Array[Object]{dfreturn.count()}));
[INFO]                   <synthetic> <paramaccessor> <artifact> private[this] val $outer: ikoda.sparse.RDDLabeledPointTransformations = _;
[INFO]                   <synthetic> <stable> <artifact> def $outer(): ikoda.sparse.RDDLabeledPointTransformations = $anonfun.this.$outer;
[INFO]                   final <bridge> <artifact> def apply(): Object = $anonfun.this.apply()
[INFO]                 };
[INFO]                 (new <$anon: Function0>(RDDLabeledPointTransformations.this): Function0)
[INFO]               });
[INFO]               dfreturn
[INFO]             }
[INFO]         }
[INFO]       else
[INFO]         {
[WARNING]           RDDLabeledPointTransformations.this.logger().warn({
[INFO]             @SerialVersionUID(value = 0) final <synthetic> class $anonfun extends scala.runtime.AbstractFunction0 with Serializable {
[INFO]               def <init>($outer: ikoda.sparse.RDDLabeledPointTransformations): <$anon: Function0> = {
[INFO]                 $anonfun.super.<init>();
[INFO]                 ()
[INFO]               };
[INFO]               final def apply(): String = new StringContext(scala.this.Predef.wrapRefArray(Array[String]{"Could not find target column: Returning original DF with row count of ", ""})).s(scala.this.Predef.genericWrapArray(Array[Object]{mDF.count()}));
[INFO]               <synthetic> <paramaccessor> <artifact> private[this] val $outer: ikoda.sparse.RDDLabeledPointTransformations = _;
[INFO]               <synthetic> <stable> <artifact> def $outer(): ikoda.sparse.RDDLabeledPointTransformations = $anonfun.this.$outer;
[INFO]               final <bridge> <artifact> def apply(): Object = $anonfun.this.apply()
[INFO]             };
[INFO]             (new <$anon: Function0>(RDDLabeledPointTransformations.this): Function0)
[INFO]           });
[INFO]           mDF
[INFO]         }
[INFO]     };
[INFO]     @throws[ikoda.IKodaMLException](classOf[ikoda.IKodaMLException]) def transformToRDDLabeledPointWithMatchingSchema(spark: org.apache.spark.sql.SparkSession, libsvmProcessor: ikoda.utils.LibSvmProcessor): ikoda.sparse.RDDLabeledPoint = try {
[INFO]       val arr: Array[String] = scala.Array.apply(immutable.this.Nil, (ClassTag.apply(classOf[java.lang.String]): scala.reflect.ClassTag));
[INFO]       val lvtList: scala.collection.mutable.Buffer = scala.collection.JavaConverters.asScalaBufferConverter(libsvmProcessor.generateLibSvmRows(arr)).asScala();
[INFO]       var positionsArray: scala.collection.mutable.ArrayBuffer = scala.collection.mutable.ArrayBuffer.apply(immutable.this.Nil);
[INFO]       var valuesArray: scala.collection.mutable.ArrayBuffer = scala.collection.mutable.ArrayBuffer.apply(immutable.this.Nil);
[INFO]       var newColumnHeadMap: scala.collection.mutable.ListMap = scala.collection.mutable.ListMap.apply(immutable.this.Nil);
[INFO]       val javaColMap: scala.collection.mutable.Map = scala.collection.JavaConverters.mapAsScalaMapConverter(libsvmProcessor.generateLibSvmColumnMap(arr)).asScala();
[INFO]       val invertedColMap: scala.collection.mutable.Map = javaColMap.map({
[INFO]         @SerialVersionUID(value = 0) final <synthetic> class $anonfun extends scala.runtime.AbstractFunction1 with Serializable {
[INFO]           def <init>($outer: ikoda.sparse.RDDLabeledPointTransformations): <$anon: Function1> = {
[INFO]             $anonfun.super.<init>();
[INFO]             ()
[INFO]           };
[INFO]           final def apply(x$3: Tuple2): Tuple2 = x$3.swap();
[INFO]           <synthetic> <paramaccessor> <artifact> private[this] val $outer: ikoda.sparse.RDDLabeledPointTransformations = _;
[INFO]           <synthetic> <stable> <artifact> def $outer(): ikoda.sparse.RDDLabeledPointTransformations = $anonfun.this.$outer;
[INFO]           final <bridge> <artifact> def apply(v1: Object): Object = $anonfun.this.apply(v1)
[INFO]         };
[INFO]         (new <$anon: Function1>(RDDLabeledPointTransformations.this): Function1)
[INFO]       }, mutable.this.Map.canBuildFrom());
[INFO]       val llp: List = lvtList.map({
[INFO]   @SerialVersionUID(value = 0) final <synthetic> class $anonfun extends scala.runtime.AbstractFunction1 with Serializable {
[INFO]     def <init>($outer: ikoda.sparse.RDDLabeledPointTransformations): <$anon: Function1> = {
[INFO]       $anonfun.super.<init>();
[INFO]       ()
[INFO]     };
[INFO]     final def apply(rowlvt: ikoda.utils.LabelValuesTuple): Tuple3 = {
[INFO]       val label: Double = scala.this.Predef.Double2double(rowlvt.getTarget());
[INFO]       scala.collection.JavaConverters.mapAsScalaMapConverter(rowlvt.getSparseMap()).asScala().foreach({
[INFO]         @SerialVersionUID(value = 0) final <synthetic> class $anonfun extends scala.runtime.AbstractFunction1 with Serializable {
[INFO]           def <init>($outer: <$anon: Function1>): <$anon: Function1> = {
[INFO]             $anonfun.super.<init>();
[INFO]             ()
[INFO]           };
[INFO]           final def apply(x0$4: Tuple2): Object = {
[INFO]             case <synthetic> val x1: Tuple2 = x0$4;
[INFO]             case4(){
[INFO]               if (x1.ne(null))
[INFO]                 {
[INFO]                   val cellidx: Integer = x1._1();
[INFO]                   val cellvalue: Double = x1._2();
[INFO]                   matchEnd3({
[INFO]                     val colName: String = invertedColMap.apply(cellidx);
[INFO]                     val newColIdx: Int = $anonfun.this.$outer.$outer().getColumnIndex(colName, $anonfun.this.$outer.$outer().getColumnIndex$default$2());
[INFO]                     if (newColIdx.>=(0))
[INFO]                       {
[INFO]                         positionsArray.+=(newColIdx);
[INFO]                         valuesArray.+=(scala.this.Predef.Double2double(cellvalue))
[INFO]                       }
[INFO]                     else
[INFO]                       ()
[INFO]                   })
[INFO]                 }
[INFO]               else
[INFO]                 case5()
[INFO]             };
[INFO]             case5(){
[ERROR]               matchEnd3(throw new MatchError(x1))
[INFO]             };
[INFO]             matchEnd3(x){
[INFO]               x
[INFO]             }
[INFO]           };
[INFO]           <synthetic> <paramaccessor> <artifact> private[this] val $outer: <$anon: Function1> = _;
[INFO]           <synthetic> <stable> <artifact> def $outer(): <$anon: Function1> = $anonfun.this.$outer;
[INFO]           final <bridge> <artifact> def apply(v1: Object): Object = $anonfun.this.apply(v1)
[INFO]         };
[INFO]         (new <$anon: Function1>($anonfun.this): Function1)
[INFO]       });
[INFO]       val lp: org.apache.spark.mllib.regression.LabeledPoint = new org.apache.spark.mllib.regression.LabeledPoint(label, org.apache.spark.mllib.linalg.Vectors.sparse($anonfun.this.$outer.columnHeadMap().size(), positionsArray.toArray((ClassTag.Int(): scala.reflect.ClassTag)), valuesArray.toArray((ClassTag.Double(): scala.reflect.ClassTag))));
[INFO]       new Tuple3(lp, lp.hashCode(), $anonfun.this.$outer.getUUID().toString())
[INFO]     };
[INFO]     <synthetic> <paramaccessor> <artifact> private[this] val $outer: ikoda.sparse.RDDLabeledPointTransformations = _;
[INFO]     <synthetic> <stable> <artifact> def $outer(): ikoda.sparse.RDDLabeledPointTransformations = $anonfun.this.$outer;
[INFO]     final <bridge> <artifact> def apply(v1: Object): Object = $anonfun.this.apply(v1)
[INFO]   };
[INFO]   (new <$anon: Function1>(RDDLabeledPointTransformations.this): Function1)
[INFO] }, mutable.this.Buffer.canBuildFrom()).toList();
[INFO]       val newRDDLabeledPoint: org.apache.spark.rdd.RDD = spark.sparkContext().parallelize(llp, spark.sparkContext().parallelize$default$2(), (ClassTag.apply(classOf[scala.Tuple3]): scala.reflect.ClassTag));
[INFO]       val sparseOut: ikoda.sparse.RDDLabeledPoint = new ikoda.sparse.RDDLabeledPoint();
[INFO]       sparseOut.dataRDD_=(newRDDLabeledPoint);
[INFO]       sparseOut.columnHeadMap_=(RDDLabeledPointTransformations.this.columnHeadMap().map({
[INFO]         @SerialVersionUID(value = 0) final <synthetic> class $anonfun extends scala.runtime.AbstractFunction1 with Serializable {
[INFO]           def <init>($outer: ikoda.sparse.RDDLabeledPointTransformations): <$anon: Function1> = {
[INFO]             $anonfun.super.<init>();
[INFO]             ()
[INFO]           };
[INFO]           final def apply(x0$5: Tuple2): Tuple2 = {
[INFO]             case <synthetic> val x1: Tuple2 = x0$5;
[INFO]             case4(){
[INFO]               if (x1.ne(null))
[INFO]                 {
[INFO]                   val idx: Int = x1._1$mcI$sp();
[INFO]                   val cht: ikoda.sparse.ColumnHeadTuple = x1._2();
[INFO]                   matchEnd3(new Tuple2(idx, cht))
[INFO]                 }
[INFO]               else
[INFO]                 case5()
[INFO]             };
[INFO]             case5(){
[ERROR]               matchEnd3(throw new MatchError(x1))
[INFO]             };
[INFO]             matchEnd3(x){
[INFO]               x
[INFO]             }
[INFO]           };
[INFO]           <synthetic> <paramaccessor> <artifact> private[this] val $outer: ikoda.sparse.RDDLabeledPointTransformations = _;
[INFO]           <synthetic> <stable> <artifact> def $outer(): ikoda.sparse.RDDLabeledPointTransformations = $anonfun.this.$outer;
[INFO]           final <bridge> <artifact> def apply(v1: Object): Object = $anonfun.this.apply(v1)
[INFO]         };
[INFO]         (new <$anon: Function1>(RDDLabeledPointTransformations.this): Function1)
[INFO]       }, mutable.this.ListMap.canBuildFrom()));
[INFO]       sparseOut.datadict_=(RDDLabeledPointTransformations.this.datadict().map({
[INFO]         @SerialVersionUID(value = 0) final <synthetic> class $anonfun extends scala.runtime.AbstractFunction1 with Serializable {
[INFO]           def <init>($outer: ikoda.sparse.RDDLabeledPointTransformations): <$anon: Function1> = {
[INFO]             $anonfun.super.<init>();
[INFO]             ()
[INFO]           };
[INFO]           final def apply(x0$6: Tuple2): Tuple2 = {
[INFO]             case <synthetic> val x1: Tuple2 = x0$6;
[INFO]             case4(){
[INFO]               if (x1.ne(null))
[INFO]                 {
[INFO]                   val name: String = x1._1();
[INFO]                   val idx: Double = x1._2$mcD$sp();
[INFO]                   matchEnd3(new Tuple2(name, idx))
[INFO]                 }
[INFO]               else
[INFO]                 case5()
[INFO]             };
[INFO]             case5(){
[ERROR]               matchEnd3(throw new MatchError(x1))
[INFO]             };
[INFO]             matchEnd3(x){
[INFO]               x
[INFO]             }
[INFO]           };
[INFO]           <synthetic> <paramaccessor> <artifact> private[this] val $outer: ikoda.sparse.RDDLabeledPointTransformations = _;
[INFO]           <synthetic> <stable> <artifact> def $outer(): ikoda.sparse.RDDLabeledPointTransformations = $anonfun.this.$outer;
[INFO]           final <bridge> <artifact> def apply(v1: Object): Object = $anonfun.this.apply(v1)
[INFO]         };
[INFO]         (new <$anon: Function1>(RDDLabeledPointTransformations.this): Function1)
[INFO]       }, immutable.this.Map.canBuildFrom()));
[INFO]       sparseOut.validateColumnCount();
[INFO]       sparseOut
[INFO]     } catch {
[INFO]       case (e @ (_: Exception)) => {
[ERROR]         RDDLabeledPointTransformations.this.logger().error({
[INFO]           @SerialVersionUID(value = 0) final <synthetic> class $anonfun extends scala.runtime.AbstractFunction0 with Serializable {
[INFO]             def <init>($outer: ikoda.sparse.RDDLabeledPointTransformations): <$anon: Function0> = {
[INFO]               $anonfun.super.<init>();
[INFO]               ()
[INFO]             };
[INFO]             final def apply(): String = new StringContext(scala.this.Predef.wrapRefArray(Array[String]{"", ""})).s(scala.this.Predef.genericWrapArray(Array[Object]{$anonfun.this.$outer.name()}));
[INFO]             <synthetic> <paramaccessor> <artifact> private[this] val $outer: ikoda.sparse.RDDLabeledPointTransformations = _;
[INFO]             <synthetic> <stable> <artifact> def $outer(): ikoda.sparse.RDDLabeledPointTransformations = $anonfun.this.$outer;
[INFO]             final <bridge> <artifact> def apply(): Object = $anonfun.this.apply()
[INFO]           };
[INFO]           (new <$anon: Function0>(RDDLabeledPointTransformations.this): Function0)
[INFO]         }, {
[INFO]           @SerialVersionUID(value = 0) final <synthetic> class $anonfun extends scala.runtime.AbstractFunction0 with Serializable {
[INFO]             def <init>($outer: ikoda.sparse.RDDLabeledPointTransformations): <$anon: Function0> = {
[INFO]               $anonfun.super.<init>();
[INFO]               ()
[INFO]             };
[INFO]             final def apply(): Exception = e;
[INFO]             <synthetic> <paramaccessor> <artifact> private[this] val $outer: ikoda.sparse.RDDLabeledPointTransformations = _;
[INFO]             <synthetic> <stable> <artifact> def $outer(): ikoda.sparse.RDDLabeledPointTransformations = $anonfun.this.$outer;
[INFO]             final <bridge> <artifact> def apply(): Object = $anonfun.this.apply()
[INFO]           };
[INFO]           (new <$anon: Function0>(RDDLabeledPointTransformations.this): Function0)
[INFO]         });
[INFO]         throw new ikoda.IKodaMLException(new StringContext(scala.this.Predef.wrapRefArray(Array[String]{"", " : ", ""})).s(scala.this.Predef.genericWrapArray(Array[Object]{RDDLabeledPointTransformations.this.name(), e.getMessage()})), e)
[INFO]       }
[INFO]     };
[INFO]     @throws[ikoda.IKodaMLException](classOf[ikoda.IKodaMLException]) def transformToLibSvm(spark: org.apache.spark.sql.SparkSession, mDFin: org.apache.spark.sql.Dataset, targetColumnName: String, ignoreColumns: List): Unit = try {
[WARNING]       RDDLabeledPointTransformations.this.logger().warn({
[INFO]         @SerialVersionUID(value = 0) final <synthetic> class $anonfun extends scala.runtime.AbstractFunction0 with Serializable {
[INFO]           def <init>($outer: ikoda.sparse.RDDLabeledPointTransformations): <$anon: Function0> = {
[INFO]             $anonfun.super.<init>();
[INFO]             ()
[INFO]           };
[INFO]           final def apply(): String = "\n\n\n-------------------------\nLEGACY METHOD. UUID will be auto-generated for each row\n-------------------------\n\n\n";
[INFO]           <synthetic> <paramaccessor> <artifact> private[this] val $outer: ikoda.sparse.RDDLabeledPointTransformations = _;
[INFO]           <synthetic> <stable> <artifact> def $outer(): ikoda.sparse.RDDLabeledPointTransformations = $anonfun.this.$outer;
[INFO]           final <bridge> <artifact> def apply(): Object = $anonfun.this.apply()
[INFO]         };
[INFO]         (new <$anon: Function0>(RDDLabeledPointTransformations.this): Function0)
[INFO]       });
[INFO]       RDDLabeledPointTransformations.this.columnHeadMap().clear();
[INFO]       val tt: ikoda.utils.TicToc = new ikoda.utils.TicToc();
[INFO]       RDDLabeledPointTransformations.this.logger().info({
[INFO]         @SerialVersionUID(value = 0) final <synthetic> class $anonfun extends scala.runtime.AbstractFunction0 with Serializable {
[INFO]           def <init>($outer: ikoda.sparse.RDDLabeledPointTransformations): <$anon: Function0> = {
[INFO]             $anonfun.super.<init>();
[INFO]             ()
[INFO]           };
[INFO]           final def apply(): String = new StringContext(scala.this.Predef.wrapRefArray(Array[String]{"partitions ", ""})).s(scala.this.Predef.genericWrapArray(Array[Object]{mDFin.rdd().getNumPartitions()}));
[INFO]           <synthetic> <paramaccessor> <artifact> private[this] val $outer: ikoda.sparse.RDDLabeledPointTransformations = _;
[INFO]           <synthetic> <stable> <artifact> def $outer(): ikoda.sparse.RDDLabeledPointTransformations = $anonfun.this.$outer;
[INFO]           final <bridge> <artifact> def apply(): Object = $anonfun.this.apply()
[INFO]         };
[INFO]         (new <$anon: Function0>(RDDLabeledPointTransformations.this): Function0)
[INFO]       });
[INFO]       RDDLabeledPointTransformations.this.logger().trace({
[INFO]         @SerialVersionUID(value = 0) final <synthetic> class $anonfun extends scala.runtime.AbstractFunction0 with Serializable {
[INFO]           def <init>($outer: ikoda.sparse.RDDLabeledPointTransformations): <$anon: Function0> = {
[INFO]             $anonfun.super.<init>();
[INFO]             ()
[INFO]           };
[INFO]           final def apply(): String = scala.this.Predef.refArrayOps(mDFin.schema().fieldNames()).mkString("\'");
[INFO]           <synthetic> <paramaccessor> <artifact> private[this] val $outer: ikoda.sparse.RDDLabeledPointTransformations = _;
[INFO]           <synthetic> <stable> <artifact> def $outer(): ikoda.sparse.RDDLabeledPointTransformations = $anonfun.this.$outer;
[INFO]           final <bridge> <artifact> def apply(): Object = $anonfun.this.apply()
[INFO]         };
[INFO]         (new <$anon: Function0>(RDDLabeledPointTransformations.this): Function0)
[INFO]       });
[INFO]       RDDLabeledPointTransformations.this.logger().info({
[INFO]         @SerialVersionUID(value = 0) final <synthetic> class $anonfun extends scala.runtime.AbstractFunction0 with Serializable {
[INFO]           def <init>($outer: ikoda.sparse.RDDLabeledPointTransformations): <$anon: Function0> = {
[INFO]             $anonfun.super.<init>();
[INFO]             ()
[INFO]           };
[INFO]           final def apply(): String = tt.tic("transformToLibSvm");
[INFO]           <synthetic> <paramaccessor> <artifact> private[this] val $outer: ikoda.sparse.RDDLabeledPointTransformations = _;
[INFO]           <synthetic> <stable> <artifact> def $outer(): ikoda.sparse.RDDLabeledPointTransformations = $anonfun.this.$outer;
[INFO]           final <bridge> <artifact> def apply(): Object = $anonfun.this.apply()
[INFO]         };
[INFO]         (new <$anon: Function0>(RDDLabeledPointTransformations.this): Function0)
[INFO]       });
[INFO]       val mDFd: org.apache.spark.sql.Dataset = mDFin.drop(ignoreColumns).na().fill(0L).repartition(RDDLabeledPointTransformations.this.defaultPartitionSize());
[INFO]       RDDLabeledPointTransformations.this.logger().trace({
[INFO]         @SerialVersionUID(value = 0) final <synthetic> class $anonfun extends scala.runtime.AbstractFunction0 with Serializable {
[INFO]           def <init>($outer: ikoda.sparse.RDDLabeledPointTransformations): <$anon: Function0> = {
[INFO]             $anonfun.super.<init>();
[INFO]             ()
[INFO]           };
[INFO]           final def apply(): String = new StringContext(scala.this.Predef.wrapRefArray(Array[String]{" transformToLibSvm Incoming schema ", ""})).s(scala.this.Predef.genericWrapArray(Array[Object]{scala.this.Predef.refArrayOps(mDFd.schema().fields()).mkString("\n")}));
[INFO]           <synthetic> <paramaccessor> <artifact> private[this] val $outer: ikoda.sparse.RDDLabeledPointTransformations = _;
[INFO]           <synthetic> <stable> <artifact> def $outer(): ikoda.sparse.RDDLabeledPointTransformations = $anonfun.this.$outer;
[INFO]           final <bridge> <artifact> def apply(): Object = $anonfun.this.apply()
[INFO]         };
[INFO]         (new <$anon: Function0>(RDDLabeledPointTransformations.this): Function0)
[INFO]       });
[INFO]       val fieldSeq: Seq = scala.this.Predef.wrapRefArray(scala.this.Predef.refArrayOps(mDFd.schema().fields()).filter({
[INFO]         @SerialVersionUID(value = 0) final <synthetic> class $anonfun extends scala.runtime.AbstractFunction1 with Serializable {
[INFO]           def <init>($outer: ikoda.sparse.RDDLabeledPointTransformations): <$anon: Function1> = {
[INFO]             $anonfun.super.<init>();
[INFO]             ()
[INFO]           };
[INFO]           final def apply(f: org.apache.spark.sql.types.StructField): Boolean = f.dataType().==(org.apache.spark.sql.types.IntegerType).||(f.dataType().==(org.apache.spark.sql.types.LongType)).||(f.dataType().==(org.apache.spark.sql.types.DoubleType));
[INFO]           <synthetic> <paramaccessor> <artifact> private[this] val $outer: ikoda.sparse.RDDLabeledPointTransformations = _;
[INFO]           <synthetic> <stable> <artifact> def $outer(): ikoda.sparse.RDDLabeledPointTransformations = $anonfun.this.$outer;
[INFO]           final <bridge> <artifact> def apply(v1: Object): Object = $anonfun.this.apply(v1)
[INFO]         };
[INFO]         (new <$anon: Function1>(RDDLabeledPointTransformations.this): Function1)
[INFO]       }));
[INFO]       val fieldNameSeq: Seq = fieldSeq.filter({
[INFO]   @SerialVersionUID(value = 0) final <synthetic> class $anonfun extends scala.runtime.AbstractFunction1 with Serializable {
[INFO]     def <init>($outer: ikoda.sparse.RDDLabeledPointTransformations): <$anon: Function1> = {
[INFO]       $anonfun.super.<init>();
[INFO]       ()
[INFO]     };
[INFO]     final def apply(f: org.apache.spark.sql.types.StructField): Boolean = f.name().!=(targetColumnName);
[INFO]     <synthetic> <paramaccessor> <artifact> private[this] val $outer: ikoda.sparse.RDDLabeledPointTransformations = _;
[INFO]     <synthetic> <stable> <artifact> def $outer(): ikoda.sparse.RDDLabeledPointTransformations = $anonfun.this.$outer;
[INFO]     final <bridge> <artifact> def apply(v1: Object): Object = $anonfun.this.apply(v1)
[INFO]   };
[INFO]   (new <$anon: Function1>(RDDLabeledPointTransformations.this): Function1)
[INFO] }).map({
[INFO]         @SerialVersionUID(value = 0) final <synthetic> class $anonfun extends scala.runtime.AbstractFunction1 with Serializable {
[INFO]           def <init>($outer: ikoda.sparse.RDDLabeledPointTransformations): <$anon: Function1> = {
[INFO]             $anonfun.super.<init>();
[INFO]             ()
[INFO]           };
[INFO]           final def apply(f: org.apache.spark.sql.types.StructField): String = f.name();
[INFO]           <synthetic> <paramaccessor> <artifact> private[this] val $outer: ikoda.sparse.RDDLabeledPointTransformations = _;
[INFO]           <synthetic> <stable> <artifact> def $outer(): ikoda.sparse.RDDLabeledPointTransformations = $anonfun.this.$outer;
[INFO]           final <bridge> <artifact> def apply(v1: Object): Object = $anonfun.this.apply(v1)
[INFO]         };
[INFO]         (new <$anon: Function1>(RDDLabeledPointTransformations.this): Function1)
[INFO]       }, collection.this.Seq.canBuildFrom());
[INFO]       RDDLabeledPointTransformations.this.logger().info({
[INFO]         @SerialVersionUID(value = 0) final <synthetic> class $anonfun extends scala.runtime.AbstractFunction0 with Serializable {
[INFO]           def <init>($outer: ikoda.sparse.RDDLabeledPointTransformations): <$anon: Function0> = {
[INFO]             $anonfun.super.<init>();
[INFO]             ()
[INFO]           };
[INFO]           final def apply(): String = tt.tic("transformToLibSvm transformStringFieldToNumericField");
[INFO]           <synthetic> <paramaccessor> <artifact> private[this] val $outer: ikoda.sparse.RDDLabeledPointTransformations = _;
[INFO]           <synthetic> <stable> <artifact> def $outer(): ikoda.sparse.RDDLabeledPointTransformations = $anonfun.this.$outer;
[INFO]           final <bridge> <artifact> def apply(): Object = $anonfun.this.apply()
[INFO]         };
[INFO]         (new <$anon: Function0>(RDDLabeledPointTransformations.this): Function0)
[INFO]       });
[INFO]       val mDFTypedIndexed: org.apache.spark.sql.Dataset = RDDLabeledPointTransformations.this.transformStringFieldToNumericField(spark, mDFd, targetColumnName).repartition(RDDLabeledPointTransformations.this.defaultPartitionSize());
[INFO]       RDDLabeledPointTransformations.this.logger().info({
[INFO]         @SerialVersionUID(value = 0) final <synthetic> class $anonfun extends scala.runtime.AbstractFunction0 with Serializable {
[INFO]           def <init>($outer: ikoda.sparse.RDDLabeledPointTransformations): <$anon: Function0> = {
[INFO]             $anonfun.super.<init>();
[INFO]             ()
[INFO]           };
[INFO]           final def apply(): String = tt.toc("transformToLibSvm transformStringFieldToNumericField");
[INFO]           <synthetic> <paramaccessor> <artifact> private[this] val $outer: ikoda.sparse.RDDLabeledPointTransformations = _;
[INFO]           <synthetic> <stable> <artifact> def $outer(): ikoda.sparse.RDDLabeledPointTransformations = $anonfun.this.$outer;
[INFO]           final <bridge> <artifact> def apply(): Object = $anonfun.this.apply()
[INFO]         };
[INFO]         (new <$anon: Function0>(RDDLabeledPointTransformations.this): Function0)
[INFO]       });
[INFO]       RDDLabeledPointTransformations.this.logger().info({
[INFO]         @SerialVersionUID(value = 0) final <synthetic> class $anonfun extends scala.runtime.AbstractFunction0 with Serializable {
[INFO]           def <init>($outer: ikoda.sparse.RDDLabeledPointTransformations): <$anon: Function0> = {
[INFO]             $anonfun.super.<init>();
[INFO]             ()
[INFO]           };
[INFO]           final def apply(): String = tt.tic("transformToLibSvm castColumnTo");
[INFO]           <synthetic> <paramaccessor> <artifact> private[this] val $outer: ikoda.sparse.RDDLabeledPointTransformations = _;
[INFO]           <synthetic> <stable> <artifact> def $outer(): ikoda.sparse.RDDLabeledPointTransformations = $anonfun.this.$outer;
[INFO]           final <bridge> <artifact> def apply(): Object = $anonfun.this.apply()
[INFO]         };
[INFO]         (new <$anon: Function0>(RDDLabeledPointTransformations.this): Function0)
[INFO]       });
[INFO]       val mDFFinal: org.apache.spark.sql.Dataset = ikoda.utilobjects.DataFrameUtils.castColumnTo(mDFTypedIndexed, targetColumnName.+("_Target"), org.apache.spark.sql.types.IntegerType).repartition(RDDLabeledPointTransformations.this.defaultPartitionSize().*(2));
[INFO]       RDDLabeledPointTransformations.this.logger().info({
[INFO]         @SerialVersionUID(value = 0) final <synthetic> class $anonfun extends scala.runtime.AbstractFunction0 with Serializable {
[INFO]           def <init>($outer: ikoda.sparse.RDDLabeledPointTransformations): <$anon: Function0> = {
[INFO]             $anonfun.super.<init>();
[INFO]             ()
[INFO]           };
[INFO]           final def apply(): String = new StringContext(scala.this.Predef.wrapRefArray(Array[String]{"partitions ", ""})).s(scala.this.Predef.genericWrapArray(Array[Object]{mDFFinal.rdd().getNumPartitions()}));
[INFO]           <synthetic> <paramaccessor> <artifact> private[this] val $outer: ikoda.sparse.RDDLabeledPointTransformations = _;
[INFO]           <synthetic> <stable> <artifact> def $outer(): ikoda.sparse.RDDLabeledPointTransformations = $anonfun.this.$outer;
[INFO]           final <bridge> <artifact> def apply(): Object = $anonfun.this.apply()
[INFO]         };
[INFO]         (new <$anon: Function0>(RDDLabeledPointTransformations.this): Function0)
[INFO]       });
[INFO]       RDDLabeledPointTransformations.this.logger().info({
[INFO]         @SerialVersionUID(value = 0) final <synthetic> class $anonfun extends scala.runtime.AbstractFunction0 with Serializable {
[INFO]           def <init>($outer: ikoda.sparse.RDDLabeledPointTransformations): <$anon: Function0> = {
[INFO]             $anonfun.super.<init>();
[INFO]             ()
[INFO]           };
[INFO]           final def apply(): String = tt.toc("transformToLibSvm castColumnTo");
[INFO]           <synthetic> <paramaccessor> <artifact> private[this] val $outer: ikoda.sparse.RDDLabeledPointTransformations = _;
[INFO]           <synthetic> <stable> <artifact> def $outer(): ikoda.sparse.RDDLabeledPointTransformations = $anonfun.this.$outer;
[INFO]           final <bridge> <artifact> def apply(): Object = $anonfun.this.apply()
[INFO]         };
[INFO]         (new <$anon: Function0>(RDDLabeledPointTransformations.this): Function0)
[INFO]       });
[INFO]       val headRow: org.apache.spark.sql.Row = mDFFinal.head();
[INFO]       RDDLabeledPointTransformations.this.internalGenerateColumnMap(headRow, fieldNameSeq);
[INFO]       RDDLabeledPointTransformations.this.logger().info({
[INFO]         @SerialVersionUID(value = 0) final <synthetic> class $anonfun extends scala.runtime.AbstractFunction0 with Serializable {
[INFO]           def <init>($outer: ikoda.sparse.RDDLabeledPointTransformations): <$anon: Function0> = {
[INFO]             $anonfun.super.<init>();
[INFO]             ()
[INFO]           };
[INFO]           final def apply(): String = new StringContext(scala.this.Predef.wrapRefArray(Array[String]{"columnHeadMap ", ""})).s(scala.this.Predef.genericWrapArray(Array[Object]{$anonfun.this.$outer.columnHeadMap().size()}));
[INFO]           <synthetic> <paramaccessor> <artifact> private[this] val $outer: ikoda.sparse.RDDLabeledPointTransformations = _;
[INFO]           <synthetic> <stable> <artifact> def $outer(): ikoda.sparse.RDDLabeledPointTransformations = $anonfun.this.$outer;
[INFO]           final <bridge> <artifact> def apply(): Object = $anonfun.this.apply()
[INFO]         };
[INFO]         (new <$anon: Function0>(RDDLabeledPointTransformations.this): Function0)
[INFO]       });
[INFO]       RDDLabeledPointTransformations.this.logger().info({
[INFO]         @SerialVersionUID(value = 0) final <synthetic> class $anonfun extends scala.runtime.AbstractFunction0 with Serializable {
[INFO]           def <init>($outer: ikoda.sparse.RDDLabeledPointTransformations): <$anon: Function0> = {
[INFO]             $anonfun.super.<init>();
[INFO]             ()
[INFO]           };
[INFO]           final def apply(): String = tt.tic("Making RDD[LabeledPoint]");
[INFO]           <synthetic> <paramaccessor> <artifact> private[this] val $outer: ikoda.sparse.RDDLabeledPointTransformations = _;
[INFO]           <synthetic> <stable> <artifact> def $outer(): ikoda.sparse.RDDLabeledPointTransformations = $anonfun.this.$outer;
[INFO]           final <bridge> <artifact> def apply(): Object = $anonfun.this.apply()
[INFO]         };
[INFO]         (new <$anon: Function0>(RDDLabeledPointTransformations.this): Function0)
[INFO]       });
[INFO]       RDDLabeledPointTransformations.this.logger().info({
[INFO]         @SerialVersionUID(value = 0) final <synthetic> class $anonfun extends scala.runtime.AbstractFunction0 with Serializable {
[INFO]           def <init>($outer: ikoda.sparse.RDDLabeledPointTransformations): <$anon: Function0> = {
[INFO]             $anonfun.super.<init>();
[INFO]             ()
[INFO]           };
[INFO]           final def apply(): String = new StringContext(scala.this.Predef.wrapRefArray(Array[String]{" partitions in df ", ""})).s(scala.this.Predef.genericWrapArray(Array[Object]{mDFFinal.rdd().getNumPartitions()}));
[INFO]           <synthetic> <paramaccessor> <artifact> private[this] val $outer: ikoda.sparse.RDDLabeledPointTransformations = _;
[INFO]           <synthetic> <stable> <artifact> def $outer(): ikoda.sparse.RDDLabeledPointTransformations = $anonfun.this.$outer;
[INFO]           final <bridge> <artifact> def apply(): Object = $anonfun.this.apply()
[INFO]         };
[INFO]         (new <$anon: Function0>(RDDLabeledPointTransformations.this): Function0)
[INFO]       });
[INFO]       val olp: Array[Option] = scala.this.Predef.refArrayOps(mDFFinal.rdd().collect()).map({
[INFO]         var count: Int = 0;
[INFO]         {
[INFO]           @SerialVersionUID(value = 0) final <synthetic> class $anonfun extends scala.runtime.AbstractFunction1 with Serializable {
[INFO]             def <init>($outer: ikoda.sparse.RDDLabeledPointTransformations): <$anon: Function1> = {
[INFO]               $anonfun.super.<init>();
[INFO]               ()
[INFO]             };
[INFO]             final def apply(row: org.apache.spark.sql.Row): Option = {
[INFO]               java.this.lang.System.out.println(count);
[INFO]               count = count.+(1);
[INFO]               $anonfun.this.$outer.transformRowToLabeledPoint(row, fieldNameSeq, targetColumnName)
[INFO]             };
[INFO]             <synthetic> <paramaccessor> <artifact> private[this] val $outer: ikoda.sparse.RDDLabeledPointTransformations = _;
[INFO]             <synthetic> <stable> <artifact> def $outer(): ikoda.sparse.RDDLabeledPointTransformations = $anonfun.this.$outer;
[INFO]             final <bridge> <artifact> def apply(v1: Object): Object = $anonfun.this.apply(v1)
[INFO]           };
[INFO]           (new <$anon: Function1>(RDDLabeledPointTransformations.this): Function1)
[INFO]         }
[INFO]       }, scala.this.Array.canBuildFrom((ClassTag.apply(classOf[scala.Option]): scala.reflect.ClassTag)));
[INFO]       RDDLabeledPointTransformations.this.logger().info({
[INFO]         @SerialVersionUID(value = 0) final <synthetic> class $anonfun extends scala.runtime.AbstractFunction0 with Serializable {
[INFO]           def <init>($outer: ikoda.sparse.RDDLabeledPointTransformations): <$anon: Function0> = {
[INFO]             $anonfun.super.<init>();
[INFO]             ()
[INFO]           };
[INFO]           final def apply(): String = "Converted to lp list";
[INFO]           <synthetic> <paramaccessor> <artifact> private[this] val $outer: ikoda.sparse.RDDLabeledPointTransformations = _;
[INFO]           <synthetic> <stable> <artifact> def $outer(): ikoda.sparse.RDDLabeledPointTransformations = $anonfun.this.$outer;
[INFO]           final <bridge> <artifact> def apply(): Object = $anonfun.this.apply()
[INFO]         };
[INFO]         (new <$anon: Function0>(RDDLabeledPointTransformations.this): Function0)
[INFO]       });
[INFO]       val lpList: List = scala.this.Predef.refArrayOps(scala.this.Predef.refArrayOps(scala.this.Predef.refArrayOps(olp).filter({
[INFO]   @SerialVersionUID(value = 0) final <synthetic> class $anonfun extends scala.runtime.AbstractFunction1 with Serializable {
[INFO]     def <init>($outer: ikoda.sparse.RDDLabeledPointTransformations): <$anon: Function1> = {
[INFO]       $anonfun.super.<init>();
[INFO]       ()
[INFO]     };
[INFO]     final def apply(lp1: Option): Boolean = lp1.isDefined();
[INFO]     <synthetic> <paramaccessor> <artifact> private[this] val $outer: ikoda.sparse.RDDLabeledPointTransformations = _;
[INFO]     <synthetic> <stable> <artifact> def $outer(): ikoda.sparse.RDDLabeledPointTransformations = $anonfun.this.$outer;
[INFO]     final <bridge> <artifact> def apply(v1: Object): Object = $anonfun.this.apply(v1)
[INFO]   };
[INFO]   (new <$anon: Function1>(RDDLabeledPointTransformations.this): Function1)
[INFO] })).map({
[INFO]   @SerialVersionUID(value = 0) final <synthetic> class $anonfun extends scala.runtime.AbstractFunction1 with Serializable {
[INFO]     def <init>($outer: ikoda.sparse.RDDLabeledPointTransformations): <$anon: Function1> = {
[INFO]       $anonfun.super.<init>();
[INFO]       ()
[INFO]     };
[INFO]     final def apply(lp1: Option): org.apache.spark.mllib.regression.LabeledPoint = lp1.get();
[INFO]     <synthetic> <paramaccessor> <artifact> private[this] val $outer: ikoda.sparse.RDDLabeledPointTransformations = _;
[INFO]     <synthetic> <stable> <artifact> def $outer(): ikoda.sparse.RDDLabeledPointTransformations = $anonfun.this.$outer;
[INFO]     final <bridge> <artifact> def apply(v1: Object): Object = $anonfun.this.apply(v1)
[INFO]   };
[INFO]   (new <$anon: Function1>(RDDLabeledPointTransformations.this): Function1)
[INFO] }, scala.this.Array.canBuildFrom((ClassTag.apply(classOf[org.apache.spark.mllib.regression.LabeledPoint]): scala.reflect.ClassTag)))).toList();
[INFO]       RDDLabeledPointTransformations.this.logger().info({
[INFO]         @SerialVersionUID(value = 0) final <synthetic> class $anonfun extends scala.runtime.AbstractFunction0 with Serializable {
[INFO]           def <init>($outer: ikoda.sparse.RDDLabeledPointTransformations): <$anon: Function0> = {
[INFO]             $anonfun.super.<init>();
[INFO]             ()
[INFO]           };
[INFO]           final def apply(): String = new StringContext(scala.this.Predef.wrapRefArray(Array[String]{"lpList count ", ""})).s(scala.this.Predef.genericWrapArray(Array[Object]{lpList.size()}));
[INFO]           <synthetic> <paramaccessor> <artifact> private[this] val $outer: ikoda.sparse.RDDLabeledPointTransformations = _;
[INFO]           <synthetic> <stable> <artifact> def $outer(): ikoda.sparse.RDDLabeledPointTransformations = $anonfun.this.$outer;
[INFO]           final <bridge> <artifact> def apply(): Object = $anonfun.this.apply()
[INFO]         };
[INFO]         (new <$anon: Function0>(RDDLabeledPointTransformations.this): Function0)
[INFO]       });
[INFO]       val lpListExtended: List = lpList.map({
[INFO]         @SerialVersionUID(value = 0) final <synthetic> class $anonfun extends scala.runtime.AbstractFunction1 with Serializable {
[INFO]           def <init>($outer: ikoda.sparse.RDDLabeledPointTransformations): <$anon: Function1> = {
[INFO]             $anonfun.super.<init>();
[INFO]             ()
[INFO]           };
[INFO]           final def apply(lp: org.apache.spark.mllib.regression.LabeledPoint): Tuple3 = new Tuple3(lp, lp.hashCode(), $anonfun.this.$outer.getUUID().toString());
[INFO]           <synthetic> <paramaccessor> <artifact> private[this] val $outer: ikoda.sparse.RDDLabeledPointTransformations = _;
[INFO]           <synthetic> <stable> <artifact> def $outer(): ikoda.sparse.RDDLabeledPointTransformations = $anonfun.this.$outer;
[INFO]           final <bridge> <artifact> def apply(v1: Object): Object = $anonfun.this.apply(v1)
[INFO]         };
[INFO]         (new <$anon: Function1>(RDDLabeledPointTransformations.this): Function1)
[INFO]       }, immutable.this.List.canBuildFrom());
[INFO]       RDDLabeledPointTransformations.this.dataRDD_=(spark.sparkContext().parallelize(lpListExtended, spark.sparkContext().parallelize$default$2(), (ClassTag.apply(classOf[scala.Tuple3]): scala.reflect.ClassTag)));
[INFO]       RDDLabeledPointTransformations.this.logger().info({
[INFO]         @SerialVersionUID(value = 0) final <synthetic> class $anonfun extends scala.runtime.AbstractFunction0 with Serializable {
[INFO]           def <init>($outer: ikoda.sparse.RDDLabeledPointTransformations): <$anon: Function0> = {
[INFO]             $anonfun.super.<init>();
[INFO]             ()
[INFO]           };
[INFO]           final def apply(): String = tt.toc("Making RDD[LabeledPoint]");
[INFO]           <synthetic> <paramaccessor> <artifact> private[this] val $outer: ikoda.sparse.RDDLabeledPointTransformations = _;
[INFO]           <synthetic> <stable> <artifact> def $outer(): ikoda.sparse.RDDLabeledPointTransformations = $anonfun.this.$outer;
[INFO]           final <bridge> <artifact> def apply(): Object = $anonfun.this.apply()
[INFO]         };
[INFO]         (new <$anon: Function0>(RDDLabeledPointTransformations.this): Function0)
[INFO]       });
[INFO]       RDDLabeledPointTransformations.this.logger().info({
[INFO]         @SerialVersionUID(value = 0) final <synthetic> class $anonfun extends scala.runtime.AbstractFunction0 with Serializable {
[INFO]           def <init>($outer: ikoda.sparse.RDDLabeledPointTransformations): <$anon: Function0> = {
[INFO]             $anonfun.super.<init>();
[INFO]             ()
[INFO]           };
[INFO]           final def apply(): String = tt.toc("transformToLibSvm");
[INFO]           <synthetic> <paramaccessor> <artifact> private[this] val $outer: ikoda.sparse.RDDLabeledPointTransformations = _;
[INFO]           <synthetic> <stable> <artifact> def $outer(): ikoda.sparse.RDDLabeledPointTransformations = $anonfun.this.$outer;
[INFO]           final <bridge> <artifact> def apply(): Object = $anonfun.this.apply()
[INFO]         };
[INFO]         (new <$anon: Function0>(RDDLabeledPointTransformations.this): Function0)
[INFO]       })
[INFO]     } catch {
[INFO]       case (ex @ (_: Exception)) => {
[ERROR]         RDDLabeledPointTransformations.this.logger().error({
[INFO]           @SerialVersionUID(value = 0) final <synthetic> class $anonfun extends scala.runtime.AbstractFunction0 with Serializable {
[INFO]             def <init>($outer: ikoda.sparse.RDDLabeledPointTransformations): <$anon: Function0> = {
[INFO]               $anonfun.super.<init>();
[INFO]               ()
[INFO]             };
[INFO]             final def apply(): String = new StringContext(scala.this.Predef.wrapRefArray(Array[String]{"", ""})).s(scala.this.Predef.genericWrapArray(Array[Object]{$anonfun.this.$outer.name()}));
[INFO]             <synthetic> <paramaccessor> <artifact> private[this] val $outer: ikoda.sparse.RDDLabeledPointTransformations = _;
[INFO]             <synthetic> <stable> <artifact> def $outer(): ikoda.sparse.RDDLabeledPointTransformations = $anonfun.this.$outer;
[INFO]             final <bridge> <artifact> def apply(): Object = $anonfun.this.apply()
[INFO]           };
[INFO]           (new <$anon: Function0>(RDDLabeledPointTransformations.this): Function0)
[INFO]         });
[INFO]         throw new ikoda.IKodaMLException(new StringContext(scala.this.Predef.wrapRefArray(Array[String]{"", " : ", ""})).s(scala.this.Predef.genericWrapArray(Array[Object]{RDDLabeledPointTransformations.this.name(), ex.getMessage()})), ex)
[INFO]       }
[INFO]     };
[INFO]     <synthetic> def transformToLibSvm$default$4(): List = immutable.this.Nil;
[INFO]     @throws[ikoda.IKodaMLException](classOf[ikoda.IKodaMLException]) def transformToRDDLabeledPointWithMatchingSchema(spark: org.apache.spark.sql.SparkSession, sparseToConvert: ikoda.sparse.RDDLabeledPoint): Option = try {
[INFO]       RDDLabeledPointTransformations.this.logger().debug({
[INFO]         @SerialVersionUID(value = 0) final <synthetic> class $anonfun extends scala.runtime.AbstractFunction0 with Serializable {
[INFO]           def <init>($outer: ikoda.sparse.RDDLabeledPointTransformations): <$anon: Function0> = {
[INFO]             $anonfun.super.<init>();
[INFO]             ()
[INFO]           };
[INFO]           final def apply(): String = "\n\nconvertToRDDLabeledPointWithMatchingSchema\n\n";
[INFO]           <synthetic> <paramaccessor> <artifact> private[this] val $outer: ikoda.sparse.RDDLabeledPointTransformations = _;
[INFO]           <synthetic> <stable> <artifact> def $outer(): ikoda.sparse.RDDLabeledPointTransformations = $anonfun.this.$outer;
[INFO]           final <bridge> <artifact> def apply(): Object = $anonfun.this.apply()
[INFO]         };
[INFO]         (new <$anon: Function0>(RDDLabeledPointTransformations.this): Function0)
[INFO]       });
[INFO]       RDDLabeledPointTransformations.this.logger().debug({
[INFO]         @SerialVersionUID(value = 0) final <synthetic> class $anonfun extends scala.runtime.AbstractFunction0 with Serializable {
[INFO]           def <init>($outer: ikoda.sparse.RDDLabeledPointTransformations): <$anon: Function0> = {
[INFO]             $anonfun.super.<init>();
[INFO]             ()
[INFO]           };
[INFO]           final def apply(): String = new StringContext(scala.this.Predef.wrapRefArray(Array[String]{"Incoming data rows: ", " targets: ", " columns: ", ""})).s(scala.this.Predef.genericWrapArray(Array[Object]{sparseToConvert.getRowCountCollected(), sparseToConvert.getTargets().size(), sparseToConvert.getColumnCount()}));
[INFO]           <synthetic> <paramaccessor> <artifact> private[this] val $outer: ikoda.sparse.RDDLabeledPointTransformations = _;
[INFO]           <synthetic> <stable> <artifact> def $outer(): ikoda.sparse.RDDLabeledPointTransformations = $anonfun.this.$outer;
[INFO]           final <bridge> <artifact> def apply(): Object = $anonfun.this.apply()
[INFO]         };
[INFO]         (new <$anon: Function0>(RDDLabeledPointTransformations.this): Function0)
[INFO]       });
[INFO]       val newTargetMap: scala.collection.mutable.HashMap = scala.collection.mutable.HashMap.apply(immutable.this.Nil);
[INFO]       val newColumnHeadMap: scala.collection.mutable.ListMap = scala.collection.mutable.ListMap.apply(immutable.this.Nil);
[INFO]       val lpArray: Array[Tuple3] = scala.this.Predef.refArrayOps(sparseToConvert.sparseData().collect()).map({
[INFO]         @SerialVersionUID(value = 0) final <synthetic> class $anonfun extends scala.runtime.AbstractFunction1 with Serializable {
[INFO]           def <init>($outer: ikoda.sparse.RDDLabeledPointTransformations): <$anon: Function1> = {
[INFO]             $anonfun.super.<init>();
[INFO]             ()
[INFO]           };
[INFO]           final def apply(r: Tuple3): Tuple3 = {
[INFO]             val colIdxBuffer: scala.collection.mutable.ArrayBuffer = new scala.collection.mutable.ArrayBuffer();
[INFO]             val valBuffer: scala.collection.mutable.ArrayBuffer = new scala.collection.mutable.ArrayBuffer();
[INFO]             val labelName: String = sparseToConvert.getTargetName(r._1().label());
[INFO]             val newLabelIdx: Double = $anonfun.this.$outer.transformLabelToThisSchema(labelName, newTargetMap);
[INFO]             scala.this.Predef.refArrayOps(scala.this.Predef.intArrayOps(r._1().features().toSparse().indices()).zipWithIndex(scala.this.Array.canBuildFrom((ClassTag.apply(classOf[scala.Tuple2]): scala.reflect.ClassTag)))).foreach({
[INFO]               @SerialVersionUID(value = 0) final <synthetic> class $anonfun extends scala.runtime.AbstractFunction1 with Serializable {
[INFO]                 def <init>($outer: <$anon: Function1>): <$anon: Function1> = {
[INFO]                   $anonfun.super.<init>();
[INFO]                   ()
[INFO]                 };
[INFO]                 final def apply(x0$7: Tuple2): scala.collection.mutable.ArrayBuffer = {
[INFO]                   case <synthetic> val x1: Tuple2 = x0$7;
[INFO]                   case4(){
[INFO]                     if (x1.ne(null))
[INFO]                       {
[INFO]                         val colIdx: Int = x1._1$mcI$sp();
[INFO]                         val arrayIdx: Int = x1._2$mcI$sp();
[INFO]                         matchEnd3({
[INFO]                           val colName: String = sparseToConvert.getColumnName(colIdx);
[INFO]                           val value: Double = r._1().features().toSparse().values().<arr>apply(arrayIdx);
[INFO]                           val newColIdx: Int = $anonfun.this.$outer.$outer().transformColumnToThisSchema(colName, newColumnHeadMap);
[INFO]                           colIdxBuffer.+=(newColIdx);
[INFO]                           valBuffer.+=(value)
[INFO]                         })
[INFO]                       }
[INFO]                     else
[INFO]                       case5()
[INFO]                   };
[INFO]                   case5(){
[ERROR]                     matchEnd3(throw new MatchError(x1))
[INFO]                   };
[INFO]                   matchEnd3(x){
[INFO]                     x
[INFO]                   }
[INFO]                 };
[INFO]                 <synthetic> <paramaccessor> <artifact> private[this] val $outer: <$anon: Function1> = _;
[INFO]                 <synthetic> <stable> <artifact> def $outer(): <$anon: Function1> = $anonfun.this.$outer;
[INFO]                 final <bridge> <artifact> def apply(v1: Object): Object = $anonfun.this.apply(v1)
[INFO]               };
[INFO]               (new <$anon: Function1>($anonfun.this): Function1)
[INFO]             });
[INFO]             val sortedTuple: Tuple2 = $anonfun.this.$outer.internalSortColumns(colIdxBuffer, valBuffer);
[INFO]             val lp: org.apache.spark.mllib.regression.LabeledPoint = new org.apache.spark.mllib.regression.LabeledPoint(newLabelIdx, org.apache.spark.mllib.linalg.Vectors.sparse(sortedTuple._1().size(), sortedTuple._1().toArray((ClassTag.Int(): scala.reflect.ClassTag)), sortedTuple._2().toArray((ClassTag.Double(): scala.reflect.ClassTag))));
[INFO]             new Tuple3(lp, lp.hashCode(), r._3())
[INFO]           };
[INFO]           <synthetic> <paramaccessor> <artifact> private[this] val $outer: ikoda.sparse.RDDLabeledPointTransformations = _;
[INFO]           <synthetic> <stable> <artifact> def $outer(): ikoda.sparse.RDDLabeledPointTransformations = $anonfun.this.$outer;
[INFO]           final <bridge> <artifact> def apply(v1: Object): Object = $anonfun.this.apply(v1)
[INFO]         };
[INFO]         (new <$anon: Function1>(RDDLabeledPointTransformations.this): Function1)
[INFO]       }, scala.this.Array.canBuildFrom((ClassTag.apply(classOf[scala.Tuple3]): scala.reflect.ClassTag)));
[INFO]       val newRDD: org.apache.spark.rdd.RDD = spark.sparkContext().parallelize(scala.this.Predef.wrapRefArray(lpArray), spark.sparkContext().parallelize$default$2(), (ClassTag.apply(classOf[scala.Tuple3]): scala.reflect.ClassTag));
[INFO]       val newRDDLP: ikoda.sparse.RDDLabeledPoint = new ikoda.sparse.RDDLabeledPoint();
[INFO]       newRDDLP.datadict_=(newTargetMap.map({
[INFO]   @SerialVersionUID(value = 0) final <synthetic> class $anonfun extends scala.runtime.AbstractFunction1 with Serializable {
[INFO]     def <init>($outer: ikoda.sparse.RDDLabeledPointTransformations): <$anon: Function1> = {
[INFO]       $anonfun.super.<init>();
[INFO]       ()
[INFO]     };
[INFO]     final def apply(x0$8: Tuple2): Tuple2 = {
[INFO]       case <synthetic> val x1: Tuple2 = x0$8;
[INFO]       case4(){
[INFO]         if (x1.ne(null))
[INFO]           {
[INFO]             val k: String = x1._1();
[INFO]             val v: Double = x1._2$mcD$sp();
[INFO]             matchEnd3(new Tuple2(k, v))
[INFO]           }
[INFO]         else
[INFO]           case5()
[INFO]       };
[INFO]       case5(){
[ERROR]         matchEnd3(throw new MatchError(x1))
[INFO]       };
[INFO]       matchEnd3(x){
[INFO]         x
[INFO]       }
[INFO]     };
[INFO]     <synthetic> <paramaccessor> <artifact> private[this] val $outer: ikoda.sparse.RDDLabeledPointTransformations = _;
[INFO]     <synthetic> <stable> <artifact> def $outer(): ikoda.sparse.RDDLabeledPointTransformations = $anonfun.this.$outer;
[INFO]     final <bridge> <artifact> def apply(v1: Object): Object = $anonfun.this.apply(v1)
[INFO]   };
[INFO]   (new <$anon: Function1>(RDDLabeledPointTransformations.this): Function1)
[INFO] }, mutable.this.HashMap.canBuildFrom()).toMap(scala.this.Predef.$conforms()));
[INFO]       newRDDLP.columnHeadMap_=(newColumnHeadMap);
[INFO]       RDDLabeledPointTransformations.this.logger().info({
[INFO]         @SerialVersionUID(value = 0) final <synthetic> class $anonfun extends scala.runtime.AbstractFunction0 with Serializable {
[INFO]           def <init>($outer: ikoda.sparse.RDDLabeledPointTransformations): <$anon: Function0> = {
[INFO]             $anonfun.super.<init>();
[INFO]             ()
[INFO]           };
[INFO]           final def apply(): String = new StringContext(scala.this.Predef.wrapRefArray(Array[String]{"New Schema Target Map: \\n ", ""})).s(scala.this.Predef.genericWrapArray(Array[Object]{newRDDLP.datadict().mkString("\n")}));
[INFO]           <synthetic> <paramaccessor> <artifact> private[this] val $outer: ikoda.sparse.RDDLabeledPointTransformations = _;
[INFO]           <synthetic> <stable> <artifact> def $outer(): ikoda.sparse.RDDLabeledPointTransformations = $anonfun.this.$outer;
[INFO]           final <bridge> <artifact> def apply(): Object = $anonfun.this.apply()
[INFO]         };
[INFO]         (new <$anon: Function0>(RDDLabeledPointTransformations.this): Function0)
[INFO]       });
[INFO]       RDDLabeledPointTransformations.this.logger().info({
[INFO]         @SerialVersionUID(value = 0) final <synthetic> class $anonfun extends scala.runtime.AbstractFunction0 with Serializable {
[INFO]           def <init>($outer: ikoda.sparse.RDDLabeledPointTransformations): <$anon: Function0> = {
[INFO]             $anonfun.super.<init>();
[INFO]             ()
[INFO]           };
[INFO]           final def apply(): String = new StringContext(scala.this.Predef.wrapRefArray(Array[String]{"New Schema Column Map: \\n ", ""})).s(scala.this.Predef.genericWrapArray(Array[Object]{newRDDLP.columnHeadMap().mkString("\n")}));
[INFO]           <synthetic> <paramaccessor> <artifact> private[this] val $outer: ikoda.sparse.RDDLabeledPointTransformations = _;
[INFO]           <synthetic> <stable> <artifact> def $outer(): ikoda.sparse.RDDLabeledPointTransformations = $anonfun.this.$outer;
[INFO]           final <bridge> <artifact> def apply(): Object = $anonfun.this.apply()
[INFO]         };
[INFO]         (new <$anon: Function0>(RDDLabeledPointTransformations.this): Function0)
[INFO]       });
[INFO]       newRDDLP.dataRDD_=(newRDD);
[INFO]       newRDDLP.validateColumnCount();
[INFO]       scala.Option.apply(newRDDLP)
[INFO]     } catch {
[INFO]       case (e @ (_: Exception)) => {
[ERROR]         RDDLabeledPointTransformations.this.logger().error({
[INFO]           @SerialVersionUID(value = 0) final <synthetic> class $anonfun extends scala.runtime.AbstractFunction0 with Serializable {
[INFO]             def <init>($outer: ikoda.sparse.RDDLabeledPointTransformations): <$anon: Function0> = {
[INFO]               $anonfun.super.<init>();
[INFO]               ()
[INFO]             };
[INFO]             final def apply(): String = new StringContext(scala.this.Predef.wrapRefArray(Array[String]{"", ""})).s(scala.this.Predef.genericWrapArray(Array[Object]{$anonfun.this.$outer.name()}));
[INFO]             <synthetic> <paramaccessor> <artifact> private[this] val $outer: ikoda.sparse.RDDLabeledPointTransformations = _;
[INFO]             <synthetic> <stable> <artifact> def $outer(): ikoda.sparse.RDDLabeledPointTransformations = $anonfun.this.$outer;
[INFO]             final <bridge> <artifact> def apply(): Object = $anonfun.this.apply()
[INFO]           };
[INFO]           (new <$anon: Function0>(RDDLabeledPointTransformations.this): Function0)
[INFO]         }, {
[INFO]           @SerialVersionUID(value = 0) final <synthetic> class $anonfun extends scala.runtime.AbstractFunction0 with Serializable {
[INFO]             def <init>($outer: ikoda.sparse.RDDLabeledPointTransformations): <$anon: Function0> = {
[INFO]               $anonfun.super.<init>();
[INFO]               ()
[INFO]             };
[INFO]             final def apply(): Exception = e;
[INFO]             <synthetic> <paramaccessor> <artifact> private[this] val $outer: ikoda.sparse.RDDLabeledPointTransformations = _;
[INFO]             <synthetic> <stable> <artifact> def $outer(): ikoda.sparse.RDDLabeledPointTransformations = $anonfun.this.$outer;
[INFO]             final <bridge> <artifact> def apply(): Object = $anonfun.this.apply()
[INFO]           };
[INFO]           (new <$anon: Function0>(RDDLabeledPointTransformations.this): Function0)
[INFO]         });
[INFO]         throw new ikoda.IKodaMLException(new StringContext(scala.this.Predef.wrapRefArray(Array[String]{"", " : ", ""})).s(scala.this.Predef.genericWrapArray(Array[Object]{RDDLabeledPointTransformations.this.name(), e.getMessage()})), e)
[INFO]       }
[INFO]     };
[INFO]     @throws[ikoda.IKodaMLException](classOf[ikoda.IKodaMLException]) private[sparse] def internalGenerateColumnMap(rowIn: org.apache.spark.sql.Row, fieldNameSeq: Seq): Unit = try {
[INFO]       val values: scala.collection.immutable.Map = rowIn.getValuesMap(fieldNameSeq);
[INFO]       val sortedValuesMap: scala.collection.immutable.ListMap = scala.collection.immutable.ListMap.apply(values.toSeq().sortBy({
[INFO]         @SerialVersionUID(value = 0) final <synthetic> class $anonfun extends scala.runtime.AbstractFunction1 with Serializable {
[INFO]           def <init>($outer: ikoda.sparse.RDDLabeledPointTransformations): <$anon: Function1> = {
[INFO]             $anonfun.super.<init>();
[INFO]             ()
[INFO]           };
[INFO]           final def apply(x$4: Tuple2): String = x$4._1();
[INFO]           <synthetic> <paramaccessor> <artifact> private[this] val $outer: ikoda.sparse.RDDLabeledPointTransformations = _;
[INFO]           <synthetic> <stable> <artifact> def $outer(): ikoda.sparse.RDDLabeledPointTransformations = $anonfun.this.$outer;
[INFO]           final <bridge> <artifact> def apply(v1: Object): Object = $anonfun.this.apply(v1)
[INFO]         };
[INFO]         (new <$anon: Function1>(RDDLabeledPointTransformations.this): Function1)
[INFO]       }, math.this.Ordering.String));
[INFO]       var currentPosition: Int = 0;
[INFO]       sortedValuesMap.foreach({
[INFO]         @SerialVersionUID(value = 0) final <synthetic> class $anonfun extends scala.runtime.AbstractFunction1 with Serializable {
[INFO]           def <init>($outer: ikoda.sparse.RDDLabeledPointTransformations): <$anon: Function1> = {
[INFO]             $anonfun.super.<init>();
[INFO]             ()
[INFO]           };
[INFO]           final def apply(kv: Tuple2): Unit = {
[INFO]             $anonfun.this.$outer.columnHeadMap().put(currentPosition, new ikoda.sparse.ColumnHeadTuple(currentPosition, kv._1()));
[INFO]             currentPosition = currentPosition.+(1)
[INFO]           };
[INFO]           <synthetic> <paramaccessor> <artifact> private[this] val $outer: ikoda.sparse.RDDLabeledPointTransformations = _;
[INFO]           <synthetic> <stable> <artifact> def $outer(): ikoda.sparse.RDDLabeledPointTransformations = $anonfun.this.$outer;
[INFO]           final <bridge> <artifact> def apply(v1: Object): Object = $anonfun.this.apply(v1)
[INFO]         };
[INFO]         (new <$anon: Function1>(RDDLabeledPointTransformations.this): Function1)
[INFO]       })
[INFO]     } catch {
[INFO]       case (ex @ (_: Exception)) => {
[ERROR]         RDDLabeledPointTransformations.this.logger().error({
[INFO]           @SerialVersionUID(value = 0) final <synthetic> class $anonfun extends scala.runtime.AbstractFunction0 with Serializable {
[INFO]             def <init>($outer: ikoda.sparse.RDDLabeledPointTransformations): <$anon: Function0> = {
[INFO]               $anonfun.super.<init>();
[INFO]               ()
[INFO]             };
[INFO]             final def apply(): String = new StringContext(scala.this.Predef.wrapRefArray(Array[String]{"", ""})).s(scala.this.Predef.genericWrapArray(Array[Object]{$anonfun.this.$outer.name()}));
[INFO]             <synthetic> <paramaccessor> <artifact> private[this] val $outer: ikoda.sparse.RDDLabeledPointTransformations = _;
[INFO]             <synthetic> <stable> <artifact> def $outer(): ikoda.sparse.RDDLabeledPointTransformations = $anonfun.this.$outer;
[INFO]             final <bridge> <artifact> def apply(): Object = $anonfun.this.apply()
[INFO]           };
[INFO]           (new <$anon: Function0>(RDDLabeledPointTransformations.this): Function0)
[INFO]         });
[INFO]         throw new ikoda.IKodaMLException(new StringContext(scala.this.Predef.wrapRefArray(Array[String]{"", " : ", ""})).s(scala.this.Predef.genericWrapArray(Array[Object]{RDDLabeledPointTransformations.this.name(), ex.getMessage()})), ex)
[INFO]       }
[INFO]     };
[INFO]     private[sparse] def internalCreataDataDict(libsvmProcessor: ikoda.utils.LibSvmProcessor): scala.collection.immutable.Map = {
[INFO]       RDDLabeledPointTransformations.this.datadict_=(scala.collection.JavaConverters.mapAsScalaMapConverter(libsvmProcessor.getTargetMap()).asScala().map({
[INFO]   @SerialVersionUID(value = 0) final <synthetic> class $anonfun extends scala.runtime.AbstractFunction1 with Serializable {
[INFO]     def <init>($outer: ikoda.sparse.RDDLabeledPointTransformations): <$anon: Function1> = {
[INFO]       $anonfun.super.<init>();
[INFO]       ()
[INFO]     };
[INFO]     final def apply(t: Tuple2): Tuple2 = new Tuple2(t._1(), scala.this.Predef.Integer2int(t._2()).toDouble());
[INFO]     <synthetic> <paramaccessor> <artifact> private[this] val $outer: ikoda.sparse.RDDLabeledPointTransformations = _;
[INFO]     <synthetic> <stable> <artifact> def $outer(): ikoda.sparse.RDDLabeledPointTransformations = $anonfun.this.$outer;
[INFO]     final <bridge> <artifact> def apply(v1: Object): Object = $anonfun.this.apply(v1)
[INFO]   };
[INFO]   (new <$anon: Function1>(RDDLabeledPointTransformations.this): Function1)
[INFO] }, mutable.this.Map.canBuildFrom()).toMap(scala.this.Predef.$conforms()));
[INFO]       RDDLabeledPointTransformations.this.datadict()
[INFO]     };
[INFO]     private[sparse] def internalCreataDataDict(spark: org.apache.spark.sql.SparkSession, mDF: org.apache.spark.sql.Dataset, targetColumnName: String): scala.collection.mutable.Map = {
[INFO]       val stringCategories: List = scala.this.Predef.refArrayOps(mDF.select(scala.this.Predef.wrapRefArray(Array[org.apache.spark.sql.Column]{mDF.apply(targetColumnName)})).distinct().rdd().map({
[INFO]   @SerialVersionUID(value = 0) final <synthetic> class $anonfun extends scala.runtime.AbstractFunction1 with Serializable {
[INFO]     def <init>($outer: ikoda.sparse.RDDLabeledPointTransformations): <$anon: Function1> = {
[INFO]       $anonfun.super.<init>();
[INFO]       ()
[INFO]     };
[INFO]     final def apply(r: org.apache.spark.sql.Row): String = r.get(0).toString();
[INFO]     <synthetic> <paramaccessor> <artifact> private[this] val $outer: ikoda.sparse.RDDLabeledPointTransformations = _;
[INFO]     <synthetic> <stable> <artifact> def $outer(): ikoda.sparse.RDDLabeledPointTransformations = $anonfun.this.$outer;
[INFO]     final <bridge> <artifact> def apply(v1: Object): Object = $anonfun.this.apply(v1)
[INFO]   };
[INFO]   (new <$anon: Function1>(RDDLabeledPointTransformations.this): Function1)
[INFO] }, (ClassTag.apply(classOf[java.lang.String]): scala.reflect.ClassTag)).collect()).toList();
[INFO]       val valuesMap: scala.collection.mutable.Map = scala.collection.mutable.HashMap.apply(immutable.this.Nil);
[INFO]       stringCategories.zipWithIndex(immutable.this.List.canBuildFrom()).foreach({
[INFO]         @SerialVersionUID(value = 0) final <synthetic> class $anonfun extends scala.runtime.AbstractFunction1 with Serializable {
[INFO]           def <init>($outer: ikoda.sparse.RDDLabeledPointTransformations): <$anon: Function1> = {
[INFO]             $anonfun.super.<init>();
[INFO]             ()
[INFO]           };
[INFO]           final def apply(x0$9: Tuple2): Option = {
[INFO]             case <synthetic> val x1: Tuple2 = x0$9;
[INFO]             case4(){
[INFO]               if (x1.ne(null))
[INFO]                 {
[INFO]                   val s: String = x1._1();
[INFO]                   val i: Int = x1._2$mcI$sp();
[INFO]                   matchEnd3(valuesMap.put(s.toString(), i.toDouble()))
[INFO]                 }
[INFO]               else
[INFO]                 case5()
[INFO]             };
[INFO]             case5(){
[ERROR]               matchEnd3(throw new MatchError(x1))
[INFO]             };
[INFO]             matchEnd3(x){
[INFO]               x
[INFO]             }
[INFO]           };
[INFO]           <synthetic> <paramaccessor> <artifact> private[this] val $outer: ikoda.sparse.RDDLabeledPointTransformations = _;
[INFO]           <synthetic> <stable> <artifact> def $outer(): ikoda.sparse.RDDLabeledPointTransformations = $anonfun.this.$outer;
[INFO]           final <bridge> <artifact> def apply(v1: Object): Object = $anonfun.this.apply(v1)
[INFO]         };
[INFO]         (new <$anon: Function1>(RDDLabeledPointTransformations.this): Function1)
[INFO]       });
[INFO]       RDDLabeledPointTransformations.this.datadict_=(valuesMap.toMap(scala.this.Predef.$conforms()));
[INFO]       valuesMap
[INFO]     };
[INFO]     @throws[ikoda.IKodaMLException](classOf[ikoda.IKodaMLException]) private[sparse] def internalSortColumns(colIndices: Seq, colValues: Seq): Tuple2 = try {
[INFO]       val asMap: scala.collection.immutable.Map = colIndices.zipWithIndex(collection.this.Seq.canBuildFrom()).map({
[INFO]   @SerialVersionUID(value = 0) final <synthetic> class $anonfun extends scala.runtime.AbstractFunction1 with Serializable {
[INFO]     def <init>($outer: ikoda.sparse.RDDLabeledPointTransformations): <$anon: Function1> = {
[INFO]       $anonfun.super.<init>();
[INFO]       ()
[INFO]     };
[INFO]     final def apply(x0$10: Tuple2): Tuple2 = {
[INFO]       case <synthetic> val x1: Tuple2 = x0$10;
[INFO]       case4(){
[INFO]         if (x1.ne(null))
[INFO]           {
[INFO]             val colIdx: Int = x1._1$mcI$sp();
[INFO]             val posIdx: Int = x1._2$mcI$sp();
[INFO]             matchEnd3(new Tuple2$mcID$sp(colIdx, colValues.apply(posIdx)))
[INFO]           }
[INFO]         else
[INFO]           case5()
[INFO]       };
[INFO]       case5(){
[ERROR]         matchEnd3(throw new MatchError(x1))
[INFO]       };
[INFO]       matchEnd3(x){
[INFO]         x
[INFO]       }
[INFO]     };
[INFO]     <synthetic> <paramaccessor> <artifact> private[this] val $outer: ikoda.sparse.RDDLabeledPointTransformations = _;
[INFO]     <synthetic> <stable> <artifact> def $outer(): ikoda.sparse.RDDLabeledPointTransformations = $anonfun.this.$outer;
[INFO]     final <bridge> <artifact> def apply(v1: Object): Object = $anonfun.this.apply(v1)
[INFO]   };
[INFO]   (new <$anon: Function1>(RDDLabeledPointTransformations.this): Function1)
[INFO] }, collection.this.Seq.canBuildFrom()).toMap(scala.this.Predef.$conforms());
[INFO]       val alignedSorted: scala.collection.immutable.TreeMap = scala.collection.immutable.TreeMap.apply(scala.this.Predef.wrapRefArray(asMap.toArray((ClassTag.apply(classOf[scala.Tuple2]): scala.reflect.ClassTag))), math.this.Ordering.Int);
[INFO]       new Tuple2(alignedSorted.keySet().toSeq(), alignedSorted.values().toSeq())
[INFO]     } catch {
[INFO]       case (e @ (_: Exception)) => throw new ikoda.IKodaMLException(e.getMessage(), e)
[INFO]     };
[INFO]     def transformColAsRowRddToTreeMap(colAsRowRdd: org.apache.spark.rdd.RDD): scala.collection.immutable.SortedMap = {
[INFO]       val tt: ikoda.utils.TicToc = new ikoda.utils.TicToc();
[INFO]       RDDLabeledPointTransformations.this.logger().trace({
[INFO]         @SerialVersionUID(value = 0) final <synthetic> class $anonfun extends scala.runtime.AbstractFunction0 with Serializable {
[INFO]           def <init>($outer: ikoda.sparse.RDDLabeledPointTransformations): <$anon: Function0> = {
[INFO]             $anonfun.super.<init>();
[INFO]             ()
[INFO]           };
[INFO]           final def apply(): String = tt.tic("transformColAsRowRddToTreeMap");
[INFO]           <synthetic> <paramaccessor> <artifact> private[this] val $outer: ikoda.sparse.RDDLabeledPointTransformations = _;
[INFO]           <synthetic> <stable> <artifact> def $outer(): ikoda.sparse.RDDLabeledPointTransformations = $anonfun.this.$outer;
[INFO]           final <bridge> <artifact> def apply(): Object = $anonfun.this.apply()
[INFO]         };
[INFO]         (new <$anon: Function0>(RDDLabeledPointTransformations.this): Function0)
[INFO]       });
[INFO]       val tmap: scala.collection.immutable.SortedMap = scala.collection.immutable.SortedMap.apply(rdd.this.RDD.rddToPairRDDFunctions(colAsRowRdd, (ClassTag.Int(): scala.reflect.ClassTag), (ClassTag.apply(classOf[scala.collection.Seq]): scala.reflect.ClassTag), math.this.Ordering.Int).collectAsMap().toSeq(), math.this.Ordering.Int);
[INFO]       RDDLabeledPointTransformations.this.logger().trace({
[INFO]         @SerialVersionUID(value = 0) final <synthetic> class $anonfun extends scala.runtime.AbstractFunction0 with Serializable {
[INFO]           def <init>($outer: ikoda.sparse.RDDLabeledPointTransformations): <$anon: Function0> = {
[INFO]             $anonfun.super.<init>();
[INFO]             ()
[INFO]           };
[INFO]           final def apply(): String = "transformColAsRowRddToTreeMap colMap size: ".+(tmap.size());
[INFO]           <synthetic> <paramaccessor> <artifact> private[this] val $outer: ikoda.sparse.RDDLabeledPointTransformations = _;
[INFO]           <synthetic> <stable> <artifact> def $outer(): ikoda.sparse.RDDLabeledPointTransformations = $anonfun.this.$outer;
[INFO]           final <bridge> <artifact> def apply(): Object = $anonfun.this.apply()
[INFO]         };
[INFO]         (new <$anon: Function0>(RDDLabeledPointTransformations.this): Function0)
[INFO]       });
[INFO]       RDDLabeledPointTransformations.this.logger().trace({
[INFO]         @SerialVersionUID(value = 0) final <synthetic> class $anonfun extends scala.runtime.AbstractFunction0 with Serializable {
[INFO]           def <init>($outer: ikoda.sparse.RDDLabeledPointTransformations): <$anon: Function0> = {
[INFO]             $anonfun.super.<init>();
[INFO]             ()
[INFO]           };
[INFO]           final def apply(): String = tt.toc("transformColAsRowRddToTreeMap");
[INFO]           <synthetic> <paramaccessor> <artifact> private[this] val $outer: ikoda.sparse.RDDLabeledPointTransformations = _;
[INFO]           <synthetic> <stable> <artifact> def $outer(): ikoda.sparse.RDDLabeledPointTransformations = $anonfun.this.$outer;
[INFO]           final <bridge> <artifact> def apply(): Object = $anonfun.this.apply()
[INFO]         };
[INFO]         (new <$anon: Function0>(RDDLabeledPointTransformations.this): Function0)
[INFO]       });
[INFO]       tmap
[INFO]     };
[INFO]     def transformLabeledPointRDDToColumnsMapCollected(): scala.collection.immutable.TreeMap = {
[INFO]       RDDLabeledPointTransformations.this.logger().trace({
[INFO]         @SerialVersionUID(value = 0) final <synthetic> class $anonfun extends scala.runtime.AbstractFunction0 with Serializable {
[INFO]           def <init>($outer: ikoda.sparse.RDDLabeledPointTransformations): <$anon: Function0> = {
[INFO]             $anonfun.super.<init>();
[INFO]             ()
[INFO]           };
[INFO]           final def apply(): String = "\n\n--transformLabeledPointRDDToColumnsRdd--\n\n";
[INFO]           <synthetic> <paramaccessor> <artifact> private[this] val $outer: ikoda.sparse.RDDLabeledPointTransformations = _;
[INFO]           <synthetic> <stable> <artifact> def $outer(): ikoda.sparse.RDDLabeledPointTransformations = $anonfun.this.$outer;
[INFO]           final <bridge> <artifact> def apply(): Object = $anonfun.this.apply()
[INFO]         };
[INFO]         (new <$anon: Function0>(RDDLabeledPointTransformations.this): Function0)
[INFO]       });
[INFO]       val mapOfColumns: scala.collection.mutable.HashMap = scala.collection.mutable.HashMap.apply(immutable.this.Nil);
[INFO]       val tt: ikoda.utils.TicToc = new ikoda.utils.TicToc();
[INFO]       var lc: Int = 0;
[INFO]       scala.this.Predef.refArrayOps(RDDLabeledPointTransformations.this.dataRDD().collect()).foreach({
[INFO]         @SerialVersionUID(value = 0) final <synthetic> class $anonfun extends scala.runtime.AbstractFunction1 with Serializable {
[INFO]           def <init>($outer: ikoda.sparse.RDDLabeledPointTransformations): <$anon: Function1> = {
[INFO]             $anonfun.super.<init>();
[INFO]             ()
[INFO]           };
[INFO]           final def apply(x0$11: Tuple3): Unit = {
[INFO]             case <synthetic> val x1: Tuple3 = x0$11;
[INFO]             case4(){
[INFO]               matchEnd3({
[INFO]                 val uuid: java.util.UUID = $anonfun.this.$outer.getUUID(x1._3());
[INFO]                 scala.this.Predef.refArrayOps(scala.this.Predef.intArrayOps(x1._1().features().toSparse().indices()).zipWithIndex(scala.this.Array.canBuildFrom((ClassTag.apply(classOf[scala.Tuple2]): scala.reflect.ClassTag)))).foreach({
[INFO]                   @SerialVersionUID(value = 0) final <synthetic> class $anonfun extends scala.runtime.AbstractFunction1 with Serializable {
[INFO]                     def <init>($outer: <$anon: Function1>): <$anon: Function1> = {
[INFO]                       $anonfun.super.<init>();
[INFO]                       ()
[INFO]                     };
[INFO]                     final def apply(x0$12: Tuple2): scala.collection.mutable.ArrayBuffer = {
[INFO]                       case <synthetic> val x1: Tuple2 = x0$12;
[INFO]                       case4(){
[INFO]                         if (x1.ne(null))
[INFO]                           {
[INFO]                             val colIdx: Int = x1._1$mcI$sp();
[INFO]                             val zidx: Int = x1._2$mcI$sp();
[INFO]                             matchEnd3({
[INFO]                               val label: Int = x1._1().label().toInt();
[INFO]                               val value: Double = x1._1().features().toSparse().values().<arr>apply(zidx);
[INFO]                               val colTuple: ikoda.sparse.CellTuple = new ikoda.sparse.CellTuple(colIdx, label.toDouble(), value, uuid, zidx);
[INFO]                               mapOfColumns.getOrElseUpdate(colIdx, {
[INFO]   @SerialVersionUID(value = 0) final <synthetic> class $anonfun extends scala.runtime.AbstractFunction0 with Serializable {
[INFO]     def <init>($outer: <$anon: Function1>): <$anon: Function0> = {
[INFO]       $anonfun.super.<init>();
[INFO]       ()
[INFO]     };
[INFO]     final def apply(): scala.collection.mutable.ArrayBuffer = new scala.collection.mutable.ArrayBuffer();
[INFO]     <synthetic> <paramaccessor> <artifact> private[this] val $outer: <$anon: Function1> = _;
[INFO]     <synthetic> <stable> <artifact> def $outer(): <$anon: Function1> = $anonfun.this.$outer;
[INFO]     final <bridge> <artifact> def apply(): Object = $anonfun.this.apply()
[INFO]   };
[INFO]   (new <$anon: Function0>($anonfun.this): Function0)
[INFO] }).+=(colTuple)
[INFO]                             })
[INFO]                           }
[INFO]                         else
[INFO]                           case5()
[INFO]                       };
[INFO]                       case5(){
[ERROR]                         matchEnd3(throw new MatchError(x1))
[INFO]                       };
[INFO]                       matchEnd3(x){
[INFO]                         x
[INFO]                       }
[INFO]                     };
[INFO]                     <synthetic> <paramaccessor> <artifact> private[this] val $outer: <$anon: Function1> = _;
[INFO]                     <synthetic> <stable> <artifact> def $outer(): <$anon: Function1> = $anonfun.this.$outer;
[INFO]                     final <bridge> <artifact> def apply(v1: Object): Object = $anonfun.this.apply(v1)
[INFO]                   };
[INFO]                   (new <$anon: Function1>($anonfun.this): Function1)
[INFO]                 })
[INFO]               })
[INFO]             };
[INFO]             matchEnd3(x){
[INFO]               x
[INFO]             }
[INFO]           };
[INFO]           <synthetic> <paramaccessor> <artifact> private[this] val $outer: ikoda.sparse.RDDLabeledPointTransformations = _;
[INFO]           <synthetic> <stable> <artifact> def $outer(): ikoda.sparse.RDDLabeledPointTransformations = $anonfun.this.$outer;
[INFO]           final <bridge> <artifact> def apply(v1: Object): Object = $anonfun.this.apply(v1)
[INFO]         };
[INFO]         (new <$anon: Function1>(RDDLabeledPointTransformations.this): Function1)
[INFO]       });
[INFO]       RDDLabeledPointTransformations.this.logger().info({
[INFO]         @SerialVersionUID(value = 0) final <synthetic> class $anonfun extends scala.runtime.AbstractFunction0 with Serializable {
[INFO]           def <init>($outer: ikoda.sparse.RDDLabeledPointTransformations): <$anon: Function0> = {
[INFO]             $anonfun.super.<init>();
[INFO]             ()
[INFO]           };
[INFO]           final def apply(): String = new StringContext(scala.this.Predef.wrapRefArray(Array[String]{"transformLabeledPointRDDToColumnsRdd Created ", " columns"})).s(scala.this.Predef.genericWrapArray(Array[Object]{mapOfColumns.size()}));
[INFO]           <synthetic> <paramaccessor> <artifact> private[this] val $outer: ikoda.sparse.RDDLabeledPointTransformations = _;
[INFO]           <synthetic> <stable> <artifact> def $outer(): ikoda.sparse.RDDLabeledPointTransformations = $anonfun.this.$outer;
[INFO]           final <bridge> <artifact> def apply(): Object = $anonfun.this.apply()
[INFO]         };
[INFO]         (new <$anon: Function0>(RDDLabeledPointTransformations.this): Function0)
[INFO]       });
[INFO]       RDDLabeledPointTransformations.this.logger().info({
[INFO]         @SerialVersionUID(value = 0) final <synthetic> class $anonfun extends scala.runtime.AbstractFunction0 with Serializable {
[INFO]           def <init>($outer: ikoda.sparse.RDDLabeledPointTransformations): <$anon: Function0> = {
[INFO]             $anonfun.super.<init>();
[INFO]             ()
[INFO]           };
[INFO]           final def apply(): String = tt.toc();
[INFO]           <synthetic> <paramaccessor> <artifact> private[this] val $outer: ikoda.sparse.RDDLabeledPointTransformations = _;
[INFO]           <synthetic> <stable> <artifact> def $outer(): ikoda.sparse.RDDLabeledPointTransformations = $anonfun.this.$outer;
[INFO]           final <bridge> <artifact> def apply(): Object = $anonfun.this.apply()
[INFO]         };
[INFO]         (new <$anon: Function0>(RDDLabeledPointTransformations.this): Function0)
[INFO]       });
[INFO]       val result: scala.collection.immutable.TreeMap = scala.collection.immutable.TreeMap.apply(scala.this.Predef.wrapRefArray(mapOfColumns.toArray((ClassTag.apply(classOf[scala.Tuple2]): scala.reflect.ClassTag))), math.this.Ordering.Int);
[INFO]       result
[INFO]     };
[INFO]     @throws[ikoda.IKodaMLException](classOf[ikoda.IKodaMLException]) def transformLabeledPointRDDToColumnsRdd(): org.apache.spark.rdd.RDD = try {
[INFO]       val tt: ikoda.utils.TicToc = new ikoda.utils.TicToc();
[INFO]       RDDLabeledPointTransformations.this.logger().debug({
[INFO]         @SerialVersionUID(value = 0) final <synthetic> class $anonfun extends scala.runtime.AbstractFunction0 with Serializable {
[INFO]           def <init>($outer: ikoda.sparse.RDDLabeledPointTransformations): <$anon: Function0> = {
[INFO]             $anonfun.super.<init>();
[INFO]             ()
[INFO]           };
[INFO]           final def apply(): String = tt.tic("transformLabeledPointRDDToColumnsRdd");
[INFO]           <synthetic> <paramaccessor> <artifact> private[this] val $outer: ikoda.sparse.RDDLabeledPointTransformations = _;
[INFO]           <synthetic> <stable> <artifact> def $outer(): ikoda.sparse.RDDLabeledPointTransformations = $anonfun.this.$outer;
[INFO]           final <bridge> <artifact> def apply(): Object = $anonfun.this.apply()
[INFO]         };
[INFO]         (new <$anon: Function0>(RDDLabeledPointTransformations.this): Function0)
[INFO]       });
[INFO]       val rdd1: org.apache.spark.rdd.RDD = RDDLabeledPointTransformations.this.dataRDD().flatMap({
[INFO]         @SerialVersionUID(value = 0) final <synthetic> class $anonfun extends scala.runtime.AbstractFunction1 with Serializable {
[INFO]           def <init>($outer: ikoda.sparse.RDDLabeledPointTransformations): <$anon: Function1> = {
[INFO]             $anonfun.super.<init>();
[INFO]             ()
[INFO]           };
[INFO]           final def apply(x0$13: Tuple3): scala.collection.TraversableOnce = {
[INFO]             case <synthetic> val x1: Tuple3 = x0$13;
[INFO]             case4(){
[INFO]               matchEnd3({
[INFO]                 val uuid: java.util.UUID = $anonfun.this.$outer.getUUID(x1._3());
[INFO]                 scala.this.Predef.refArrayOps(scala.this.Predef.intArrayOps(x1._1().features().toSparse().indices()).zipWithIndex(scala.this.Array.canBuildFrom((ClassTag.apply(classOf[scala.Tuple2]): scala.reflect.ClassTag)))).map({
[INFO]                   @SerialVersionUID(value = 0) final <synthetic> class $anonfun extends scala.runtime.AbstractFunction1 with Serializable {
[INFO]                     def <init>($outer: <$anon: Function1>): <$anon: Function1> = {
[INFO]                       $anonfun.super.<init>();
[INFO]                       ()
[INFO]                     };
[INFO]                     final def apply(x0$14: Tuple2): Tuple2 = {
[INFO]                       case <synthetic> val x1: Tuple2 = x0$14;
[INFO]                       case4(){
[INFO]                         if (x1.ne(null))
[INFO]                           {
[INFO]                             val colIdx: Int = x1._1$mcI$sp();
[INFO]                             val zidx: Int = x1._2$mcI$sp();
[INFO]                             matchEnd3({
[INFO]                               val label: Int = x1._1().label().toInt();
[INFO]                               val value: Double = x1._1().features().toSparse().values().<arr>apply(zidx);
[INFO]                               new Tuple2(colIdx, new ikoda.sparse.CellTuple(colIdx, label.toDouble(), value, uuid, zidx))
[INFO]                             })
[INFO]                           }
[INFO]                         else
[INFO]                           case5()
[INFO]                       };
[INFO]                       case5(){
[ERROR]                         matchEnd3(throw new MatchError(x1))
[INFO]                       };
[INFO]                       matchEnd3(x){
[INFO]                         x
[INFO]                       }
[INFO]                     };
[INFO]                     <synthetic> <paramaccessor> <artifact> private[this] val $outer: <$anon: Function1> = _;
[INFO]                     <synthetic> <stable> <artifact> def $outer(): <$anon: Function1> = $anonfun.this.$outer;
[INFO]                     final <bridge> <artifact> def apply(v1: Object): Object = $anonfun.this.apply(v1)
[INFO]                   };
[INFO]                   (new <$anon: Function1>($anonfun.this): Function1)
[INFO]                 }, scala.this.Array.fallbackCanBuildFrom(Predef.this.DummyImplicit.dummyImplicit()))
[INFO]               })
[INFO]             };
[INFO]             matchEnd3(x){
[INFO]               x
[INFO]             }
[INFO]           };
[INFO]           <synthetic> <paramaccessor> <artifact> private[this] val $outer: ikoda.sparse.RDDLabeledPointTransformations = _;
[INFO]           <synthetic> <stable> <artifact> def $outer(): ikoda.sparse.RDDLabeledPointTransformations = $anonfun.this.$outer;
[INFO]           final <bridge> <artifact> def apply(v1: Object): Object = $anonfun.this.apply(v1)
[INFO]         };
[INFO]         (new <$anon: Function1>(RDDLabeledPointTransformations.this): Function1)
[INFO]       }, (ClassTag.apply(classOf[scala.Tuple2]): scala.reflect.ClassTag));
[INFO]       RDDLabeledPointTransformations.this.logger().debug({
[INFO]         @SerialVersionUID(value = 0) final <synthetic> class $anonfun extends scala.runtime.AbstractFunction0 with Serializable {
[INFO]           def <init>($outer: ikoda.sparse.RDDLabeledPointTransformations): <$anon: Function0> = {
[INFO]             $anonfun.super.<init>();
[INFO]             ()
[INFO]           };
[INFO]           final def apply(): String = "rdd1\n".+(scala.this.Predef.refArrayOps(rdd1.collect()).mkString("\n"));
[INFO]           <synthetic> <paramaccessor> <artifact> private[this] val $outer: ikoda.sparse.RDDLabeledPointTransformations = _;
[INFO]           <synthetic> <stable> <artifact> def $outer(): ikoda.sparse.RDDLabeledPointTransformations = $anonfun.this.$outer;
[INFO]           final <bridge> <artifact> def apply(): Object = $anonfun.this.apply()
[INFO]         };
[INFO]         (new <$anon: Function0>(RDDLabeledPointTransformations.this): Function0)
[INFO]       });
[INFO]       val rdd2: org.apache.spark.rdd.RDD = rdd1.groupBy({
[INFO]         @SerialVersionUID(value = 0) final <synthetic> class $anonfun extends scala.runtime.AbstractFunction1 with Serializable {
[INFO]           def <init>($outer: ikoda.sparse.RDDLabeledPointTransformations): <$anon: Function1> = {
[INFO]             $anonfun.super.<init>();
[INFO]             ()
[INFO]           };
[INFO]           final def apply(e: Tuple2): Int = e._1$mcI$sp();
[INFO]           <synthetic> <paramaccessor> <artifact> private[this] val $outer: ikoda.sparse.RDDLabeledPointTransformations = _;
[INFO]           <synthetic> <stable> <artifact> def $outer(): ikoda.sparse.RDDLabeledPointTransformations = $anonfun.this.$outer;
[INFO]           final <bridge> <artifact> def apply(v1: Object): Object = $anonfun.this.apply(v1)
[INFO]         };
[INFO]         (new <$anon: Function1>(RDDLabeledPointTransformations.this): Function1)
[INFO]       }, (ClassTag.Int(): scala.reflect.ClassTag));
[INFO]       RDDLabeledPointTransformations.this.logger().debug({
[INFO]         @SerialVersionUID(value = 0) final <synthetic> class $anonfun extends scala.runtime.AbstractFunction0 with Serializable {
[INFO]           def <init>($outer: ikoda.sparse.RDDLabeledPointTransformations): <$anon: Function0> = {
[INFO]             $anonfun.super.<init>();
[INFO]             ()
[INFO]           };
[INFO]           final def apply(): String = "rdd2\n".+(scala.this.Predef.refArrayOps(rdd2.collect()).mkString("\n"));
[INFO]           <synthetic> <paramaccessor> <artifact> private[this] val $outer: ikoda.sparse.RDDLabeledPointTransformations = _;
[INFO]           <synthetic> <stable> <artifact> def $outer(): ikoda.sparse.RDDLabeledPointTransformations = $anonfun.this.$outer;
[INFO]           final <bridge> <artifact> def apply(): Object = $anonfun.this.apply()
[INFO]         };
[INFO]         (new <$anon: Function0>(RDDLabeledPointTransformations.this): Function0)
[INFO]       });
[INFO]       val rdd3: org.apache.spark.rdd.RDD = rdd2.map({
[INFO]         @SerialVersionUID(value = 0) final <synthetic> class $anonfun extends scala.runtime.AbstractFunction1 with Serializable {
[INFO]           def <init>($outer: ikoda.sparse.RDDLabeledPointTransformations): <$anon: Function1> = {
[INFO]             $anonfun.super.<init>();
[INFO]             ()
[INFO]           };
[INFO]           final def apply(e: Tuple2): Tuple2 = {
[INFO]             e._2().foreach({
[INFO]               @SerialVersionUID(value = 0) final <synthetic> class $anonfun extends scala.runtime.AbstractFunction1 with Serializable {
[INFO]                 def <init>($outer: <$anon: Function1>): <$anon: Function1> = {
[INFO]                   $anonfun.super.<init>();
[INFO]                   ()
[INFO]                 };
[INFO]                 final def apply(tuple: Tuple2): Unit = scala.this.Predef.require(tuple._1$mcI$sp().==(e._1$mcI$sp()));
[INFO]                 <synthetic> <paramaccessor> <artifact> private[this] val $outer: <$anon: Function1> = _;
[INFO]                 <synthetic> <stable> <artifact> def $outer(): <$anon: Function1> = $anonfun.this.$outer;
[INFO]                 final <bridge> <artifact> def apply(v1: Object): Object = $anonfun.this.apply(v1)
[INFO]               };
[INFO]               (new <$anon: Function1>($anonfun.this): Function1)
[INFO]             });
[INFO]             new Tuple2(e._1$mcI$sp(), e._2().map({
[INFO]   @SerialVersionUID(value = 0) final <synthetic> class $anonfun extends scala.runtime.AbstractFunction1 with Serializable {
[INFO]     def <init>($outer: <$anon: Function1>): <$anon: Function1> = {
[INFO]       $anonfun.super.<init>();
[INFO]       ()
[INFO]     };
[INFO]     final def apply(tuple: Tuple2): ikoda.sparse.CellTuple = tuple._2();
[INFO]     <synthetic> <paramaccessor> <artifact> private[this] val $outer: <$anon: Function1> = _;
[INFO]     <synthetic> <stable> <artifact> def $outer(): <$anon: Function1> = $anonfun.this.$outer;
[INFO]     final <bridge> <artifact> def apply(v1: Object): Object = $anonfun.this.apply(v1)
[INFO]   };
[INFO]   (new <$anon: Function1>($anonfun.this): Function1)
[INFO] }, collection.this.Iterable.canBuildFrom()).toSeq())
[INFO]           };
[INFO]           <synthetic> <paramaccessor> <artifact> private[this] val $outer: ikoda.sparse.RDDLabeledPointTransformations = _;
[INFO]           <synthetic> <stable> <artifact> def $outer(): ikoda.sparse.RDDLabeledPointTransformations = $anonfun.this.$outer;
[INFO]           final <bridge> <artifact> def apply(v1: Object): Object = $anonfun.this.apply(v1)
[INFO]         };
[INFO]         (new <$anon: Function1>(RDDLabeledPointTransformations.this): Function1)
[INFO]       }, (ClassTag.apply(classOf[scala.Tuple2]): scala.reflect.ClassTag));
[INFO]       RDDLabeledPointTransformations.this.logger().debug({
[INFO]         @SerialVersionUID(value = 0) final <synthetic> class $anonfun extends scala.runtime.AbstractFunction0 with Serializable {
[INFO]           def <init>($outer: ikoda.sparse.RDDLabeledPointTransformations): <$anon: Function0> = {
[INFO]             $anonfun.super.<init>();
[INFO]             ()
[INFO]           };
[INFO]           final def apply(): String = "rdd3\n".+(scala.this.Predef.refArrayOps(rdd3.collect()).mkString("\n"));
[ERROR]               (new <$anon: Function1>($anonfun.this): Function1)error: scala.reflect.internal.FatalError:
[ERROR]   unrecoverable error
[INFO]      while compiling: C:\Users\jake\__workspace\scalaProjects\ikodaSparse\src\main\scala\ikoda\sparse\RDDLabeledPointTransformations.scala
[INFO]         during phase: globalPhase=erasure, enteringPhase=posterasure
[INFO]      library version: version 2.11.11
[INFO]     compiler version: version 2.11.11
[INFO]           <synthetic> <paramaccessor> <artifact> private[this] val $outer: ikoda.sparse.RDDLabeledPointTransformations = _;
[INFO]           <synthetic> <stable> <artifact> def $outer(): ikoda.sparse.RDDLabeledPointTransformations = $anonfun.this.$outer;
[INFO]           final <bridge> <artifact> def apply(): Object = $anonfun.this.apply()
[INFO]         };
[INFO]         (new <$anon: Function0>(RDDLabeledPointTransformations.this): Function0)
[INFO]       });
[INFO]       {
[INFO]         <artifact> val x$7: Int = RDDLabeledPointTransformations.this.defaultPartitionSize();
[INFO]         <artifact> val x$8: scala.math.Ordering = rdd3.repartition$default$2(x$7);
[INFO]         rdd3.repartition(x$7, x$8)
[INFO]       }
[INFO]     } catch {
[INFO]       case (e @ (_: Exception)) => throw new ikoda.IKodaMLException(e.getMessage(), e)
[INFO]     }
[INFO]   }
[INFO] }
[INFO]   reconstructed args: -target:jvm-1.8 -classpath C:\Users\jake\__workspace\scalaProjects\ikodaSparse\target\classes;C:\Users\jake\.m2\repository\org\scala-lang\scala-library\2.11.11\scala-library-2.11.11.jar;C:\Users\jake\.m2\repository\org\scala-lang\modules\scala-xml_2.11\1.0.6\scala-xml_2.11-1.0.6.jar;C:\Users\jake\.m2\repository\org\clapper\grizzled-slf4j_2.11\1.3.1\grizzled-slf4j_2.11-1.3.1.jar;C:\Users\jake\.m2\repository\org\slf4j\slf4j-api\1.7.7\slf4j-api-1.7.7.jar;C:\Users\jake\.m2\repository\org\apache\spark\spark-sql_2.11\2.2.0\spark-sql_2.11-2.2.0.jar;C:\Users\jake\.m2\repository\com\univocity\univocity-parsers\2.2.1\univocity-parsers-2.2.1.jar;C:\Users\jake\.m2\repository\org\apache\spark\spark-sketch_2.11\2.2.0\spark-sketch_2.11-2.2.0.jar;C:\Users\jake\.m2\repository\org\apache\spark\spark-catalyst_2.11\2.2.0\spark-catalyst_2.11-2.2.0.jar;C:\Users\jake\.m2\repository\org\codehaus\janino\janino\3.0.0\janino-3.0.0.jar;C:\Users\jake\.m2\repository\org\codehaus\janino\commons-compiler\3.0.0\commons-compiler-3.0.0.jar;C:\Users\jake\.m2\repository\org\antlr\antlr4-runtime\4.5.3\antlr4-runtime-4.5.3.jar;C:\Users\jake\.m2\repository\commons-codec\commons-codec\1.10\commons-codec-1.10.jar;C:\Users\jake\.m2\repository\org\apache\spark\spark-tags_2.11\2.2.0\spark-tags_2.11-2.2.0.jar;C:\Users\jake\.m2\repository\org\apache\parquet\parquet-column\1.8.2\parquet-column-1.8.2.jar;C:\Users\jake\.m2\repository\org\apache\parquet\parquet-common\1.8.2\parquet-common-1.8.2.jar;C:\Users\jake\.m2\repository\org\apache\parquet\parquet-encoding\1.8.2\parquet-encoding-1.8.2.jar;C:\Users\jake\.m2\repository\org\apache\parquet\parquet-hadoop\1.8.2\parquet-hadoop-1.8.2.jar;C:\Users\jake\.m2\repository\org\apache\parquet\parquet-format\2.3.1\parquet-format-2.3.1.jar;C:\Users\jake\.m2\repository\org\apache\parquet\parquet-jackson\1.8.2\parquet-jackson-1.8.2.jar;C:\Users\jake\.m2\repository\org\codehaus\jackson\jackson-mapper-asl\1.9.11\jackson-mapper-asl-1.9.11.jar;C:\Users\jake\.m2\repository\org\codehaus\jackson\jackson-core-asl\1.9.11\jackson-core-asl-1.9.11.jar;C:\Users\jake\.m2\repository\com\fasterxml\jackson\core\jackson-databind\2.6.5\jackson-databind-2.6.5.jar;C:\Users\jake\.m2\repository\com\fasterxml\jackson\core\jackson-annotations\2.6.0\jackson-annotations-2.6.0.jar;C:\Users\jake\.m2\repository\com\fasterxml\jackson\core\jackson-core\2.6.5\jackson-core-2.6.5.jar;C:\Users\jake\.m2\repository\org\apache\xbean\xbean-asm5-shaded\4.4\xbean-asm5-shaded-4.4.jar;C:\Users\jake\.m2\repository\org\spark-project\spark\unused\1.0.0\unused-1.0.0.jar;C:\Users\jake\.m2\repository\org\apache\spark\spark-core_2.11\2.2.0\spark-core_2.11-2.2.0.jar;C:\Users\jake\.m2\repository\org\apache\avro\avro\1.7.7\avro-1.7.7.jar;C:\Users\jake\.m2\repository\org\apache\commons\commons-compress\1.4.1\commons-compress-1.4.1.jar;C:\Users\jake\.m2\repository\org\tukaani\xz\1.0\xz-1.0.jar;C:\Users\jake\.m2\repository\org\apache\avro\avro-mapred\1.7.7\avro-mapred-1.7.7-hadoop2.jar;C:\Users\jake\.m2\repository\org\apache\avro\avro-ipc\1.7.7\avro-ipc-1.7.7.jar;C:\Users\jake\.m2\repository\org\apache\avro\avro-ipc\1.7.7\avro-ipc-1.7.7-tests.jar;C:\Users\jake\.m2\repository\com\twitter\chill_2.11\0.8.0\chill_2.11-0.8.0.jar;C:\Users\jake\.m2\repository\com\esotericsoftware\kryo-shaded\3.0.3\kryo-shaded-3.0.3.jar;C:\Users\jake\.m2\repository\com\esotericsoftware\minlog\1.3.0\minlog-1.3.0.jar;C:\Users\jake\.m2\repository\org\objenesis\objenesis\2.1\objenesis-2.1.jar;C:\Users\jake\.m2\repository\com\twitter\chill-java\0.8.0\chill-java-0.8.0.jar;C:\Users\jake\.m2\repository\org\apache\hadoop\hadoop-client\2.6.5\hadoop-client-2.6.5.jar;C:\Users\jake\.m2\repository\org\apache\hadoop\hadoop-common\2.6.5\hadoop-common-2.6.5.jar;C:\Users\jake\.m2\repository\commons-cli\commons-cli\1.2\commons-cli-1.2.jar;C:\Users\jake\.m2\repository\xmlenc\xmlenc\0.52\xmlenc-0.52.jar;C:\Users\jake\.m2\repository\commons-httpclient\commons-httpclient\3.1\commons-httpclient-3.1.jar;C:\Users\jake\.m2\repository\commons-lang\commons-lang\2.6\commons-lang-2.6.jar;C:\Users\jake\.m2\repository\commons-configuration\commons-configuration\1.6\commons-configuration-1.6.jar;C:\Users\jake\.m2\repository\commons-digester\commons-digester\1.8\commons-digester-1.8.jar;C:\Users\jake\.m2\repository\commons-beanutils\commons-beanutils-core\1.8.0\commons-beanutils-core-1.8.0.jar;C:\Users\jake\.m2\repository\com\google\code\gson\gson\2.2.4\gson-2.2.4.jar;C:\Users\jake\.m2\repository\org\apache\hadoop\hadoop-auth\2.6.5\hadoop-auth-2.6.5.jar;C:\Users\jake\.m2\repository\org\apache\directory\server\apacheds-kerberos-codec\2.0.0-M15\apacheds-kerberos-codec-2.0.0-M15.jar;C:\Users\jake\.m2\repository\org\apache\directory\server\apacheds-i18n\2.0.0-M15\apacheds-i18n-2.0.0-M15.jar;C:\Users\jake\.m2\repository\org\apache\directory\api\api-asn1-api\1.0.0-M20\api-asn1-api-1.0.0-M20.jar;C:\Users\jake\.m2\repository\org\apache\directory\api\api-util\1.0.0-M20\api-util-1.0.0-M20.jar;C:\Users\jake\.m2\repository\org\apache\curator\curator-client\2.6.0\curator-client-2.6.0.jar;C:\Users\jake\.m2\repository\org\htrace\htrace-core\3.0.4\htrace-core-3.0.4.jar;C:\Users\jake\.m2\repository\org\apache\hadoop\hadoop-hdfs\2.6.5\hadoop-hdfs-2.6.5.jar;C:\Users\jake\.m2\repository\org\mortbay\jetty\jetty-util\6.1.26\jetty-util-6.1.26.jar;C:\Users\jake\.m2\repository\org\apache\hadoop\hadoop-mapreduce-client-app\2.6.5\hadoop-mapreduce-client-app-2.6.5.jar;C:\Users\jake\.m2\repository\org\apache\hadoop\hadoop-mapreduce-client-common\2.6.5\hadoop-mapreduce-client-common-2.6.5.jar;C:\Users\jake\.m2\repository\org\apache\hadoop\hadoop-yarn-client\2.6.5\hadoop-yarn-client-2.6.5.jar;C:\Users\jake\.m2\repository\org\apache\hadoop\hadoop-yarn-server-common\2.6.5\hadoop-yarn-server-common-2.6.5.jar;C:\Users\jake\.m2\repository\org\apache\hadoop\hadoop-mapreduce-client-shuffle\2.6.5\hadoop-mapreduce-client-shuffle-2.6.5.jar;C:\Users\jake\.m2\repository\org\apache\hadoop\hadoop-yarn-api\2.6.5\hadoop-yarn-api-2.6.5.jar;C:\Users\jake\.m2\repository\org\apache\hadoop\hadoop-mapreduce-client-core\2.6.5\hadoop-mapreduce-client-core-2.6.5.jar;C:\Users\jake\.m2\repository\org\apache\hadoop\hadoop-yarn-common\2.6.5\hadoop-yarn-common-2.6.5.jar;C:\Users\jake\.m2\repository\org\codehaus\jackson\jackson-jaxrs\1.9.13\jackson-jaxrs-1.9.13.jar;C:\Users\jake\.m2\repository\org\codehaus\jackson\jackson-xc\1.9.13\jackson-xc-1.9.13.jar;C:\Users\jake\.m2\repository\org\apache\hadoop\hadoop-mapreduce-client-jobclient\2.6.5\hadoop-mapreduce-client-jobclient-2.6.5.jar;C:\Users\jake\.m2\repository\org\apache\hadoop\hadoop-annotations\2.6.5\hadoop-annotations-2.6.5.jar;C:\Users\jake\.m2\repository\org\apache\spark\spark-launcher_2.11\2.2.0\spark-launcher_2.11-2.2.0.jar;C:\Users\jake\.m2\repository\org\apache\spark\spark-network-common_2.11\2.2.0\spark-network-common_2.11-2.2.0.jar;C:\Users\jake\.m2\repository\org\fusesource\leveldbjni\leveldbjni-all\1.8\leveldbjni-all-1.8.jar;C:\Users\jake\.m2\repository\org\apache\spark\spark-network-shuffle_2.11\2.2.0\spark-network-shuffle_2.11-2.2.0.jar;C:\Users\jake\.m2\repository\org\apache\spark\spark-unsafe_2.11\2.2.0\spark-unsafe_2.11-2.2.0.jar;C:\Users\jake\.m2\repository\net\java\dev\jets3t\jets3t\0.9.3\jets3t-0.9.3.jar;C:\Users\jake\.m2\repository\org\apache\httpcomponents\httpcore\4.3.3\httpcore-4.3.3.jar;C:\Users\jake\.m2\repository\javax\activation\activation\1.1.1\activation-1.1.1.jar;C:\Users\jake\.m2\repository\mx4j\mx4j\3.0.2\mx4j-3.0.2.jar;C:\Users\jake\.m2\repository\javax\mail\mail\1.4.7\mail-1.4.7.jar;C:\Users\jake\.m2\repository\org\bouncycastle\bcprov-jdk15on\1.51\bcprov-jdk15on-1.51.jar;C:\Users\jake\.m2\repository\com\jamesmurty\utils\java-xmlbuilder\1.0\java-xmlbuilder-1.0.jar;C:\Users\jake\.m2\repository\net\iharder\base64\2.3.8\base64-2.3.8.jar;C:\Users\jake\.m2\repository\org\apache\curator\curator-recipes\2.6.0\curator-recipes-2.6.0.jar;C:\Users\jake\.m2\repository\org\apache\curator\curator-framework\2.6.0\curator-framework-2.6.0.jar;C:\Users\jake\.m2\repository\org\apache\zookeeper\zookeeper\3.4.6\zookeeper-3.4.6.jar;C:\Users\jake\.m2\repository\javax\servlet\javax.servlet-api\3.1.0\javax.servlet-api-3.1.0.jar;C:\Users\jake\.m2\repository\org\apache\commons\commons-lang3\3.5\commons-lang3-3.5.jar;C:\Users\jake\.m2\repository\com\google\code\findbugs\jsr305\1.3.9\jsr305-1.3.9.jar;C:\Users\jake\.m2\repository\org\slf4j\jul-to-slf4j\1.7.16\jul-to-slf4j-1.7.16.jar;C:\Users\jake\.m2\repository\org\slf4j\jcl-over-slf4j\1.7.16\jcl-over-slf4j-1.7.16.jar;C:\Users\jake\.m2\repository\log4j\log4j\1.2.17\log4j-1.2.17.jar;C:\Users\jake\.m2\repository\org\slf4j\slf4j-log4j12\1.7.16\slf4j-log4j12-1.7.16.jar;C:\Users\jake\.m2\repository\com\ning\compress-lzf\1.0.3\compress-lzf-1.0.3.jar;C:\Users\jake\.m2\repository\org\xerial\snappy\snappy-java\1.1.2.6\snappy-java-1.1.2.6.jar;C:\Users\jake\.m2\repository\net\jpountz\lz4\lz4\1.3.0\lz4-1.3.0.jar;C:\Users\jake\.m2\repository\org\roaringbitmap\RoaringBitmap\0.5.11\RoaringBitmap-0.5.11.jar;C:\Users\jake\.m2\repository\commons-net\commons-net\2.2\commons-net-2.2.jar;C:\Users\jake\.m2\repository\org\json4s\json4s-jackson_2.11\3.2.11\json4s-jackson_2.11-3.2.11.jar;C:\Users\jake\.m2\repository\org\json4s\json4s-core_2.11\3.2.11\json4s-core_2.11-3.2.11.jar;C:\Users\jake\.m2\repository\org\json4s\json4s-ast_2.11\3.2.11\json4s-ast_2.11-3.2.11.jar;C:\Users\jake\.m2\repository\org\scala-lang\scalap\2.11.0\scalap-2.11.0.jar;C:\Users\jake\.m2\repository\org\scala-lang\scala-compiler\2.11.0\scala-compiler-2.11.0.jar;C:\Users\jake\.m2\repository\org\scala-lang\modules\scala-parser-combinators_2.11\1.0.1\scala-parser-combinators_2.11-1.0.1.jar;C:\Users\jake\.m2\repository\org\glassfish\jersey\core\jersey-client\2.22.2\jersey-client-2.22.2.jar;C:\Users\jake\.m2\repository\javax\ws\rs\javax.ws.rs-api\2.0.1\javax.ws.rs-api-2.0.1.jar;C:\Users\jake\.m2\repository\org\glassfish\hk2\hk2-api\2.4.0-b34\hk2-api-2.4.0-b34.jar;C:\Users\jake\.m2\repository\org\glassfish\hk2\hk2-utils\2.4.0-b34\hk2-utils-2.4.0-b34.jar;C:\Users\jake\.m2\repository\org\glassfish\hk2\external\aopalliance-repackaged\2.4.0-b34\aopalliance-repackaged-2.4.0-b34.jar;C:\Users\jake\.m2\repository\org\glassfish\hk2\external\javax.inject\2.4.0-b34\javax.inject-2.4.0-b34.jar;C:\Users\jake\.m2\repository\org\glassfish\hk2\hk2-locator\2.4.0-b34\hk2-locator-2.4.0-b34.jar;C:\Users\jake\.m2\repository\org\javassist\javassist\3.18.1-GA\javassist-3.18.1-GA.jar;C:\Users\jake\.m2\repository\org\glassfish\jersey\core\jersey-common\2.22.2\jersey-common-2.22.2.jar;C:\Users\jake\.m2\repository\javax\annotation\javax.annotation-api\1.2\javax.annotation-api-1.2.jar;C:\Users\jake\.m2\repository\org\glassfish\jersey\bundles\repackaged\jersey-guava\2.22.2\jersey-guava-2.22.2.jar;C:\Users\jake\.m2\repository\org\glassfish\hk2\osgi-resource-locator\1.0.1\osgi-resource-locator-1.0.1.jar;C:\Users\jake\.m2\repository\org\glassfish\jersey\core\jersey-server\2.22.2\jersey-server-2.22.2.jar;C:\Users\jake\.m2\repository\org\glassfish\jersey\media\jersey-media-jaxb\2.22.2\jersey-media-jaxb-2.22.2.jar;C:\Users\jake\.m2\repository\javax\validation\validation-api\1.1.0.Final\validation-api-1.1.0.Final.jar;C:\Users\jake\.m2\repository\org\glassfish\jersey\containers\jersey-container-servlet\2.22.2\jersey-container-servlet-2.22.2.jar;C:\Users\jake\.m2\repository\org\glassfish\jersey\containers\jersey-container-servlet-core\2.22.2\jersey-container-servlet-core-2.22.2.jar;C:\Users\jake\.m2\repository\io\netty\netty-all\4.0.43.Final\netty-all-4.0.43.Final.jar;C:\Users\jake\.m2\repository\io\netty\netty\3.9.9.Final\netty-3.9.9.Final.jar;C:\Users\jake\.m2\repository\com\clearspring\analytics\stream\2.7.0\stream-2.7.0.jar;C:\Users\jake\.m2\repository\io\dropwizard\metrics\metrics-core\3.1.2\metrics-core-3.1.2.jar;C:\Users\jake\.m2\repository\io\dropwizard\metrics\metrics-jvm\3.1.2\metrics-jvm-3.1.2.jar;C:\Users\jake\.m2\repository\io\dropwizard\metrics\metrics-json\3.1.2\metrics-json-3.1.2.jar;C:\Users\jake\.m2\repository\io\dropwizard\metrics\metrics-graphite\3.1.2\metrics-graphite-3.1.2.jar;C:\Users\jake\.m2\repository\com\fasterxml\jackson\module\jackson-module-scala_2.11\2.6.5\jackson-module-scala_2.11-2.6.5.jar;C:\Users\jake\.m2\repository\com\fasterxml\jackson\module\jackson-module-paranamer\2.6.5\jackson-module-paranamer-2.6.5.jar;C:\Users\jake\.m2\repository\org\apache\ivy\ivy\2.4.0\ivy-2.4.0.jar;C:\Users\jake\.m2\repository\oro\oro\2.0.8\oro-2.0.8.jar;C:\Users\jake\.m2\repository\net\razorvine\pyrolite\4.13\pyrolite-4.13.jar;C:\Users\jake\.m2\repository\net\sf\py4j\py4j\0.10.4\py4j-0.10.4.jar;C:\Users\jake\.m2\repository\org\apache\commons\commons-crypto\1.0.0\commons-crypto-1.0.0.jar;C:\Users\jake\.m2\repository\org\scala-lang\scala-reflect\2.11.12\scala-reflect-2.11.12.jar;C:\Users\jake\.m2\repository\com\google\guava\guava\15.0\guava-15.0.jar;C:\Users\jake\.m2\repository\org\apache\spark\spark-streaming_2.11\2.2.0\spark-streaming_2.11-2.2.0.jar;C:\Users\jake\.m2\repository\org\apache\spark\spark-mllib_2.11\2.2.0\spark-mllib_2.11-2.2.0.jar;C:\Users\jake\.m2\repository\org\apache\spark\spark-mllib-local_2.11\2.2.0\spark-mllib-local_2.11-2.2.0.jar;C:\Users\jake\.m2\repository\org\scalanlp\breeze_2.11\0.13.1\breeze_2.11-0.13.1.jar;C:\Users\jake\.m2\repository\org\scalanlp\breeze-macros_2.11\0.13.1\breeze-macros_2.11-0.13.1.jar;C:\Users\jake\.m2\repository\net\sf\opencsv\opencsv\2.3\opencsv-2.3.jar;C:\Users\jake\.m2\repository\com\github\rwl\jtransforms\2.4.0\jtransforms-2.4.0.jar;C:\Users\jake\.m2\repository\org\spire-math\spire_2.11\0.13.0\spire_2.11-0.13.0.jar;C:\Users\jake\.m2\repository\org\spire-math\spire-macros_2.11\0.13.0\spire-macros_2.11-0.13.0.jar;C:\Users\jake\.m2\repository\org\typelevel\machinist_2.11\0.6.1\machinist_2.11-0.6.1.jar;C:\Users\jake\.m2\repository\com\chuusai\shapeless_2.11\2.3.2\shapeless_2.11-2.3.2.jar;C:\Users\jake\.m2\repository\org\typelevel\macro-compat_2.11\1.1.1\macro-compat_2.11-1.1.1.jar;C:\Users\jake\.m2\repository\org\jpmml\pmml-model\1.2.15\pmml-model-1.2.15.jar;C:\Users\jake\.m2\repository\org\jpmml\pmml-schema\1.2.15\pmml-schema-1.2.15.jar;C:\Users\jake\.m2\repository\org\apache\spark\spark-graphx_2.11\2.2.0\spark-graphx_2.11-2.2.0.jar;C:\Users\jake\.m2\repository\com\github\fommil\netlib\core\1.1.2\core-1.1.2.jar;C:\Users\jake\.m2\repository\net\sourceforge\f2j\arpack_combined_all\0.1\arpack_combined_all-0.1.jar;C:\Users\jake\.m2\repository\com\typesafe\config\1.3.2\config-1.3.2.jar;C:\Users\jake\.m2\repository\org\json4s\json4s-core_2.12\3.6.0-M4\json4s-core_2.12-3.6.0-M4.jar;C:\Users\jake\.m2\repository\org\json4s\json4s-ast_2.12\3.6.0-M4\json4s-ast_2.12-3.6.0-M4.jar;C:\Users\jake\.m2\repository\org\json4s\json4s-scalap_2.12\3.6.0-M4\json4s-scalap_2.12-3.6.0-M4.jar;C:\Users\jake\.m2\repository\com\thoughtworks\paranamer\paranamer\2.8\paranamer-2.8.jar;C:\Users\jake\.m2\repository\com\github\scopt\scopt_2.10\3.2.0\scopt_2.10-3.2.0.jar;C:\Users\jake\.m2\repository\ikoda\ikoda-utils\0.0.1-SNAPSHOT\ikoda-utils-0.0.1-SNAPSHOT.jar;C:\Users\jake\.m2\repository\org\apache\logging\log4j\log4j-core\2.8.2\log4j-core-2.8.2.jar;C:\Users\jake\.m2\repository\org\apache\logging\log4j\log4j-api\2.8.2\log4j-api-2.8.2.jar;C:\Users\jake\.m2\repository\org\springframework\spring-beans\4.2.4.RELEASE\spring-beans-4.2.4.RELEASE.jar;C:\Users\jake\.m2\repository\net\sourceforge\htmlunit\htmlunit\2.22\htmlunit-2.22.jar;C:\Users\jake\.m2\repository\xalan\xalan\2.7.2\xalan-2.7.2.jar;C:\Users\jake\.m2\repository\xalan\serializer\2.7.2\serializer-2.7.2.jar;C:\Users\jake\.m2\repository\org\apache\httpcomponents\httpmime\4.5.2\httpmime-4.5.2.jar;C:\Users\jake\.m2\repository\net\sourceforge\htmlunit\htmlunit-core-js\2.22\htmlunit-core-js-2.22.jar;C:\Users\jake\.m2\repository\net\sourceforge\htmlunit\neko-htmlunit\2.21\neko-htmlunit-2.21.jar;C:\Users\jake\.m2\repository\net\sourceforge\cssparser\cssparser\0.9.19\cssparser-0.9.19.jar;C:\Users\jake\.m2\repository\org\w3c\css\sac\1.3\sac-1.3.jar;C:\Users\jake\.m2\repository\commons-io\commons-io\2.5\commons-io-2.5.jar;C:\Users\jake\.m2\repository\commons-logging\commons-logging\1.2\commons-logging-1.2.jar;C:\Users\jake\.m2\repository\org\eclipse\jetty\websocket\websocket-client\9.2.17.v20160517\websocket-client-9.2.17.v20160517.jar;C:\Users\jake\.m2\repository\org\eclipse\jetty\jetty-util\9.2.17.v20160517\jetty-util-9.2.17.v20160517.jar;C:\Users\jake\.m2\repository\org\eclipse\jetty\jetty-io\9.2.17.v20160517\jetty-io-9.2.17.v20160517.jar;C:\Users\jake\.m2\repository\org\eclipse\jetty\websocket\websocket-common\9.2.17.v20160517\websocket-common-9.2.17.v20160517.jar;C:\Users\jake\.m2\repository\org\eclipse\jetty\websocket\websocket-api\9.2.17.v20160517\websocket-api-9.2.17.v20160517.jar;C:\Users\jake\.m2\repository\org\springframework\spring-web\4.2.4.RELEASE\spring-web-4.2.4.RELEASE.jar;C:\Users\jake\.m2\repository\org\springframework\spring-aop\4.2.4.RELEASE\spring-aop-4.2.4.RELEASE.jar;C:\Users\jake\.m2\repository\aopalliance\aopalliance\1.0\aopalliance-1.0.jar;C:\Users\jake\.m2\repository\org\springframework\spring-context\4.2.4.RELEASE\spring-context-4.2.4.RELEASE.jar;C:\Users\jake\.m2\repository\org\springframework\spring-expression\4.2.4.RELEASE\spring-expression-4.2.4.RELEASE.jar;C:\Users\jake\.m2\repository\org\springframework\integration\spring-integration-mail\4.2.5.RELEASE\spring-integration-mail-4.2.5.RELEASE.jar;C:\Users\jake\.m2\repository\org\springframework\integration\spring-integration-core\4.2.5.RELEASE\spring-integration-core-4.2.5.RELEASE.jar;C:\Users\jake\.m2\repository\org\springframework\retry\spring-retry\1.1.2.RELEASE\spring-retry-1.1.2.RELEASE.jar;C:\Users\jake\.m2\repository\org\springframework\spring-messaging\4.2.4.RELEASE\spring-messaging-4.2.4.RELEASE.jar;C:\Users\jake\.m2\repository\org\springframework\spring-context-support\4.2.4.RELEASE\spring-context-support-4.2.4.RELEASE.jar;C:\Users\jake\.m2\repository\javax\mail\javax.mail-api\1.5.5\javax.mail-api-1.5.5.jar;C:\Users\jake\.m2\repository\com\sun\mail\javax.mail\1.5.5\javax.mail-1.5.5.jar;C:\Users\jake\.m2\repository\org\apache\commons\commons-csv\1.5\commons-csv-1.5.jar;C:\Users\jake\.m2\repository\org\apache\httpcomponents\httpclient\4.5.5\httpclient-4.5.5.jar;C:\Users\jake\.m2\repository\ikoda\ikodatext-textAnalysis\0.0.1-SNAPSHOT\ikodatext-textAnalysis-0.0.1-SNAPSHOT.jar;C:\Users\jake\.m2\repository\org\springframework\spring-core\4.2.4.RELEASE\spring-core-4.2.4.RELEASE.jar;C:\Users\jake\.m2\repository\com\googlecode\json-simple\json-simple\1.1.1\json-simple-1.1.1.jar;C:\Users\jake\.m2\repository\joda-time\joda-time\2.8.1\joda-time-2.8.1.jar;C:\Users\jake\.m2\repository\ikoda\ikodatext-netio\0.0.1-SNAPSHOT\ikodatext-netio-0.0.1-SNAPSHOT.jar;C:\Users\jake\.m2\repository\org\jsoup\jsoup\1.9.2\jsoup-1.9.2.jar;C:\Users\jake\.m2\repository\ikoda\ikodatext-fileio\0.0.1-SNAPSHOT\ikodatext-fileio-0.0.1-SNAPSHOT.jar;C:\Users\jake\.m2\repository\com\itextpdf\itextpdf\5.5.11\itextpdf-5.5.11.jar;C:\Users\jake\.m2\repository\com\itextpdf\itext-pdfa\5.5.11\itext-pdfa-5.5.11.jar;C:\Users\jake\.m2\repository\com\itextpdf\itext-xtra\5.5.11\itext-xtra-5.5.11.jar;C:\Users\jake\.m2\repository\org\apache\commons\commons-imaging\1.0-SNAPSHOT\commons-imaging-1.0-SNAPSHOT.jar;C:\Users\jake\.m2\repository\com\itextpdf\tool\xmlworker\5.5.11\xmlworker-5.5.11.jar;C:\Users\jake\.m2\repository\org\bouncycastle\bcpkix-jdk15on\1.49\bcpkix-jdk15on-1.49.jar;C:\Users\jake\.m2\repository\ikoda\ikodatext-persistence\0.0.1-SNAPSHOT\ikodatext-persistence-0.0.1-SNAPSHOT.jar;C:\Users\jake\.m2\repository\org\springframework\spring-tx\4.2.4.RELEASE\spring-tx-4.2.4.RELEASE.jar;C:\Users\jake\.m2\repository\org\springframework\spring-orm\4.2.4.RELEASE\spring-orm-4.2.4.RELEASE.jar;C:\Users\jake\.m2\repository\org\springframework\spring-jdbc\4.2.4.RELEASE\spring-jdbc-4.2.4.RELEASE.jar;C:\Users\jake\.m2\repository\org\postgresql\postgresql\42.2.2\postgresql-42.2.2.jar;C:\Users\jake\.m2\repository\org\hibernate\hibernate-c3p0\5.2.12.Final\hibernate-c3p0-5.2.12.Final.jar;C:\Users\jake\.m2\repository\com\mchange\c3p0\0.9.5.2\c3p0-0.9.5.2.jar;C:\Users\jake\.m2\repository\com\mchange\mchange-commons-java\0.2.11\mchange-commons-java-0.2.11.jar;C:\Users\jake\.m2\repository\ikoda\rbridge\1.0-SNAPSHOT\rbridge-1.0-SNAPSHOT.jar;C:\Users\jake\.m2\repository\org\ddahl\rscala_2.12\2.3.1\rscala_2.12-2.3.1.jar;C:\Users\jake\.m2\repository\com\datastax\spark\spark-cassandra-connector_2.11\2.0.7\spark-cassandra-connector_2.11-2.0.7.jar;C:\Users\jake\.m2\repository\com\twitter\jsr166e\1.1.0\jsr166e-1.1.0.jar;C:\Users\jake\.m2\repository\commons-beanutils\commons-beanutils\1.9.3\commons-beanutils-1.9.3.jar;C:\Users\jake\.m2\repository\commons-collections\commons-collections\3.2.2\commons-collections-3.2.2.jar;C:\Users\jake\.m2\repository\org\joda\joda-convert\1.2\joda-convert-1.2.jar;C:\Users\jake\.m2\repository\javax\xml\bind\jaxb-api\2.2.7\jaxb-api-2.2.7.jar;C:\Users\jake\.m2\repository\xml-apis\xml-apis\1.3.03\xml-apis-1.3.03.jar;C:\Users\jake\.m2\repository\xerces\xercesImpl\2.8.0\xercesImpl-2.8.0.jar;C:\Users\jake\.m2\repository\com\google\protobuf\protobuf-java\3.2.0\protobuf-java-3.2.0.jar;C:\Users\jake\.m2\repository\org\apache\commons\commons-math3\3.6.1\commons-math3-3.6.1.jar;C:\Users\jake\.m2\repository\com\github\pathikrit\better-files_2.11\3.4.0\better-files_2.11-3.4.0.jar -d C:\Users\jake\__workspace\scalaProjects\ikodaSparse\target\classes
[INFO] 
[INFO]   last tree to typer: TypeTree(trait TraversableOnce)
[INFO]        tree position: line 25 of C:\Users\jake\__workspace\scalaProjects\ikodaSparse\src\main\scala\ikoda\sparse\RDDLabeledPointTransformations.scala
[INFO]             tree tpe: collection.TraversableOnce
[INFO]               symbol: abstract trait TraversableOnce in package collection
[INFO]    symbol definition: abstract trait TraversableOnce extends GenTraversableOnce (a ClassSymbol)
[INFO]       symbol package: scala.collection
[INFO]        symbol owners: trait TraversableOnce
[INFO]            call site: method transformColumnsMapToLabeledPointRDD$default$3 in class RDDLabeledPointTransformations in package sparse
[INFO] 
[INFO] == Source file context for tree position ==
[INFO] 
[INFO]     22                                           spark: SparkSession,
[INFO]     23                                           columnsMap: Map[Int, Seq[CellTuple]],
[INFO]     24                                           oldNewColumnIndexMap: Map[Int, Int] = HashMap[Int, Int]().toMap,
[INFO]     25                                           allowRowCountChange: Boolean
[INFO]     26                                         ): Unit =
[INFO]     27   {
[INFO]     28
[INFO] 	at scala.reflect.internal.Reporting$class.abort(Reporting.scala:59)
[INFO] 	at scala.reflect.internal.SymbolTable.abort(SymbolTable.scala:16)
[INFO] 	at scala.tools.nsc.transform.Erasure$Eraser.typed1(Erasure.scala:719)
[INFO] 	at scala.tools.nsc.typechecker.Typers$Typer.runTyper$1(Typers.scala:5423)
[INFO] 	at scala.tools.nsc.typechecker.Typers$Typer.scala$tools$nsc$typechecker$Typers$Typer$$typedInternal(Typers.scala:5450)
[INFO] 	at scala.tools.nsc.typechecker.Typers$Typer.body$2(Typers.scala:5397)
[INFO] 	at scala.tools.nsc.typechecker.Typers$Typer.typed(Typers.scala:5401)
[INFO] 	at scala.tools.nsc.typechecker.Typers$Typer.transformedOrTyped(Typers.scala:5634)
[INFO] 	at scala.tools.nsc.typechecker.Typers$Typer.typedDefDef(Typers.scala:2203)
[INFO] 	at scala.tools.nsc.typechecker.Typers$Typer.typedMemberDef$1(Typers.scala:5335)
[INFO] 	at scala.tools.nsc.typechecker.Typers$Typer.typed1(Typers.scala:5386)
[INFO] 	at scala.tools.nsc.transform.Erasure$Eraser.typed1(Erasure.scala:712)
[INFO] 	at scala.tools.nsc.typechecker.Typers$Typer.runTyper$1(Typers.scala:5423)
[INFO] 	at scala.tools.nsc.typechecker.Typers$Typer.scala$tools$nsc$typechecker$Typers$Typer$$typedInternal(Typers.scala:5450)
[INFO] 	at scala.tools.nsc.typechecker.Typers$Typer.body$2(Typers.scala:5397)
[INFO] 	at scala.tools.nsc.typechecker.Typers$Typer.typed(Typers.scala:5401)
[INFO] 	at scala.tools.nsc.typechecker.Typers$Typer.typedByValueExpr(Typers.scala:5481)
[INFO] 	at scala.tools.nsc.typechecker.Typers$Typer.scala$tools$nsc$typechecker$Typers$Typer$$typedStat$1(Typers.scala:3042)
[INFO] 	at scala.tools.nsc.typechecker.Typers$Typer$$anonfun$65.apply(Typers.scala:3150)
[INFO] 	at scala.tools.nsc.typechecker.Typers$Typer$$anonfun$65.apply(Typers.scala:3150)
[INFO] 	at scala.collection.immutable.List.loop$1(List.scala:176)
[INFO] 	at scala.collection.immutable.List.mapConserve(List.scala:200)
[INFO] 	at scala.tools.nsc.typechecker.Typers$Typer.typedStats(Typers.scala:3150)
[INFO] 	at scala.tools.nsc.typechecker.Typers$Typer.typedTemplate(Typers.scala:1916)
[INFO] 	at scala.tools.nsc.typechecker.Typers$Typer.typedClassDef(Typers.scala:1757)
[INFO] 	at scala.tools.nsc.typechecker.Typers$Typer.typedMemberDef$1(Typers.scala:5336)
[INFO] 	at scala.tools.nsc.typechecker.Typers$Typer.typed1(Typers.scala:5386)
[INFO] 	at scala.tools.nsc.transform.Erasure$Eraser.typed1(Erasure.scala:712)
[INFO] 	at scala.tools.nsc.typechecker.Typers$Typer.runTyper$1(Typers.scala:5423)
[INFO] 	at scala.tools.nsc.typechecker.Typers$Typer.scala$tools$nsc$typechecker$Typers$Typer$$typedInternal(Typers.scala:5450)
[INFO] 	at scala.tools.nsc.typechecker.Typers$Typer.body$2(Typers.scala:5397)
[INFO] 	at scala.tools.nsc.typechecker.Typers$Typer.typed(Typers.scala:5401)
[INFO] 	at scala.tools.nsc.typechecker.Typers$Typer.typedByValueExpr(Typers.scala:5481)
[INFO] 	at scala.tools.nsc.typechecker.Typers$Typer.scala$tools$nsc$typechecker$Typers$Typer$$typedStat$1(Typers.scala:3042)
[INFO] 	at scala.tools.nsc.typechecker.Typers$Typer$$anonfun$65.apply(Typers.scala:3150)
[INFO] 	at scala.tools.nsc.typechecker.Typers$Typer$$anonfun$65.apply(Typers.scala:3150)
[INFO] 	at scala.collection.immutable.List.loop$1(List.scala:176)
[INFO] 	at scala.collection.immutable.List.mapConserve(List.scala:200)
[INFO] 	at scala.tools.nsc.typechecker.Typers$Typer.typedStats(Typers.scala:3150)
[INFO] 	at scala.tools.nsc.typechecker.Typers$Typer.typedPackageDef$1(Typers.scala:5042)
[INFO] 	at scala.tools.nsc.typechecker.Typers$Typer.typedMemberDef$1(Typers.scala:5339)
[INFO] 	at scala.tools.nsc.typechecker.Typers$Typer.typed1(Typers.scala:5386)
[INFO] 	at scala.tools.nsc.transform.Erasure$Eraser.typed1(Erasure.scala:712)
[INFO] 	at scala.tools.nsc.typechecker.Typers$Typer.runTyper$1(Typers.scala:5423)
[INFO] 	at scala.tools.nsc.typechecker.Typers$Typer.scala$tools$nsc$typechecker$Typers$Typer$$typedInternal(Typers.scala:5450)
[INFO] 	at scala.tools.nsc.typechecker.Typers$Typer.body$2(Typers.scala:5397)
[INFO] 	at scala.tools.nsc.typechecker.Typers$Typer.typed(Typers.scala:5401)
[INFO] 	at scala.tools.nsc.typechecker.Typers$Typer.typed(Typers.scala:5477)
[INFO] 	at scala.tools.nsc.transform.Erasure$ErasureTransformer$$anonfun$transform$2.apply(Erasure.scala:1182)
[INFO] 	at scala.tools.nsc.transform.Erasure$ErasureTransformer$$anonfun$transform$2.apply(Erasure.scala:1178)
[INFO] 	at scala.reflect.internal.SymbolTable.enteringPhase(SymbolTable.scala:235)
[INFO] 	at scala.reflect.internal.SymbolTable.exitingPhase(SymbolTable.scala:256)
[INFO] 	at scala.tools.nsc.transform.Erasure$ErasureTransformer.transform(Erasure.scala:1178)
[INFO] 	at scala.tools.nsc.transform.Erasure$ErasureTransformer.transform(Erasure.scala:759)
[INFO] 	at scala.tools.nsc.ast.Trees$Transformer.transformUnit(Trees.scala:147)
[INFO] 	at scala.tools.nsc.transform.Transform$Phase.apply(Transform.scala:30)
[INFO] 	at scala.tools.nsc.Global$GlobalPhase$$anonfun$applyPhase$1.apply$mcV$sp(Global.scala:467)
[INFO] 	at scala.tools.nsc.Global$GlobalPhase.withCurrentUnit(Global.scala:458)
[INFO] 	at scala.tools.nsc.Global$GlobalPhase.applyPhase(Global.scala:467)
[INFO] 	at scala.tools.nsc.Global$GlobalPhase$$anonfun$run$1.apply(Global.scala:425)
[INFO] 	at scala.tools.nsc.Global$GlobalPhase$$anonfun$run$1.apply(Global.scala:425)
[INFO] 	at scala.collection.Iterator$class.foreach(Iterator.scala:891)
[INFO] 	at scala.collection.AbstractIterator.foreach(Iterator.scala:1334)
[INFO] 	at scala.tools.nsc.Global$GlobalPhase.run(Global.scala:425)
[INFO] 	at scala.tools.nsc.Global$Run.compileUnitsInternal(Global.scala:1528)
[INFO] 	at scala.tools.nsc.Global$Run.compileUnits(Global.scala:1513)
[INFO] 	at scala.tools.nsc.Global$Run.compileSources(Global.scala:1508)
[INFO] 	at scala.tools.nsc.Global$Run.compile(Global.scala:1609)
[INFO] 	at scala.tools.nsc.Driver.doCompile(Driver.scala:32)
[INFO] 	at scala.tools.nsc.MainClass.doCompile(Main.scala:23)
[INFO] 	at scala.tools.nsc.Driver.process(Driver.scala:51)
[INFO] 	at scala.tools.nsc.Driver.main(Driver.scala:64)
[INFO] 	at scala.tools.nsc.Main.main(Main.scala)
[INFO] 	at sun.reflect.NativeMethodAccessorImpl.invoke0(Native Method)
[INFO] 	at sun.reflect.NativeMethodAccessorImpl.invoke(NativeMethodAccessorImpl.java:62)
[INFO] 	at sun.reflect.DelegatingMethodAccessorImpl.invoke(DelegatingMethodAccessorImpl.java:43)
[INFO] 	at java.lang.reflect.Method.invoke(Method.java:498)
[INFO] 	at org_scala_tools_maven_executions.MainHelper.runMain(MainHelper.java:161)
[INFO] 	at org_scala_tools_maven_executions.MainWithArgsInFile.main(MainWithArgsInFile.java:26)
[INFO] ------------------------------------------------------------------------
[INFO] BUILD FAILURE
[INFO] ------------------------------------------------------------------------
[INFO] Total time: 14.860 s
[INFO] Finished at: 2018-06-16T17:26:14-07:00
[INFO] ------------------------------------------------------------------------
[ERROR] Failed to execute goal org.scala-tools:maven-scala-plugin:2.15.2:compile (default) on project ikodaSparse: wrap: org.apache.commons.exec.ExecuteException: Process exited with an error: 1(Exit value: 1) -> [Help 1]
org.apache.maven.lifecycle.LifecycleExecutionException: Failed to execute goal org.scala-tools:maven-scala-plugin:2.15.2:compile (default) on project ikodaSparse: wrap: org.apache.commons.exec.ExecuteException: Process exited with an error: 1(Exit value: 1)
    at org.apache.maven.lifecycle.internal.MojoExecutor.execute (MojoExecutor.java:213)
    at org.apache.maven.lifecycle.internal.MojoExecutor.execute (MojoExecutor.java:154)
    at org.apache.maven.lifecycle.internal.MojoExecutor.execute (MojoExecutor.java:146)
    at org.apache.maven.lifecycle.internal.LifecycleModuleBuilder.buildProject (LifecycleModuleBuilder.java:117)
    at org.apache.maven.lifecycle.internal.LifecycleModuleBuilder.buildProject (LifecycleModuleBuilder.java:81)
    at org.apache.maven.lifecycle.internal.builder.singlethreaded.SingleThreadedBuilder.build (SingleThreadedBuilder.java:56)
    at org.apache.maven.lifecycle.internal.LifecycleStarter.execute (LifecycleStarter.java:128)
    at org.apache.maven.DefaultMaven.doExecute (DefaultMaven.java:305)
    at org.apache.maven.DefaultMaven.doExecute (DefaultMaven.java:192)
    at org.apache.maven.DefaultMaven.execute (DefaultMaven.java:105)
    at org.apache.maven.cli.MavenCli.execute (MavenCli.java:956)
    at org.apache.maven.cli.MavenCli.doMain (MavenCli.java:290)
    at org.apache.maven.cli.MavenCli.main (MavenCli.java:194)
    at sun.reflect.NativeMethodAccessorImpl.invoke0 (Native Method)
    at sun.reflect.NativeMethodAccessorImpl.invoke (NativeMethodAccessorImpl.java:62)
    at sun.reflect.DelegatingMethodAccessorImpl.invoke (DelegatingMethodAccessorImpl.java:43)
    at java.lang.reflect.Method.invoke (Method.java:498)
    at org.codehaus.plexus.classworlds.launcher.Launcher.launchEnhanced (Launcher.java:289)
    at org.codehaus.plexus.classworlds.launcher.Launcher.launch (Launcher.java:229)
    at org.codehaus.plexus.classworlds.launcher.Launcher.mainWithExitCode (Launcher.java:415)
    at org.codehaus.plexus.classworlds.launcher.Launcher.main (Launcher.java:356)
Caused by: org.apache.maven.plugin.MojoExecutionException: wrap: org.apache.commons.exec.ExecuteException: Process exited with an error: 1(Exit value: 1)
    at org_scala_tools_maven.ScalaMojoSupport.execute (ScalaMojoSupport.java:350)
    at org.apache.maven.plugin.DefaultBuildPluginManager.executeMojo (DefaultBuildPluginManager.java:137)
    at org.apache.maven.lifecycle.internal.MojoExecutor.execute (MojoExecutor.java:208)
    at org.apache.maven.lifecycle.internal.MojoExecutor.execute (MojoExecutor.java:154)
    at org.apache.maven.lifecycle.internal.MojoExecutor.execute (MojoExecutor.java:146)
    at org.apache.maven.lifecycle.internal.LifecycleModuleBuilder.buildProject (LifecycleModuleBuilder.java:117)
    at org.apache.maven.lifecycle.internal.LifecycleModuleBuilder.buildProject (LifecycleModuleBuilder.java:81)
    at org.apache.maven.lifecycle.internal.builder.singlethreaded.SingleThreadedBuilder.build (SingleThreadedBuilder.java:56)
    at org.apache.maven.lifecycle.internal.LifecycleStarter.execute (LifecycleStarter.java:128)
    at org.apache.maven.DefaultMaven.doExecute (DefaultMaven.java:305)
    at org.apache.maven.DefaultMaven.doExecute (DefaultMaven.java:192)
    at org.apache.maven.DefaultMaven.execute (DefaultMaven.java:105)
    at org.apache.maven.cli.MavenCli.execute (MavenCli.java:956)
    at org.apache.maven.cli.MavenCli.doMain (MavenCli.java:290)
    at org.apache.maven.cli.MavenCli.main (MavenCli.java:194)
    at sun.reflect.NativeMethodAccessorImpl.invoke0 (Native Method)
    at sun.reflect.NativeMethodAccessorImpl.invoke (NativeMethodAccessorImpl.java:62)
    at sun.reflect.DelegatingMethodAccessorImpl.invoke (DelegatingMethodAccessorImpl.java:43)
    at java.lang.reflect.Method.invoke (Method.java:498)
    at org.codehaus.plexus.classworlds.launcher.Launcher.launchEnhanced (Launcher.java:289)
    at org.codehaus.plexus.classworlds.launcher.Launcher.launch (Launcher.java:229)
    at org.codehaus.plexus.classworlds.launcher.Launcher.mainWithExitCode (Launcher.java:415)
    at org.codehaus.plexus.classworlds.launcher.Launcher.main (Launcher.java:356)
Caused by: org.apache.commons.exec.ExecuteException: Process exited with an error: 1(Exit value: 1)
    at org.apache.commons.exec.DefaultExecutor.executeInternal (DefaultExecutor.java:346)
    at org.apache.commons.exec.DefaultExecutor.execute (DefaultExecutor.java:149)
    at org.apache.commons.exec.DefaultExecutor.execute (DefaultExecutor.java:136)
    at org_scala_tools_maven_executions.JavaMainCallerByFork.run (JavaMainCallerByFork.java:80)
    at org_scala_tools_maven.ScalaCompilerSupport.compile (ScalaCompilerSupport.java:124)
    at org_scala_tools_maven.ScalaCompilerSupport.doExecute (ScalaCompilerSupport.java:80)
    at org_scala_tools_maven.ScalaMojoSupport.execute (ScalaMojoSupport.java:342)
    at org.apache.maven.plugin.DefaultBuildPluginManager.executeMojo (DefaultBuildPluginManager.java:137)
    at org.apache.maven.lifecycle.internal.MojoExecutor.execute (MojoExecutor.java:208)
    at org.apache.maven.lifecycle.internal.MojoExecutor.execute (MojoExecutor.java:154)
    at org.apache.maven.lifecycle.internal.MojoExecutor.execute (MojoExecutor.java:146)
    at org.apache.maven.lifecycle.internal.LifecycleModuleBuilder.buildProject (LifecycleModuleBuilder.java:117)
    at org.apache.maven.lifecycle.internal.LifecycleModuleBuilder.buildProject (LifecycleModuleBuilder.java:81)
    at org.apache.maven.lifecycle.internal.builder.singlethreaded.SingleThreadedBuilder.build (SingleThreadedBuilder.java:56)
    at org.apache.maven.lifecycle.internal.LifecycleStarter.execute (LifecycleStarter.java:128)
    at org.apache.maven.DefaultMaven.doExecute (DefaultMaven.java:305)
    at org.apache.maven.DefaultMaven.doExecute (DefaultMaven.java:192)
    at org.apache.maven.DefaultMaven.execute (DefaultMaven.java:105)
    at org.apache.maven.cli.MavenCli.execute (MavenCli.java:956)
    at org.apache.maven.cli.MavenCli.doMain (MavenCli.java:290)
    at org.apache.maven.cli.MavenCli.main (MavenCli.java:194)
    at sun.reflect.NativeMethodAccessorImpl.invoke0 (Native Method)
    at sun.reflect.NativeMethodAccessorImpl.invoke (NativeMethodAccessorImpl.java:62)
    at sun.reflect.DelegatingMethodAccessorImpl.invoke (DelegatingMethodAccessorImpl.java:43)
    at java.lang.reflect.Method.invoke (Method.java:498)
    at org.codehaus.plexus.classworlds.launcher.Launcher.launchEnhanced (Launcher.java:289)
    at org.codehaus.plexus.classworlds.launcher.Launcher.launch (Launcher.java:229)
    at org.codehaus.plexus.classworlds.launcher.Launcher.mainWithExitCode (Launcher.java:415)
    at org.codehaus.plexus.classworlds.launcher.Launcher.main (Launcher.java:356)
[ERROR] 
[ERROR] 
[ERROR] For more information about the errors and possible solutions, please read the following articles:
[ERROR] [Help 1] http://cwiki.apache.org/confluence/display/MAVEN/MojoExecutionException
